WARNING:tensorflow:From C:\Users\zengd\Desktop\论文\W-MADDPG\MADDPG_Discrete\train_mappo_phase0.py:150: The name tf.set_random_seed is deprecated. Please use tf.compat.v1.set_random_seed instead.

WARNING:tensorflow:From C:\Users\zengd\Desktop\论文\W-MADDPG\MADDPG_Discrete\mappo_agent.py:31: The name tf.placeholder is deprecated. Please use tf.compat.v1.placeholder instead.

WARNING:tensorflow:From C:\Users\zengd\Desktop\论文\W-MADDPG\MADDPG_Discrete\mappo_agent.py:43: The name tf.variable_scope is deprecated. Please use tf.compat.v1.variable_scope instead.

WARNING:tensorflow:From C:\Users\zengd\Desktop\论文\W-MADDPG\MADDPG_Discrete\mappo_agent.py:7: dense (from tensorflow.python.layers.core) is deprecated and will be removed in a future version.
Instructions for updating:
Use keras.layers.Dense instead.
WARNING:tensorflow:From D:\tool\anaconda\envs\py37tf\lib\site-packages\tensorflow_core\python\layers\core.py:187: Layer.apply (from tensorflow.python.keras.engine.base_layer) is deprecated and will be removed in a future version.
Instructions for updating:
Please use `layer.__call__` method instead.
WARNING:tensorflow:
The TensorFlow contrib module will not be included in TensorFlow 2.0.
For more information, please see:
  * https://github.com/tensorflow/community/blob/master/rfcs/20180907-contrib-sunset.md
  * https://github.com/tensorflow/addons
  * https://github.com/tensorflow/io (for I/O related ops)
If you depend on functionality not listed there, please file an issue.

WARNING:tensorflow:From C:\Users\zengd\Desktop\论文\W-MADDPG\MADDPG_Discrete\mappo_agent.py:114: The name tf.log is deprecated. Please use tf.math.log instead.

WARNING:tensorflow:From C:\Users\zengd\Desktop\论文\W-MADDPG\MADDPG_Discrete\mappo_agent.py:76: The name tf.get_collection is deprecated. Please use tf.compat.v1.get_collection instead.

WARNING:tensorflow:From C:\Users\zengd\Desktop\论文\W-MADDPG\MADDPG_Discrete\mappo_agent.py:76: The name tf.GraphKeys is deprecated. Please use tf.compat.v1.GraphKeys instead.

WARNING:tensorflow:From C:\Users\zengd\Desktop\论文\W-MADDPG\MADDPG_Discrete\mappo_agent.py:122: The name tf.train.AdamOptimizer is deprecated. Please use tf.compat.v1.train.AdamOptimizer instead.

WARNING:tensorflow:From D:\tool\anaconda\envs\py37tf\lib\site-packages\tensorflow_core\python\ops\math_grad.py:1424: where (from tensorflow.python.ops.array_ops) is deprecated and will be removed in a future version.
Instructions for updating:
Use tf.where in 2.0, which has the same broadcast rule as np.where
WARNING:tensorflow:From C:\Users\zengd\Desktop\论文\W-MADDPG\MADDPG_Discrete\train_mappo_phase0.py:215: The name tf.ConfigProto is deprecated. Please use tf.compat.v1.ConfigProto instead.

WARNING:tensorflow:From C:\Users\zengd\Desktop\论文\W-MADDPG\MADDPG_Discrete\train_mappo_phase0.py:219: The name tf.Session is deprecated. Please use tf.compat.v1.Session instead.

2026-09-21 15:36:27.741421: I tensorflow/core/platform/cpu_feature_guard.cc:142] Your CPU supports instructions that this TensorFlow binary was not compiled to use: AVX2
WARNING:tensorflow:From C:\Users\zengd\Desktop\论文\W-MADDPG\MADDPG_Discrete\train_mappo_phase0.py:220: The name tf.global_variables_initializer is deprecated. Please use tf.compat.v1.global_variables_initializer instead.

ep 1/4000 | reward(MA200)=-45.21 success=8.00 fail=17.00 | 1.34s/ep | delay=2.19
ep 50/4000 | reward(MA200)=-56.32 success=6.88 fail=18.12 | 0.19s/ep | delay=2.23
ep 100/4000 | reward(MA200)=-54.42 success=7.06 fail=17.94 | 0.16s/ep | delay=2.33
ep 150/4000 | reward(MA200)=-50.13 success=7.48 fail=17.52 | 0.16s/ep | delay=2.18
ep 200/4000 | reward(MA200)=-47.94 success=7.71 fail=17.30 | 0.15s/ep | delay=2.23
ep 250/4000 | reward(MA200)=-42.58 success=8.24 fail=16.76 | 0.15s/ep | delay=2.16
ep 300/4000 | reward(MA200)=-36.53 success=8.85 fail=16.16 | 0.15s/ep | delay=2.25
ep 350/4000 | reward(MA200)=-32.72 success=9.23 fail=15.77 | 0.15s/ep | delay=2.34
ep 400/4000 | reward(MA200)=-27.82 success=9.71 fail=15.29 | 0.15s/ep | delay=2.19
ep 450/4000 | reward(MA200)=-24.36 success=10.05 fail=14.95 | 0.15s/ep | delay=2.24
ep 500/4000 | reward(MA200)=-21.53 success=10.34 fail=14.66 | 0.14s/ep | delay=2.20
ep 550/4000 | reward(MA200)=-18.74 success=10.62 fail=14.38 | 0.15s/ep | delay=2.16
ep 600/4000 | reward(MA200)=-15.02 success=10.99 fail=14.01 | 0.14s/ep | delay=2.28
ep 650/4000 | reward(MA200)=-12.01 success=11.30 fail=13.70 | 0.15s/ep | delay=2.21
ep 700/4000 | reward(MA200)=-7.91 success=11.73 fail=13.27 | 0.15s/ep | delay=2.23
ep 750/4000 | reward(MA200)=-5.26 success=12.01 fail=12.99 | 0.16s/ep | delay=2.20
ep 800/4000 | reward(MA200)=-2.96 success=12.25 fail=12.75 | 0.16s/ep | delay=2.27
ep 850/4000 | reward(MA200)=-0.47 success=12.52 fail=12.48 | 0.17s/ep | delay=2.18
ep 900/4000 | reward(MA200)=0.72 success=12.64 fail=12.36 | 0.16s/ep | delay=2.26
ep 950/4000 | reward(MA200)=3.37 success=12.90 fail=12.10 | 0.16s/ep | delay=2.29
ep 1000/4000 | reward(MA200)=5.05 success=13.07 fail=11.93 | 0.16s/ep | delay=2.26
ep 1050/4000 | reward(MA200)=7.49 success=13.31 fail=11.69 | 0.16s/ep | delay=2.30
ep 1100/4000 | reward(MA200)=9.00 success=13.46 fail=11.54 | 0.16s/ep | delay=2.25
ep 1150/4000 | reward(MA200)=11.24 success=13.70 fail=11.30 | 0.16s/ep | delay=2.13
ep 1200/4000 | reward(MA200)=12.36 success=13.81 fail=11.19 | 0.15s/ep | delay=2.31
ep 1250/4000 | reward(MA200)=12.86 success=13.87 fail=11.13 | 0.16s/ep | delay=2.19
ep 1300/4000 | reward(MA200)=14.11 success=13.99 fail=11.01 | 0.16s/ep | delay=2.26
ep 1350/4000 | reward(MA200)=13.91 success=13.96 fail=11.04 | 0.16s/ep | delay=2.19
ep 1400/4000 | reward(MA200)=14.63 success=14.04 fail=10.96 | 0.16s/ep | delay=2.11
ep 1450/4000 | reward(MA200)=15.76 success=14.14 fail=10.86 | 0.16s/ep | delay=2.16
ep 1500/4000 | reward(MA200)=17.35 success=14.30 fail=10.70 | 0.16s/ep | delay=2.29
ep 1550/4000 | reward(MA200)=18.31 success=14.39 fail=10.61 | 0.16s/ep | delay=2.17
ep 1600/4000 | reward(MA200)=18.90 success=14.45 fail=10.55 | 0.16s/ep | delay=2.14
ep 1650/4000 | reward(MA200)=20.40 success=14.60 fail=10.40 | 0.16s/ep | delay=2.11
ep 1700/4000 | reward(MA200)=21.10 success=14.66 fail=10.34 | 0.16s/ep | delay=2.27
ep 1750/4000 | reward(MA200)=21.68 success=14.71 fail=10.29 | 0.16s/ep | delay=2.24
ep 1800/4000 | reward(MA200)=22.81 success=14.82 fail=10.18 | 0.17s/ep | delay=2.15
ep 1850/4000 | reward(MA200)=22.37 success=14.77 fail=10.23 | 0.17s/ep | delay=2.20
ep 1900/4000 | reward(MA200)=21.54 success=14.68 fail=10.32 | 0.16s/ep | delay=2.20
ep 1950/4000 | reward(MA200)=22.28 success=14.76 fail=10.24 | 0.16s/ep | delay=2.17
ep 2000/4000 | reward(MA200)=21.74 success=14.70 fail=10.30 | 0.16s/ep | delay=2.30
ep 2050/4000 | reward(MA200)=21.49 success=14.69 fail=10.31 | 0.16s/ep | delay=2.25
ep 2100/4000 | reward(MA200)=22.10 success=14.75 fail=10.25 | 0.16s/ep | delay=2.22
ep 2150/4000 | reward(MA200)=22.25 success=14.77 fail=10.23 | 0.16s/ep | delay=2.25
ep 2200/4000 | reward(MA200)=23.74 success=14.92 fail=10.08 | 0.16s/ep | delay=2.18
ep 2250/4000 | reward(MA200)=25.08 success=15.05 fail=9.95 | 0.16s/ep | delay=2.28
ep 2300/4000 | reward(MA200)=25.79 success=15.12 fail=9.88 | 0.16s/ep | delay=2.19
ep 2350/4000 | reward(MA200)=25.77 success=15.11 fail=9.89 | 0.16s/ep | delay=2.19
ep 2400/4000 | reward(MA200)=25.39 success=15.07 fail=9.93 | 0.16s/ep | delay=2.28
ep 2450/4000 | reward(MA200)=25.81 success=15.12 fail=9.88 | 0.17s/ep | delay=2.29
ep 2500/4000 | reward(MA200)=26.74 success=15.21 fail=9.79 | 0.17s/ep | delay=2.21
ep 2550/4000 | reward(MA200)=28.66 success=15.41 fail=9.59 | 0.17s/ep | delay=2.13
ep 2600/4000 | reward(MA200)=30.00 success=15.54 fail=9.46 | 0.17s/ep | delay=2.31
ep 2650/4000 | reward(MA200)=30.54 success=15.60 fail=9.40 | 0.17s/ep | delay=2.24
ep 2700/4000 | reward(MA200)=31.42 success=15.69 fail=9.31 | 0.16s/ep | delay=2.17
ep 2750/4000 | reward(MA200)=31.98 success=15.74 fail=9.26 | 0.16s/ep | delay=2.22
ep 2800/4000 | reward(MA200)=33.55 success=15.89 fail=9.11 | 0.16s/ep | delay=2.30
ep 2850/4000 | reward(MA200)=35.63 success=16.09 fail=8.90 | 0.16s/ep | delay=2.21
ep 2900/4000 | reward(MA200)=36.33 success=16.16 fail=8.84 | 0.16s/ep | delay=2.17
ep 2950/4000 | reward(MA200)=36.79 success=16.21 fail=8.79 | 0.16s/ep | delay=2.19
ep 3000/4000 | reward(MA200)=35.98 success=16.13 fail=8.87 | 0.17s/ep | delay=2.31
ep 3050/4000 | reward(MA200)=35.66 success=16.09 fail=8.90 | 0.17s/ep | delay=2.22
ep 3100/4000 | reward(MA200)=36.73 success=16.20 fail=8.80 | 0.17s/ep | delay=2.28
ep 3150/4000 | reward(MA200)=36.49 success=16.18 fail=8.82 | 0.17s/ep | delay=2.16
ep 3200/4000 | reward(MA200)=37.22 success=16.25 fail=8.75 | 0.17s/ep | delay=2.25
ep 3250/4000 | reward(MA200)=37.62 success=16.29 fail=8.71 | 0.17s/ep | delay=2.26
ep 3300/4000 | reward(MA200)=35.50 success=16.08 fail=8.92 | 0.17s/ep | delay=2.25
ep 3350/4000 | reward(MA200)=35.74 success=16.11 fail=8.89 | 0.17s/ep | delay=2.19
ep 3400/4000 | reward(MA200)=35.33 success=16.07 fail=8.94 | 0.17s/ep | delay=2.18
ep 3450/4000 | reward(MA200)=34.39 success=15.97 fail=9.03 | 0.17s/ep | delay=2.22
ep 3500/4000 | reward(MA200)=35.84 success=16.11 fail=8.88 | 0.17s/ep | delay=2.22
ep 3550/4000 | reward(MA200)=36.54 success=16.18 fail=8.82 | 0.18s/ep | delay=2.24
ep 3600/4000 | reward(MA200)=37.50 success=16.27 fail=8.73 | 0.18s/ep | delay=2.30
ep 3650/4000 | reward(MA200)=37.85 success=16.30 fail=8.70 | 0.17s/ep | delay=2.29
ep 3700/4000 | reward(MA200)=38.10 success=16.32 fail=8.68 | 0.17s/ep | delay=2.22
ep 3750/4000 | reward(MA200)=37.33 success=16.25 fail=8.75 | 0.17s/ep | delay=2.26
ep 3800/4000 | reward(MA200)=37.51 success=16.27 fail=8.73 | 0.17s/ep | delay=2.07
ep 3850/4000 | reward(MA200)=37.72 success=16.29 fail=8.71 | 0.17s/ep | delay=2.26
ep 3900/4000 | reward(MA200)=37.83 success=16.30 fail=8.70 | 0.17s/ep | delay=2.22
ep 3950/4000 | reward(MA200)=38.95 success=16.41 fail=8.59 | 0.17s/ep | delay=2.22
ep 4000/4000 | reward(MA200)=39.27 success=16.45 fail=8.54 | 0.17s/ep | delay=2.12
DONE tag=u25_unfixed_1-4_s9 -> C:\Users\zengd\Desktop\论文\W-MADDPG\MADDPG_Discrete\results\exp8_delay_stable\phase0_u25_unfixed_1-4_s9.csv
