WARNING:tensorflow:From C:\Users\zengd\Desktop\论文\W-MADDPG\MADDPG_Discrete\train_mappo_phase0.py:150: The name tf.set_random_seed is deprecated. Please use tf.compat.v1.set_random_seed instead.

WARNING:tensorflow:From C:\Users\zengd\Desktop\论文\W-MADDPG\MADDPG_Discrete\mappo_agent.py:31: The name tf.placeholder is deprecated. Please use tf.compat.v1.placeholder instead.

WARNING:tensorflow:From C:\Users\zengd\Desktop\论文\W-MADDPG\MADDPG_Discrete\mappo_agent.py:43: The name tf.variable_scope is deprecated. Please use tf.compat.v1.variable_scope instead.

WARNING:tensorflow:From C:\Users\zengd\Desktop\论文\W-MADDPG\MADDPG_Discrete\mappo_agent.py:7: dense (from tensorflow.python.layers.core) is deprecated and will be removed in a future version.
Instructions for updating:
Use keras.layers.Dense instead.
WARNING:tensorflow:From D:\tool\anaconda\envs\py37tf\lib\site-packages\tensorflow_core\python\layers\core.py:187: Layer.apply (from tensorflow.python.keras.engine.base_layer) is deprecated and will be removed in a future version.
Instructions for updating:
Please use `layer.__call__` method instead.
WARNING:tensorflow:
The TensorFlow contrib module will not be included in TensorFlow 2.0.
For more information, please see:
  * https://github.com/tensorflow/community/blob/master/rfcs/20180907-contrib-sunset.md
  * https://github.com/tensorflow/addons
  * https://github.com/tensorflow/io (for I/O related ops)
If you depend on functionality not listed there, please file an issue.

WARNING:tensorflow:From C:\Users\zengd\Desktop\论文\W-MADDPG\MADDPG_Discrete\mappo_agent.py:114: The name tf.log is deprecated. Please use tf.math.log instead.

WARNING:tensorflow:From C:\Users\zengd\Desktop\论文\W-MADDPG\MADDPG_Discrete\mappo_agent.py:76: The name tf.get_collection is deprecated. Please use tf.compat.v1.get_collection instead.

WARNING:tensorflow:From C:\Users\zengd\Desktop\论文\W-MADDPG\MADDPG_Discrete\mappo_agent.py:76: The name tf.GraphKeys is deprecated. Please use tf.compat.v1.GraphKeys instead.

WARNING:tensorflow:From C:\Users\zengd\Desktop\论文\W-MADDPG\MADDPG_Discrete\mappo_agent.py:122: The name tf.train.AdamOptimizer is deprecated. Please use tf.compat.v1.train.AdamOptimizer instead.

WARNING:tensorflow:From D:\tool\anaconda\envs\py37tf\lib\site-packages\tensorflow_core\python\ops\math_grad.py:1424: where (from tensorflow.python.ops.array_ops) is deprecated and will be removed in a future version.
Instructions for updating:
Use tf.where in 2.0, which has the same broadcast rule as np.where
WARNING:tensorflow:From C:\Users\zengd\Desktop\论文\W-MADDPG\MADDPG_Discrete\train_mappo_phase0.py:215: The name tf.ConfigProto is deprecated. Please use tf.compat.v1.ConfigProto instead.

WARNING:tensorflow:From C:\Users\zengd\Desktop\论文\W-MADDPG\MADDPG_Discrete\train_mappo_phase0.py:219: The name tf.Session is deprecated. Please use tf.compat.v1.Session instead.

2026-09-21 15:36:27.333179: I tensorflow/core/platform/cpu_feature_guard.cc:142] Your CPU supports instructions that this TensorFlow binary was not compiled to use: AVX2
WARNING:tensorflow:From C:\Users\zengd\Desktop\论文\W-MADDPG\MADDPG_Discrete\train_mappo_phase0.py:220: The name tf.global_variables_initializer is deprecated. Please use tf.compat.v1.global_variables_initializer instead.

ep 1/4000 | reward(MA200)=-75.43 success=5.00 fail=20.00 | 1.55s/ep | delay=2.22
ep 50/4000 | reward(MA200)=-53.26 success=7.26 fail=17.74 | 0.20s/ep | delay=2.22
ep 100/4000 | reward(MA200)=-53.84 success=7.21 fail=17.79 | 0.16s/ep | delay=2.20
ep 150/4000 | reward(MA200)=-52.64 success=7.33 fail=17.67 | 0.16s/ep | delay=2.25
ep 200/4000 | reward(MA200)=-51.54 success=7.43 fail=17.57 | 0.15s/ep | delay=2.23
ep 250/4000 | reward(MA200)=-49.09 success=7.68 fail=17.32 | 0.15s/ep | delay=2.20
ep 300/4000 | reward(MA200)=-45.50 success=8.04 fail=16.96 | 0.15s/ep | delay=2.24
ep 350/4000 | reward(MA200)=-42.35 success=8.36 fail=16.64 | 0.15s/ep | delay=2.31
ep 400/4000 | reward(MA200)=-38.57 success=8.74 fail=16.26 | 0.15s/ep | delay=2.20
ep 450/4000 | reward(MA200)=-36.22 success=8.98 fail=16.02 | 0.15s/ep | delay=2.23
ep 500/4000 | reward(MA200)=-33.66 success=9.25 fail=15.75 | 0.15s/ep | delay=2.20
ep 550/4000 | reward(MA200)=-31.28 success=9.50 fail=15.50 | 0.15s/ep | delay=2.18
ep 600/4000 | reward(MA200)=-28.38 success=9.80 fail=15.20 | 0.15s/ep | delay=2.18
ep 650/4000 | reward(MA200)=-25.69 success=10.07 fail=14.93 | 0.15s/ep | delay=2.22
ep 700/4000 | reward(MA200)=-22.25 success=10.42 fail=14.58 | 0.15s/ep | delay=2.23
ep 750/4000 | reward(MA200)=-18.18 success=10.82 fail=14.18 | 0.16s/ep | delay=2.17
ep 800/4000 | reward(MA200)=-14.51 success=11.20 fail=13.80 | 0.16s/ep | delay=2.30
ep 850/4000 | reward(MA200)=-10.64 success=11.58 fail=13.42 | 0.17s/ep | delay=2.28
ep 900/4000 | reward(MA200)=-7.72 success=11.87 fail=13.13 | 0.16s/ep | delay=2.23
ep 950/4000 | reward(MA200)=-5.56 success=12.09 fail=12.91 | 0.16s/ep | delay=2.30
ep 1000/4000 | reward(MA200)=-4.50 success=12.20 fail=12.80 | 0.16s/ep | delay=2.18
ep 1050/4000 | reward(MA200)=-3.49 success=12.31 fail=12.69 | 0.16s/ep | delay=2.24
ep 1100/4000 | reward(MA200)=-2.62 success=12.40 fail=12.60 | 0.16s/ep | delay=2.24
ep 1150/4000 | reward(MA200)=-2.10 success=12.47 fail=12.53 | 0.16s/ep | delay=2.37
ep 1200/4000 | reward(MA200)=-0.48 success=12.64 fail=12.36 | 0.16s/ep | delay=2.21
ep 1250/4000 | reward(MA200)=1.31 success=12.82 fail=12.18 | 0.16s/ep | delay=2.24
ep 1300/4000 | reward(MA200)=2.35 success=12.94 fail=12.06 | 0.16s/ep | delay=2.25
ep 1350/4000 | reward(MA200)=4.05 success=13.10 fail=11.90 | 0.16s/ep | delay=2.22
ep 1400/4000 | reward(MA200)=4.71 success=13.16 fail=11.84 | 0.16s/ep | delay=2.24
ep 1450/4000 | reward(MA200)=5.53 success=13.25 fail=11.75 | 0.16s/ep | delay=2.18
ep 1500/4000 | reward(MA200)=6.10 success=13.31 fail=11.69 | 0.16s/ep | delay=2.20
ep 1550/4000 | reward(MA200)=6.67 success=13.38 fail=11.62 | 0.16s/ep | delay=2.28
ep 1600/4000 | reward(MA200)=8.26 success=13.54 fail=11.46 | 0.16s/ep | delay=2.25
ep 1650/4000 | reward(MA200)=9.22 success=13.63 fail=11.37 | 0.16s/ep | delay=2.21
ep 1700/4000 | reward(MA200)=10.60 success=13.78 fail=11.22 | 0.16s/ep | delay=2.30
ep 1750/4000 | reward(MA200)=11.49 success=13.87 fail=11.13 | 0.16s/ep | delay=2.25
ep 1800/4000 | reward(MA200)=12.02 success=13.91 fail=11.09 | 0.17s/ep | delay=2.22
ep 1850/4000 | reward(MA200)=12.55 success=13.97 fail=11.03 | 0.17s/ep | delay=2.21
ep 1900/4000 | reward(MA200)=13.35 success=14.05 fail=10.95 | 0.16s/ep | delay=2.21
ep 1950/4000 | reward(MA200)=14.21 success=14.15 fail=10.85 | 0.16s/ep | delay=2.11
ep 2000/4000 | reward(MA200)=14.60 success=14.20 fail=10.80 | 0.16s/ep | delay=2.23
ep 2050/4000 | reward(MA200)=15.32 success=14.27 fail=10.73 | 0.16s/ep | delay=2.21
ep 2100/4000 | reward(MA200)=15.71 success=14.31 fail=10.69 | 0.16s/ep | delay=2.18
ep 2150/4000 | reward(MA200)=15.53 success=14.30 fail=10.70 | 0.16s/ep | delay=2.22
ep 2200/4000 | reward(MA200)=15.86 success=14.34 fail=10.66 | 0.16s/ep | delay=2.19
ep 2250/4000 | reward(MA200)=16.89 success=14.45 fail=10.55 | 0.16s/ep | delay=2.20
ep 2300/4000 | reward(MA200)=17.26 success=14.48 fail=10.52 | 0.16s/ep | delay=2.20
ep 2350/4000 | reward(MA200)=18.01 success=14.56 fail=10.44 | 0.16s/ep | delay=2.24
ep 2400/4000 | reward(MA200)=17.86 success=14.55 fail=10.45 | 0.16s/ep | delay=2.34
ep 2450/4000 | reward(MA200)=17.02 success=14.47 fail=10.53 | 0.17s/ep | delay=2.22
ep 2500/4000 | reward(MA200)=17.41 success=14.51 fail=10.49 | 0.17s/ep | delay=2.17
ep 2550/4000 | reward(MA200)=18.14 success=14.59 fail=10.41 | 0.17s/ep | delay=2.25
ep 2600/4000 | reward(MA200)=19.03 success=14.68 fail=10.32 | 0.17s/ep | delay=2.25
ep 2650/4000 | reward(MA200)=19.66 success=14.74 fail=10.26 | 0.16s/ep | delay=2.31
ep 2700/4000 | reward(MA200)=19.95 success=14.77 fail=10.23 | 0.16s/ep | delay=2.17
ep 2750/4000 | reward(MA200)=19.59 success=14.73 fail=10.27 | 0.16s/ep | delay=2.23
ep 2800/4000 | reward(MA200)=19.26 success=14.69 fail=10.31 | 0.16s/ep | delay=2.21
ep 2850/4000 | reward(MA200)=19.85 success=14.74 fail=10.26 | 0.16s/ep | delay=2.24
ep 2900/4000 | reward(MA200)=19.85 success=14.74 fail=10.26 | 0.16s/ep | delay=2.25
ep 2950/4000 | reward(MA200)=20.46 success=14.79 fail=10.21 | 0.16s/ep | delay=2.17
ep 3000/4000 | reward(MA200)=20.41 success=14.79 fail=10.21 | 0.16s/ep | delay=2.21
ep 3050/4000 | reward(MA200)=20.73 success=14.82 fail=10.18 | 0.17s/ep | delay=2.24
ep 3100/4000 | reward(MA200)=21.04 success=14.86 fail=10.14 | 0.17s/ep | delay=2.27
ep 3150/4000 | reward(MA200)=22.05 success=14.97 fail=10.03 | 0.17s/ep | delay=2.22
ep 3200/4000 | reward(MA200)=23.82 success=15.15 fail=9.85 | 0.17s/ep | delay=2.25
ep 3250/4000 | reward(MA200)=24.72 success=15.25 fail=9.75 | 0.17s/ep | delay=2.28
ep 3300/4000 | reward(MA200)=25.58 success=15.33 fail=9.67 | 0.17s/ep | delay=2.20
ep 3350/4000 | reward(MA200)=25.61 success=15.33 fail=9.67 | 0.17s/ep | delay=2.25
ep 3400/4000 | reward(MA200)=24.88 success=15.26 fail=9.74 | 0.17s/ep | delay=2.23
ep 3450/4000 | reward(MA200)=24.15 success=15.18 fail=9.82 | 0.17s/ep | delay=2.19
ep 3500/4000 | reward(MA200)=24.27 success=15.20 fail=9.80 | 0.17s/ep | delay=2.19
ep 3550/4000 | reward(MA200)=23.70 success=15.13 fail=9.87 | 0.17s/ep | delay=2.22
ep 3600/4000 | reward(MA200)=23.58 success=15.12 fail=9.88 | 0.18s/ep | delay=2.20
ep 3650/4000 | reward(MA200)=24.06 success=15.17 fail=9.83 | 0.17s/ep | delay=2.23
ep 3700/4000 | reward(MA200)=23.52 success=15.12 fail=9.88 | 0.17s/ep | delay=2.24
ep 3750/4000 | reward(MA200)=23.30 success=15.10 fail=9.90 | 0.17s/ep | delay=2.26
ep 3800/4000 | reward(MA200)=23.86 success=15.14 fail=9.86 | 0.17s/ep | delay=2.26
ep 3850/4000 | reward(MA200)=24.07 success=15.16 fail=9.84 | 0.17s/ep | delay=2.08
ep 3900/4000 | reward(MA200)=24.27 success=15.17 fail=9.83 | 0.17s/ep | delay=2.25
ep 3950/4000 | reward(MA200)=25.21 success=15.27 fail=9.73 | 0.17s/ep | delay=2.18
ep 4000/4000 | reward(MA200)=25.78 success=15.32 fail=9.68 | 0.17s/ep | delay=2.16
DONE tag=u25_unfixed_1-4_s8 -> C:\Users\zengd\Desktop\论文\W-MADDPG\MADDPG_Discrete\results\exp8_delay_stable\phase0_u25_unfixed_1-4_s8.csv
