WARNING:tensorflow:From C:\Users\zengd\Desktop\论文\W-MADDPG\MADDPG_Discrete\train_mappo_phase0.py:150: The name tf.set_random_seed is deprecated. Please use tf.compat.v1.set_random_seed instead.

WARNING:tensorflow:From C:\Users\zengd\Desktop\论文\W-MADDPG\MADDPG_Discrete\mappo_agent.py:31: The name tf.placeholder is deprecated. Please use tf.compat.v1.placeholder instead.

WARNING:tensorflow:From C:\Users\zengd\Desktop\论文\W-MADDPG\MADDPG_Discrete\mappo_agent.py:43: The name tf.variable_scope is deprecated. Please use tf.compat.v1.variable_scope instead.

WARNING:tensorflow:From C:\Users\zengd\Desktop\论文\W-MADDPG\MADDPG_Discrete\mappo_agent.py:7: dense (from tensorflow.python.layers.core) is deprecated and will be removed in a future version.
Instructions for updating:
Use keras.layers.Dense instead.
WARNING:tensorflow:From D:\tool\anaconda\envs\py37tf\lib\site-packages\tensorflow_core\python\layers\core.py:187: Layer.apply (from tensorflow.python.keras.engine.base_layer) is deprecated and will be removed in a future version.
Instructions for updating:
Please use `layer.__call__` method instead.
WARNING:tensorflow:
The TensorFlow contrib module will not be included in TensorFlow 2.0.
For more information, please see:
  * https://github.com/tensorflow/community/blob/master/rfcs/20180907-contrib-sunset.md
  * https://github.com/tensorflow/addons
  * https://github.com/tensorflow/io (for I/O related ops)
If you depend on functionality not listed there, please file an issue.

WARNING:tensorflow:From C:\Users\zengd\Desktop\论文\W-MADDPG\MADDPG_Discrete\mappo_agent.py:114: The name tf.log is deprecated. Please use tf.math.log instead.

WARNING:tensorflow:From C:\Users\zengd\Desktop\论文\W-MADDPG\MADDPG_Discrete\mappo_agent.py:76: The name tf.get_collection is deprecated. Please use tf.compat.v1.get_collection instead.

WARNING:tensorflow:From C:\Users\zengd\Desktop\论文\W-MADDPG\MADDPG_Discrete\mappo_agent.py:76: The name tf.GraphKeys is deprecated. Please use tf.compat.v1.GraphKeys instead.

WARNING:tensorflow:From C:\Users\zengd\Desktop\论文\W-MADDPG\MADDPG_Discrete\mappo_agent.py:122: The name tf.train.AdamOptimizer is deprecated. Please use tf.compat.v1.train.AdamOptimizer instead.

WARNING:tensorflow:From D:\tool\anaconda\envs\py37tf\lib\site-packages\tensorflow_core\python\ops\math_grad.py:1424: where (from tensorflow.python.ops.array_ops) is deprecated and will be removed in a future version.
Instructions for updating:
Use tf.where in 2.0, which has the same broadcast rule as np.where
WARNING:tensorflow:From C:\Users\zengd\Desktop\论文\W-MADDPG\MADDPG_Discrete\train_mappo_phase0.py:215: The name tf.ConfigProto is deprecated. Please use tf.compat.v1.ConfigProto instead.

WARNING:tensorflow:From C:\Users\zengd\Desktop\论文\W-MADDPG\MADDPG_Discrete\train_mappo_phase0.py:219: The name tf.Session is deprecated. Please use tf.compat.v1.Session instead.

2026-09-21 14:55:48.606258: I tensorflow/core/platform/cpu_feature_guard.cc:142] Your CPU supports instructions that this TensorFlow binary was not compiled to use: AVX2
WARNING:tensorflow:From C:\Users\zengd\Desktop\论文\W-MADDPG\MADDPG_Discrete\train_mappo_phase0.py:220: The name tf.global_variables_initializer is deprecated. Please use tf.compat.v1.global_variables_initializer instead.

ep 1/4000 | reward(MA200)=-34.95 success=9.00 fail=16.00 | 4.35s/ep | delay=3.00
ep 50/4000 | reward(MA200)=-42.24 success=8.26 fail=16.74 | 0.45s/ep | delay=3.00
ep 100/4000 | reward(MA200)=-43.13 success=8.19 fail=16.81 | 0.35s/ep | delay=3.00
ep 150/4000 | reward(MA200)=-41.75 success=8.33 fail=16.67 | 0.34s/ep | delay=3.00
ep 200/4000 | reward(MA200)=-39.43 success=8.56 fail=16.44 | 0.32s/ep | delay=3.00
ep 250/4000 | reward(MA200)=-36.65 success=8.85 fail=16.16 | 0.32s/ep | delay=3.00
ep 300/4000 | reward(MA200)=-33.46 success=9.16 fail=15.84 | 0.31s/ep | delay=3.00
ep 350/4000 | reward(MA200)=-30.40 success=9.46 fail=15.54 | 0.31s/ep | delay=3.00
ep 400/4000 | reward(MA200)=-28.64 success=9.63 fail=15.37 | 0.30s/ep | delay=3.00
ep 450/4000 | reward(MA200)=-26.02 success=9.88 fail=15.12 | 0.30s/ep | delay=3.00
ep 500/4000 | reward(MA200)=-22.38 success=10.24 fail=14.76 | 0.30s/ep | delay=3.00
ep 550/4000 | reward(MA200)=-19.20 success=10.55 fail=14.45 | 0.30s/ep | delay=3.00
ep 600/4000 | reward(MA200)=-15.27 success=10.95 fail=14.05 | 0.29s/ep | delay=3.00
ep 650/4000 | reward(MA200)=-11.38 success=11.34 fail=13.66 | 0.29s/ep | delay=3.00
ep 700/4000 | reward(MA200)=-7.98 success=11.68 fail=13.32 | 0.29s/ep | delay=3.00
ep 750/4000 | reward(MA200)=-4.35 success=12.04 fail=12.96 | 0.29s/ep | delay=3.00
ep 800/4000 | reward(MA200)=-1.48 success=12.34 fail=12.66 | 0.29s/ep | delay=3.00
ep 850/4000 | reward(MA200)=0.44 success=12.53 fail=12.47 | 0.29s/ep | delay=3.00
ep 900/4000 | reward(MA200)=1.54 success=12.65 fail=12.35 | 0.29s/ep | delay=3.00
ep 950/4000 | reward(MA200)=2.44 success=12.74 fail=12.26 | 0.28s/ep | delay=3.00
ep 1000/4000 | reward(MA200)=3.56 success=12.86 fail=12.14 | 0.27s/ep | delay=3.00
ep 1050/4000 | reward(MA200)=4.48 success=12.95 fail=12.05 | 0.26s/ep | delay=3.00
ep 1100/4000 | reward(MA200)=6.19 success=13.12 fail=11.88 | 0.26s/ep | delay=3.00
ep 1150/4000 | reward(MA200)=7.52 success=13.26 fail=11.74 | 0.25s/ep | delay=3.00
ep 1200/4000 | reward(MA200)=9.19 success=13.44 fail=11.56 | 0.25s/ep | delay=3.00
ep 1250/4000 | reward(MA200)=10.29 success=13.54 fail=11.46 | 0.24s/ep | delay=3.00
ep 1300/4000 | reward(MA200)=11.74 success=13.69 fail=11.31 | 0.24s/ep | delay=3.00
ep 1350/4000 | reward(MA200)=12.61 success=13.77 fail=11.23 | 0.24s/ep | delay=3.00
ep 1400/4000 | reward(MA200)=13.17 success=13.81 fail=11.19 | 0.23s/ep | delay=3.00
ep 1450/4000 | reward(MA200)=13.98 success=13.90 fail=11.10 | 0.23s/ep | delay=3.00
ep 1500/4000 | reward(MA200)=15.42 success=14.04 fail=10.96 | 0.23s/ep | delay=3.00
ep 1550/4000 | reward(MA200)=17.54 success=14.26 fail=10.74 | 0.23s/ep | delay=3.00
ep 1600/4000 | reward(MA200)=17.78 success=14.28 fail=10.72 | 0.22s/ep | delay=3.00
ep 1650/4000 | reward(MA200)=19.34 success=14.45 fail=10.55 | 0.22s/ep | delay=3.00
ep 1700/4000 | reward(MA200)=19.33 success=14.45 fail=10.55 | 0.22s/ep | delay=3.00
ep 1750/4000 | reward(MA200)=18.37 success=14.36 fail=10.64 | 0.22s/ep | delay=3.00
ep 1800/4000 | reward(MA200)=18.83 success=14.40 fail=10.60 | 0.22s/ep | delay=3.00
ep 1850/4000 | reward(MA200)=17.61 success=14.27 fail=10.73 | 0.21s/ep | delay=3.00
ep 1900/4000 | reward(MA200)=17.27 success=14.23 fail=10.77 | 0.21s/ep | delay=3.00
ep 1950/4000 | reward(MA200)=18.35 success=14.33 fail=10.67 | 0.21s/ep | delay=3.00
ep 2000/4000 | reward(MA200)=18.84 success=14.38 fail=10.62 | 0.21s/ep | delay=3.00
ep 2050/4000 | reward(MA200)=19.55 success=14.45 fail=10.55 | 0.21s/ep | delay=3.00
ep 2100/4000 | reward(MA200)=20.52 success=14.54 fail=10.46 | 0.21s/ep | delay=3.00
ep 2150/4000 | reward(MA200)=20.06 success=14.51 fail=10.49 | 0.21s/ep | delay=3.00
ep 2200/4000 | reward(MA200)=20.03 success=14.51 fail=10.49 | 0.21s/ep | delay=3.00
ep 2250/4000 | reward(MA200)=19.75 success=14.48 fail=10.52 | 0.20s/ep | delay=3.00
ep 2300/4000 | reward(MA200)=19.24 success=14.43 fail=10.57 | 0.20s/ep | delay=3.00
ep 2350/4000 | reward(MA200)=19.66 success=14.46 fail=10.54 | 0.20s/ep | delay=3.00
ep 2400/4000 | reward(MA200)=21.01 success=14.61 fail=10.39 | 0.20s/ep | delay=3.00
ep 2450/4000 | reward(MA200)=22.59 success=14.78 fail=10.22 | 0.20s/ep | delay=3.00
ep 2500/4000 | reward(MA200)=23.70 success=14.89 fail=10.11 | 0.20s/ep | delay=3.00
ep 2550/4000 | reward(MA200)=24.70 success=15.00 fail=10.00 | 0.20s/ep | delay=3.00
ep 2600/4000 | reward(MA200)=25.25 success=15.05 fail=9.95 | 0.20s/ep | delay=3.00
ep 2650/4000 | reward(MA200)=26.80 success=15.20 fail=9.80 | 0.20s/ep | delay=3.00
ep 2700/4000 | reward(MA200)=26.99 success=15.21 fail=9.79 | 0.20s/ep | delay=3.00
ep 2750/4000 | reward(MA200)=27.25 success=15.24 fail=9.76 | 0.20s/ep | delay=3.00
ep 2800/4000 | reward(MA200)=28.04 success=15.32 fail=9.68 | 0.19s/ep | delay=3.00
ep 2850/4000 | reward(MA200)=28.14 success=15.34 fail=9.66 | 0.19s/ep | delay=3.00
ep 2900/4000 | reward(MA200)=29.74 success=15.49 fail=9.51 | 0.19s/ep | delay=3.00
ep 2950/4000 | reward(MA200)=30.90 success=15.61 fail=9.39 | 0.19s/ep | delay=3.00
ep 3000/4000 | reward(MA200)=31.56 success=15.66 fail=9.34 | 0.19s/ep | delay=3.00
ep 3050/4000 | reward(MA200)=32.53 success=15.74 fail=9.26 | 0.19s/ep | delay=3.00
ep 3100/4000 | reward(MA200)=32.51 success=15.74 fail=9.26 | 0.19s/ep | delay=3.00
ep 3150/4000 | reward(MA200)=32.56 success=15.73 fail=9.27 | 0.19s/ep | delay=3.00
ep 3200/4000 | reward(MA200)=32.39 success=15.71 fail=9.29 | 0.19s/ep | delay=3.00
ep 3250/4000 | reward(MA200)=31.88 success=15.65 fail=9.35 | 0.19s/ep | delay=3.00
ep 3300/4000 | reward(MA200)=32.65 success=15.72 fail=9.28 | 0.19s/ep | delay=3.00
ep 3350/4000 | reward(MA200)=33.94 success=15.84 fail=9.16 | 0.19s/ep | delay=3.00
ep 3400/4000 | reward(MA200)=34.73 success=15.91 fail=9.09 | 0.19s/ep | delay=3.00
ep 3450/4000 | reward(MA200)=35.09 success=15.95 fail=9.05 | 0.19s/ep | delay=3.00
ep 3500/4000 | reward(MA200)=34.98 success=15.94 fail=9.06 | 0.19s/ep | delay=3.00
ep 3550/4000 | reward(MA200)=34.34 success=15.88 fail=9.12 | 0.19s/ep | delay=3.00
ep 3600/4000 | reward(MA200)=33.49 success=15.79 fail=9.21 | 0.19s/ep | delay=3.00
ep 3650/4000 | reward(MA200)=33.79 success=15.81 fail=9.19 | 0.19s/ep | delay=3.00
ep 3700/4000 | reward(MA200)=34.03 success=15.84 fail=9.16 | 0.19s/ep | delay=3.00
ep 3750/4000 | reward(MA200)=34.09 success=15.84 fail=9.16 | 0.19s/ep | delay=3.00
ep 3800/4000 | reward(MA200)=34.34 success=15.87 fail=9.13 | 0.19s/ep | delay=3.00
ep 3850/4000 | reward(MA200)=33.81 success=15.81 fail=9.19 | 0.19s/ep | delay=3.00
ep 3900/4000 | reward(MA200)=33.60 success=15.79 fail=9.21 | 0.19s/ep | delay=3.00
ep 3950/4000 | reward(MA200)=33.46 success=15.79 fail=9.21 | 0.19s/ep | delay=3.00
ep 4000/4000 | reward(MA200)=34.13 success=15.86 fail=9.14 | 0.18s/ep | delay=3.00
DONE tag=u25_fixed_d3_s2 -> C:\Users\zengd\Desktop\论文\W-MADDPG\MADDPG_Discrete\results\exp8_delay_stable\phase0_u25_fixed_d3_s2.csv
