WARNING:tensorflow:From C:\Users\zengd\Desktop\论文\W-MADDPG\MADDPG_Discrete\train_mappo_phase0.py:150: The name tf.set_random_seed is deprecated. Please use tf.compat.v1.set_random_seed instead.

WARNING:tensorflow:From C:\Users\zengd\Desktop\论文\W-MADDPG\MADDPG_Discrete\mappo_agent.py:31: The name tf.placeholder is deprecated. Please use tf.compat.v1.placeholder instead.

WARNING:tensorflow:From C:\Users\zengd\Desktop\论文\W-MADDPG\MADDPG_Discrete\mappo_agent.py:43: The name tf.variable_scope is deprecated. Please use tf.compat.v1.variable_scope instead.

WARNING:tensorflow:From C:\Users\zengd\Desktop\论文\W-MADDPG\MADDPG_Discrete\mappo_agent.py:7: dense (from tensorflow.python.layers.core) is deprecated and will be removed in a future version.
Instructions for updating:
Use keras.layers.Dense instead.
WARNING:tensorflow:From D:\tool\anaconda\envs\py37tf\lib\site-packages\tensorflow_core\python\layers\core.py:187: Layer.apply (from tensorflow.python.keras.engine.base_layer) is deprecated and will be removed in a future version.
Instructions for updating:
Please use `layer.__call__` method instead.
WARNING:tensorflow:
The TensorFlow contrib module will not be included in TensorFlow 2.0.
For more information, please see:
  * https://github.com/tensorflow/community/blob/master/rfcs/20180907-contrib-sunset.md
  * https://github.com/tensorflow/addons
  * https://github.com/tensorflow/io (for I/O related ops)
If you depend on functionality not listed there, please file an issue.

WARNING:tensorflow:From C:\Users\zengd\Desktop\论文\W-MADDPG\MADDPG_Discrete\mappo_agent.py:114: The name tf.log is deprecated. Please use tf.math.log instead.

WARNING:tensorflow:From C:\Users\zengd\Desktop\论文\W-MADDPG\MADDPG_Discrete\mappo_agent.py:76: The name tf.get_collection is deprecated. Please use tf.compat.v1.get_collection instead.

WARNING:tensorflow:From C:\Users\zengd\Desktop\论文\W-MADDPG\MADDPG_Discrete\mappo_agent.py:76: The name tf.GraphKeys is deprecated. Please use tf.compat.v1.GraphKeys instead.

WARNING:tensorflow:From C:\Users\zengd\Desktop\论文\W-MADDPG\MADDPG_Discrete\mappo_agent.py:122: The name tf.train.AdamOptimizer is deprecated. Please use tf.compat.v1.train.AdamOptimizer instead.

WARNING:tensorflow:From D:\tool\anaconda\envs\py37tf\lib\site-packages\tensorflow_core\python\ops\math_grad.py:1424: where (from tensorflow.python.ops.array_ops) is deprecated and will be removed in a future version.
Instructions for updating:
Use tf.where in 2.0, which has the same broadcast rule as np.where
WARNING:tensorflow:From C:\Users\zengd\Desktop\论文\W-MADDPG\MADDPG_Discrete\train_mappo_phase0.py:215: The name tf.ConfigProto is deprecated. Please use tf.compat.v1.ConfigProto instead.

WARNING:tensorflow:From C:\Users\zengd\Desktop\论文\W-MADDPG\MADDPG_Discrete\train_mappo_phase0.py:219: The name tf.Session is deprecated. Please use tf.compat.v1.Session instead.

2026-09-21 14:55:48.399869: I tensorflow/core/platform/cpu_feature_guard.cc:142] Your CPU supports instructions that this TensorFlow binary was not compiled to use: AVX2
WARNING:tensorflow:From C:\Users\zengd\Desktop\论文\W-MADDPG\MADDPG_Discrete\train_mappo_phase0.py:220: The name tf.global_variables_initializer is deprecated. Please use tf.compat.v1.global_variables_initializer instead.

ep 1/4000 | reward(MA200)=-44.82 success=8.00 fail=17.00 | 4.39s/ep | delay=3.00
ep 50/4000 | reward(MA200)=-51.61 success=7.44 fail=17.56 | 0.45s/ep | delay=3.00
ep 100/4000 | reward(MA200)=-52.23 success=7.37 fail=17.63 | 0.35s/ep | delay=3.00
ep 150/4000 | reward(MA200)=-49.67 success=7.63 fail=17.37 | 0.35s/ep | delay=3.00
ep 200/4000 | reward(MA200)=-48.28 success=7.76 fail=17.24 | 0.32s/ep | delay=3.00
ep 250/4000 | reward(MA200)=-44.57 success=8.12 fail=16.88 | 0.32s/ep | delay=3.00
ep 300/4000 | reward(MA200)=-41.08 success=8.47 fail=16.53 | 0.31s/ep | delay=3.00
ep 350/4000 | reward(MA200)=-38.41 success=8.73 fail=16.27 | 0.31s/ep | delay=3.00
ep 400/4000 | reward(MA200)=-35.28 success=9.05 fail=15.95 | 0.30s/ep | delay=3.00
ep 450/4000 | reward(MA200)=-32.93 success=9.29 fail=15.71 | 0.31s/ep | delay=3.00
ep 500/4000 | reward(MA200)=-29.39 success=9.64 fail=15.36 | 0.30s/ep | delay=3.00
ep 550/4000 | reward(MA200)=-26.60 success=9.91 fail=15.09 | 0.30s/ep | delay=3.00
ep 600/4000 | reward(MA200)=-24.63 success=10.12 fail=14.88 | 0.30s/ep | delay=3.00
ep 650/4000 | reward(MA200)=-22.69 success=10.31 fail=14.69 | 0.30s/ep | delay=3.00
ep 700/4000 | reward(MA200)=-20.27 success=10.56 fail=14.44 | 0.29s/ep | delay=3.00
ep 750/4000 | reward(MA200)=-18.20 success=10.77 fail=14.23 | 0.29s/ep | delay=3.00
ep 800/4000 | reward(MA200)=-15.68 success=11.02 fail=13.98 | 0.29s/ep | delay=3.00
ep 850/4000 | reward(MA200)=-13.72 success=11.21 fail=13.79 | 0.29s/ep | delay=3.00
ep 900/4000 | reward(MA200)=-12.36 success=11.35 fail=13.65 | 0.29s/ep | delay=3.00
ep 950/4000 | reward(MA200)=-11.17 success=11.47 fail=13.53 | 0.28s/ep | delay=3.00
ep 1000/4000 | reward(MA200)=-8.73 success=11.72 fail=13.28 | 0.27s/ep | delay=3.00
ep 1050/4000 | reward(MA200)=-6.53 success=11.94 fail=13.06 | 0.26s/ep | delay=3.00
ep 1100/4000 | reward(MA200)=-4.26 success=12.16 fail=12.84 | 0.26s/ep | delay=3.00
ep 1150/4000 | reward(MA200)=-1.21 success=12.47 fail=12.53 | 0.25s/ep | delay=3.00
ep 1200/4000 | reward(MA200)=0.79 success=12.68 fail=12.32 | 0.25s/ep | delay=3.00
ep 1250/4000 | reward(MA200)=3.65 success=12.96 fail=12.04 | 0.24s/ep | delay=3.00
ep 1300/4000 | reward(MA200)=4.93 success=13.09 fail=11.91 | 0.24s/ep | delay=3.00
ep 1350/4000 | reward(MA200)=6.27 success=13.22 fail=11.78 | 0.24s/ep | delay=3.00
ep 1400/4000 | reward(MA200)=7.09 success=13.30 fail=11.70 | 0.24s/ep | delay=3.00
ep 1450/4000 | reward(MA200)=6.55 success=13.25 fail=11.75 | 0.23s/ep | delay=3.00
ep 1500/4000 | reward(MA200)=8.49 success=13.45 fail=11.55 | 0.23s/ep | delay=3.00
ep 1550/4000 | reward(MA200)=9.66 success=13.57 fail=11.43 | 0.23s/ep | delay=3.00
ep 1600/4000 | reward(MA200)=11.42 success=13.76 fail=11.24 | 0.23s/ep | delay=3.00
ep 1650/4000 | reward(MA200)=13.36 success=13.95 fail=11.05 | 0.22s/ep | delay=3.00
ep 1700/4000 | reward(MA200)=13.07 success=13.91 fail=11.09 | 0.22s/ep | delay=3.00
ep 1750/4000 | reward(MA200)=13.71 success=13.97 fail=11.03 | 0.22s/ep | delay=3.00
ep 1800/4000 | reward(MA200)=13.69 success=13.97 fail=11.03 | 0.22s/ep | delay=3.00
ep 1850/4000 | reward(MA200)=14.85 success=14.09 fail=10.91 | 0.22s/ep | delay=3.00
ep 1900/4000 | reward(MA200)=15.80 success=14.19 fail=10.81 | 0.21s/ep | delay=3.00
ep 1950/4000 | reward(MA200)=15.46 success=14.15 fail=10.85 | 0.21s/ep | delay=3.00
ep 2000/4000 | reward(MA200)=17.12 success=14.31 fail=10.69 | 0.21s/ep | delay=3.00
ep 2050/4000 | reward(MA200)=17.32 success=14.33 fail=10.67 | 0.21s/ep | delay=3.00
ep 2100/4000 | reward(MA200)=18.11 success=14.40 fail=10.60 | 0.21s/ep | delay=3.00
ep 2150/4000 | reward(MA200)=19.67 success=14.54 fail=10.46 | 0.21s/ep | delay=3.00
ep 2200/4000 | reward(MA200)=19.39 success=14.52 fail=10.48 | 0.21s/ep | delay=3.00
ep 2250/4000 | reward(MA200)=19.75 success=14.55 fail=10.45 | 0.21s/ep | delay=3.00
ep 2300/4000 | reward(MA200)=20.77 success=14.66 fail=10.34 | 0.20s/ep | delay=3.00
ep 2350/4000 | reward(MA200)=21.58 success=14.74 fail=10.26 | 0.20s/ep | delay=3.00
ep 2400/4000 | reward(MA200)=21.81 success=14.77 fail=10.23 | 0.20s/ep | delay=3.00
ep 2450/4000 | reward(MA200)=22.23 success=14.80 fail=10.20 | 0.20s/ep | delay=3.00
ep 2500/4000 | reward(MA200)=22.32 success=14.80 fail=10.20 | 0.20s/ep | delay=3.00
ep 2550/4000 | reward(MA200)=22.31 success=14.80 fail=10.20 | 0.20s/ep | delay=3.00
ep 2600/4000 | reward(MA200)=22.91 success=14.86 fail=10.14 | 0.20s/ep | delay=3.00
ep 2650/4000 | reward(MA200)=23.68 success=14.94 fail=10.06 | 0.20s/ep | delay=3.00
ep 2700/4000 | reward(MA200)=24.08 success=14.98 fail=10.02 | 0.20s/ep | delay=3.00
ep 2750/4000 | reward(MA200)=24.66 success=15.04 fail=9.96 | 0.20s/ep | delay=3.00
ep 2800/4000 | reward(MA200)=25.68 success=15.13 fail=9.87 | 0.20s/ep | delay=3.00
ep 2850/4000 | reward(MA200)=26.55 success=15.21 fail=9.79 | 0.19s/ep | delay=3.00
ep 2900/4000 | reward(MA200)=27.39 success=15.29 fail=9.71 | 0.19s/ep | delay=3.00
ep 2950/4000 | reward(MA200)=27.69 success=15.31 fail=9.69 | 0.19s/ep | delay=3.00
ep 3000/4000 | reward(MA200)=28.01 success=15.35 fail=9.65 | 0.19s/ep | delay=3.00
ep 3050/4000 | reward(MA200)=27.55 success=15.31 fail=9.69 | 0.19s/ep | delay=3.00
ep 3100/4000 | reward(MA200)=27.71 success=15.33 fail=9.67 | 0.19s/ep | delay=3.00
ep 3150/4000 | reward(MA200)=27.63 success=15.32 fail=9.68 | 0.19s/ep | delay=3.00
ep 3200/4000 | reward(MA200)=26.99 success=15.26 fail=9.74 | 0.19s/ep | delay=3.00
ep 3250/4000 | reward(MA200)=26.35 success=15.20 fail=9.80 | 0.19s/ep | delay=3.00
ep 3300/4000 | reward(MA200)=25.38 success=15.10 fail=9.90 | 0.19s/ep | delay=3.00
ep 3350/4000 | reward(MA200)=25.37 success=15.09 fail=9.91 | 0.19s/ep | delay=3.00
ep 3400/4000 | reward(MA200)=25.86 success=15.14 fail=9.86 | 0.19s/ep | delay=3.00
ep 3450/4000 | reward(MA200)=26.40 success=15.19 fail=9.81 | 0.19s/ep | delay=3.00
ep 3500/4000 | reward(MA200)=27.09 success=15.26 fail=9.74 | 0.19s/ep | delay=3.00
ep 3550/4000 | reward(MA200)=26.94 success=15.23 fail=9.77 | 0.19s/ep | delay=3.00
ep 3600/4000 | reward(MA200)=26.11 success=15.15 fail=9.85 | 0.19s/ep | delay=3.00
ep 3650/4000 | reward(MA200)=25.84 success=15.12 fail=9.88 | 0.19s/ep | delay=3.00
ep 3700/4000 | reward(MA200)=25.53 success=15.09 fail=9.91 | 0.19s/ep | delay=3.00
ep 3750/4000 | reward(MA200)=24.81 success=15.02 fail=9.98 | 0.19s/ep | delay=3.00
ep 3800/4000 | reward(MA200)=24.70 success=15.01 fail=9.99 | 0.19s/ep | delay=3.00
ep 3850/4000 | reward(MA200)=25.22 success=15.07 fail=9.93 | 0.19s/ep | delay=3.00
ep 3900/4000 | reward(MA200)=26.03 success=15.15 fail=9.85 | 0.19s/ep | delay=3.00
ep 3950/4000 | reward(MA200)=26.93 success=15.26 fail=9.74 | 0.19s/ep | delay=3.00
ep 4000/4000 | reward(MA200)=27.83 success=15.35 fail=9.65 | 0.19s/ep | delay=3.00
DONE tag=u25_fixed_d3_s8 -> C:\Users\zengd\Desktop\论文\W-MADDPG\MADDPG_Discrete\results\exp8_delay_stable\phase0_u25_fixed_d3_s8.csv
