WARNING:tensorflow:From C:\Users\zengd\Desktop\论文\W-MADDPG\MADDPG_Discrete\train_mappo_phase0.py:150: The name tf.set_random_seed is deprecated. Please use tf.compat.v1.set_random_seed instead.

WARNING:tensorflow:From C:\Users\zengd\Desktop\论文\W-MADDPG\MADDPG_Discrete\mappo_agent.py:31: The name tf.placeholder is deprecated. Please use tf.compat.v1.placeholder instead.

WARNING:tensorflow:From C:\Users\zengd\Desktop\论文\W-MADDPG\MADDPG_Discrete\mappo_agent.py:43: The name tf.variable_scope is deprecated. Please use tf.compat.v1.variable_scope instead.

WARNING:tensorflow:From C:\Users\zengd\Desktop\论文\W-MADDPG\MADDPG_Discrete\mappo_agent.py:7: dense (from tensorflow.python.layers.core) is deprecated and will be removed in a future version.
Instructions for updating:
Use keras.layers.Dense instead.
WARNING:tensorflow:From D:\tool\anaconda\envs\py37tf\lib\site-packages\tensorflow_core\python\layers\core.py:187: Layer.apply (from tensorflow.python.keras.engine.base_layer) is deprecated and will be removed in a future version.
Instructions for updating:
Please use `layer.__call__` method instead.
WARNING:tensorflow:
The TensorFlow contrib module will not be included in TensorFlow 2.0.
For more information, please see:
  * https://github.com/tensorflow/community/blob/master/rfcs/20180907-contrib-sunset.md
  * https://github.com/tensorflow/addons
  * https://github.com/tensorflow/io (for I/O related ops)
If you depend on functionality not listed there, please file an issue.

WARNING:tensorflow:From C:\Users\zengd\Desktop\论文\W-MADDPG\MADDPG_Discrete\mappo_agent.py:114: The name tf.log is deprecated. Please use tf.math.log instead.

WARNING:tensorflow:From C:\Users\zengd\Desktop\论文\W-MADDPG\MADDPG_Discrete\mappo_agent.py:76: The name tf.get_collection is deprecated. Please use tf.compat.v1.get_collection instead.

WARNING:tensorflow:From C:\Users\zengd\Desktop\论文\W-MADDPG\MADDPG_Discrete\mappo_agent.py:76: The name tf.GraphKeys is deprecated. Please use tf.compat.v1.GraphKeys instead.

WARNING:tensorflow:From C:\Users\zengd\Desktop\论文\W-MADDPG\MADDPG_Discrete\mappo_agent.py:122: The name tf.train.AdamOptimizer is deprecated. Please use tf.compat.v1.train.AdamOptimizer instead.

WARNING:tensorflow:From D:\tool\anaconda\envs\py37tf\lib\site-packages\tensorflow_core\python\ops\math_grad.py:1424: where (from tensorflow.python.ops.array_ops) is deprecated and will be removed in a future version.
Instructions for updating:
Use tf.where in 2.0, which has the same broadcast rule as np.where
WARNING:tensorflow:From C:\Users\zengd\Desktop\论文\W-MADDPG\MADDPG_Discrete\train_mappo_phase0.py:215: The name tf.ConfigProto is deprecated. Please use tf.compat.v1.ConfigProto instead.

WARNING:tensorflow:From C:\Users\zengd\Desktop\论文\W-MADDPG\MADDPG_Discrete\train_mappo_phase0.py:219: The name tf.Session is deprecated. Please use tf.compat.v1.Session instead.

2026-09-21 14:55:48.340657: I tensorflow/core/platform/cpu_feature_guard.cc:142] Your CPU supports instructions that this TensorFlow binary was not compiled to use: AVX2
WARNING:tensorflow:From C:\Users\zengd\Desktop\论文\W-MADDPG\MADDPG_Discrete\train_mappo_phase0.py:220: The name tf.global_variables_initializer is deprecated. Please use tf.compat.v1.global_variables_initializer instead.

ep 1/4000 | reward(MA200)=-55.35 success=7.00 fail=18.00 | 4.40s/ep | delay=3.00
ep 50/4000 | reward(MA200)=-37.25 success=8.80 fail=16.20 | 0.45s/ep | delay=3.00
ep 100/4000 | reward(MA200)=-36.37 success=8.90 fail=16.10 | 0.35s/ep | delay=3.00
ep 150/4000 | reward(MA200)=-35.78 success=8.97 fail=16.03 | 0.34s/ep | delay=3.00
ep 200/4000 | reward(MA200)=-34.22 success=9.12 fail=15.88 | 0.32s/ep | delay=3.00
ep 250/4000 | reward(MA200)=-31.79 success=9.37 fail=15.63 | 0.32s/ep | delay=3.00
ep 300/4000 | reward(MA200)=-28.84 success=9.65 fail=15.35 | 0.31s/ep | delay=3.00
ep 350/4000 | reward(MA200)=-25.22 success=10.01 fail=14.99 | 0.31s/ep | delay=3.00
ep 400/4000 | reward(MA200)=-22.65 success=10.27 fail=14.73 | 0.30s/ep | delay=3.00
ep 450/4000 | reward(MA200)=-19.34 success=10.59 fail=14.41 | 0.30s/ep | delay=3.00
ep 500/4000 | reward(MA200)=-17.26 success=10.80 fail=14.20 | 0.30s/ep | delay=3.00
ep 550/4000 | reward(MA200)=-15.56 success=10.97 fail=14.03 | 0.30s/ep | delay=3.00
ep 600/4000 | reward(MA200)=-12.79 success=11.26 fail=13.74 | 0.29s/ep | delay=3.00
ep 650/4000 | reward(MA200)=-11.39 success=11.40 fail=13.60 | 0.29s/ep | delay=3.00
ep 700/4000 | reward(MA200)=-8.46 success=11.71 fail=13.29 | 0.29s/ep | delay=3.00
ep 750/4000 | reward(MA200)=-6.14 success=11.94 fail=13.06 | 0.29s/ep | delay=3.00
ep 800/4000 | reward(MA200)=-4.02 success=12.15 fail=12.85 | 0.29s/ep | delay=3.00
ep 850/4000 | reward(MA200)=-1.48 success=12.41 fail=12.59 | 0.29s/ep | delay=3.00
ep 900/4000 | reward(MA200)=-0.09 success=12.54 fail=12.46 | 0.29s/ep | delay=3.00
ep 950/4000 | reward(MA200)=1.60 success=12.72 fail=12.28 | 0.28s/ep | delay=3.00
ep 1000/4000 | reward(MA200)=2.52 success=12.81 fail=12.19 | 0.27s/ep | delay=3.00
ep 1050/4000 | reward(MA200)=5.50 success=13.12 fail=11.88 | 0.26s/ep | delay=3.00
ep 1100/4000 | reward(MA200)=8.06 success=13.38 fail=11.62 | 0.26s/ep | delay=3.00
ep 1150/4000 | reward(MA200)=10.43 success=13.62 fail=11.38 | 0.25s/ep | delay=3.00
ep 1200/4000 | reward(MA200)=13.01 success=13.87 fail=11.13 | 0.25s/ep | delay=3.00
ep 1250/4000 | reward(MA200)=14.36 success=14.00 fail=11.00 | 0.24s/ep | delay=3.00
ep 1300/4000 | reward(MA200)=16.88 success=14.24 fail=10.76 | 0.24s/ep | delay=3.00
ep 1350/4000 | reward(MA200)=19.67 success=14.52 fail=10.48 | 0.24s/ep | delay=3.00
ep 1400/4000 | reward(MA200)=22.12 success=14.77 fail=10.23 | 0.23s/ep | delay=3.00
ep 1450/4000 | reward(MA200)=23.97 success=14.95 fail=10.05 | 0.23s/ep | delay=3.00
ep 1500/4000 | reward(MA200)=24.97 success=15.04 fail=9.96 | 0.23s/ep | delay=3.00
ep 1550/4000 | reward(MA200)=25.05 success=15.05 fail=9.95 | 0.23s/ep | delay=3.00
ep 1600/4000 | reward(MA200)=25.50 success=15.10 fail=9.90 | 0.22s/ep | delay=3.00
ep 1650/4000 | reward(MA200)=26.24 success=15.16 fail=9.84 | 0.22s/ep | delay=3.00
ep 1700/4000 | reward(MA200)=26.54 success=15.20 fail=9.80 | 0.22s/ep | delay=3.00
ep 1750/4000 | reward(MA200)=27.22 success=15.26 fail=9.74 | 0.22s/ep | delay=3.00
ep 1800/4000 | reward(MA200)=27.81 success=15.31 fail=9.69 | 0.22s/ep | delay=3.00
ep 1850/4000 | reward(MA200)=28.14 success=15.35 fail=9.65 | 0.22s/ep | delay=3.00
ep 1900/4000 | reward(MA200)=28.39 success=15.37 fail=9.63 | 0.21s/ep | delay=3.00
ep 1950/4000 | reward(MA200)=29.11 success=15.45 fail=9.55 | 0.21s/ep | delay=3.00
ep 2000/4000 | reward(MA200)=29.07 success=15.45 fail=9.55 | 0.21s/ep | delay=3.00
ep 2050/4000 | reward(MA200)=28.31 success=15.37 fail=9.63 | 0.21s/ep | delay=3.00
ep 2100/4000 | reward(MA200)=29.39 success=15.47 fail=9.53 | 0.21s/ep | delay=3.00
ep 2150/4000 | reward(MA200)=30.49 success=15.58 fail=9.42 | 0.21s/ep | delay=3.00
ep 2200/4000 | reward(MA200)=31.65 success=15.69 fail=9.31 | 0.21s/ep | delay=3.00
ep 2250/4000 | reward(MA200)=32.21 success=15.74 fail=9.26 | 0.20s/ep | delay=3.00
ep 2300/4000 | reward(MA200)=31.87 success=15.71 fail=9.29 | 0.20s/ep | delay=3.00
ep 2350/4000 | reward(MA200)=31.79 success=15.70 fail=9.30 | 0.20s/ep | delay=3.00
ep 2400/4000 | reward(MA200)=31.80 success=15.70 fail=9.30 | 0.20s/ep | delay=3.00
ep 2450/4000 | reward(MA200)=32.66 success=15.79 fail=9.21 | 0.20s/ep | delay=3.00
ep 2500/4000 | reward(MA200)=33.25 success=15.85 fail=9.15 | 0.20s/ep | delay=3.00
ep 2550/4000 | reward(MA200)=33.03 success=15.83 fail=9.17 | 0.20s/ep | delay=3.00
ep 2600/4000 | reward(MA200)=33.30 success=15.85 fail=9.15 | 0.20s/ep | delay=3.00
ep 2650/4000 | reward(MA200)=33.19 success=15.84 fail=9.16 | 0.20s/ep | delay=3.00
ep 2700/4000 | reward(MA200)=32.95 success=15.80 fail=9.20 | 0.20s/ep | delay=3.00
ep 2750/4000 | reward(MA200)=32.58 success=15.76 fail=9.24 | 0.20s/ep | delay=3.00
ep 2800/4000 | reward(MA200)=32.64 success=15.77 fail=9.23 | 0.20s/ep | delay=3.00
ep 2850/4000 | reward(MA200)=33.13 success=15.82 fail=9.18 | 0.19s/ep | delay=3.00
ep 2900/4000 | reward(MA200)=32.53 success=15.77 fail=9.23 | 0.19s/ep | delay=3.00
ep 2950/4000 | reward(MA200)=33.22 success=15.84 fail=9.16 | 0.19s/ep | delay=3.00
ep 3000/4000 | reward(MA200)=33.53 success=15.88 fail=9.12 | 0.19s/ep | delay=3.00
ep 3050/4000 | reward(MA200)=33.84 success=15.90 fail=9.10 | 0.19s/ep | delay=3.00
ep 3100/4000 | reward(MA200)=34.96 success=16.01 fail=8.99 | 0.19s/ep | delay=3.00
ep 3150/4000 | reward(MA200)=35.89 success=16.09 fail=8.90 | 0.19s/ep | delay=3.00
ep 3200/4000 | reward(MA200)=36.23 success=16.12 fail=8.88 | 0.19s/ep | delay=3.00
ep 3250/4000 | reward(MA200)=36.86 success=16.19 fail=8.81 | 0.19s/ep | delay=3.00
ep 3300/4000 | reward(MA200)=37.52 success=16.25 fail=8.74 | 0.19s/ep | delay=3.00
ep 3350/4000 | reward(MA200)=38.04 success=16.30 fail=8.70 | 0.19s/ep | delay=3.00
ep 3400/4000 | reward(MA200)=39.33 success=16.43 fail=8.57 | 0.19s/ep | delay=3.00
ep 3450/4000 | reward(MA200)=39.14 success=16.41 fail=8.60 | 0.19s/ep | delay=3.00
ep 3500/4000 | reward(MA200)=39.17 success=16.39 fail=8.61 | 0.19s/ep | delay=3.00
ep 3550/4000 | reward(MA200)=39.37 success=16.41 fail=8.59 | 0.19s/ep | delay=3.00
ep 3600/4000 | reward(MA200)=38.48 success=16.32 fail=8.68 | 0.19s/ep | delay=3.00
ep 3650/4000 | reward(MA200)=38.85 success=16.36 fail=8.64 | 0.19s/ep | delay=3.00
ep 3700/4000 | reward(MA200)=38.97 success=16.37 fail=8.63 | 0.19s/ep | delay=3.00
ep 3750/4000 | reward(MA200)=38.88 success=16.36 fail=8.63 | 0.19s/ep | delay=3.00
ep 3800/4000 | reward(MA200)=39.30 success=16.41 fail=8.60 | 0.19s/ep | delay=3.00
ep 3850/4000 | reward(MA200)=39.38 success=16.41 fail=8.59 | 0.19s/ep | delay=3.00
ep 3900/4000 | reward(MA200)=39.34 success=16.41 fail=8.59 | 0.19s/ep | delay=3.00
ep 3950/4000 | reward(MA200)=39.14 success=16.39 fail=8.61 | 0.19s/ep | delay=3.00
ep 4000/4000 | reward(MA200)=38.55 success=16.34 fail=8.66 | 0.19s/ep | delay=3.00
DONE tag=u25_fixed_d3_s5 -> C:\Users\zengd\Desktop\论文\W-MADDPG\MADDPG_Discrete\results\exp8_delay_stable\phase0_u25_fixed_d3_s5.csv
