WARNING:tensorflow:From C:\Users\zengd\Desktop\论文\W-MADDPG\MADDPG_Discrete\train_mappo_phase0.py:150: The name tf.set_random_seed is deprecated. Please use tf.compat.v1.set_random_seed instead.

WARNING:tensorflow:From C:\Users\zengd\Desktop\论文\W-MADDPG\MADDPG_Discrete\mappo_agent.py:31: The name tf.placeholder is deprecated. Please use tf.compat.v1.placeholder instead.

WARNING:tensorflow:From C:\Users\zengd\Desktop\论文\W-MADDPG\MADDPG_Discrete\mappo_agent.py:43: The name tf.variable_scope is deprecated. Please use tf.compat.v1.variable_scope instead.

WARNING:tensorflow:From C:\Users\zengd\Desktop\论文\W-MADDPG\MADDPG_Discrete\mappo_agent.py:7: dense (from tensorflow.python.layers.core) is deprecated and will be removed in a future version.
Instructions for updating:
Use keras.layers.Dense instead.
WARNING:tensorflow:From D:\tool\anaconda\envs\py37tf\lib\site-packages\tensorflow_core\python\layers\core.py:187: Layer.apply (from tensorflow.python.keras.engine.base_layer) is deprecated and will be removed in a future version.
Instructions for updating:
Please use `layer.__call__` method instead.
WARNING:tensorflow:
The TensorFlow contrib module will not be included in TensorFlow 2.0.
For more information, please see:
  * https://github.com/tensorflow/community/blob/master/rfcs/20180907-contrib-sunset.md
  * https://github.com/tensorflow/addons
  * https://github.com/tensorflow/io (for I/O related ops)
If you depend on functionality not listed there, please file an issue.

WARNING:tensorflow:From C:\Users\zengd\Desktop\论文\W-MADDPG\MADDPG_Discrete\mappo_agent.py:114: The name tf.log is deprecated. Please use tf.math.log instead.

WARNING:tensorflow:From C:\Users\zengd\Desktop\论文\W-MADDPG\MADDPG_Discrete\mappo_agent.py:76: The name tf.get_collection is deprecated. Please use tf.compat.v1.get_collection instead.

WARNING:tensorflow:From C:\Users\zengd\Desktop\论文\W-MADDPG\MADDPG_Discrete\mappo_agent.py:76: The name tf.GraphKeys is deprecated. Please use tf.compat.v1.GraphKeys instead.

WARNING:tensorflow:From C:\Users\zengd\Desktop\论文\W-MADDPG\MADDPG_Discrete\mappo_agent.py:122: The name tf.train.AdamOptimizer is deprecated. Please use tf.compat.v1.train.AdamOptimizer instead.

WARNING:tensorflow:From D:\tool\anaconda\envs\py37tf\lib\site-packages\tensorflow_core\python\ops\math_grad.py:1424: where (from tensorflow.python.ops.array_ops) is deprecated and will be removed in a future version.
Instructions for updating:
Use tf.where in 2.0, which has the same broadcast rule as np.where
WARNING:tensorflow:From C:\Users\zengd\Desktop\论文\W-MADDPG\MADDPG_Discrete\train_mappo_phase0.py:215: The name tf.ConfigProto is deprecated. Please use tf.compat.v1.ConfigProto instead.

WARNING:tensorflow:From C:\Users\zengd\Desktop\论文\W-MADDPG\MADDPG_Discrete\train_mappo_phase0.py:219: The name tf.Session is deprecated. Please use tf.compat.v1.Session instead.

2026-09-21 14:55:48.885776: I tensorflow/core/platform/cpu_feature_guard.cc:142] Your CPU supports instructions that this TensorFlow binary was not compiled to use: AVX2
WARNING:tensorflow:From C:\Users\zengd\Desktop\论文\W-MADDPG\MADDPG_Discrete\train_mappo_phase0.py:220: The name tf.global_variables_initializer is deprecated. Please use tf.compat.v1.global_variables_initializer instead.

ep 1/4000 | reward(MA200)=-35.96 success=9.00 fail=16.00 | 4.35s/ep | delay=3.00
ep 50/4000 | reward(MA200)=-43.04 success=8.28 fail=16.72 | 0.45s/ep | delay=3.00
ep 100/4000 | reward(MA200)=-43.64 success=8.22 fail=16.78 | 0.35s/ep | delay=3.00
ep 150/4000 | reward(MA200)=-41.32 success=8.45 fail=16.55 | 0.34s/ep | delay=3.00
ep 200/4000 | reward(MA200)=-39.73 success=8.61 fail=16.39 | 0.32s/ep | delay=3.00
ep 250/4000 | reward(MA200)=-36.89 success=8.89 fail=16.11 | 0.32s/ep | delay=3.00
ep 300/4000 | reward(MA200)=-32.82 success=9.30 fail=15.70 | 0.31s/ep | delay=3.00
ep 350/4000 | reward(MA200)=-30.98 success=9.49 fail=15.51 | 0.31s/ep | delay=3.00
ep 400/4000 | reward(MA200)=-27.90 success=9.81 fail=15.19 | 0.30s/ep | delay=3.00
ep 450/4000 | reward(MA200)=-25.91 success=10.01 fail=14.99 | 0.30s/ep | delay=3.00
ep 500/4000 | reward(MA200)=-23.33 success=10.27 fail=14.73 | 0.30s/ep | delay=3.00
ep 550/4000 | reward(MA200)=-19.19 success=10.69 fail=14.31 | 0.30s/ep | delay=3.00
ep 600/4000 | reward(MA200)=-15.78 success=11.04 fail=13.96 | 0.29s/ep | delay=3.00
ep 650/4000 | reward(MA200)=-12.21 success=11.40 fail=13.60 | 0.29s/ep | delay=3.00
ep 700/4000 | reward(MA200)=-9.68 success=11.67 fail=13.33 | 0.29s/ep | delay=3.00
ep 750/4000 | reward(MA200)=-7.97 success=11.86 fail=13.14 | 0.29s/ep | delay=3.00
ep 800/4000 | reward(MA200)=-6.78 success=11.98 fail=13.02 | 0.29s/ep | delay=3.00
ep 850/4000 | reward(MA200)=-5.69 success=12.09 fail=12.91 | 0.29s/ep | delay=3.00
ep 900/4000 | reward(MA200)=-4.59 success=12.20 fail=12.80 | 0.29s/ep | delay=3.00
ep 950/4000 | reward(MA200)=-2.92 success=12.36 fail=12.64 | 0.28s/ep | delay=3.00
ep 1000/4000 | reward(MA200)=-1.66 success=12.48 fail=12.52 | 0.27s/ep | delay=3.00
ep 1050/4000 | reward(MA200)=0.34 success=12.69 fail=12.31 | 0.26s/ep | delay=3.00
ep 1100/4000 | reward(MA200)=2.05 success=12.87 fail=12.13 | 0.26s/ep | delay=3.00
ep 1150/4000 | reward(MA200)=3.44 success=13.02 fail=11.98 | 0.25s/ep | delay=3.00
ep 1200/4000 | reward(MA200)=5.61 success=13.23 fail=11.77 | 0.25s/ep | delay=3.00
ep 1250/4000 | reward(MA200)=7.60 success=13.43 fail=11.57 | 0.24s/ep | delay=3.00
ep 1300/4000 | reward(MA200)=10.16 success=13.69 fail=11.31 | 0.24s/ep | delay=3.00
ep 1350/4000 | reward(MA200)=12.83 success=13.96 fail=11.04 | 0.24s/ep | delay=3.00
ep 1400/4000 | reward(MA200)=14.62 success=14.13 fail=10.87 | 0.23s/ep | delay=3.00
ep 1450/4000 | reward(MA200)=15.72 success=14.25 fail=10.75 | 0.23s/ep | delay=3.00
ep 1500/4000 | reward(MA200)=17.17 success=14.39 fail=10.61 | 0.23s/ep | delay=3.00
ep 1550/4000 | reward(MA200)=17.25 success=14.39 fail=10.61 | 0.23s/ep | delay=3.00
ep 1600/4000 | reward(MA200)=17.73 success=14.45 fail=10.55 | 0.22s/ep | delay=3.00
ep 1650/4000 | reward(MA200)=18.61 success=14.54 fail=10.46 | 0.22s/ep | delay=3.00
ep 1700/4000 | reward(MA200)=17.72 success=14.45 fail=10.55 | 0.22s/ep | delay=3.00
ep 1750/4000 | reward(MA200)=18.47 success=14.52 fail=10.48 | 0.22s/ep | delay=3.00
ep 1800/4000 | reward(MA200)=18.65 success=14.54 fail=10.46 | 0.22s/ep | delay=3.00
ep 1850/4000 | reward(MA200)=18.69 success=14.54 fail=10.46 | 0.21s/ep | delay=3.00
ep 1900/4000 | reward(MA200)=19.53 success=14.62 fail=10.38 | 0.21s/ep | delay=3.00
ep 1950/4000 | reward(MA200)=19.61 success=14.62 fail=10.38 | 0.21s/ep | delay=3.00
ep 2000/4000 | reward(MA200)=19.98 success=14.65 fail=10.35 | 0.21s/ep | delay=3.00
ep 2050/4000 | reward(MA200)=21.95 success=14.84 fail=10.16 | 0.21s/ep | delay=3.00
ep 2100/4000 | reward(MA200)=23.53 success=14.99 fail=10.01 | 0.21s/ep | delay=3.00
ep 2150/4000 | reward(MA200)=25.10 success=15.15 fail=9.85 | 0.21s/ep | delay=3.00
ep 2200/4000 | reward(MA200)=26.50 success=15.29 fail=9.71 | 0.21s/ep | delay=3.00
ep 2250/4000 | reward(MA200)=25.86 success=15.22 fail=9.78 | 0.20s/ep | delay=3.00
ep 2300/4000 | reward(MA200)=26.26 success=15.26 fail=9.74 | 0.20s/ep | delay=3.00
ep 2350/4000 | reward(MA200)=26.01 success=15.23 fail=9.77 | 0.20s/ep | delay=3.00
ep 2400/4000 | reward(MA200)=26.59 success=15.29 fail=9.71 | 0.20s/ep | delay=3.00
ep 2450/4000 | reward(MA200)=28.24 success=15.46 fail=9.54 | 0.20s/ep | delay=3.00
ep 2500/4000 | reward(MA200)=28.52 success=15.49 fail=9.51 | 0.20s/ep | delay=3.00
ep 2550/4000 | reward(MA200)=29.52 success=15.60 fail=9.40 | 0.20s/ep | delay=3.00
ep 2600/4000 | reward(MA200)=29.41 success=15.58 fail=9.42 | 0.20s/ep | delay=3.00
ep 2650/4000 | reward(MA200)=28.90 success=15.53 fail=9.47 | 0.20s/ep | delay=3.00
ep 2700/4000 | reward(MA200)=29.10 success=15.56 fail=9.44 | 0.20s/ep | delay=3.00
ep 2750/4000 | reward(MA200)=28.30 success=15.48 fail=9.52 | 0.20s/ep | delay=3.00
ep 2800/4000 | reward(MA200)=27.77 success=15.44 fail=9.56 | 0.19s/ep | delay=3.00
ep 2850/4000 | reward(MA200)=27.29 success=15.38 fail=9.62 | 0.19s/ep | delay=3.00
ep 2900/4000 | reward(MA200)=26.89 success=15.34 fail=9.66 | 0.19s/ep | delay=3.00
ep 2950/4000 | reward(MA200)=27.28 success=15.38 fail=9.62 | 0.19s/ep | delay=3.00
ep 3000/4000 | reward(MA200)=27.76 success=15.42 fail=9.58 | 0.19s/ep | delay=3.00
ep 3050/4000 | reward(MA200)=28.44 success=15.49 fail=9.51 | 0.19s/ep | delay=3.00
ep 3100/4000 | reward(MA200)=28.51 success=15.51 fail=9.49 | 0.19s/ep | delay=3.00
ep 3150/4000 | reward(MA200)=29.40 success=15.59 fail=9.41 | 0.19s/ep | delay=3.00
ep 3200/4000 | reward(MA200)=29.84 success=15.62 fail=9.38 | 0.19s/ep | delay=3.00
ep 3250/4000 | reward(MA200)=29.70 success=15.60 fail=9.40 | 0.19s/ep | delay=3.00
ep 3300/4000 | reward(MA200)=30.67 success=15.68 fail=9.32 | 0.19s/ep | delay=3.00
ep 3350/4000 | reward(MA200)=30.74 success=15.68 fail=9.32 | 0.19s/ep | delay=3.00
ep 3400/4000 | reward(MA200)=30.40 success=15.65 fail=9.35 | 0.19s/ep | delay=3.00
ep 3450/4000 | reward(MA200)=30.85 success=15.70 fail=9.30 | 0.19s/ep | delay=3.00
ep 3500/4000 | reward(MA200)=30.84 success=15.71 fail=9.29 | 0.19s/ep | delay=3.00
ep 3550/4000 | reward(MA200)=31.01 success=15.72 fail=9.28 | 0.19s/ep | delay=3.00
ep 3600/4000 | reward(MA200)=31.64 success=15.78 fail=9.22 | 0.19s/ep | delay=3.00
ep 3650/4000 | reward(MA200)=31.96 success=15.79 fail=9.21 | 0.19s/ep | delay=3.00
ep 3700/4000 | reward(MA200)=32.69 success=15.86 fail=9.14 | 0.19s/ep | delay=3.00
ep 3750/4000 | reward(MA200)=32.53 success=15.85 fail=9.15 | 0.19s/ep | delay=3.00
ep 3800/4000 | reward(MA200)=32.33 success=15.84 fail=9.16 | 0.19s/ep | delay=3.00
ep 3850/4000 | reward(MA200)=32.36 success=15.84 fail=9.16 | 0.19s/ep | delay=3.00
ep 3900/4000 | reward(MA200)=32.06 success=15.80 fail=9.20 | 0.19s/ep | delay=3.00
ep 3950/4000 | reward(MA200)=32.45 success=15.83 fail=9.17 | 0.19s/ep | delay=3.00
ep 4000/4000 | reward(MA200)=32.95 success=15.88 fail=9.12 | 0.18s/ep | delay=3.00
DONE tag=u25_fixed_d3_s7 -> C:\Users\zengd\Desktop\论文\W-MADDPG\MADDPG_Discrete\results\exp8_delay_stable\phase0_u25_fixed_d3_s7.csv
