WARNING:tensorflow:From C:\Users\zengd\Desktop\论文\W-MADDPG\MADDPG_Discrete\train_mappo_phase0.py:150: The name tf.set_random_seed is deprecated. Please use tf.compat.v1.set_random_seed instead.

WARNING:tensorflow:From C:\Users\zengd\Desktop\论文\W-MADDPG\MADDPG_Discrete\mappo_agent.py:31: The name tf.placeholder is deprecated. Please use tf.compat.v1.placeholder instead.

WARNING:tensorflow:From C:\Users\zengd\Desktop\论文\W-MADDPG\MADDPG_Discrete\mappo_agent.py:43: The name tf.variable_scope is deprecated. Please use tf.compat.v1.variable_scope instead.

WARNING:tensorflow:From C:\Users\zengd\Desktop\论文\W-MADDPG\MADDPG_Discrete\mappo_agent.py:7: dense (from tensorflow.python.layers.core) is deprecated and will be removed in a future version.
Instructions for updating:
Use keras.layers.Dense instead.
WARNING:tensorflow:From D:\tool\anaconda\envs\py37tf\lib\site-packages\tensorflow_core\python\layers\core.py:187: Layer.apply (from tensorflow.python.keras.engine.base_layer) is deprecated and will be removed in a future version.
Instructions for updating:
Please use `layer.__call__` method instead.
WARNING:tensorflow:
The TensorFlow contrib module will not be included in TensorFlow 2.0.
For more information, please see:
  * https://github.com/tensorflow/community/blob/master/rfcs/20180907-contrib-sunset.md
  * https://github.com/tensorflow/addons
  * https://github.com/tensorflow/io (for I/O related ops)
If you depend on functionality not listed there, please file an issue.

WARNING:tensorflow:From C:\Users\zengd\Desktop\论文\W-MADDPG\MADDPG_Discrete\mappo_agent.py:114: The name tf.log is deprecated. Please use tf.math.log instead.

WARNING:tensorflow:From C:\Users\zengd\Desktop\论文\W-MADDPG\MADDPG_Discrete\mappo_agent.py:76: The name tf.get_collection is deprecated. Please use tf.compat.v1.get_collection instead.

WARNING:tensorflow:From C:\Users\zengd\Desktop\论文\W-MADDPG\MADDPG_Discrete\mappo_agent.py:76: The name tf.GraphKeys is deprecated. Please use tf.compat.v1.GraphKeys instead.

WARNING:tensorflow:From C:\Users\zengd\Desktop\论文\W-MADDPG\MADDPG_Discrete\mappo_agent.py:122: The name tf.train.AdamOptimizer is deprecated. Please use tf.compat.v1.train.AdamOptimizer instead.

WARNING:tensorflow:From D:\tool\anaconda\envs\py37tf\lib\site-packages\tensorflow_core\python\ops\math_grad.py:1424: where (from tensorflow.python.ops.array_ops) is deprecated and will be removed in a future version.
Instructions for updating:
Use tf.where in 2.0, which has the same broadcast rule as np.where
WARNING:tensorflow:From C:\Users\zengd\Desktop\论文\W-MADDPG\MADDPG_Discrete\train_mappo_phase0.py:215: The name tf.ConfigProto is deprecated. Please use tf.compat.v1.ConfigProto instead.

WARNING:tensorflow:From C:\Users\zengd\Desktop\论文\W-MADDPG\MADDPG_Discrete\train_mappo_phase0.py:219: The name tf.Session is deprecated. Please use tf.compat.v1.Session instead.

2026-09-21 14:55:48.728298: I tensorflow/core/platform/cpu_feature_guard.cc:142] Your CPU supports instructions that this TensorFlow binary was not compiled to use: AVX2
WARNING:tensorflow:From C:\Users\zengd\Desktop\论文\W-MADDPG\MADDPG_Discrete\train_mappo_phase0.py:220: The name tf.global_variables_initializer is deprecated. Please use tf.compat.v1.global_variables_initializer instead.

ep 1/4000 | reward(MA200)=-35.59 success=9.00 fail=16.00 | 4.34s/ep | delay=3.00
ep 50/4000 | reward(MA200)=-38.10 success=8.74 fail=16.26 | 0.45s/ep | delay=3.00
ep 100/4000 | reward(MA200)=-37.38 success=8.81 fail=16.19 | 0.35s/ep | delay=3.00
ep 150/4000 | reward(MA200)=-33.91 success=9.17 fail=15.83 | 0.34s/ep | delay=3.00
ep 200/4000 | reward(MA200)=-32.79 success=9.29 fail=15.71 | 0.32s/ep | delay=3.00
ep 250/4000 | reward(MA200)=-29.89 success=9.59 fail=15.41 | 0.32s/ep | delay=3.00
ep 300/4000 | reward(MA200)=-25.92 success=9.99 fail=15.01 | 0.31s/ep | delay=3.00
ep 350/4000 | reward(MA200)=-22.34 success=10.36 fail=14.64 | 0.31s/ep | delay=3.00
ep 400/4000 | reward(MA200)=-18.11 success=10.78 fail=14.22 | 0.30s/ep | delay=3.00
ep 450/4000 | reward(MA200)=-14.19 success=11.17 fail=13.83 | 0.31s/ep | delay=3.00
ep 500/4000 | reward(MA200)=-11.34 success=11.46 fail=13.54 | 0.30s/ep | delay=3.00
ep 550/4000 | reward(MA200)=-9.94 success=11.60 fail=13.40 | 0.30s/ep | delay=3.00
ep 600/4000 | reward(MA200)=-7.49 success=11.84 fail=13.16 | 0.30s/ep | delay=3.00
ep 650/4000 | reward(MA200)=-5.08 success=12.07 fail=12.93 | 0.30s/ep | delay=3.00
ep 700/4000 | reward(MA200)=-2.77 success=12.31 fail=12.69 | 0.29s/ep | delay=3.00
ep 750/4000 | reward(MA200)=-0.67 success=12.53 fail=12.47 | 0.29s/ep | delay=3.00
ep 800/4000 | reward(MA200)=0.94 success=12.70 fail=12.30 | 0.29s/ep | delay=3.00
ep 850/4000 | reward(MA200)=1.60 success=12.77 fail=12.23 | 0.29s/ep | delay=3.00
ep 900/4000 | reward(MA200)=3.76 success=12.98 fail=12.02 | 0.29s/ep | delay=3.00
ep 950/4000 | reward(MA200)=6.28 success=13.24 fail=11.76 | 0.28s/ep | delay=3.00
ep 1000/4000 | reward(MA200)=8.20 success=13.43 fail=11.57 | 0.27s/ep | delay=3.00
ep 1050/4000 | reward(MA200)=10.57 success=13.66 fail=11.34 | 0.26s/ep | delay=3.00
ep 1100/4000 | reward(MA200)=12.64 success=13.87 fail=11.13 | 0.26s/ep | delay=3.00
ep 1150/4000 | reward(MA200)=13.74 success=13.97 fail=11.03 | 0.25s/ep | delay=3.00
ep 1200/4000 | reward(MA200)=15.54 success=14.15 fail=10.85 | 0.25s/ep | delay=3.00
ep 1250/4000 | reward(MA200)=17.15 success=14.31 fail=10.69 | 0.24s/ep | delay=3.00
ep 1300/4000 | reward(MA200)=18.59 success=14.46 fail=10.54 | 0.24s/ep | delay=3.00
ep 1350/4000 | reward(MA200)=19.80 success=14.58 fail=10.42 | 0.24s/ep | delay=3.00
ep 1400/4000 | reward(MA200)=20.24 success=14.64 fail=10.36 | 0.23s/ep | delay=3.00
ep 1450/4000 | reward(MA200)=22.20 success=14.85 fail=10.15 | 0.23s/ep | delay=3.00
ep 1500/4000 | reward(MA200)=23.21 success=14.95 fail=10.05 | 0.23s/ep | delay=3.00
ep 1550/4000 | reward(MA200)=24.28 success=15.05 fail=9.95 | 0.23s/ep | delay=3.00
ep 1600/4000 | reward(MA200)=25.50 success=15.17 fail=9.83 | 0.22s/ep | delay=3.00
ep 1650/4000 | reward(MA200)=25.32 success=15.14 fail=9.86 | 0.22s/ep | delay=3.00
ep 1700/4000 | reward(MA200)=25.72 success=15.18 fail=9.82 | 0.22s/ep | delay=3.00
ep 1750/4000 | reward(MA200)=26.27 success=15.22 fail=9.78 | 0.22s/ep | delay=3.00
ep 1800/4000 | reward(MA200)=26.73 success=15.27 fail=9.73 | 0.22s/ep | delay=3.00
ep 1850/4000 | reward(MA200)=27.39 success=15.33 fail=9.67 | 0.22s/ep | delay=3.00
ep 1900/4000 | reward(MA200)=26.94 success=15.28 fail=9.72 | 0.21s/ep | delay=3.00
ep 1950/4000 | reward(MA200)=27.29 success=15.31 fail=9.69 | 0.21s/ep | delay=3.00
ep 2000/4000 | reward(MA200)=28.68 success=15.44 fail=9.56 | 0.21s/ep | delay=3.00
ep 2050/4000 | reward(MA200)=29.65 success=15.54 fail=9.46 | 0.21s/ep | delay=3.00
ep 2100/4000 | reward(MA200)=30.41 success=15.61 fail=9.39 | 0.21s/ep | delay=3.00
ep 2150/4000 | reward(MA200)=30.32 success=15.60 fail=9.40 | 0.21s/ep | delay=3.00
ep 2200/4000 | reward(MA200)=29.89 success=15.55 fail=9.45 | 0.21s/ep | delay=3.00
ep 2250/4000 | reward(MA200)=30.36 success=15.59 fail=9.41 | 0.20s/ep | delay=3.00
ep 2300/4000 | reward(MA200)=30.59 success=15.62 fail=9.38 | 0.20s/ep | delay=3.00
ep 2350/4000 | reward(MA200)=31.94 success=15.75 fail=9.25 | 0.20s/ep | delay=3.00
ep 2400/4000 | reward(MA200)=32.53 success=15.81 fail=9.19 | 0.20s/ep | delay=3.00
ep 2450/4000 | reward(MA200)=32.76 success=15.84 fail=9.16 | 0.20s/ep | delay=3.00
ep 2500/4000 | reward(MA200)=34.13 success=15.97 fail=9.03 | 0.20s/ep | delay=3.00
ep 2550/4000 | reward(MA200)=34.13 success=15.97 fail=9.03 | 0.20s/ep | delay=3.00
ep 2600/4000 | reward(MA200)=34.88 success=16.05 fail=8.96 | 0.20s/ep | delay=3.00
ep 2650/4000 | reward(MA200)=35.41 success=16.10 fail=8.90 | 0.20s/ep | delay=3.00
ep 2700/4000 | reward(MA200)=35.38 success=16.09 fail=8.90 | 0.20s/ep | delay=3.00
ep 2750/4000 | reward(MA200)=36.29 success=16.18 fail=8.81 | 0.20s/ep | delay=3.00
ep 2800/4000 | reward(MA200)=36.66 success=16.23 fail=8.78 | 0.20s/ep | delay=3.00
ep 2850/4000 | reward(MA200)=37.14 success=16.27 fail=8.73 | 0.20s/ep | delay=3.00
ep 2900/4000 | reward(MA200)=37.35 success=16.30 fail=8.71 | 0.19s/ep | delay=3.00
ep 2950/4000 | reward(MA200)=38.05 success=16.37 fail=8.63 | 0.19s/ep | delay=3.00
ep 3000/4000 | reward(MA200)=38.19 success=16.39 fail=8.62 | 0.19s/ep | delay=3.00
ep 3050/4000 | reward(MA200)=37.97 success=16.37 fail=8.63 | 0.19s/ep | delay=3.00
ep 3100/4000 | reward(MA200)=38.85 success=16.46 fail=8.54 | 0.19s/ep | delay=3.00
ep 3150/4000 | reward(MA200)=37.98 success=16.38 fail=8.62 | 0.19s/ep | delay=3.00
ep 3200/4000 | reward(MA200)=38.24 success=16.40 fail=8.60 | 0.19s/ep | delay=3.00
ep 3250/4000 | reward(MA200)=38.87 success=16.46 fail=8.54 | 0.19s/ep | delay=3.00
ep 3300/4000 | reward(MA200)=38.32 success=16.41 fail=8.60 | 0.19s/ep | delay=3.00
ep 3350/4000 | reward(MA200)=40.00 success=16.57 fail=8.43 | 0.19s/ep | delay=3.00
ep 3400/4000 | reward(MA200)=38.57 success=16.43 fail=8.57 | 0.19s/ep | delay=3.00
ep 3450/4000 | reward(MA200)=38.43 success=16.41 fail=8.59 | 0.19s/ep | delay=3.00
ep 3500/4000 | reward(MA200)=38.99 success=16.46 fail=8.54 | 0.19s/ep | delay=3.00
ep 3550/4000 | reward(MA200)=37.91 success=16.36 fail=8.64 | 0.19s/ep | delay=3.00
ep 3600/4000 | reward(MA200)=38.95 success=16.47 fail=8.53 | 0.19s/ep | delay=3.00
ep 3650/4000 | reward(MA200)=38.64 success=16.45 fail=8.55 | 0.19s/ep | delay=3.00
ep 3700/4000 | reward(MA200)=39.18 success=16.50 fail=8.51 | 0.19s/ep | delay=3.00
ep 3750/4000 | reward(MA200)=39.32 success=16.51 fail=8.49 | 0.19s/ep | delay=3.00
ep 3800/4000 | reward(MA200)=40.14 success=16.59 fail=8.41 | 0.19s/ep | delay=3.00
ep 3850/4000 | reward(MA200)=41.25 success=16.70 fail=8.30 | 0.19s/ep | delay=3.00
ep 3900/4000 | reward(MA200)=41.07 success=16.68 fail=8.32 | 0.19s/ep | delay=3.00
ep 3950/4000 | reward(MA200)=41.55 success=16.73 fail=8.27 | 0.19s/ep | delay=3.00
ep 4000/4000 | reward(MA200)=42.27 success=16.80 fail=8.20 | 0.19s/ep | delay=3.00
DONE tag=u25_fixed_d3_s6 -> C:\Users\zengd\Desktop\论文\W-MADDPG\MADDPG_Discrete\results\exp8_delay_stable\phase0_u25_fixed_d3_s6.csv
