WARNING:tensorflow:From C:\Users\zengd\Desktop\论文\W-MADDPG\MADDPG_Discrete\train_mappo_phase0.py:150: The name tf.set_random_seed is deprecated. Please use tf.compat.v1.set_random_seed instead.

WARNING:tensorflow:From C:\Users\zengd\Desktop\论文\W-MADDPG\MADDPG_Discrete\mappo_agent.py:31: The name tf.placeholder is deprecated. Please use tf.compat.v1.placeholder instead.

WARNING:tensorflow:From C:\Users\zengd\Desktop\论文\W-MADDPG\MADDPG_Discrete\mappo_agent.py:43: The name tf.variable_scope is deprecated. Please use tf.compat.v1.variable_scope instead.

WARNING:tensorflow:From C:\Users\zengd\Desktop\论文\W-MADDPG\MADDPG_Discrete\mappo_agent.py:7: dense (from tensorflow.python.layers.core) is deprecated and will be removed in a future version.
Instructions for updating:
Use keras.layers.Dense instead.
WARNING:tensorflow:From D:\tool\anaconda\envs\py37tf\lib\site-packages\tensorflow_core\python\layers\core.py:187: Layer.apply (from tensorflow.python.keras.engine.base_layer) is deprecated and will be removed in a future version.
Instructions for updating:
Please use `layer.__call__` method instead.
WARNING:tensorflow:
The TensorFlow contrib module will not be included in TensorFlow 2.0.
For more information, please see:
  * https://github.com/tensorflow/community/blob/master/rfcs/20180907-contrib-sunset.md
  * https://github.com/tensorflow/addons
  * https://github.com/tensorflow/io (for I/O related ops)
If you depend on functionality not listed there, please file an issue.

WARNING:tensorflow:From C:\Users\zengd\Desktop\论文\W-MADDPG\MADDPG_Discrete\mappo_agent.py:114: The name tf.log is deprecated. Please use tf.math.log instead.

WARNING:tensorflow:From C:\Users\zengd\Desktop\论文\W-MADDPG\MADDPG_Discrete\mappo_agent.py:76: The name tf.get_collection is deprecated. Please use tf.compat.v1.get_collection instead.

WARNING:tensorflow:From C:\Users\zengd\Desktop\论文\W-MADDPG\MADDPG_Discrete\mappo_agent.py:76: The name tf.GraphKeys is deprecated. Please use tf.compat.v1.GraphKeys instead.

WARNING:tensorflow:From C:\Users\zengd\Desktop\论文\W-MADDPG\MADDPG_Discrete\mappo_agent.py:122: The name tf.train.AdamOptimizer is deprecated. Please use tf.compat.v1.train.AdamOptimizer instead.

WARNING:tensorflow:From D:\tool\anaconda\envs\py37tf\lib\site-packages\tensorflow_core\python\ops\math_grad.py:1424: where (from tensorflow.python.ops.array_ops) is deprecated and will be removed in a future version.
Instructions for updating:
Use tf.where in 2.0, which has the same broadcast rule as np.where
WARNING:tensorflow:From C:\Users\zengd\Desktop\论文\W-MADDPG\MADDPG_Discrete\train_mappo_phase0.py:215: The name tf.ConfigProto is deprecated. Please use tf.compat.v1.ConfigProto instead.

WARNING:tensorflow:From C:\Users\zengd\Desktop\论文\W-MADDPG\MADDPG_Discrete\train_mappo_phase0.py:219: The name tf.Session is deprecated. Please use tf.compat.v1.Session instead.

2026-09-21 15:08:46.913340: I tensorflow/core/platform/cpu_feature_guard.cc:142] Your CPU supports instructions that this TensorFlow binary was not compiled to use: AVX2
WARNING:tensorflow:From C:\Users\zengd\Desktop\论文\W-MADDPG\MADDPG_Discrete\train_mappo_phase0.py:220: The name tf.global_variables_initializer is deprecated. Please use tf.compat.v1.global_variables_initializer instead.

ep 1/4000 | reward(MA200)=-75.11 success=5.00 fail=20.00 | 1.75s/ep | delay=5.00
ep 50/4000 | reward(MA200)=-44.89 success=8.00 fail=17.00 | 0.23s/ep | delay=5.00
ep 100/4000 | reward(MA200)=-43.99 success=8.09 fail=16.91 | 0.19s/ep | delay=5.00
ep 150/4000 | reward(MA200)=-41.95 success=8.29 fail=16.71 | 0.19s/ep | delay=5.00
ep 200/4000 | reward(MA200)=-40.02 success=8.48 fail=16.52 | 0.19s/ep | delay=5.00
ep 250/4000 | reward(MA200)=-35.50 success=8.94 fail=16.07 | 0.21s/ep | delay=5.00
ep 300/4000 | reward(MA200)=-30.94 success=9.39 fail=15.61 | 0.20s/ep | delay=5.00
ep 350/4000 | reward(MA200)=-26.48 success=9.84 fail=15.16 | 0.20s/ep | delay=5.00
ep 400/4000 | reward(MA200)=-22.28 success=10.27 fail=14.73 | 0.19s/ep | delay=5.00
ep 450/4000 | reward(MA200)=-17.95 success=10.70 fail=14.30 | 0.19s/ep | delay=5.00
ep 500/4000 | reward(MA200)=-14.18 success=11.07 fail=13.93 | 0.19s/ep | delay=5.00
ep 550/4000 | reward(MA200)=-11.50 success=11.35 fail=13.65 | 0.19s/ep | delay=5.00
ep 600/4000 | reward(MA200)=-8.85 success=11.61 fail=13.39 | 0.18s/ep | delay=5.00
ep 650/4000 | reward(MA200)=-7.68 success=11.73 fail=13.27 | 0.18s/ep | delay=5.00
ep 700/4000 | reward(MA200)=-5.03 success=12.00 fail=13.00 | 0.18s/ep | delay=5.00
ep 750/4000 | reward(MA200)=-2.44 success=12.26 fail=12.74 | 0.18s/ep | delay=5.00
ep 800/4000 | reward(MA200)=0.45 success=12.54 fail=12.46 | 0.18s/ep | delay=5.00
ep 850/4000 | reward(MA200)=2.60 success=12.76 fail=12.24 | 0.18s/ep | delay=5.00
ep 900/4000 | reward(MA200)=2.78 success=12.78 fail=12.22 | 0.18s/ep | delay=5.00
ep 950/4000 | reward(MA200)=4.85 success=12.98 fail=12.02 | 0.18s/ep | delay=5.00
ep 1000/4000 | reward(MA200)=5.72 success=13.08 fail=11.92 | 0.18s/ep | delay=5.00
ep 1050/4000 | reward(MA200)=8.04 success=13.31 fail=11.69 | 0.18s/ep | delay=5.00
ep 1100/4000 | reward(MA200)=10.63 success=13.58 fail=11.42 | 0.18s/ep | delay=5.00
ep 1150/4000 | reward(MA200)=11.64 success=13.69 fail=11.31 | 0.18s/ep | delay=5.00
ep 1200/4000 | reward(MA200)=12.18 success=13.74 fail=11.26 | 0.17s/ep | delay=5.00
ep 1250/4000 | reward(MA200)=11.78 success=13.70 fail=11.30 | 0.17s/ep | delay=5.00
ep 1300/4000 | reward(MA200)=12.26 success=13.74 fail=11.26 | 0.17s/ep | delay=5.00
ep 1350/4000 | reward(MA200)=13.37 success=13.86 fail=11.14 | 0.17s/ep | delay=5.00
ep 1400/4000 | reward(MA200)=14.61 success=13.98 fail=11.02 | 0.17s/ep | delay=5.00
ep 1450/4000 | reward(MA200)=15.67 success=14.09 fail=10.91 | 0.17s/ep | delay=5.00
ep 1500/4000 | reward(MA200)=16.63 success=14.19 fail=10.81 | 0.17s/ep | delay=5.00
ep 1550/4000 | reward(MA200)=17.31 success=14.26 fail=10.74 | 0.18s/ep | delay=5.00
ep 1600/4000 | reward(MA200)=18.71 success=14.39 fail=10.61 | 0.18s/ep | delay=5.00
ep 1650/4000 | reward(MA200)=20.16 success=14.54 fail=10.46 | 0.18s/ep | delay=5.00
ep 1700/4000 | reward(MA200)=20.83 success=14.61 fail=10.39 | 0.19s/ep | delay=5.00
ep 1750/4000 | reward(MA200)=21.16 success=14.63 fail=10.37 | 0.19s/ep | delay=5.00
ep 1800/4000 | reward(MA200)=21.24 success=14.64 fail=10.36 | 0.19s/ep | delay=5.00
ep 1850/4000 | reward(MA200)=21.32 success=14.65 fail=10.35 | 0.19s/ep | delay=5.00
ep 1900/4000 | reward(MA200)=22.21 success=14.74 fail=10.26 | 0.19s/ep | delay=5.00
ep 1950/4000 | reward(MA200)=22.79 success=14.80 fail=10.20 | 0.20s/ep | delay=5.00
ep 2000/4000 | reward(MA200)=23.59 success=14.88 fail=10.12 | 0.20s/ep | delay=5.00
ep 2050/4000 | reward(MA200)=23.60 success=14.88 fail=10.12 | 0.20s/ep | delay=5.00
ep 2100/4000 | reward(MA200)=22.75 success=14.80 fail=10.20 | 0.20s/ep | delay=5.00
ep 2150/4000 | reward(MA200)=23.55 success=14.88 fail=10.12 | 0.20s/ep | delay=5.00
ep 2200/4000 | reward(MA200)=23.76 success=14.91 fail=10.09 | 0.20s/ep | delay=5.00
ep 2250/4000 | reward(MA200)=24.21 success=14.96 fail=10.04 | 0.21s/ep | delay=5.00
ep 2300/4000 | reward(MA200)=25.73 success=15.11 fail=9.89 | 0.21s/ep | delay=5.00
ep 2350/4000 | reward(MA200)=26.16 success=15.15 fail=9.85 | 0.21s/ep | delay=5.00
ep 2400/4000 | reward(MA200)=26.39 success=15.17 fail=9.83 | 0.21s/ep | delay=5.00
ep 2450/4000 | reward(MA200)=27.32 success=15.26 fail=9.74 | 0.21s/ep | delay=5.00
ep 2500/4000 | reward(MA200)=27.12 success=15.23 fail=9.77 | 0.21s/ep | delay=5.00
ep 2550/4000 | reward(MA200)=26.10 success=15.13 fail=9.87 | 0.21s/ep | delay=5.00
ep 2600/4000 | reward(MA200)=26.33 success=15.15 fail=9.85 | 0.21s/ep | delay=5.00
ep 2650/4000 | reward(MA200)=26.78 success=15.20 fail=9.80 | 0.22s/ep | delay=5.00
ep 2700/4000 | reward(MA200)=27.63 success=15.29 fail=9.71 | 0.22s/ep | delay=5.00
ep 2750/4000 | reward(MA200)=28.64 success=15.39 fail=9.61 | 0.22s/ep | delay=5.00
ep 2800/4000 | reward(MA200)=28.85 success=15.41 fail=9.59 | 0.22s/ep | delay=5.00
ep 2850/4000 | reward(MA200)=28.73 success=15.41 fail=9.59 | 0.22s/ep | delay=5.00
ep 2900/4000 | reward(MA200)=29.20 success=15.46 fail=9.54 | 0.22s/ep | delay=5.00
ep 2950/4000 | reward(MA200)=29.04 success=15.46 fail=9.54 | 0.22s/ep | delay=5.00
ep 3000/4000 | reward(MA200)=30.03 success=15.57 fail=9.43 | 0.22s/ep | delay=5.00
ep 3050/4000 | reward(MA200)=30.72 success=15.64 fail=9.36 | 0.22s/ep | delay=5.00
ep 3100/4000 | reward(MA200)=30.91 success=15.68 fail=9.32 | 0.22s/ep | delay=5.00
ep 3150/4000 | reward(MA200)=31.73 success=15.76 fail=9.24 | 0.22s/ep | delay=5.00
ep 3200/4000 | reward(MA200)=30.95 success=15.68 fail=9.32 | 0.22s/ep | delay=5.00
ep 3250/4000 | reward(MA200)=30.47 success=15.63 fail=9.37 | 0.23s/ep | delay=5.00
ep 3300/4000 | reward(MA200)=29.99 success=15.60 fail=9.40 | 0.23s/ep | delay=5.00
ep 3350/4000 | reward(MA200)=29.71 success=15.58 fail=9.42 | 0.23s/ep | delay=5.00
ep 3400/4000 | reward(MA200)=30.23 success=15.63 fail=9.37 | 0.23s/ep | delay=5.00
ep 3450/4000 | reward(MA200)=31.03 success=15.71 fail=9.29 | 0.23s/ep | delay=5.00
ep 3500/4000 | reward(MA200)=30.86 success=15.69 fail=9.31 | 0.23s/ep | delay=5.00
ep 3550/4000 | reward(MA200)=30.87 success=15.69 fail=9.31 | 0.23s/ep | delay=5.00
ep 3600/4000 | reward(MA200)=30.41 success=15.64 fail=9.36 | 0.23s/ep | delay=5.00
ep 3650/4000 | reward(MA200)=29.11 success=15.52 fail=9.48 | 0.23s/ep | delay=5.00
ep 3700/4000 | reward(MA200)=29.12 success=15.52 fail=9.48 | 0.23s/ep | delay=5.00
ep 3750/4000 | reward(MA200)=29.11 success=15.52 fail=9.48 | 0.23s/ep | delay=5.00
ep 3800/4000 | reward(MA200)=29.70 success=15.58 fail=9.42 | 0.23s/ep | delay=5.00
ep 3850/4000 | reward(MA200)=30.48 success=15.66 fail=9.34 | 0.23s/ep | delay=5.00
ep 3900/4000 | reward(MA200)=30.06 success=15.62 fail=9.38 | 0.23s/ep | delay=5.00
ep 3950/4000 | reward(MA200)=29.59 success=15.57 fail=9.43 | 0.23s/ep | delay=5.00
ep 4000/4000 | reward(MA200)=29.40 success=15.55 fail=9.45 | 0.23s/ep | delay=5.00
DONE tag=u25_fixed_d5_s2 -> C:\Users\zengd\Desktop\论文\W-MADDPG\MADDPG_Discrete\results\exp8_delay_stable\phase0_u25_fixed_d5_s2.csv
