WARNING:tensorflow:From C:\Users\zengd\Desktop\论文\W-MADDPG\MADDPG_Discrete\train_mappo_phase0.py:150: The name tf.set_random_seed is deprecated. Please use tf.compat.v1.set_random_seed instead.

WARNING:tensorflow:From C:\Users\zengd\Desktop\论文\W-MADDPG\MADDPG_Discrete\mappo_agent.py:31: The name tf.placeholder is deprecated. Please use tf.compat.v1.placeholder instead.

WARNING:tensorflow:From C:\Users\zengd\Desktop\论文\W-MADDPG\MADDPG_Discrete\mappo_agent.py:43: The name tf.variable_scope is deprecated. Please use tf.compat.v1.variable_scope instead.

WARNING:tensorflow:From C:\Users\zengd\Desktop\论文\W-MADDPG\MADDPG_Discrete\mappo_agent.py:7: dense (from tensorflow.python.layers.core) is deprecated and will be removed in a future version.
Instructions for updating:
Use keras.layers.Dense instead.
WARNING:tensorflow:From D:\tool\anaconda\envs\py37tf\lib\site-packages\tensorflow_core\python\layers\core.py:187: Layer.apply (from tensorflow.python.keras.engine.base_layer) is deprecated and will be removed in a future version.
Instructions for updating:
Please use `layer.__call__` method instead.
WARNING:tensorflow:
The TensorFlow contrib module will not be included in TensorFlow 2.0.
For more information, please see:
  * https://github.com/tensorflow/community/blob/master/rfcs/20180907-contrib-sunset.md
  * https://github.com/tensorflow/addons
  * https://github.com/tensorflow/io (for I/O related ops)
If you depend on functionality not listed there, please file an issue.

WARNING:tensorflow:From C:\Users\zengd\Desktop\论文\W-MADDPG\MADDPG_Discrete\mappo_agent.py:114: The name tf.log is deprecated. Please use tf.math.log instead.

WARNING:tensorflow:From C:\Users\zengd\Desktop\论文\W-MADDPG\MADDPG_Discrete\mappo_agent.py:76: The name tf.get_collection is deprecated. Please use tf.compat.v1.get_collection instead.

WARNING:tensorflow:From C:\Users\zengd\Desktop\论文\W-MADDPG\MADDPG_Discrete\mappo_agent.py:76: The name tf.GraphKeys is deprecated. Please use tf.compat.v1.GraphKeys instead.

WARNING:tensorflow:From C:\Users\zengd\Desktop\论文\W-MADDPG\MADDPG_Discrete\mappo_agent.py:122: The name tf.train.AdamOptimizer is deprecated. Please use tf.compat.v1.train.AdamOptimizer instead.

WARNING:tensorflow:From D:\tool\anaconda\envs\py37tf\lib\site-packages\tensorflow_core\python\ops\math_grad.py:1424: where (from tensorflow.python.ops.array_ops) is deprecated and will be removed in a future version.
Instructions for updating:
Use tf.where in 2.0, which has the same broadcast rule as np.where
WARNING:tensorflow:From C:\Users\zengd\Desktop\论文\W-MADDPG\MADDPG_Discrete\train_mappo_phase0.py:215: The name tf.ConfigProto is deprecated. Please use tf.compat.v1.ConfigProto instead.

WARNING:tensorflow:From C:\Users\zengd\Desktop\论文\W-MADDPG\MADDPG_Discrete\train_mappo_phase0.py:219: The name tf.Session is deprecated. Please use tf.compat.v1.Session instead.

2026-09-21 15:24:46.867087: I tensorflow/core/platform/cpu_feature_guard.cc:142] Your CPU supports instructions that this TensorFlow binary was not compiled to use: AVX2
WARNING:tensorflow:From C:\Users\zengd\Desktop\论文\W-MADDPG\MADDPG_Discrete\train_mappo_phase0.py:220: The name tf.global_variables_initializer is deprecated. Please use tf.compat.v1.global_variables_initializer instead.

ep 1/4000 | reward(MA200)=-25.06 success=10.00 fail=15.00 | 1.71s/ep | delay=5.00
ep 50/4000 | reward(MA200)=-43.60 success=8.24 fail=16.76 | 0.23s/ep | delay=5.00
ep 100/4000 | reward(MA200)=-40.91 success=8.51 fail=16.49 | 0.19s/ep | delay=5.00
ep 150/4000 | reward(MA200)=-38.17 success=8.79 fail=16.21 | 0.19s/ep | delay=5.00
ep 200/4000 | reward(MA200)=-34.96 success=9.11 fail=15.89 | 0.18s/ep | delay=5.00
ep 250/4000 | reward(MA200)=-29.61 success=9.65 fail=15.35 | 0.18s/ep | delay=5.00
ep 300/4000 | reward(MA200)=-24.34 success=10.18 fail=14.82 | 0.17s/ep | delay=5.00
ep 350/4000 | reward(MA200)=-19.83 success=10.63 fail=14.37 | 0.17s/ep | delay=5.00
ep 400/4000 | reward(MA200)=-16.67 success=10.95 fail=14.05 | 0.17s/ep | delay=5.00
ep 450/4000 | reward(MA200)=-13.22 success=11.29 fail=13.71 | 0.17s/ep | delay=5.00
ep 500/4000 | reward(MA200)=-10.79 success=11.53 fail=13.47 | 0.17s/ep | delay=5.00
ep 550/4000 | reward(MA200)=-7.76 success=11.84 fail=13.16 | 0.17s/ep | delay=5.00
ep 600/4000 | reward(MA200)=-5.29 success=12.09 fail=12.91 | 0.16s/ep | delay=5.00
ep 650/4000 | reward(MA200)=-3.11 success=12.31 fail=12.69 | 0.16s/ep | delay=5.00
ep 700/4000 | reward(MA200)=-1.44 success=12.48 fail=12.52 | 0.16s/ep | delay=5.00
ep 750/4000 | reward(MA200)=0.29 success=12.66 fail=12.34 | 0.16s/ep | delay=5.00
ep 800/4000 | reward(MA200)=3.53 success=12.99 fail=12.01 | 0.16s/ep | delay=5.00
ep 850/4000 | reward(MA200)=6.15 success=13.26 fail=11.74 | 0.16s/ep | delay=5.00
ep 900/4000 | reward(MA200)=8.79 success=13.52 fail=11.48 | 0.16s/ep | delay=5.00
ep 950/4000 | reward(MA200)=9.90 success=13.63 fail=11.37 | 0.17s/ep | delay=5.00
ep 1000/4000 | reward(MA200)=9.06 success=13.55 fail=11.45 | 0.17s/ep | delay=5.00
ep 1050/4000 | reward(MA200)=9.17 success=13.57 fail=11.43 | 0.17s/ep | delay=5.00
ep 1100/4000 | reward(MA200)=9.70 success=13.63 fail=11.37 | 0.17s/ep | delay=5.00
ep 1150/4000 | reward(MA200)=10.74 success=13.74 fail=11.26 | 0.17s/ep | delay=5.00
ep 1200/4000 | reward(MA200)=12.29 success=13.89 fail=11.11 | 0.17s/ep | delay=5.00
ep 1250/4000 | reward(MA200)=13.21 success=13.97 fail=11.03 | 0.17s/ep | delay=5.00
ep 1300/4000 | reward(MA200)=14.19 success=14.06 fail=10.94 | 0.17s/ep | delay=5.00
ep 1350/4000 | reward(MA200)=15.46 success=14.19 fail=10.81 | 0.17s/ep | delay=5.00
ep 1400/4000 | reward(MA200)=16.61 success=14.30 fail=10.70 | 0.17s/ep | delay=5.00
ep 1450/4000 | reward(MA200)=17.30 success=14.37 fail=10.63 | 0.17s/ep | delay=5.00
ep 1500/4000 | reward(MA200)=18.84 success=14.53 fail=10.47 | 0.17s/ep | delay=5.00
ep 1550/4000 | reward(MA200)=19.43 success=14.58 fail=10.42 | 0.17s/ep | delay=5.00
ep 1600/4000 | reward(MA200)=19.44 success=14.58 fail=10.42 | 0.17s/ep | delay=5.00
ep 1650/4000 | reward(MA200)=20.84 success=14.71 fail=10.29 | 0.17s/ep | delay=5.00
ep 1700/4000 | reward(MA200)=20.83 success=14.71 fail=10.29 | 0.17s/ep | delay=5.00
ep 1750/4000 | reward(MA200)=20.84 success=14.71 fail=10.29 | 0.17s/ep | delay=5.00
ep 1800/4000 | reward(MA200)=22.23 success=14.86 fail=10.14 | 0.17s/ep | delay=5.00
ep 1850/4000 | reward(MA200)=22.71 success=14.91 fail=10.09 | 0.17s/ep | delay=5.00
ep 1900/4000 | reward(MA200)=23.44 success=14.98 fail=10.02 | 0.17s/ep | delay=5.00
ep 1950/4000 | reward(MA200)=24.42 success=15.07 fail=9.93 | 0.17s/ep | delay=5.00
ep 2000/4000 | reward(MA200)=25.29 success=15.15 fail=9.85 | 0.17s/ep | delay=5.00
ep 2050/4000 | reward(MA200)=26.19 success=15.24 fail=9.76 | 0.17s/ep | delay=5.00
ep 2100/4000 | reward(MA200)=26.68 success=15.28 fail=9.72 | 0.17s/ep | delay=5.00
ep 2150/4000 | reward(MA200)=27.81 success=15.39 fail=9.61 | 0.17s/ep | delay=5.00
ep 2200/4000 | reward(MA200)=28.30 success=15.44 fail=9.56 | 0.17s/ep | delay=5.00
ep 2250/4000 | reward(MA200)=28.02 success=15.40 fail=9.60 | 0.17s/ep | delay=5.00
ep 2300/4000 | reward(MA200)=27.44 success=15.35 fail=9.65 | 0.17s/ep | delay=5.00
ep 2350/4000 | reward(MA200)=27.71 success=15.37 fail=9.63 | 0.17s/ep | delay=5.00
ep 2400/4000 | reward(MA200)=27.93 success=15.38 fail=9.62 | 0.17s/ep | delay=5.00
ep 2450/4000 | reward(MA200)=27.51 success=15.35 fail=9.65 | 0.17s/ep | delay=5.00
ep 2500/4000 | reward(MA200)=28.22 success=15.41 fail=9.59 | 0.17s/ep | delay=5.00
ep 2550/4000 | reward(MA200)=27.38 success=15.33 fail=9.67 | 0.17s/ep | delay=5.00
ep 2600/4000 | reward(MA200)=27.20 success=15.32 fail=9.68 | 0.17s/ep | delay=5.00
ep 2650/4000 | reward(MA200)=27.65 success=15.37 fail=9.63 | 0.17s/ep | delay=5.00
ep 2700/4000 | reward(MA200)=28.08 success=15.43 fail=9.57 | 0.17s/ep | delay=5.00
ep 2750/4000 | reward(MA200)=28.56 success=15.47 fail=9.53 | 0.17s/ep | delay=5.00
ep 2800/4000 | reward(MA200)=27.67 success=15.38 fail=9.62 | 0.17s/ep | delay=5.00
ep 2850/4000 | reward(MA200)=27.93 success=15.41 fail=9.59 | 0.17s/ep | delay=5.00
ep 2900/4000 | reward(MA200)=27.68 success=15.38 fail=9.62 | 0.17s/ep | delay=5.00
ep 2950/4000 | reward(MA200)=27.26 success=15.35 fail=9.65 | 0.17s/ep | delay=5.00
ep 3000/4000 | reward(MA200)=28.10 success=15.43 fail=9.57 | 0.17s/ep | delay=5.00
ep 3050/4000 | reward(MA200)=27.55 success=15.38 fail=9.62 | 0.17s/ep | delay=5.00
ep 3100/4000 | reward(MA200)=27.73 success=15.40 fail=9.60 | 0.17s/ep | delay=5.00
ep 3150/4000 | reward(MA200)=28.22 success=15.45 fail=9.55 | 0.17s/ep | delay=5.00
ep 3200/4000 | reward(MA200)=28.67 success=15.48 fail=9.52 | 0.17s/ep | delay=5.00
ep 3250/4000 | reward(MA200)=28.75 success=15.49 fail=9.51 | 0.17s/ep | delay=5.00
ep 3300/4000 | reward(MA200)=28.79 success=15.49 fail=9.51 | 0.17s/ep | delay=5.00
ep 3350/4000 | reward(MA200)=28.87 success=15.51 fail=9.49 | 0.17s/ep | delay=5.00
ep 3400/4000 | reward(MA200)=29.42 success=15.56 fail=9.44 | 0.17s/ep | delay=5.00
ep 3450/4000 | reward(MA200)=30.73 success=15.70 fail=9.30 | 0.17s/ep | delay=5.00
ep 3500/4000 | reward(MA200)=31.87 success=15.81 fail=9.19 | 0.17s/ep | delay=5.00
ep 3550/4000 | reward(MA200)=32.56 success=15.88 fail=9.12 | 0.17s/ep | delay=5.00
ep 3600/4000 | reward(MA200)=32.17 success=15.84 fail=9.16 | 0.17s/ep | delay=5.00
ep 3650/4000 | reward(MA200)=32.60 success=15.88 fail=9.12 | 0.17s/ep | delay=5.00
ep 3700/4000 | reward(MA200)=32.11 success=15.82 fail=9.18 | 0.17s/ep | delay=5.00
ep 3750/4000 | reward(MA200)=32.28 success=15.84 fail=9.16 | 0.17s/ep | delay=5.00
ep 3800/4000 | reward(MA200)=32.83 success=15.89 fail=9.11 | 0.17s/ep | delay=5.00
ep 3850/4000 | reward(MA200)=32.37 success=15.85 fail=9.15 | 0.17s/ep | delay=5.00
ep 3900/4000 | reward(MA200)=32.49 success=15.86 fail=9.14 | 0.17s/ep | delay=5.00
ep 3950/4000 | reward(MA200)=32.22 success=15.82 fail=9.18 | 0.17s/ep | delay=5.00
ep 4000/4000 | reward(MA200)=31.75 success=15.78 fail=9.22 | 0.17s/ep | delay=5.00
DONE tag=u25_fixed_d5_s10 -> C:\Users\zengd\Desktop\论文\W-MADDPG\MADDPG_Discrete\results\exp8_delay_stable\phase0_u25_fixed_d5_s10.csv
