WARNING:tensorflow:From C:\Users\zengd\Desktop\论文\W-MADDPG\MADDPG_Discrete\train_mappo_phase0.py:150: The name tf.set_random_seed is deprecated. Please use tf.compat.v1.set_random_seed instead.

WARNING:tensorflow:From C:\Users\zengd\Desktop\论文\W-MADDPG\MADDPG_Discrete\mappo_agent.py:31: The name tf.placeholder is deprecated. Please use tf.compat.v1.placeholder instead.

WARNING:tensorflow:From C:\Users\zengd\Desktop\论文\W-MADDPG\MADDPG_Discrete\mappo_agent.py:43: The name tf.variable_scope is deprecated. Please use tf.compat.v1.variable_scope instead.

WARNING:tensorflow:From C:\Users\zengd\Desktop\论文\W-MADDPG\MADDPG_Discrete\mappo_agent.py:7: dense (from tensorflow.python.layers.core) is deprecated and will be removed in a future version.
Instructions for updating:
Use keras.layers.Dense instead.
WARNING:tensorflow:From D:\tool\anaconda\envs\py37tf\lib\site-packages\tensorflow_core\python\layers\core.py:187: Layer.apply (from tensorflow.python.keras.engine.base_layer) is deprecated and will be removed in a future version.
Instructions for updating:
Please use `layer.__call__` method instead.
WARNING:tensorflow:
The TensorFlow contrib module will not be included in TensorFlow 2.0.
For more information, please see:
  * https://github.com/tensorflow/community/blob/master/rfcs/20180907-contrib-sunset.md
  * https://github.com/tensorflow/addons
  * https://github.com/tensorflow/io (for I/O related ops)
If you depend on functionality not listed there, please file an issue.

WARNING:tensorflow:From C:\Users\zengd\Desktop\论文\W-MADDPG\MADDPG_Discrete\mappo_agent.py:114: The name tf.log is deprecated. Please use tf.math.log instead.

WARNING:tensorflow:From C:\Users\zengd\Desktop\论文\W-MADDPG\MADDPG_Discrete\mappo_agent.py:76: The name tf.get_collection is deprecated. Please use tf.compat.v1.get_collection instead.

WARNING:tensorflow:From C:\Users\zengd\Desktop\论文\W-MADDPG\MADDPG_Discrete\mappo_agent.py:76: The name tf.GraphKeys is deprecated. Please use tf.compat.v1.GraphKeys instead.

WARNING:tensorflow:From C:\Users\zengd\Desktop\论文\W-MADDPG\MADDPG_Discrete\mappo_agent.py:122: The name tf.train.AdamOptimizer is deprecated. Please use tf.compat.v1.train.AdamOptimizer instead.

WARNING:tensorflow:From D:\tool\anaconda\envs\py37tf\lib\site-packages\tensorflow_core\python\ops\math_grad.py:1424: where (from tensorflow.python.ops.array_ops) is deprecated and will be removed in a future version.
Instructions for updating:
Use tf.where in 2.0, which has the same broadcast rule as np.where
WARNING:tensorflow:From C:\Users\zengd\Desktop\论文\W-MADDPG\MADDPG_Discrete\train_mappo_phase0.py:215: The name tf.ConfigProto is deprecated. Please use tf.compat.v1.ConfigProto instead.

WARNING:tensorflow:From C:\Users\zengd\Desktop\论文\W-MADDPG\MADDPG_Discrete\train_mappo_phase0.py:219: The name tf.Session is deprecated. Please use tf.compat.v1.Session instead.

2026-09-21 15:08:47.244034: I tensorflow/core/platform/cpu_feature_guard.cc:142] Your CPU supports instructions that this TensorFlow binary was not compiled to use: AVX2
WARNING:tensorflow:From C:\Users\zengd\Desktop\论文\W-MADDPG\MADDPG_Discrete\train_mappo_phase0.py:220: The name tf.global_variables_initializer is deprecated. Please use tf.compat.v1.global_variables_initializer instead.

ep 1/4000 | reward(MA200)=-35.21 success=9.00 fail=16.00 | 1.76s/ep | delay=5.00
ep 50/4000 | reward(MA200)=-39.67 success=8.56 fail=16.44 | 0.24s/ep | delay=5.00
ep 100/4000 | reward(MA200)=-36.39 success=8.89 fail=16.11 | 0.19s/ep | delay=5.00
ep 150/4000 | reward(MA200)=-34.00 success=9.14 fail=15.86 | 0.20s/ep | delay=5.00
ep 200/4000 | reward(MA200)=-33.25 success=9.22 fail=15.78 | 0.20s/ep | delay=5.00
ep 250/4000 | reward(MA200)=-29.73 success=9.57 fail=15.43 | 0.21s/ep | delay=5.00
ep 300/4000 | reward(MA200)=-26.54 success=9.89 fail=15.11 | 0.20s/ep | delay=5.00
ep 350/4000 | reward(MA200)=-23.33 success=10.21 fail=14.79 | 0.20s/ep | delay=5.00
ep 400/4000 | reward(MA200)=-19.16 success=10.62 fail=14.38 | 0.19s/ep | delay=5.00
ep 450/4000 | reward(MA200)=-15.85 success=10.95 fail=14.05 | 0.19s/ep | delay=5.00
ep 500/4000 | reward(MA200)=-13.02 success=11.23 fail=13.77 | 0.19s/ep | delay=5.00
ep 550/4000 | reward(MA200)=-11.06 success=11.44 fail=13.56 | 0.19s/ep | delay=5.00
ep 600/4000 | reward(MA200)=-7.50 success=11.79 fail=13.21 | 0.18s/ep | delay=5.00
ep 650/4000 | reward(MA200)=-5.02 success=12.04 fail=12.96 | 0.19s/ep | delay=5.00
ep 700/4000 | reward(MA200)=-3.33 success=12.21 fail=12.79 | 0.18s/ep | delay=5.00
ep 750/4000 | reward(MA200)=-1.83 success=12.35 fail=12.65 | 0.18s/ep | delay=5.00
ep 800/4000 | reward(MA200)=-1.51 success=12.39 fail=12.61 | 0.18s/ep | delay=5.00
ep 850/4000 | reward(MA200)=-0.01 success=12.54 fail=12.46 | 0.18s/ep | delay=5.00
ep 900/4000 | reward(MA200)=0.45 success=12.59 fail=12.41 | 0.18s/ep | delay=5.00
ep 950/4000 | reward(MA200)=2.33 success=12.78 fail=12.22 | 0.18s/ep | delay=5.00
ep 1000/4000 | reward(MA200)=3.88 success=12.93 fail=12.07 | 0.18s/ep | delay=5.00
ep 1050/4000 | reward(MA200)=4.73 success=13.02 fail=11.98 | 0.18s/ep | delay=5.00
ep 1100/4000 | reward(MA200)=7.55 success=13.29 fail=11.71 | 0.18s/ep | delay=5.00
ep 1150/4000 | reward(MA200)=8.57 success=13.40 fail=11.60 | 0.18s/ep | delay=5.00
ep 1200/4000 | reward(MA200)=9.17 success=13.46 fail=11.54 | 0.17s/ep | delay=5.00
ep 1250/4000 | reward(MA200)=9.07 success=13.44 fail=11.56 | 0.17s/ep | delay=5.00
ep 1300/4000 | reward(MA200)=9.37 success=13.47 fail=11.53 | 0.17s/ep | delay=5.00
ep 1350/4000 | reward(MA200)=10.87 success=13.62 fail=11.38 | 0.17s/ep | delay=5.00
ep 1400/4000 | reward(MA200)=11.97 success=13.74 fail=11.26 | 0.17s/ep | delay=5.00
ep 1450/4000 | reward(MA200)=14.07 success=13.96 fail=11.04 | 0.17s/ep | delay=5.00
ep 1500/4000 | reward(MA200)=14.33 success=13.98 fail=11.02 | 0.17s/ep | delay=5.00
ep 1550/4000 | reward(MA200)=13.99 success=13.94 fail=11.06 | 0.18s/ep | delay=5.00
ep 1600/4000 | reward(MA200)=14.44 success=13.98 fail=11.02 | 0.18s/ep | delay=5.00
ep 1650/4000 | reward(MA200)=14.40 success=13.96 fail=11.04 | 0.18s/ep | delay=5.00
ep 1700/4000 | reward(MA200)=14.91 success=14.02 fail=10.98 | 0.19s/ep | delay=5.00
ep 1750/4000 | reward(MA200)=14.64 success=13.98 fail=11.02 | 0.19s/ep | delay=5.00
ep 1800/4000 | reward(MA200)=14.67 success=13.97 fail=11.03 | 0.19s/ep | delay=5.00
ep 1850/4000 | reward(MA200)=15.27 success=14.03 fail=10.97 | 0.19s/ep | delay=5.00
ep 1900/4000 | reward(MA200)=16.31 success=14.12 fail=10.88 | 0.19s/ep | delay=5.00
ep 1950/4000 | reward(MA200)=18.11 success=14.29 fail=10.71 | 0.20s/ep | delay=5.00
ep 2000/4000 | reward(MA200)=18.76 success=14.36 fail=10.64 | 0.20s/ep | delay=5.00
ep 2050/4000 | reward(MA200)=18.70 success=14.34 fail=10.66 | 0.20s/ep | delay=5.00
ep 2100/4000 | reward(MA200)=18.44 success=14.31 fail=10.69 | 0.20s/ep | delay=5.00
ep 2150/4000 | reward(MA200)=18.40 success=14.31 fail=10.69 | 0.20s/ep | delay=5.00
ep 2200/4000 | reward(MA200)=17.80 success=14.26 fail=10.74 | 0.20s/ep | delay=5.00
ep 2250/4000 | reward(MA200)=18.75 success=14.36 fail=10.64 | 0.21s/ep | delay=5.00
ep 2300/4000 | reward(MA200)=18.58 success=14.35 fail=10.65 | 0.21s/ep | delay=5.00
ep 2350/4000 | reward(MA200)=18.64 success=14.36 fail=10.64 | 0.21s/ep | delay=5.00
ep 2400/4000 | reward(MA200)=19.30 success=14.43 fail=10.57 | 0.21s/ep | delay=5.00
ep 2450/4000 | reward(MA200)=19.33 success=14.44 fail=10.56 | 0.21s/ep | delay=5.00
ep 2500/4000 | reward(MA200)=20.08 success=14.52 fail=10.48 | 0.21s/ep | delay=5.00
ep 2550/4000 | reward(MA200)=21.78 success=14.70 fail=10.30 | 0.21s/ep | delay=5.00
ep 2600/4000 | reward(MA200)=23.16 success=14.85 fail=10.15 | 0.21s/ep | delay=5.00
ep 2650/4000 | reward(MA200)=24.52 success=14.99 fail=10.01 | 0.22s/ep | delay=5.00
ep 2700/4000 | reward(MA200)=25.76 success=15.12 fail=9.88 | 0.22s/ep | delay=5.00
ep 2750/4000 | reward(MA200)=26.19 success=15.18 fail=9.82 | 0.22s/ep | delay=5.00
ep 2800/4000 | reward(MA200)=27.22 success=15.28 fail=9.72 | 0.22s/ep | delay=5.00
ep 2850/4000 | reward(MA200)=27.70 success=15.32 fail=9.68 | 0.22s/ep | delay=5.00
ep 2900/4000 | reward(MA200)=27.72 success=15.32 fail=9.68 | 0.22s/ep | delay=5.00
ep 2950/4000 | reward(MA200)=27.39 success=15.29 fail=9.71 | 0.22s/ep | delay=5.00
ep 3000/4000 | reward(MA200)=27.43 success=15.29 fail=9.71 | 0.22s/ep | delay=5.00
ep 3050/4000 | reward(MA200)=27.54 success=15.30 fail=9.70 | 0.22s/ep | delay=5.00
ep 3100/4000 | reward(MA200)=28.59 success=15.42 fail=9.58 | 0.22s/ep | delay=5.00
ep 3150/4000 | reward(MA200)=28.96 success=15.47 fail=9.53 | 0.22s/ep | delay=5.00
ep 3200/4000 | reward(MA200)=28.56 success=15.45 fail=9.55 | 0.22s/ep | delay=5.00
ep 3250/4000 | reward(MA200)=28.31 success=15.44 fail=9.56 | 0.23s/ep | delay=5.00
ep 3300/4000 | reward(MA200)=27.72 success=15.38 fail=9.62 | 0.23s/ep | delay=5.00
ep 3350/4000 | reward(MA200)=27.63 success=15.38 fail=9.62 | 0.23s/ep | delay=5.00
ep 3400/4000 | reward(MA200)=27.65 success=15.38 fail=9.62 | 0.23s/ep | delay=5.00
ep 3450/4000 | reward(MA200)=27.71 success=15.38 fail=9.62 | 0.23s/ep | delay=5.00
ep 3500/4000 | reward(MA200)=28.08 success=15.41 fail=9.59 | 0.23s/ep | delay=5.00
ep 3550/4000 | reward(MA200)=28.54 success=15.46 fail=9.54 | 0.23s/ep | delay=5.00
ep 3600/4000 | reward(MA200)=29.47 success=15.55 fail=9.45 | 0.23s/ep | delay=5.00
ep 3650/4000 | reward(MA200)=29.86 success=15.59 fail=9.41 | 0.23s/ep | delay=5.00
ep 3700/4000 | reward(MA200)=29.90 success=15.59 fail=9.41 | 0.23s/ep | delay=5.00
ep 3750/4000 | reward(MA200)=29.75 success=15.57 fail=9.43 | 0.23s/ep | delay=5.00
ep 3800/4000 | reward(MA200)=29.12 success=15.52 fail=9.48 | 0.23s/ep | delay=5.00
ep 3850/4000 | reward(MA200)=29.31 success=15.54 fail=9.46 | 0.23s/ep | delay=5.00
ep 3900/4000 | reward(MA200)=29.47 success=15.56 fail=9.44 | 0.23s/ep | delay=5.00
ep 3950/4000 | reward(MA200)=29.63 success=15.58 fail=9.42 | 0.23s/ep | delay=5.00
ep 4000/4000 | reward(MA200)=30.11 success=15.63 fail=9.37 | 0.23s/ep | delay=5.00
DONE tag=u25_fixed_d5_s5 -> C:\Users\zengd\Desktop\论文\W-MADDPG\MADDPG_Discrete\results\exp8_delay_stable\phase0_u25_fixed_d5_s5.csv
