WARNING:tensorflow:From C:\Users\zengd\Desktop\论文\W-MADDPG\MADDPG_Discrete\train_mappo_phase0.py:150: The name tf.set_random_seed is deprecated. Please use tf.compat.v1.set_random_seed instead.

WARNING:tensorflow:From C:\Users\zengd\Desktop\论文\W-MADDPG\MADDPG_Discrete\mappo_agent.py:31: The name tf.placeholder is deprecated. Please use tf.compat.v1.placeholder instead.

WARNING:tensorflow:From C:\Users\zengd\Desktop\论文\W-MADDPG\MADDPG_Discrete\mappo_agent.py:43: The name tf.variable_scope is deprecated. Please use tf.compat.v1.variable_scope instead.

WARNING:tensorflow:From C:\Users\zengd\Desktop\论文\W-MADDPG\MADDPG_Discrete\mappo_agent.py:7: dense (from tensorflow.python.layers.core) is deprecated and will be removed in a future version.
Instructions for updating:
Use keras.layers.Dense instead.
WARNING:tensorflow:From D:\tool\anaconda\envs\py37tf\lib\site-packages\tensorflow_core\python\layers\core.py:187: Layer.apply (from tensorflow.python.keras.engine.base_layer) is deprecated and will be removed in a future version.
Instructions for updating:
Please use `layer.__call__` method instead.
WARNING:tensorflow:
The TensorFlow contrib module will not be included in TensorFlow 2.0.
For more information, please see:
  * https://github.com/tensorflow/community/blob/master/rfcs/20180907-contrib-sunset.md
  * https://github.com/tensorflow/addons
  * https://github.com/tensorflow/io (for I/O related ops)
If you depend on functionality not listed there, please file an issue.

WARNING:tensorflow:From C:\Users\zengd\Desktop\论文\W-MADDPG\MADDPG_Discrete\mappo_agent.py:114: The name tf.log is deprecated. Please use tf.math.log instead.

WARNING:tensorflow:From C:\Users\zengd\Desktop\论文\W-MADDPG\MADDPG_Discrete\mappo_agent.py:76: The name tf.get_collection is deprecated. Please use tf.compat.v1.get_collection instead.

WARNING:tensorflow:From C:\Users\zengd\Desktop\论文\W-MADDPG\MADDPG_Discrete\mappo_agent.py:76: The name tf.GraphKeys is deprecated. Please use tf.compat.v1.GraphKeys instead.

WARNING:tensorflow:From C:\Users\zengd\Desktop\论文\W-MADDPG\MADDPG_Discrete\mappo_agent.py:122: The name tf.train.AdamOptimizer is deprecated. Please use tf.compat.v1.train.AdamOptimizer instead.

WARNING:tensorflow:From D:\tool\anaconda\envs\py37tf\lib\site-packages\tensorflow_core\python\ops\math_grad.py:1424: where (from tensorflow.python.ops.array_ops) is deprecated and will be removed in a future version.
Instructions for updating:
Use tf.where in 2.0, which has the same broadcast rule as np.where
WARNING:tensorflow:From C:\Users\zengd\Desktop\论文\W-MADDPG\MADDPG_Discrete\train_mappo_phase0.py:215: The name tf.ConfigProto is deprecated. Please use tf.compat.v1.ConfigProto instead.

WARNING:tensorflow:From C:\Users\zengd\Desktop\论文\W-MADDPG\MADDPG_Discrete\train_mappo_phase0.py:219: The name tf.Session is deprecated. Please use tf.compat.v1.Session instead.

2026-09-21 15:24:38.219783: I tensorflow/core/platform/cpu_feature_guard.cc:142] Your CPU supports instructions that this TensorFlow binary was not compiled to use: AVX2
WARNING:tensorflow:From C:\Users\zengd\Desktop\论文\W-MADDPG\MADDPG_Discrete\train_mappo_phase0.py:220: The name tf.global_variables_initializer is deprecated. Please use tf.compat.v1.global_variables_initializer instead.

ep 1/4000 | reward(MA200)=-76.92 success=5.00 fail=20.00 | 1.41s/ep | delay=5.00
ep 50/4000 | reward(MA200)=-54.16 success=7.12 fail=17.88 | 0.22s/ep | delay=5.00
ep 100/4000 | reward(MA200)=-52.45 success=7.28 fail=17.72 | 0.18s/ep | delay=5.00
ep 150/4000 | reward(MA200)=-51.16 success=7.41 fail=17.59 | 0.19s/ep | delay=5.00
ep 200/4000 | reward(MA200)=-49.49 success=7.58 fail=17.43 | 0.18s/ep | delay=5.00
ep 250/4000 | reward(MA200)=-46.16 success=7.91 fail=17.09 | 0.18s/ep | delay=5.00
ep 300/4000 | reward(MA200)=-43.64 success=8.15 fail=16.84 | 0.17s/ep | delay=5.00
ep 350/4000 | reward(MA200)=-40.49 success=8.47 fail=16.53 | 0.17s/ep | delay=5.00
ep 400/4000 | reward(MA200)=-38.49 success=8.67 fail=16.33 | 0.17s/ep | delay=5.00
ep 450/4000 | reward(MA200)=-34.61 success=9.05 fail=15.95 | 0.17s/ep | delay=5.00
ep 500/4000 | reward(MA200)=-31.15 success=9.41 fail=15.59 | 0.16s/ep | delay=5.00
ep 550/4000 | reward(MA200)=-27.18 success=9.81 fail=15.19 | 0.16s/ep | delay=5.00
ep 600/4000 | reward(MA200)=-23.16 success=10.22 fail=14.78 | 0.16s/ep | delay=5.00
ep 650/4000 | reward(MA200)=-19.65 success=10.57 fail=14.43 | 0.16s/ep | delay=5.00
ep 700/4000 | reward(MA200)=-15.59 success=10.97 fail=14.03 | 0.16s/ep | delay=5.00
ep 750/4000 | reward(MA200)=-13.20 success=11.21 fail=13.79 | 0.16s/ep | delay=5.00
ep 800/4000 | reward(MA200)=-9.72 success=11.55 fail=13.45 | 0.16s/ep | delay=5.00
ep 850/4000 | reward(MA200)=-7.64 success=11.76 fail=13.24 | 0.16s/ep | delay=5.00
ep 900/4000 | reward(MA200)=-4.23 success=12.10 fail=12.90 | 0.16s/ep | delay=5.00
ep 950/4000 | reward(MA200)=-1.84 success=12.34 fail=12.66 | 0.16s/ep | delay=5.00
ep 1000/4000 | reward(MA200)=0.25 success=12.54 fail=12.46 | 0.16s/ep | delay=5.00
ep 1050/4000 | reward(MA200)=2.03 success=12.71 fail=12.29 | 0.16s/ep | delay=5.00
ep 1100/4000 | reward(MA200)=2.12 success=12.72 fail=12.28 | 0.16s/ep | delay=5.00
ep 1150/4000 | reward(MA200)=4.20 success=12.93 fail=12.07 | 0.17s/ep | delay=5.00
ep 1200/4000 | reward(MA200)=5.17 success=13.02 fail=11.98 | 0.17s/ep | delay=5.00
ep 1250/4000 | reward(MA200)=6.23 success=13.12 fail=11.88 | 0.17s/ep | delay=5.00
ep 1300/4000 | reward(MA200)=7.25 success=13.21 fail=11.79 | 0.16s/ep | delay=5.00
ep 1350/4000 | reward(MA200)=7.78 success=13.26 fail=11.74 | 0.17s/ep | delay=5.00
ep 1400/4000 | reward(MA200)=9.94 success=13.47 fail=11.53 | 0.16s/ep | delay=5.00
ep 1450/4000 | reward(MA200)=10.83 success=13.56 fail=11.44 | 0.16s/ep | delay=5.00
ep 1500/4000 | reward(MA200)=12.73 success=13.76 fail=11.24 | 0.16s/ep | delay=5.00
ep 1550/4000 | reward(MA200)=14.41 success=13.93 fail=11.07 | 0.17s/ep | delay=5.00
ep 1600/4000 | reward(MA200)=14.98 success=13.99 fail=11.01 | 0.16s/ep | delay=5.00
ep 1650/4000 | reward(MA200)=16.50 success=14.15 fail=10.85 | 0.17s/ep | delay=5.00
ep 1700/4000 | reward(MA200)=17.65 success=14.27 fail=10.73 | 0.16s/ep | delay=5.00
ep 1750/4000 | reward(MA200)=17.23 success=14.22 fail=10.78 | 0.16s/ep | delay=5.00
ep 1800/4000 | reward(MA200)=17.59 success=14.26 fail=10.74 | 0.16s/ep | delay=5.00
ep 1850/4000 | reward(MA200)=17.85 success=14.28 fail=10.72 | 0.16s/ep | delay=5.00
ep 1900/4000 | reward(MA200)=17.89 success=14.29 fail=10.71 | 0.16s/ep | delay=5.00
ep 1950/4000 | reward(MA200)=18.51 success=14.35 fail=10.65 | 0.16s/ep | delay=5.00
ep 2000/4000 | reward(MA200)=17.83 success=14.29 fail=10.71 | 0.16s/ep | delay=5.00
ep 2050/4000 | reward(MA200)=18.24 success=14.32 fail=10.68 | 0.16s/ep | delay=5.00
ep 2100/4000 | reward(MA200)=17.57 success=14.26 fail=10.74 | 0.16s/ep | delay=5.00
ep 2150/4000 | reward(MA200)=18.02 success=14.31 fail=10.69 | 0.16s/ep | delay=5.00
ep 2200/4000 | reward(MA200)=19.81 success=14.49 fail=10.51 | 0.16s/ep | delay=5.00
ep 2250/4000 | reward(MA200)=20.95 success=14.61 fail=10.39 | 0.16s/ep | delay=5.00
ep 2300/4000 | reward(MA200)=22.96 success=14.80 fail=10.20 | 0.16s/ep | delay=5.00
ep 2350/4000 | reward(MA200)=24.80 success=14.98 fail=10.02 | 0.17s/ep | delay=5.00
ep 2400/4000 | reward(MA200)=26.06 success=15.11 fail=9.89 | 0.16s/ep | delay=5.00
ep 2450/4000 | reward(MA200)=27.08 success=15.21 fail=9.79 | 0.17s/ep | delay=5.00
ep 2500/4000 | reward(MA200)=27.52 success=15.26 fail=9.74 | 0.16s/ep | delay=5.00
ep 2550/4000 | reward(MA200)=28.30 success=15.35 fail=9.65 | 0.17s/ep | delay=5.00
ep 2600/4000 | reward(MA200)=29.14 success=15.44 fail=9.56 | 0.16s/ep | delay=5.00
ep 2650/4000 | reward(MA200)=29.67 success=15.49 fail=9.51 | 0.17s/ep | delay=5.00
ep 2700/4000 | reward(MA200)=30.64 success=15.60 fail=9.40 | 0.16s/ep | delay=5.00
ep 2750/4000 | reward(MA200)=31.49 success=15.69 fail=9.31 | 0.17s/ep | delay=5.00
ep 2800/4000 | reward(MA200)=31.27 success=15.66 fail=9.34 | 0.16s/ep | delay=5.00
ep 2850/4000 | reward(MA200)=31.68 success=15.70 fail=9.30 | 0.17s/ep | delay=5.00
ep 2900/4000 | reward(MA200)=32.83 success=15.81 fail=9.19 | 0.16s/ep | delay=5.00
ep 2950/4000 | reward(MA200)=33.48 success=15.87 fail=9.13 | 0.17s/ep | delay=5.00
ep 3000/4000 | reward(MA200)=34.85 success=16.00 fail=8.99 | 0.16s/ep | delay=5.00
ep 3050/4000 | reward(MA200)=34.87 success=16.02 fail=8.98 | 0.17s/ep | delay=5.00
ep 3100/4000 | reward(MA200)=35.52 success=16.09 fail=8.91 | 0.16s/ep | delay=5.00
ep 3150/4000 | reward(MA200)=35.55 success=16.11 fail=8.89 | 0.17s/ep | delay=5.00
ep 3200/4000 | reward(MA200)=35.77 success=16.14 fail=8.86 | 0.17s/ep | delay=5.00
ep 3250/4000 | reward(MA200)=37.16 success=16.27 fail=8.72 | 0.17s/ep | delay=5.00
ep 3300/4000 | reward(MA200)=36.46 success=16.20 fail=8.80 | 0.17s/ep | delay=5.00
ep 3350/4000 | reward(MA200)=36.93 success=16.24 fail=8.76 | 0.17s/ep | delay=5.00
ep 3400/4000 | reward(MA200)=36.76 success=16.22 fail=8.78 | 0.17s/ep | delay=5.00
ep 3450/4000 | reward(MA200)=36.53 success=16.20 fail=8.80 | 0.17s/ep | delay=5.00
ep 3500/4000 | reward(MA200)=37.17 success=16.27 fail=8.73 | 0.17s/ep | delay=5.00
ep 3550/4000 | reward(MA200)=36.98 success=16.26 fail=8.74 | 0.17s/ep | delay=5.00
ep 3600/4000 | reward(MA200)=37.22 success=16.29 fail=8.71 | 0.17s/ep | delay=5.00
ep 3650/4000 | reward(MA200)=36.36 success=16.20 fail=8.79 | 0.17s/ep | delay=5.00
ep 3700/4000 | reward(MA200)=36.04 success=16.17 fail=8.83 | 0.17s/ep | delay=5.00
ep 3750/4000 | reward(MA200)=35.95 success=16.15 fail=8.85 | 0.17s/ep | delay=5.00
ep 3800/4000 | reward(MA200)=35.38 success=16.09 fail=8.91 | 0.17s/ep | delay=5.00
ep 3850/4000 | reward(MA200)=35.18 success=16.07 fail=8.94 | 0.17s/ep | delay=5.00
ep 3900/4000 | reward(MA200)=34.71 success=16.02 fail=8.98 | 0.17s/ep | delay=5.00
ep 3950/4000 | reward(MA200)=34.09 success=15.96 fail=9.04 | 0.17s/ep | delay=5.00
ep 4000/4000 | reward(MA200)=33.12 success=15.86 fail=9.14 | 0.17s/ep | delay=5.00
DONE tag=u25_fixed_d5_s9 -> C:\Users\zengd\Desktop\论文\W-MADDPG\MADDPG_Discrete\results\exp8_delay_stable\phase0_u25_fixed_d5_s9.csv
