WARNING:tensorflow:From C:\Users\zengd\Desktop\论文\W-MADDPG\MADDPG_Discrete\train_mappo_phase0.py:150: The name tf.set_random_seed is deprecated. Please use tf.compat.v1.set_random_seed instead.

WARNING:tensorflow:From C:\Users\zengd\Desktop\论文\W-MADDPG\MADDPG_Discrete\mappo_agent.py:31: The name tf.placeholder is deprecated. Please use tf.compat.v1.placeholder instead.

WARNING:tensorflow:From C:\Users\zengd\Desktop\论文\W-MADDPG\MADDPG_Discrete\mappo_agent.py:43: The name tf.variable_scope is deprecated. Please use tf.compat.v1.variable_scope instead.

WARNING:tensorflow:From C:\Users\zengd\Desktop\论文\W-MADDPG\MADDPG_Discrete\mappo_agent.py:7: dense (from tensorflow.python.layers.core) is deprecated and will be removed in a future version.
Instructions for updating:
Use keras.layers.Dense instead.
WARNING:tensorflow:From D:\tool\anaconda\envs\py37tf\lib\site-packages\tensorflow_core\python\layers\core.py:187: Layer.apply (from tensorflow.python.keras.engine.base_layer) is deprecated and will be removed in a future version.
Instructions for updating:
Please use `layer.__call__` method instead.
WARNING:tensorflow:
The TensorFlow contrib module will not be included in TensorFlow 2.0.
For more information, please see:
  * https://github.com/tensorflow/community/blob/master/rfcs/20180907-contrib-sunset.md
  * https://github.com/tensorflow/addons
  * https://github.com/tensorflow/io (for I/O related ops)
If you depend on functionality not listed there, please file an issue.

WARNING:tensorflow:From C:\Users\zengd\Desktop\论文\W-MADDPG\MADDPG_Discrete\mappo_agent.py:114: The name tf.log is deprecated. Please use tf.math.log instead.

WARNING:tensorflow:From C:\Users\zengd\Desktop\论文\W-MADDPG\MADDPG_Discrete\mappo_agent.py:76: The name tf.get_collection is deprecated. Please use tf.compat.v1.get_collection instead.

WARNING:tensorflow:From C:\Users\zengd\Desktop\论文\W-MADDPG\MADDPG_Discrete\mappo_agent.py:76: The name tf.GraphKeys is deprecated. Please use tf.compat.v1.GraphKeys instead.

WARNING:tensorflow:From C:\Users\zengd\Desktop\论文\W-MADDPG\MADDPG_Discrete\mappo_agent.py:122: The name tf.train.AdamOptimizer is deprecated. Please use tf.compat.v1.train.AdamOptimizer instead.

WARNING:tensorflow:From D:\tool\anaconda\envs\py37tf\lib\site-packages\tensorflow_core\python\ops\math_grad.py:1424: where (from tensorflow.python.ops.array_ops) is deprecated and will be removed in a future version.
Instructions for updating:
Use tf.where in 2.0, which has the same broadcast rule as np.where
WARNING:tensorflow:From C:\Users\zengd\Desktop\论文\W-MADDPG\MADDPG_Discrete\train_mappo_phase0.py:215: The name tf.ConfigProto is deprecated. Please use tf.compat.v1.ConfigProto instead.

WARNING:tensorflow:From C:\Users\zengd\Desktop\论文\W-MADDPG\MADDPG_Discrete\train_mappo_phase0.py:219: The name tf.Session is deprecated. Please use tf.compat.v1.Session instead.

2026-09-21 15:24:56.076005: I tensorflow/core/platform/cpu_feature_guard.cc:142] Your CPU supports instructions that this TensorFlow binary was not compiled to use: AVX2
WARNING:tensorflow:From C:\Users\zengd\Desktop\论文\W-MADDPG\MADDPG_Discrete\train_mappo_phase0.py:220: The name tf.global_variables_initializer is deprecated. Please use tf.compat.v1.global_variables_initializer instead.

ep 1/4000 | reward(MA200)=-67.84 success=6.00 fail=19.00 | 1.95s/ep | delay=2.22
ep 50/4000 | reward(MA200)=-56.07 success=6.94 fail=18.06 | 0.25s/ep | delay=2.22
ep 100/4000 | reward(MA200)=-53.65 success=7.18 fail=17.82 | 0.20s/ep | delay=2.20
ep 150/4000 | reward(MA200)=-49.08 success=7.63 fail=17.37 | 0.19s/ep | delay=2.15
ep 200/4000 | reward(MA200)=-46.63 success=7.88 fail=17.12 | 0.18s/ep | delay=2.15
ep 250/4000 | reward(MA200)=-41.37 success=8.40 fail=16.60 | 0.18s/ep | delay=2.31
ep 300/4000 | reward(MA200)=-36.21 success=8.91 fail=16.09 | 0.17s/ep | delay=2.17
ep 350/4000 | reward(MA200)=-34.68 success=9.06 fail=15.94 | 0.17s/ep | delay=2.22
ep 400/4000 | reward(MA200)=-31.25 success=9.41 fail=15.59 | 0.17s/ep | delay=2.26
ep 450/4000 | reward(MA200)=-28.21 success=9.72 fail=15.28 | 0.17s/ep | delay=2.31
ep 500/4000 | reward(MA200)=-25.52 success=9.99 fail=15.01 | 0.17s/ep | delay=2.19
ep 550/4000 | reward(MA200)=-21.39 success=10.40 fail=14.60 | 0.16s/ep | delay=2.17
ep 600/4000 | reward(MA200)=-19.75 success=10.56 fail=14.44 | 0.16s/ep | delay=2.26
ep 650/4000 | reward(MA200)=-17.55 success=10.78 fail=14.22 | 0.16s/ep | delay=2.11
ep 700/4000 | reward(MA200)=-15.65 success=10.97 fail=14.03 | 0.16s/ep | delay=2.18
ep 750/4000 | reward(MA200)=-14.34 success=11.11 fail=13.89 | 0.16s/ep | delay=2.21
ep 800/4000 | reward(MA200)=-10.66 success=11.47 fail=13.53 | 0.16s/ep | delay=2.30
ep 850/4000 | reward(MA200)=-8.87 success=11.65 fail=13.35 | 0.17s/ep | delay=2.34
ep 900/4000 | reward(MA200)=-6.45 success=11.90 fail=13.10 | 0.16s/ep | delay=2.21
ep 950/4000 | reward(MA200)=-3.63 success=12.19 fail=12.81 | 0.17s/ep | delay=2.19
ep 1000/4000 | reward(MA200)=-1.92 success=12.37 fail=12.63 | 0.17s/ep | delay=2.35
ep 1050/4000 | reward(MA200)=-0.33 success=12.54 fail=12.46 | 0.17s/ep | delay=2.17
ep 1100/4000 | reward(MA200)=0.53 success=12.62 fail=12.38 | 0.17s/ep | delay=2.26
ep 1150/4000 | reward(MA200)=1.69 success=12.73 fail=12.27 | 0.17s/ep | delay=2.27
ep 1200/4000 | reward(MA200)=2.24 success=12.79 fail=12.21 | 0.17s/ep | delay=2.32
ep 1250/4000 | reward(MA200)=2.87 success=12.86 fail=12.14 | 0.17s/ep | delay=2.22
ep 1300/4000 | reward(MA200)=4.00 success=12.97 fail=12.03 | 0.17s/ep | delay=2.18
ep 1350/4000 | reward(MA200)=3.74 success=12.94 fail=12.06 | 0.17s/ep | delay=2.16
ep 1400/4000 | reward(MA200)=3.50 success=12.91 fail=12.09 | 0.17s/ep | delay=2.15
ep 1450/4000 | reward(MA200)=4.34 success=12.99 fail=12.01 | 0.17s/ep | delay=2.20
ep 1500/4000 | reward(MA200)=5.41 success=13.11 fail=11.89 | 0.17s/ep | delay=2.21
ep 1550/4000 | reward(MA200)=6.84 success=13.26 fail=11.74 | 0.17s/ep | delay=2.14
ep 1600/4000 | reward(MA200)=8.48 success=13.41 fail=11.59 | 0.17s/ep | delay=2.28
ep 1650/4000 | reward(MA200)=10.07 success=13.56 fail=11.44 | 0.17s/ep | delay=2.18
ep 1700/4000 | reward(MA200)=10.51 success=13.60 fail=11.40 | 0.17s/ep | delay=2.18
ep 1750/4000 | reward(MA200)=10.86 success=13.63 fail=11.37 | 0.17s/ep | delay=2.16
ep 1800/4000 | reward(MA200)=11.06 success=13.65 fail=11.35 | 0.17s/ep | delay=2.25
ep 1850/4000 | reward(MA200)=11.22 success=13.67 fail=11.33 | 0.17s/ep | delay=2.21
ep 1900/4000 | reward(MA200)=11.94 success=13.74 fail=11.26 | 0.17s/ep | delay=2.19
ep 1950/4000 | reward(MA200)=12.77 success=13.83 fail=11.17 | 0.17s/ep | delay=2.31
ep 2000/4000 | reward(MA200)=13.40 success=13.89 fail=11.11 | 0.17s/ep | delay=2.23
ep 2050/4000 | reward(MA200)=14.19 success=13.97 fail=11.03 | 0.17s/ep | delay=2.19
ep 2100/4000 | reward(MA200)=15.23 success=14.06 fail=10.94 | 0.17s/ep | delay=2.13
ep 2150/4000 | reward(MA200)=15.65 success=14.10 fail=10.90 | 0.17s/ep | delay=2.29
ep 2200/4000 | reward(MA200)=15.63 success=14.09 fail=10.91 | 0.17s/ep | delay=2.22
ep 2250/4000 | reward(MA200)=15.11 success=14.04 fail=10.96 | 0.17s/ep | delay=2.20
ep 2300/4000 | reward(MA200)=14.15 success=13.94 fail=11.06 | 0.17s/ep | delay=2.16
ep 2350/4000 | reward(MA200)=13.99 success=13.93 fail=11.07 | 0.17s/ep | delay=2.16
ep 2400/4000 | reward(MA200)=14.60 success=13.99 fail=11.01 | 0.17s/ep | delay=2.30
ep 2450/4000 | reward(MA200)=15.29 success=14.07 fail=10.93 | 0.17s/ep | delay=2.28
ep 2500/4000 | reward(MA200)=16.38 success=14.18 fail=10.82 | 0.17s/ep | delay=2.25
ep 2550/4000 | reward(MA200)=17.59 success=14.30 fail=10.70 | 0.17s/ep | delay=2.15
ep 2600/4000 | reward(MA200)=18.09 success=14.35 fail=10.65 | 0.17s/ep | delay=2.37
ep 2650/4000 | reward(MA200)=18.74 success=14.41 fail=10.59 | 0.17s/ep | delay=2.31
ep 2700/4000 | reward(MA200)=18.55 success=14.39 fail=10.61 | 0.17s/ep | delay=2.28
ep 2750/4000 | reward(MA200)=19.59 success=14.50 fail=10.50 | 0.17s/ep | delay=2.23
ep 2800/4000 | reward(MA200)=20.50 success=14.59 fail=10.41 | 0.17s/ep | delay=2.17
ep 2850/4000 | reward(MA200)=20.35 success=14.58 fail=10.42 | 0.17s/ep | delay=2.15
ep 2900/4000 | reward(MA200)=20.99 success=14.64 fail=10.36 | 0.17s/ep | delay=2.16
ep 2950/4000 | reward(MA200)=21.07 success=14.65 fail=10.35 | 0.17s/ep | delay=2.25
ep 3000/4000 | reward(MA200)=21.13 success=14.65 fail=10.35 | 0.17s/ep | delay=2.22
ep 3050/4000 | reward(MA200)=22.22 success=14.77 fail=10.23 | 0.17s/ep | delay=2.20
ep 3100/4000 | reward(MA200)=24.16 success=14.96 fail=10.04 | 0.17s/ep | delay=2.29
ep 3150/4000 | reward(MA200)=24.48 success=14.99 fail=10.01 | 0.17s/ep | delay=2.27
ep 3200/4000 | reward(MA200)=25.54 success=15.11 fail=9.89 | 0.17s/ep | delay=2.19
ep 3250/4000 | reward(MA200)=26.96 success=15.26 fail=9.74 | 0.17s/ep | delay=2.24
ep 3300/4000 | reward(MA200)=26.21 success=15.19 fail=9.81 | 0.17s/ep | delay=2.30
ep 3350/4000 | reward(MA200)=27.43 success=15.31 fail=9.69 | 0.17s/ep | delay=2.18
ep 3400/4000 | reward(MA200)=28.40 success=15.41 fail=9.59 | 0.17s/ep | delay=2.26
ep 3450/4000 | reward(MA200)=28.47 success=15.43 fail=9.57 | 0.17s/ep | delay=2.20
ep 3500/4000 | reward(MA200)=29.34 success=15.51 fail=9.49 | 0.17s/ep | delay=2.26
ep 3550/4000 | reward(MA200)=29.40 success=15.51 fail=9.49 | 0.17s/ep | delay=2.23
ep 3600/4000 | reward(MA200)=28.56 success=15.43 fail=9.57 | 0.17s/ep | delay=2.30
ep 3650/4000 | reward(MA200)=28.53 success=15.42 fail=9.58 | 0.17s/ep | delay=2.24
ep 3700/4000 | reward(MA200)=29.29 success=15.49 fail=9.51 | 0.17s/ep | delay=2.27
ep 3750/4000 | reward(MA200)=29.11 success=15.47 fail=9.53 | 0.17s/ep | delay=2.14
ep 3800/4000 | reward(MA200)=30.07 success=15.56 fail=9.44 | 0.17s/ep | delay=2.21
ep 3850/4000 | reward(MA200)=30.46 success=15.59 fail=9.41 | 0.17s/ep | delay=2.10
ep 3900/4000 | reward(MA200)=29.58 success=15.50 fail=9.50 | 0.17s/ep | delay=2.19
ep 3950/4000 | reward(MA200)=29.98 success=15.54 fail=9.46 | 0.17s/ep | delay=2.15
ep 4000/4000 | reward(MA200)=30.15 success=15.55 fail=9.45 | 0.17s/ep | delay=2.22
DONE tag=u25_unfixed_1-4_s4 -> C:\Users\zengd\Desktop\论文\W-MADDPG\MADDPG_Discrete\results\exp8_delay_stable\phase0_u25_unfixed_1-4_s4.csv
