WARNING:tensorflow:From C:\Users\zengd\Desktop\论文\W-MADDPG\MADDPG_Discrete\train_mappo_phase0.py:150: The name tf.set_random_seed is deprecated. Please use tf.compat.v1.set_random_seed instead.

WARNING:tensorflow:From C:\Users\zengd\Desktop\论文\W-MADDPG\MADDPG_Discrete\mappo_agent.py:31: The name tf.placeholder is deprecated. Please use tf.compat.v1.placeholder instead.

WARNING:tensorflow:From C:\Users\zengd\Desktop\论文\W-MADDPG\MADDPG_Discrete\mappo_agent.py:43: The name tf.variable_scope is deprecated. Please use tf.compat.v1.variable_scope instead.

WARNING:tensorflow:From C:\Users\zengd\Desktop\论文\W-MADDPG\MADDPG_Discrete\mappo_agent.py:7: dense (from tensorflow.python.layers.core) is deprecated and will be removed in a future version.
Instructions for updating:
Use keras.layers.Dense instead.
WARNING:tensorflow:From D:\tool\anaconda\envs\py37tf\lib\site-packages\tensorflow_core\python\layers\core.py:187: Layer.apply (from tensorflow.python.keras.engine.base_layer) is deprecated and will be removed in a future version.
Instructions for updating:
Please use `layer.__call__` method instead.
WARNING:tensorflow:
The TensorFlow contrib module will not be included in TensorFlow 2.0.
For more information, please see:
  * https://github.com/tensorflow/community/blob/master/rfcs/20180907-contrib-sunset.md
  * https://github.com/tensorflow/addons
  * https://github.com/tensorflow/io (for I/O related ops)
If you depend on functionality not listed there, please file an issue.

WARNING:tensorflow:From C:\Users\zengd\Desktop\论文\W-MADDPG\MADDPG_Discrete\mappo_agent.py:114: The name tf.log is deprecated. Please use tf.math.log instead.

WARNING:tensorflow:From C:\Users\zengd\Desktop\论文\W-MADDPG\MADDPG_Discrete\mappo_agent.py:76: The name tf.get_collection is deprecated. Please use tf.compat.v1.get_collection instead.

WARNING:tensorflow:From C:\Users\zengd\Desktop\论文\W-MADDPG\MADDPG_Discrete\mappo_agent.py:76: The name tf.GraphKeys is deprecated. Please use tf.compat.v1.GraphKeys instead.

WARNING:tensorflow:From C:\Users\zengd\Desktop\论文\W-MADDPG\MADDPG_Discrete\mappo_agent.py:122: The name tf.train.AdamOptimizer is deprecated. Please use tf.compat.v1.train.AdamOptimizer instead.

WARNING:tensorflow:From D:\tool\anaconda\envs\py37tf\lib\site-packages\tensorflow_core\python\ops\math_grad.py:1424: where (from tensorflow.python.ops.array_ops) is deprecated and will be removed in a future version.
Instructions for updating:
Use tf.where in 2.0, which has the same broadcast rule as np.where
WARNING:tensorflow:From C:\Users\zengd\Desktop\论文\W-MADDPG\MADDPG_Discrete\train_mappo_phase0.py:215: The name tf.ConfigProto is deprecated. Please use tf.compat.v1.ConfigProto instead.

WARNING:tensorflow:From C:\Users\zengd\Desktop\论文\W-MADDPG\MADDPG_Discrete\train_mappo_phase0.py:219: The name tf.Session is deprecated. Please use tf.compat.v1.Session instead.

2026-09-21 15:36:18.816759: I tensorflow/core/platform/cpu_feature_guard.cc:142] Your CPU supports instructions that this TensorFlow binary was not compiled to use: AVX2
WARNING:tensorflow:From C:\Users\zengd\Desktop\论文\W-MADDPG\MADDPG_Discrete\train_mappo_phase0.py:220: The name tf.global_variables_initializer is deprecated. Please use tf.compat.v1.global_variables_initializer instead.

ep 1/4000 | reward(MA200)=-54.45 success=7.00 fail=18.00 | 1.48s/ep | delay=2.23
ep 50/4000 | reward(MA200)=-37.85 success=8.78 fail=16.22 | 0.21s/ep | delay=2.23
ep 100/4000 | reward(MA200)=-38.31 success=8.74 fail=16.26 | 0.17s/ep | delay=2.17
ep 150/4000 | reward(MA200)=-37.97 success=8.77 fail=16.23 | 0.17s/ep | delay=2.30
ep 200/4000 | reward(MA200)=-35.51 success=9.02 fail=15.98 | 0.16s/ep | delay=2.31
ep 250/4000 | reward(MA200)=-32.66 success=9.30 fail=15.70 | 0.16s/ep | delay=2.20
ep 300/4000 | reward(MA200)=-29.85 success=9.57 fail=15.43 | 0.15s/ep | delay=2.33
ep 350/4000 | reward(MA200)=-25.38 success=10.02 fail=14.98 | 0.15s/ep | delay=2.33
ep 400/4000 | reward(MA200)=-22.08 success=10.35 fail=14.65 | 0.15s/ep | delay=2.30
ep 450/4000 | reward(MA200)=-19.12 success=10.65 fail=14.35 | 0.15s/ep | delay=2.17
ep 500/4000 | reward(MA200)=-14.93 success=11.09 fail=13.91 | 0.15s/ep | delay=2.19
ep 550/4000 | reward(MA200)=-11.62 success=11.43 fail=13.57 | 0.15s/ep | delay=2.19
ep 600/4000 | reward(MA200)=-8.46 success=11.76 fail=13.24 | 0.15s/ep | delay=2.21
ep 650/4000 | reward(MA200)=-4.57 success=12.15 fail=12.85 | 0.15s/ep | delay=2.22
ep 700/4000 | reward(MA200)=-0.78 success=12.53 fail=12.47 | 0.15s/ep | delay=2.24
ep 750/4000 | reward(MA200)=2.11 success=12.82 fail=12.18 | 0.15s/ep | delay=2.18
ep 800/4000 | reward(MA200)=5.47 success=13.15 fail=11.85 | 0.16s/ep | delay=2.14
ep 850/4000 | reward(MA200)=8.07 success=13.41 fail=11.59 | 0.16s/ep | delay=2.29
ep 900/4000 | reward(MA200)=8.87 success=13.49 fail=11.51 | 0.16s/ep | delay=2.28
ep 950/4000 | reward(MA200)=10.84 success=13.69 fail=11.31 | 0.16s/ep | delay=2.19
ep 1000/4000 | reward(MA200)=11.23 success=13.73 fail=11.27 | 0.16s/ep | delay=2.14
ep 1050/4000 | reward(MA200)=11.12 success=13.73 fail=11.27 | 0.16s/ep | delay=2.25
ep 1100/4000 | reward(MA200)=13.07 success=13.93 fail=11.07 | 0.16s/ep | delay=2.24
ep 1150/4000 | reward(MA200)=14.27 success=14.05 fail=10.95 | 0.16s/ep | delay=2.23
ep 1200/4000 | reward(MA200)=14.30 success=14.05 fail=10.95 | 0.16s/ep | delay=2.34
ep 1250/4000 | reward(MA200)=15.19 success=14.14 fail=10.86 | 0.16s/ep | delay=2.30
ep 1300/4000 | reward(MA200)=15.50 success=14.16 fail=10.84 | 0.15s/ep | delay=2.28
ep 1350/4000 | reward(MA200)=15.04 success=14.12 fail=10.88 | 0.16s/ep | delay=2.26
ep 1400/4000 | reward(MA200)=16.28 success=14.23 fail=10.77 | 0.16s/ep | delay=2.21
ep 1450/4000 | reward(MA200)=16.73 success=14.28 fail=10.72 | 0.16s/ep | delay=2.16
ep 1500/4000 | reward(MA200)=17.73 success=14.38 fail=10.62 | 0.16s/ep | delay=2.27
ep 1550/4000 | reward(MA200)=19.22 success=14.53 fail=10.47 | 0.16s/ep | delay=2.19
ep 1600/4000 | reward(MA200)=20.03 success=14.61 fail=10.39 | 0.16s/ep | delay=2.20
ep 1650/4000 | reward(MA200)=21.25 success=14.72 fail=10.28 | 0.16s/ep | delay=2.15
ep 1700/4000 | reward(MA200)=21.62 success=14.77 fail=10.23 | 0.16s/ep | delay=2.31
ep 1750/4000 | reward(MA200)=21.66 success=14.78 fail=10.22 | 0.16s/ep | delay=2.19
ep 1800/4000 | reward(MA200)=22.58 success=14.88 fail=10.12 | 0.16s/ep | delay=2.28
ep 1850/4000 | reward(MA200)=23.35 success=14.96 fail=10.04 | 0.17s/ep | delay=2.19
ep 1900/4000 | reward(MA200)=23.70 success=15.00 fail=10.00 | 0.16s/ep | delay=2.24
ep 1950/4000 | reward(MA200)=24.97 success=15.13 fail=9.87 | 0.16s/ep | delay=2.33
ep 2000/4000 | reward(MA200)=25.17 success=15.16 fail=9.84 | 0.16s/ep | delay=2.28
ep 2050/4000 | reward(MA200)=25.64 success=15.21 fail=9.79 | 0.16s/ep | delay=2.13
ep 2100/4000 | reward(MA200)=27.25 success=15.38 fail=9.62 | 0.16s/ep | delay=2.17
ep 2150/4000 | reward(MA200)=27.62 success=15.40 fail=9.60 | 0.16s/ep | delay=2.15
ep 2200/4000 | reward(MA200)=27.60 success=15.39 fail=9.61 | 0.16s/ep | delay=2.23
ep 2250/4000 | reward(MA200)=27.67 success=15.40 fail=9.60 | 0.16s/ep | delay=2.36
ep 2300/4000 | reward(MA200)=28.15 success=15.46 fail=9.54 | 0.16s/ep | delay=2.35
ep 2350/4000 | reward(MA200)=28.13 success=15.47 fail=9.53 | 0.16s/ep | delay=2.25
ep 2400/4000 | reward(MA200)=29.72 success=15.63 fail=9.37 | 0.16s/ep | delay=2.24
ep 2450/4000 | reward(MA200)=31.43 success=15.81 fail=9.19 | 0.16s/ep | delay=2.19
ep 2500/4000 | reward(MA200)=31.48 success=15.83 fail=9.17 | 0.17s/ep | delay=2.18
ep 2550/4000 | reward(MA200)=32.66 success=15.95 fail=9.05 | 0.17s/ep | delay=2.20
ep 2600/4000 | reward(MA200)=33.43 success=16.04 fail=8.96 | 0.17s/ep | delay=2.26
ep 2650/4000 | reward(MA200)=34.02 success=16.09 fail=8.91 | 0.17s/ep | delay=2.26
ep 2700/4000 | reward(MA200)=34.71 success=16.16 fail=8.85 | 0.16s/ep | delay=2.19
ep 2750/4000 | reward(MA200)=34.49 success=16.13 fail=8.87 | 0.16s/ep | delay=2.29
ep 2800/4000 | reward(MA200)=33.42 success=16.01 fail=8.99 | 0.16s/ep | delay=2.26
ep 2850/4000 | reward(MA200)=32.97 success=15.96 fail=9.04 | 0.16s/ep | delay=2.25
ep 2900/4000 | reward(MA200)=31.70 success=15.81 fail=9.19 | 0.16s/ep | delay=2.22
ep 2950/4000 | reward(MA200)=32.20 success=15.86 fail=9.14 | 0.16s/ep | delay=2.27
ep 3000/4000 | reward(MA200)=33.58 success=15.99 fail=9.01 | 0.16s/ep | delay=2.18
ep 3050/4000 | reward(MA200)=34.56 success=16.09 fail=8.91 | 0.17s/ep | delay=2.18
ep 3100/4000 | reward(MA200)=36.22 success=16.26 fail=8.74 | 0.17s/ep | delay=2.28
ep 3150/4000 | reward(MA200)=36.88 success=16.32 fail=8.68 | 0.17s/ep | delay=2.25
ep 3200/4000 | reward(MA200)=37.28 success=16.36 fail=8.64 | 0.17s/ep | delay=2.20
ep 3250/4000 | reward(MA200)=37.47 success=16.38 fail=8.62 | 0.17s/ep | delay=2.22
ep 3300/4000 | reward(MA200)=38.65 success=16.50 fail=8.51 | 0.17s/ep | delay=2.26
ep 3350/4000 | reward(MA200)=39.41 success=16.56 fail=8.44 | 0.17s/ep | delay=2.24
ep 3400/4000 | reward(MA200)=39.24 success=16.54 fail=8.46 | 0.17s/ep | delay=2.29
ep 3450/4000 | reward(MA200)=38.84 success=16.48 fail=8.52 | 0.17s/ep | delay=2.06
ep 3500/4000 | reward(MA200)=38.46 success=16.43 fail=8.56 | 0.17s/ep | delay=2.34
ep 3550/4000 | reward(MA200)=38.29 success=16.41 fail=8.59 | 0.17s/ep | delay=2.30
ep 3600/4000 | reward(MA200)=39.20 success=16.50 fail=8.51 | 0.17s/ep | delay=2.10
ep 3650/4000 | reward(MA200)=39.84 success=16.56 fail=8.44 | 0.18s/ep | delay=2.23
ep 3700/4000 | reward(MA200)=39.46 success=16.52 fail=8.48 | 0.17s/ep | delay=2.27
ep 3750/4000 | reward(MA200)=39.81 success=16.55 fail=8.45 | 0.17s/ep | delay=2.24
ep 3800/4000 | reward(MA200)=40.25 success=16.59 fail=8.41 | 0.17s/ep | delay=2.10
ep 3850/4000 | reward(MA200)=41.13 success=16.68 fail=8.32 | 0.17s/ep | delay=2.23
ep 3900/4000 | reward(MA200)=42.04 success=16.76 fail=8.24 | 0.17s/ep | delay=2.32
ep 3950/4000 | reward(MA200)=42.22 success=16.77 fail=8.23 | 0.17s/ep | delay=2.28
ep 4000/4000 | reward(MA200)=42.36 success=16.77 fail=8.22 | 0.17s/ep | delay=2.26
DONE tag=u25_unfixed_1-4_s6 -> C:\Users\zengd\Desktop\论文\W-MADDPG\MADDPG_Discrete\results\exp8_delay_stable\phase0_u25_unfixed_1-4_s6.csv
