WARNING:tensorflow:From C:\Users\zengd\Desktop\论文\W-MADDPG\MADDPG_Discrete\train_mappo_phase0.py:150: The name tf.set_random_seed is deprecated. Please use tf.compat.v1.set_random_seed instead.

WARNING:tensorflow:From C:\Users\zengd\Desktop\论文\W-MADDPG\MADDPG_Discrete\mappo_agent.py:31: The name tf.placeholder is deprecated. Please use tf.compat.v1.placeholder instead.

WARNING:tensorflow:From C:\Users\zengd\Desktop\论文\W-MADDPG\MADDPG_Discrete\mappo_agent.py:43: The name tf.variable_scope is deprecated. Please use tf.compat.v1.variable_scope instead.

WARNING:tensorflow:From C:\Users\zengd\Desktop\论文\W-MADDPG\MADDPG_Discrete\mappo_agent.py:7: dense (from tensorflow.python.layers.core) is deprecated and will be removed in a future version.
Instructions for updating:
Use keras.layers.Dense instead.
WARNING:tensorflow:From D:\tool\anaconda\envs\py37tf\lib\site-packages\tensorflow_core\python\layers\core.py:187: Layer.apply (from tensorflow.python.keras.engine.base_layer) is deprecated and will be removed in a future version.
Instructions for updating:
Please use `layer.__call__` method instead.
WARNING:tensorflow:
The TensorFlow contrib module will not be included in TensorFlow 2.0.
For more information, please see:
  * https://github.com/tensorflow/community/blob/master/rfcs/20180907-contrib-sunset.md
  * https://github.com/tensorflow/addons
  * https://github.com/tensorflow/io (for I/O related ops)
If you depend on functionality not listed there, please file an issue.

WARNING:tensorflow:From C:\Users\zengd\Desktop\论文\W-MADDPG\MADDPG_Discrete\mappo_agent.py:114: The name tf.log is deprecated. Please use tf.math.log instead.

WARNING:tensorflow:From C:\Users\zengd\Desktop\论文\W-MADDPG\MADDPG_Discrete\mappo_agent.py:76: The name tf.get_collection is deprecated. Please use tf.compat.v1.get_collection instead.

WARNING:tensorflow:From C:\Users\zengd\Desktop\论文\W-MADDPG\MADDPG_Discrete\mappo_agent.py:76: The name tf.GraphKeys is deprecated. Please use tf.compat.v1.GraphKeys instead.

WARNING:tensorflow:From C:\Users\zengd\Desktop\论文\W-MADDPG\MADDPG_Discrete\mappo_agent.py:122: The name tf.train.AdamOptimizer is deprecated. Please use tf.compat.v1.train.AdamOptimizer instead.

WARNING:tensorflow:From D:\tool\anaconda\envs\py37tf\lib\site-packages\tensorflow_core\python\ops\math_grad.py:1424: where (from tensorflow.python.ops.array_ops) is deprecated and will be removed in a future version.
Instructions for updating:
Use tf.where in 2.0, which has the same broadcast rule as np.where
WARNING:tensorflow:From C:\Users\zengd\Desktop\论文\W-MADDPG\MADDPG_Discrete\train_mappo_phase0.py:215: The name tf.ConfigProto is deprecated. Please use tf.compat.v1.ConfigProto instead.

WARNING:tensorflow:From C:\Users\zengd\Desktop\论文\W-MADDPG\MADDPG_Discrete\train_mappo_phase0.py:219: The name tf.Session is deprecated. Please use tf.compat.v1.Session instead.

2026-09-21 14:55:48.161931: I tensorflow/core/platform/cpu_feature_guard.cc:142] Your CPU supports instructions that this TensorFlow binary was not compiled to use: AVX2
WARNING:tensorflow:From C:\Users\zengd\Desktop\论文\W-MADDPG\MADDPG_Discrete\train_mappo_phase0.py:220: The name tf.global_variables_initializer is deprecated. Please use tf.compat.v1.global_variables_initializer instead.

ep 1/4000 | reward(MA200)=-45.79 success=8.00 fail=17.00 | 4.41s/ep | delay=3.00
ep 50/4000 | reward(MA200)=-53.66 success=7.24 fail=17.76 | 0.45s/ep | delay=3.00
ep 100/4000 | reward(MA200)=-51.44 success=7.46 fail=17.54 | 0.35s/ep | delay=3.00
ep 150/4000 | reward(MA200)=-48.92 success=7.71 fail=17.29 | 0.35s/ep | delay=3.00
ep 200/4000 | reward(MA200)=-46.23 success=7.98 fail=17.02 | 0.32s/ep | delay=3.00
ep 250/4000 | reward(MA200)=-41.28 success=8.47 fail=16.52 | 0.32s/ep | delay=3.00
ep 300/4000 | reward(MA200)=-36.02 success=9.01 fail=15.99 | 0.31s/ep | delay=3.00
ep 350/4000 | reward(MA200)=-32.53 success=9.36 fail=15.64 | 0.31s/ep | delay=3.00
ep 400/4000 | reward(MA200)=-28.87 success=9.72 fail=15.28 | 0.31s/ep | delay=3.00
ep 450/4000 | reward(MA200)=-25.99 success=10.01 fail=14.99 | 0.31s/ep | delay=3.00
ep 500/4000 | reward(MA200)=-24.15 success=10.18 fail=14.82 | 0.30s/ep | delay=3.00
ep 550/4000 | reward(MA200)=-20.60 success=10.52 fail=14.48 | 0.30s/ep | delay=3.00
ep 600/4000 | reward(MA200)=-17.88 success=10.78 fail=14.22 | 0.30s/ep | delay=3.00
ep 650/4000 | reward(MA200)=-14.63 success=11.10 fail=13.90 | 0.30s/ep | delay=3.00
ep 700/4000 | reward(MA200)=-10.77 success=11.47 fail=13.53 | 0.29s/ep | delay=3.00
ep 750/4000 | reward(MA200)=-8.19 success=11.73 fail=13.27 | 0.29s/ep | delay=3.00
ep 800/4000 | reward(MA200)=-6.31 success=11.93 fail=13.07 | 0.29s/ep | delay=3.00
ep 850/4000 | reward(MA200)=-4.13 success=12.15 fail=12.85 | 0.29s/ep | delay=3.00
ep 900/4000 | reward(MA200)=-2.06 success=12.37 fail=12.63 | 0.29s/ep | delay=3.00
ep 950/4000 | reward(MA200)=0.50 success=12.63 fail=12.37 | 0.28s/ep | delay=3.00
ep 1000/4000 | reward(MA200)=4.54 success=13.04 fail=11.96 | 0.27s/ep | delay=3.00
ep 1050/4000 | reward(MA200)=7.79 success=13.37 fail=11.63 | 0.26s/ep | delay=3.00
ep 1100/4000 | reward(MA200)=10.80 success=13.67 fail=11.33 | 0.26s/ep | delay=3.00
ep 1150/4000 | reward(MA200)=13.54 success=13.94 fail=11.06 | 0.25s/ep | delay=3.00
ep 1200/4000 | reward(MA200)=14.63 success=14.04 fail=10.96 | 0.25s/ep | delay=3.00
ep 1250/4000 | reward(MA200)=15.47 success=14.12 fail=10.88 | 0.24s/ep | delay=3.00
ep 1300/4000 | reward(MA200)=16.55 success=14.22 fail=10.78 | 0.24s/ep | delay=3.00
ep 1350/4000 | reward(MA200)=17.70 success=14.34 fail=10.66 | 0.24s/ep | delay=3.00
ep 1400/4000 | reward(MA200)=19.47 success=14.51 fail=10.49 | 0.24s/ep | delay=3.00
ep 1450/4000 | reward(MA200)=21.56 success=14.71 fail=10.29 | 0.23s/ep | delay=3.00
ep 1500/4000 | reward(MA200)=23.30 success=14.89 fail=10.11 | 0.23s/ep | delay=3.00
ep 1550/4000 | reward(MA200)=24.73 success=15.04 fail=9.96 | 0.23s/ep | delay=3.00
ep 1600/4000 | reward(MA200)=25.67 success=15.13 fail=9.87 | 0.23s/ep | delay=3.00
ep 1650/4000 | reward(MA200)=26.20 success=15.19 fail=9.81 | 0.22s/ep | delay=3.00
ep 1700/4000 | reward(MA200)=25.77 success=15.15 fail=9.85 | 0.22s/ep | delay=3.00
ep 1750/4000 | reward(MA200)=25.75 success=15.15 fail=9.85 | 0.22s/ep | delay=3.00
ep 1800/4000 | reward(MA200)=25.66 success=15.14 fail=9.86 | 0.22s/ep | delay=3.00
ep 1850/4000 | reward(MA200)=26.33 success=15.21 fail=9.79 | 0.22s/ep | delay=3.00
ep 1900/4000 | reward(MA200)=26.88 success=15.27 fail=9.73 | 0.21s/ep | delay=3.00
ep 1950/4000 | reward(MA200)=26.68 success=15.24 fail=9.76 | 0.21s/ep | delay=3.00
ep 2000/4000 | reward(MA200)=26.25 success=15.20 fail=9.80 | 0.21s/ep | delay=3.00
ep 2050/4000 | reward(MA200)=25.34 success=15.10 fail=9.90 | 0.21s/ep | delay=3.00
ep 2100/4000 | reward(MA200)=25.02 success=15.06 fail=9.94 | 0.21s/ep | delay=3.00
ep 2150/4000 | reward(MA200)=25.07 success=15.07 fail=9.93 | 0.21s/ep | delay=3.00
ep 2200/4000 | reward(MA200)=25.54 success=15.12 fail=9.88 | 0.21s/ep | delay=3.00
ep 2250/4000 | reward(MA200)=25.95 success=15.16 fail=9.84 | 0.20s/ep | delay=3.00
ep 2300/4000 | reward(MA200)=24.56 success=15.03 fail=9.97 | 0.20s/ep | delay=3.00
ep 2350/4000 | reward(MA200)=23.99 success=14.97 fail=10.03 | 0.20s/ep | delay=3.00
ep 2400/4000 | reward(MA200)=23.93 success=14.98 fail=10.02 | 0.20s/ep | delay=3.00
ep 2450/4000 | reward(MA200)=23.83 success=14.98 fail=10.02 | 0.20s/ep | delay=3.00
ep 2500/4000 | reward(MA200)=25.88 success=15.19 fail=9.81 | 0.20s/ep | delay=3.00
ep 2550/4000 | reward(MA200)=26.85 success=15.29 fail=9.71 | 0.20s/ep | delay=3.00
ep 2600/4000 | reward(MA200)=26.93 success=15.29 fail=9.71 | 0.20s/ep | delay=3.00
ep 2650/4000 | reward(MA200)=27.33 success=15.32 fail=9.68 | 0.20s/ep | delay=3.00
ep 2700/4000 | reward(MA200)=28.02 success=15.38 fail=9.62 | 0.20s/ep | delay=3.00
ep 2750/4000 | reward(MA200)=27.75 success=15.36 fail=9.64 | 0.20s/ep | delay=3.00
ep 2800/4000 | reward(MA200)=28.05 success=15.39 fail=9.61 | 0.20s/ep | delay=3.00
ep 2850/4000 | reward(MA200)=27.76 success=15.37 fail=9.63 | 0.19s/ep | delay=3.00
ep 2900/4000 | reward(MA200)=26.87 success=15.28 fail=9.72 | 0.19s/ep | delay=3.00
ep 2950/4000 | reward(MA200)=27.45 success=15.34 fail=9.66 | 0.19s/ep | delay=3.00
ep 3000/4000 | reward(MA200)=27.50 success=15.34 fail=9.66 | 0.19s/ep | delay=3.00
ep 3050/4000 | reward(MA200)=27.78 success=15.36 fail=9.64 | 0.19s/ep | delay=3.00
ep 3100/4000 | reward(MA200)=27.06 success=15.28 fail=9.72 | 0.19s/ep | delay=3.00
ep 3150/4000 | reward(MA200)=26.74 success=15.24 fail=9.76 | 0.19s/ep | delay=3.00
ep 3200/4000 | reward(MA200)=27.01 success=15.27 fail=9.73 | 0.19s/ep | delay=3.00
ep 3250/4000 | reward(MA200)=27.05 success=15.27 fail=9.73 | 0.19s/ep | delay=3.00
ep 3300/4000 | reward(MA200)=27.73 success=15.34 fail=9.66 | 0.19s/ep | delay=3.00
ep 3350/4000 | reward(MA200)=27.94 success=15.36 fail=9.64 | 0.19s/ep | delay=3.00
ep 3400/4000 | reward(MA200)=27.48 success=15.31 fail=9.69 | 0.19s/ep | delay=3.00
ep 3450/4000 | reward(MA200)=27.91 success=15.36 fail=9.64 | 0.19s/ep | delay=3.00
ep 3500/4000 | reward(MA200)=27.60 success=15.34 fail=9.66 | 0.19s/ep | delay=3.00
ep 3550/4000 | reward(MA200)=27.21 success=15.30 fail=9.70 | 0.19s/ep | delay=3.00
ep 3600/4000 | reward(MA200)=27.72 success=15.36 fail=9.64 | 0.19s/ep | delay=3.00
ep 3650/4000 | reward(MA200)=27.43 success=15.33 fail=9.67 | 0.19s/ep | delay=3.00
ep 3700/4000 | reward(MA200)=28.30 success=15.42 fail=9.58 | 0.19s/ep | delay=3.00
ep 3750/4000 | reward(MA200)=29.40 success=15.54 fail=9.46 | 0.19s/ep | delay=3.00
ep 3800/4000 | reward(MA200)=29.83 success=15.59 fail=9.41 | 0.19s/ep | delay=3.00
ep 3850/4000 | reward(MA200)=29.88 success=15.61 fail=9.39 | 0.19s/ep | delay=3.00
ep 3900/4000 | reward(MA200)=30.03 success=15.62 fail=9.38 | 0.19s/ep | delay=3.00
ep 3950/4000 | reward(MA200)=29.69 success=15.59 fail=9.41 | 0.19s/ep | delay=3.00
ep 4000/4000 | reward(MA200)=29.97 success=15.62 fail=9.38 | 0.19s/ep | delay=3.00
DONE tag=u25_fixed_d3_s1 -> C:\Users\zengd\Desktop\论文\W-MADDPG\MADDPG_Discrete\results\exp8_delay_stable\phase0_u25_fixed_d3_s1.csv
