WARNING:tensorflow:From C:\Users\zengd\Desktop\论文\W-MADDPG\MADDPG_Discrete\train_mappo_phase0.py:150: The name tf.set_random_seed is deprecated. Please use tf.compat.v1.set_random_seed instead.

WARNING:tensorflow:From C:\Users\zengd\Desktop\论文\W-MADDPG\MADDPG_Discrete\mappo_agent.py:31: The name tf.placeholder is deprecated. Please use tf.compat.v1.placeholder instead.

WARNING:tensorflow:From C:\Users\zengd\Desktop\论文\W-MADDPG\MADDPG_Discrete\mappo_agent.py:43: The name tf.variable_scope is deprecated. Please use tf.compat.v1.variable_scope instead.

WARNING:tensorflow:From C:\Users\zengd\Desktop\论文\W-MADDPG\MADDPG_Discrete\mappo_agent.py:7: dense (from tensorflow.python.layers.core) is deprecated and will be removed in a future version.
Instructions for updating:
Use keras.layers.Dense instead.
WARNING:tensorflow:From D:\tool\anaconda\envs\py37tf\lib\site-packages\tensorflow_core\python\layers\core.py:187: Layer.apply (from tensorflow.python.keras.engine.base_layer) is deprecated and will be removed in a future version.
Instructions for updating:
Please use `layer.__call__` method instead.
WARNING:tensorflow:
The TensorFlow contrib module will not be included in TensorFlow 2.0.
For more information, please see:
  * https://github.com/tensorflow/community/blob/master/rfcs/20180907-contrib-sunset.md
  * https://github.com/tensorflow/addons
  * https://github.com/tensorflow/io (for I/O related ops)
If you depend on functionality not listed there, please file an issue.

WARNING:tensorflow:From C:\Users\zengd\Desktop\论文\W-MADDPG\MADDPG_Discrete\mappo_agent.py:114: The name tf.log is deprecated. Please use tf.math.log instead.

WARNING:tensorflow:From C:\Users\zengd\Desktop\论文\W-MADDPG\MADDPG_Discrete\mappo_agent.py:76: The name tf.get_collection is deprecated. Please use tf.compat.v1.get_collection instead.

WARNING:tensorflow:From C:\Users\zengd\Desktop\论文\W-MADDPG\MADDPG_Discrete\mappo_agent.py:76: The name tf.GraphKeys is deprecated. Please use tf.compat.v1.GraphKeys instead.

WARNING:tensorflow:From C:\Users\zengd\Desktop\论文\W-MADDPG\MADDPG_Discrete\mappo_agent.py:122: The name tf.train.AdamOptimizer is deprecated. Please use tf.compat.v1.train.AdamOptimizer instead.

WARNING:tensorflow:From D:\tool\anaconda\envs\py37tf\lib\site-packages\tensorflow_core\python\ops\math_grad.py:1424: where (from tensorflow.python.ops.array_ops) is deprecated and will be removed in a future version.
Instructions for updating:
Use tf.where in 2.0, which has the same broadcast rule as np.where
WARNING:tensorflow:From C:\Users\zengd\Desktop\论文\W-MADDPG\MADDPG_Discrete\train_mappo_phase0.py:215: The name tf.ConfigProto is deprecated. Please use tf.compat.v1.ConfigProto instead.

WARNING:tensorflow:From C:\Users\zengd\Desktop\论文\W-MADDPG\MADDPG_Discrete\train_mappo_phase0.py:219: The name tf.Session is deprecated. Please use tf.compat.v1.Session instead.

2026-09-21 15:24:55.769252: I tensorflow/core/platform/cpu_feature_guard.cc:142] Your CPU supports instructions that this TensorFlow binary was not compiled to use: AVX2
WARNING:tensorflow:From C:\Users\zengd\Desktop\论文\W-MADDPG\MADDPG_Discrete\train_mappo_phase0.py:220: The name tf.global_variables_initializer is deprecated. Please use tf.compat.v1.global_variables_initializer instead.

ep 1/4000 | reward(MA200)=-65.65 success=6.00 fail=19.00 | 1.87s/ep | delay=2.10
ep 50/4000 | reward(MA200)=-43.53 success=8.24 fail=16.76 | 0.24s/ep | delay=2.20
ep 100/4000 | reward(MA200)=-43.77 success=8.22 fail=16.78 | 0.20s/ep | delay=2.26
ep 150/4000 | reward(MA200)=-41.64 success=8.43 fail=16.57 | 0.19s/ep | delay=2.25
ep 200/4000 | reward(MA200)=-39.84 success=8.61 fail=16.39 | 0.18s/ep | delay=2.28
ep 250/4000 | reward(MA200)=-38.06 success=8.79 fail=16.21 | 0.18s/ep | delay=2.19
ep 300/4000 | reward(MA200)=-35.75 success=9.02 fail=15.98 | 0.17s/ep | delay=2.23
ep 350/4000 | reward(MA200)=-32.82 success=9.32 fail=15.68 | 0.17s/ep | delay=2.19
ep 400/4000 | reward(MA200)=-29.71 success=9.62 fail=15.38 | 0.17s/ep | delay=2.20
ep 450/4000 | reward(MA200)=-25.51 success=10.04 fail=14.96 | 0.17s/ep | delay=2.29
ep 500/4000 | reward(MA200)=-21.60 success=10.44 fail=14.56 | 0.17s/ep | delay=2.19
ep 550/4000 | reward(MA200)=-17.94 success=10.80 fail=14.20 | 0.17s/ep | delay=2.30
ep 600/4000 | reward(MA200)=-15.03 success=11.10 fail=13.90 | 0.16s/ep | delay=2.21
ep 650/4000 | reward(MA200)=-11.96 success=11.40 fail=13.60 | 0.16s/ep | delay=2.23
ep 700/4000 | reward(MA200)=-7.93 success=11.81 fail=13.19 | 0.16s/ep | delay=2.21
ep 750/4000 | reward(MA200)=-5.93 success=12.00 fail=13.00 | 0.17s/ep | delay=2.21
ep 800/4000 | reward(MA200)=-4.05 success=12.19 fail=12.81 | 0.16s/ep | delay=2.33
ep 850/4000 | reward(MA200)=-2.13 success=12.38 fail=12.62 | 0.17s/ep | delay=2.22
ep 900/4000 | reward(MA200)=-1.58 success=12.43 fail=12.57 | 0.17s/ep | delay=2.26
ep 950/4000 | reward(MA200)=-0.96 success=12.51 fail=12.49 | 0.17s/ep | delay=2.30
ep 1000/4000 | reward(MA200)=1.79 success=12.79 fail=12.21 | 0.17s/ep | delay=2.34
ep 1050/4000 | reward(MA200)=2.40 success=12.86 fail=12.14 | 0.17s/ep | delay=2.24
ep 1100/4000 | reward(MA200)=3.95 success=13.02 fail=11.98 | 0.17s/ep | delay=2.23
ep 1150/4000 | reward(MA200)=6.00 success=13.21 fail=11.79 | 0.17s/ep | delay=2.29
ep 1200/4000 | reward(MA200)=6.42 success=13.26 fail=11.74 | 0.17s/ep | delay=2.20
ep 1250/4000 | reward(MA200)=8.07 success=13.42 fail=11.58 | 0.17s/ep | delay=2.30
ep 1300/4000 | reward(MA200)=9.64 success=13.57 fail=11.43 | 0.17s/ep | delay=2.22
ep 1350/4000 | reward(MA200)=11.01 success=13.71 fail=11.29 | 0.17s/ep | delay=2.16
ep 1400/4000 | reward(MA200)=12.37 success=13.86 fail=11.14 | 0.17s/ep | delay=2.32
ep 1450/4000 | reward(MA200)=14.04 success=14.03 fail=10.97 | 0.17s/ep | delay=2.16
ep 1500/4000 | reward(MA200)=15.93 success=14.22 fail=10.78 | 0.17s/ep | delay=2.28
ep 1550/4000 | reward(MA200)=16.91 success=14.33 fail=10.67 | 0.17s/ep | delay=2.28
ep 1600/4000 | reward(MA200)=17.62 success=14.40 fail=10.60 | 0.17s/ep | delay=2.28
ep 1650/4000 | reward(MA200)=18.51 success=14.49 fail=10.51 | 0.17s/ep | delay=2.20
ep 1700/4000 | reward(MA200)=18.38 success=14.48 fail=10.52 | 0.17s/ep | delay=2.24
ep 1750/4000 | reward(MA200)=18.68 success=14.52 fail=10.48 | 0.17s/ep | delay=2.24
ep 1800/4000 | reward(MA200)=19.04 success=14.55 fail=10.45 | 0.17s/ep | delay=2.21
ep 1850/4000 | reward(MA200)=19.13 success=14.56 fail=10.44 | 0.17s/ep | delay=2.20
ep 1900/4000 | reward(MA200)=19.57 success=14.61 fail=10.39 | 0.17s/ep | delay=2.26
ep 1950/4000 | reward(MA200)=19.54 success=14.60 fail=10.40 | 0.17s/ep | delay=2.27
ep 2000/4000 | reward(MA200)=19.36 success=14.59 fail=10.41 | 0.17s/ep | delay=2.28
ep 2050/4000 | reward(MA200)=19.31 success=14.59 fail=10.41 | 0.17s/ep | delay=2.21
ep 2100/4000 | reward(MA200)=19.31 success=14.59 fail=10.41 | 0.17s/ep | delay=2.19
ep 2150/4000 | reward(MA200)=20.23 success=14.68 fail=10.32 | 0.17s/ep | delay=2.19
ep 2200/4000 | reward(MA200)=21.03 success=14.76 fail=10.24 | 0.17s/ep | delay=2.32
ep 2250/4000 | reward(MA200)=20.53 success=14.71 fail=10.29 | 0.17s/ep | delay=2.28
ep 2300/4000 | reward(MA200)=20.91 success=14.74 fail=10.26 | 0.17s/ep | delay=2.16
ep 2350/4000 | reward(MA200)=21.31 success=14.78 fail=10.22 | 0.17s/ep | delay=2.21
ep 2400/4000 | reward(MA200)=21.24 success=14.76 fail=10.24 | 0.17s/ep | delay=2.27
ep 2450/4000 | reward(MA200)=23.02 success=14.92 fail=10.08 | 0.17s/ep | delay=2.12
ep 2500/4000 | reward(MA200)=23.20 success=14.93 fail=10.07 | 0.17s/ep | delay=2.21
ep 2550/4000 | reward(MA200)=23.72 success=14.96 fail=10.04 | 0.17s/ep | delay=2.34
ep 2600/4000 | reward(MA200)=24.67 success=15.06 fail=9.94 | 0.17s/ep | delay=2.22
ep 2650/4000 | reward(MA200)=24.52 success=15.05 fail=9.95 | 0.17s/ep | delay=2.14
ep 2700/4000 | reward(MA200)=25.15 success=15.12 fail=9.88 | 0.17s/ep | delay=2.26
ep 2750/4000 | reward(MA200)=25.20 success=15.13 fail=9.87 | 0.17s/ep | delay=2.25
ep 2800/4000 | reward(MA200)=25.38 success=15.15 fail=9.85 | 0.17s/ep | delay=2.25
ep 2850/4000 | reward(MA200)=25.60 success=15.17 fail=9.83 | 0.17s/ep | delay=2.26
ep 2900/4000 | reward(MA200)=26.08 success=15.22 fail=9.78 | 0.17s/ep | delay=2.20
ep 2950/4000 | reward(MA200)=26.92 success=15.31 fail=9.69 | 0.17s/ep | delay=2.23
ep 3000/4000 | reward(MA200)=27.50 success=15.37 fail=9.63 | 0.17s/ep | delay=2.21
ep 3050/4000 | reward(MA200)=28.61 success=15.49 fail=9.51 | 0.17s/ep | delay=2.16
ep 3100/4000 | reward(MA200)=29.06 success=15.54 fail=9.46 | 0.17s/ep | delay=2.19
ep 3150/4000 | reward(MA200)=29.85 success=15.62 fail=9.38 | 0.17s/ep | delay=2.25
ep 3200/4000 | reward(MA200)=29.99 success=15.64 fail=9.36 | 0.17s/ep | delay=2.30
ep 3250/4000 | reward(MA200)=30.26 success=15.68 fail=9.32 | 0.17s/ep | delay=2.17
ep 3300/4000 | reward(MA200)=30.91 success=15.74 fail=9.26 | 0.17s/ep | delay=2.27
ep 3350/4000 | reward(MA200)=30.76 success=15.72 fail=9.28 | 0.17s/ep | delay=2.21
ep 3400/4000 | reward(MA200)=31.84 success=15.82 fail=9.18 | 0.17s/ep | delay=2.23
ep 3450/4000 | reward(MA200)=32.07 success=15.84 fail=9.16 | 0.17s/ep | delay=2.29
ep 3500/4000 | reward(MA200)=32.30 success=15.85 fail=9.15 | 0.17s/ep | delay=2.23
ep 3550/4000 | reward(MA200)=33.22 success=15.94 fail=9.06 | 0.17s/ep | delay=2.24
ep 3600/4000 | reward(MA200)=33.48 success=15.95 fail=9.05 | 0.17s/ep | delay=2.22
ep 3650/4000 | reward(MA200)=34.12 success=16.01 fail=8.99 | 0.17s/ep | delay=2.19
ep 3700/4000 | reward(MA200)=34.69 success=16.07 fail=8.93 | 0.17s/ep | delay=2.26
ep 3750/4000 | reward(MA200)=35.00 success=16.11 fail=8.89 | 0.17s/ep | delay=2.21
ep 3800/4000 | reward(MA200)=35.67 success=16.18 fail=8.82 | 0.17s/ep | delay=2.23
ep 3850/4000 | reward(MA200)=36.60 success=16.27 fail=8.73 | 0.17s/ep | delay=2.28
ep 3900/4000 | reward(MA200)=36.51 success=16.25 fail=8.76 | 0.17s/ep | delay=2.19
ep 3950/4000 | reward(MA200)=36.62 success=16.25 fail=8.76 | 0.17s/ep | delay=2.28
ep 4000/4000 | reward(MA200)=36.26 success=16.20 fail=8.80 | 0.17s/ep | delay=2.20
DONE tag=u25_unfixed_1-4_s3 -> C:\Users\zengd\Desktop\论文\W-MADDPG\MADDPG_Discrete\results\exp8_delay_stable\phase0_u25_unfixed_1-4_s3.csv
