WARNING:tensorflow:From C:\Users\zengd\Desktop\论文\W-MADDPG\MADDPG_Discrete\train_mappo_phase0.py:150: The name tf.set_random_seed is deprecated. Please use tf.compat.v1.set_random_seed instead.

WARNING:tensorflow:From C:\Users\zengd\Desktop\论文\W-MADDPG\MADDPG_Discrete\mappo_agent.py:31: The name tf.placeholder is deprecated. Please use tf.compat.v1.placeholder instead.

WARNING:tensorflow:From C:\Users\zengd\Desktop\论文\W-MADDPG\MADDPG_Discrete\mappo_agent.py:43: The name tf.variable_scope is deprecated. Please use tf.compat.v1.variable_scope instead.

WARNING:tensorflow:From C:\Users\zengd\Desktop\论文\W-MADDPG\MADDPG_Discrete\mappo_agent.py:7: dense (from tensorflow.python.layers.core) is deprecated and will be removed in a future version.
Instructions for updating:
Use keras.layers.Dense instead.
WARNING:tensorflow:From D:\tool\anaconda\envs\py37tf\lib\site-packages\tensorflow_core\python\layers\core.py:187: Layer.apply (from tensorflow.python.keras.engine.base_layer) is deprecated and will be removed in a future version.
Instructions for updating:
Please use `layer.__call__` method instead.
WARNING:tensorflow:
The TensorFlow contrib module will not be included in TensorFlow 2.0.
For more information, please see:
  * https://github.com/tensorflow/community/blob/master/rfcs/20180907-contrib-sunset.md
  * https://github.com/tensorflow/addons
  * https://github.com/tensorflow/io (for I/O related ops)
If you depend on functionality not listed there, please file an issue.

WARNING:tensorflow:From C:\Users\zengd\Desktop\论文\W-MADDPG\MADDPG_Discrete\mappo_agent.py:114: The name tf.log is deprecated. Please use tf.math.log instead.

WARNING:tensorflow:From C:\Users\zengd\Desktop\论文\W-MADDPG\MADDPG_Discrete\mappo_agent.py:76: The name tf.get_collection is deprecated. Please use tf.compat.v1.get_collection instead.

WARNING:tensorflow:From C:\Users\zengd\Desktop\论文\W-MADDPG\MADDPG_Discrete\mappo_agent.py:76: The name tf.GraphKeys is deprecated. Please use tf.compat.v1.GraphKeys instead.

WARNING:tensorflow:From C:\Users\zengd\Desktop\论文\W-MADDPG\MADDPG_Discrete\mappo_agent.py:122: The name tf.train.AdamOptimizer is deprecated. Please use tf.compat.v1.train.AdamOptimizer instead.

WARNING:tensorflow:From D:\tool\anaconda\envs\py37tf\lib\site-packages\tensorflow_core\python\ops\math_grad.py:1424: where (from tensorflow.python.ops.array_ops) is deprecated and will be removed in a future version.
Instructions for updating:
Use tf.where in 2.0, which has the same broadcast rule as np.where
WARNING:tensorflow:From C:\Users\zengd\Desktop\论文\W-MADDPG\MADDPG_Discrete\train_mappo_phase0.py:215: The name tf.ConfigProto is deprecated. Please use tf.compat.v1.ConfigProto instead.

WARNING:tensorflow:From C:\Users\zengd\Desktop\论文\W-MADDPG\MADDPG_Discrete\train_mappo_phase0.py:219: The name tf.Session is deprecated. Please use tf.compat.v1.Session instead.

2026-09-21 15:24:46.642543: I tensorflow/core/platform/cpu_feature_guard.cc:142] Your CPU supports instructions that this TensorFlow binary was not compiled to use: AVX2
WARNING:tensorflow:From C:\Users\zengd\Desktop\论文\W-MADDPG\MADDPG_Discrete\train_mappo_phase0.py:220: The name tf.global_variables_initializer is deprecated. Please use tf.compat.v1.global_variables_initializer instead.

ep 1/4000 | reward(MA200)=-55.72 success=7.00 fail=18.00 | 1.81s/ep | delay=2.18
ep 50/4000 | reward(MA200)=-51.98 success=7.40 fail=17.60 | 0.23s/ep | delay=2.28
ep 100/4000 | reward(MA200)=-50.82 success=7.51 fail=17.49 | 0.19s/ep | delay=2.23
ep 150/4000 | reward(MA200)=-47.77 success=7.81 fail=17.19 | 0.19s/ep | delay=2.15
ep 200/4000 | reward(MA200)=-46.15 success=7.97 fail=17.02 | 0.18s/ep | delay=2.23
ep 250/4000 | reward(MA200)=-42.35 success=8.36 fail=16.64 | 0.18s/ep | delay=2.11
ep 300/4000 | reward(MA200)=-37.87 success=8.81 fail=16.19 | 0.17s/ep | delay=2.23
ep 350/4000 | reward(MA200)=-34.24 success=9.18 fail=15.82 | 0.17s/ep | delay=2.28
ep 400/4000 | reward(MA200)=-31.55 success=9.46 fail=15.54 | 0.17s/ep | delay=2.18
ep 450/4000 | reward(MA200)=-27.83 success=9.84 fail=15.16 | 0.17s/ep | delay=2.16
ep 500/4000 | reward(MA200)=-25.30 success=10.09 fail=14.91 | 0.17s/ep | delay=2.28
ep 550/4000 | reward(MA200)=-24.16 success=10.20 fail=14.80 | 0.17s/ep | delay=2.21
ep 600/4000 | reward(MA200)=-19.85 success=10.61 fail=14.39 | 0.16s/ep | delay=2.18
ep 650/4000 | reward(MA200)=-16.92 success=10.89 fail=14.11 | 0.16s/ep | delay=2.27
ep 700/4000 | reward(MA200)=-12.86 success=11.29 fail=13.71 | 0.16s/ep | delay=2.37
ep 750/4000 | reward(MA200)=-8.06 success=11.77 fail=13.23 | 0.16s/ep | delay=2.28
ep 800/4000 | reward(MA200)=-5.24 success=12.05 fail=12.95 | 0.16s/ep | delay=2.30
ep 850/4000 | reward(MA200)=-2.44 success=12.34 fail=12.66 | 0.16s/ep | delay=2.32
ep 900/4000 | reward(MA200)=0.23 success=12.62 fail=12.38 | 0.16s/ep | delay=2.20
ep 950/4000 | reward(MA200)=3.76 success=12.98 fail=12.02 | 0.17s/ep | delay=2.21
ep 1000/4000 | reward(MA200)=6.99 success=13.31 fail=11.69 | 0.17s/ep | delay=2.19
ep 1050/4000 | reward(MA200)=9.36 success=13.55 fail=11.45 | 0.17s/ep | delay=2.11
ep 1100/4000 | reward(MA200)=11.94 success=13.81 fail=11.19 | 0.17s/ep | delay=2.21
ep 1150/4000 | reward(MA200)=12.83 success=13.90 fail=11.10 | 0.17s/ep | delay=2.20
ep 1200/4000 | reward(MA200)=13.45 success=13.97 fail=11.03 | 0.17s/ep | delay=2.22
ep 1250/4000 | reward(MA200)=14.64 success=14.10 fail=10.90 | 0.17s/ep | delay=2.22
ep 1300/4000 | reward(MA200)=15.49 success=14.19 fail=10.81 | 0.17s/ep | delay=2.20
ep 1350/4000 | reward(MA200)=16.92 success=14.35 fail=10.65 | 0.17s/ep | delay=2.22
ep 1400/4000 | reward(MA200)=18.74 success=14.53 fail=10.47 | 0.17s/ep | delay=2.18
ep 1450/4000 | reward(MA200)=20.21 success=14.67 fail=10.33 | 0.17s/ep | delay=2.20
ep 1500/4000 | reward(MA200)=20.34 success=14.68 fail=10.32 | 0.17s/ep | delay=2.21
ep 1550/4000 | reward(MA200)=20.05 success=14.65 fail=10.35 | 0.17s/ep | delay=2.13
ep 1600/4000 | reward(MA200)=20.29 success=14.68 fail=10.32 | 0.17s/ep | delay=2.12
ep 1650/4000 | reward(MA200)=20.31 success=14.69 fail=10.31 | 0.17s/ep | delay=2.17
ep 1700/4000 | reward(MA200)=20.68 success=14.73 fail=10.27 | 0.17s/ep | delay=2.22
ep 1750/4000 | reward(MA200)=21.51 success=14.81 fail=10.19 | 0.17s/ep | delay=2.26
ep 1800/4000 | reward(MA200)=22.08 success=14.87 fail=10.13 | 0.17s/ep | delay=2.23
ep 1850/4000 | reward(MA200)=22.18 success=14.88 fail=10.12 | 0.17s/ep | delay=2.16
ep 1900/4000 | reward(MA200)=22.90 success=14.96 fail=10.04 | 0.17s/ep | delay=2.19
ep 1950/4000 | reward(MA200)=24.37 success=15.10 fail=9.90 | 0.17s/ep | delay=2.23
ep 2000/4000 | reward(MA200)=25.58 success=15.23 fail=9.77 | 0.17s/ep | delay=2.35
ep 2050/4000 | reward(MA200)=27.33 success=15.40 fail=9.60 | 0.17s/ep | delay=2.13
ep 2100/4000 | reward(MA200)=28.70 success=15.54 fail=9.46 | 0.17s/ep | delay=2.20
ep 2150/4000 | reward(MA200)=28.97 success=15.57 fail=9.43 | 0.17s/ep | delay=2.27
ep 2200/4000 | reward(MA200)=29.16 success=15.60 fail=9.40 | 0.17s/ep | delay=2.21
ep 2250/4000 | reward(MA200)=28.45 success=15.53 fail=9.47 | 0.17s/ep | delay=2.22
ep 2300/4000 | reward(MA200)=28.27 success=15.51 fail=9.49 | 0.17s/ep | delay=2.27
ep 2350/4000 | reward(MA200)=28.73 success=15.55 fail=9.45 | 0.17s/ep | delay=2.22
ep 2400/4000 | reward(MA200)=28.14 success=15.48 fail=9.52 | 0.17s/ep | delay=2.26
ep 2450/4000 | reward(MA200)=28.92 success=15.56 fail=9.44 | 0.17s/ep | delay=2.28
ep 2500/4000 | reward(MA200)=28.94 success=15.56 fail=9.44 | 0.17s/ep | delay=2.19
ep 2550/4000 | reward(MA200)=28.33 success=15.51 fail=9.49 | 0.17s/ep | delay=2.17
ep 2600/4000 | reward(MA200)=29.17 success=15.60 fail=9.40 | 0.17s/ep | delay=2.28
ep 2650/4000 | reward(MA200)=30.02 success=15.69 fail=9.31 | 0.17s/ep | delay=2.22
ep 2700/4000 | reward(MA200)=30.67 success=15.74 fail=9.26 | 0.17s/ep | delay=2.29
ep 2750/4000 | reward(MA200)=31.04 success=15.79 fail=9.21 | 0.17s/ep | delay=2.08
ep 2800/4000 | reward(MA200)=31.21 success=15.79 fail=9.21 | 0.17s/ep | delay=2.27
ep 2850/4000 | reward(MA200)=30.92 success=15.76 fail=9.24 | 0.17s/ep | delay=2.19
ep 2900/4000 | reward(MA200)=30.87 success=15.75 fail=9.25 | 0.17s/ep | delay=2.26
ep 2950/4000 | reward(MA200)=31.38 success=15.79 fail=9.21 | 0.17s/ep | delay=2.27
ep 3000/4000 | reward(MA200)=30.92 success=15.75 fail=9.25 | 0.17s/ep | delay=2.28
ep 3050/4000 | reward(MA200)=30.53 success=15.71 fail=9.29 | 0.17s/ep | delay=2.23
ep 3100/4000 | reward(MA200)=29.80 success=15.64 fail=9.36 | 0.17s/ep | delay=2.26
ep 3150/4000 | reward(MA200)=29.09 success=15.57 fail=9.43 | 0.17s/ep | delay=2.26
ep 3200/4000 | reward(MA200)=29.05 success=15.56 fail=9.44 | 0.17s/ep | delay=2.16
ep 3250/4000 | reward(MA200)=28.42 success=15.50 fail=9.50 | 0.17s/ep | delay=2.27
ep 3300/4000 | reward(MA200)=28.76 success=15.54 fail=9.46 | 0.17s/ep | delay=2.26
ep 3350/4000 | reward(MA200)=29.58 success=15.63 fail=9.37 | 0.17s/ep | delay=2.26
ep 3400/4000 | reward(MA200)=30.08 success=15.69 fail=9.31 | 0.17s/ep | delay=2.17
ep 3450/4000 | reward(MA200)=31.28 success=15.81 fail=9.19 | 0.17s/ep | delay=2.27
ep 3500/4000 | reward(MA200)=32.64 success=15.96 fail=9.04 | 0.17s/ep | delay=2.23
ep 3550/4000 | reward(MA200)=32.33 success=15.91 fail=9.09 | 0.17s/ep | delay=2.17
ep 3600/4000 | reward(MA200)=32.01 success=15.89 fail=9.11 | 0.17s/ep | delay=2.24
ep 3650/4000 | reward(MA200)=31.70 success=15.87 fail=9.13 | 0.17s/ep | delay=2.33
ep 3700/4000 | reward(MA200)=31.00 success=15.80 fail=9.20 | 0.17s/ep | delay=2.17
ep 3750/4000 | reward(MA200)=31.29 success=15.84 fail=9.16 | 0.17s/ep | delay=2.24
ep 3800/4000 | reward(MA200)=31.20 success=15.83 fail=9.17 | 0.17s/ep | delay=2.24
ep 3850/4000 | reward(MA200)=31.42 success=15.85 fail=9.15 | 0.17s/ep | delay=2.27
ep 3900/4000 | reward(MA200)=31.30 success=15.84 fail=9.16 | 0.17s/ep | delay=2.27
ep 3950/4000 | reward(MA200)=31.59 success=15.88 fail=9.12 | 0.17s/ep | delay=2.21
ep 4000/4000 | reward(MA200)=32.10 success=15.93 fail=9.07 | 0.17s/ep | delay=2.28
DONE tag=u25_unfixed_1-4_s1 -> C:\Users\zengd\Desktop\论文\W-MADDPG\MADDPG_Discrete\results\exp8_delay_stable\phase0_u25_unfixed_1-4_s1.csv
