WARNING:tensorflow:From C:\Users\zengd\Desktop\论文\W-MADDPG\MADDPG_Discrete\train_mappo_phase0.py:150: The name tf.set_random_seed is deprecated. Please use tf.compat.v1.set_random_seed instead.

WARNING:tensorflow:From C:\Users\zengd\Desktop\论文\W-MADDPG\MADDPG_Discrete\mappo_agent.py:31: The name tf.placeholder is deprecated. Please use tf.compat.v1.placeholder instead.

WARNING:tensorflow:From C:\Users\zengd\Desktop\论文\W-MADDPG\MADDPG_Discrete\mappo_agent.py:43: The name tf.variable_scope is deprecated. Please use tf.compat.v1.variable_scope instead.

WARNING:tensorflow:From C:\Users\zengd\Desktop\论文\W-MADDPG\MADDPG_Discrete\mappo_agent.py:7: dense (from tensorflow.python.layers.core) is deprecated and will be removed in a future version.
Instructions for updating:
Use keras.layers.Dense instead.
WARNING:tensorflow:From D:\tool\anaconda\envs\py37tf\lib\site-packages\tensorflow_core\python\layers\core.py:187: Layer.apply (from tensorflow.python.keras.engine.base_layer) is deprecated and will be removed in a future version.
Instructions for updating:
Please use `layer.__call__` method instead.
WARNING:tensorflow:
The TensorFlow contrib module will not be included in TensorFlow 2.0.
For more information, please see:
  * https://github.com/tensorflow/community/blob/master/rfcs/20180907-contrib-sunset.md
  * https://github.com/tensorflow/addons
  * https://github.com/tensorflow/io (for I/O related ops)
If you depend on functionality not listed there, please file an issue.

WARNING:tensorflow:From C:\Users\zengd\Desktop\论文\W-MADDPG\MADDPG_Discrete\mappo_agent.py:114: The name tf.log is deprecated. Please use tf.math.log instead.

WARNING:tensorflow:From C:\Users\zengd\Desktop\论文\W-MADDPG\MADDPG_Discrete\mappo_agent.py:76: The name tf.get_collection is deprecated. Please use tf.compat.v1.get_collection instead.

WARNING:tensorflow:From C:\Users\zengd\Desktop\论文\W-MADDPG\MADDPG_Discrete\mappo_agent.py:76: The name tf.GraphKeys is deprecated. Please use tf.compat.v1.GraphKeys instead.

WARNING:tensorflow:From C:\Users\zengd\Desktop\论文\W-MADDPG\MADDPG_Discrete\mappo_agent.py:122: The name tf.train.AdamOptimizer is deprecated. Please use tf.compat.v1.train.AdamOptimizer instead.

WARNING:tensorflow:From D:\tool\anaconda\envs\py37tf\lib\site-packages\tensorflow_core\python\ops\math_grad.py:1424: where (from tensorflow.python.ops.array_ops) is deprecated and will be removed in a future version.
Instructions for updating:
Use tf.where in 2.0, which has the same broadcast rule as np.where
WARNING:tensorflow:From C:\Users\zengd\Desktop\论文\W-MADDPG\MADDPG_Discrete\train_mappo_phase0.py:215: The name tf.ConfigProto is deprecated. Please use tf.compat.v1.ConfigProto instead.

WARNING:tensorflow:From C:\Users\zengd\Desktop\论文\W-MADDPG\MADDPG_Discrete\train_mappo_phase0.py:219: The name tf.Session is deprecated. Please use tf.compat.v1.Session instead.

2026-09-21 15:08:46.324844: I tensorflow/core/platform/cpu_feature_guard.cc:142] Your CPU supports instructions that this TensorFlow binary was not compiled to use: AVX2
WARNING:tensorflow:From C:\Users\zengd\Desktop\论文\W-MADDPG\MADDPG_Discrete\train_mappo_phase0.py:220: The name tf.global_variables_initializer is deprecated. Please use tf.compat.v1.global_variables_initializer instead.

ep 1/4000 | reward(MA200)=-34.92 success=9.00 fail=16.00 | 1.93s/ep | delay=3.00
ep 50/4000 | reward(MA200)=-42.96 success=8.30 fail=16.70 | 0.24s/ep | delay=3.00
ep 100/4000 | reward(MA200)=-42.41 success=8.36 fail=16.64 | 0.19s/ep | delay=3.00
ep 150/4000 | reward(MA200)=-41.92 success=8.41 fail=16.59 | 0.19s/ep | delay=3.00
ep 200/4000 | reward(MA200)=-41.09 success=8.49 fail=16.50 | 0.20s/ep | delay=3.00
ep 250/4000 | reward(MA200)=-37.45 success=8.86 fail=16.14 | 0.21s/ep | delay=3.00
ep 300/4000 | reward(MA200)=-33.36 success=9.26 fail=15.74 | 0.20s/ep | delay=3.00
ep 350/4000 | reward(MA200)=-29.18 success=9.68 fail=15.32 | 0.20s/ep | delay=3.00
ep 400/4000 | reward(MA200)=-24.60 success=10.12 fail=14.88 | 0.19s/ep | delay=3.00
ep 450/4000 | reward(MA200)=-21.78 success=10.40 fail=14.60 | 0.19s/ep | delay=3.00
ep 500/4000 | reward(MA200)=-18.27 success=10.76 fail=14.24 | 0.19s/ep | delay=3.00
ep 550/4000 | reward(MA200)=-15.22 success=11.07 fail=13.93 | 0.19s/ep | delay=3.00
ep 600/4000 | reward(MA200)=-11.46 success=11.46 fail=13.54 | 0.19s/ep | delay=3.00
ep 650/4000 | reward(MA200)=-7.78 success=11.83 fail=13.17 | 0.19s/ep | delay=3.00
ep 700/4000 | reward(MA200)=-5.20 success=12.09 fail=12.91 | 0.18s/ep | delay=3.00
ep 750/4000 | reward(MA200)=-1.81 success=12.41 fail=12.59 | 0.18s/ep | delay=3.00
ep 800/4000 | reward(MA200)=0.16 success=12.61 fail=12.39 | 0.18s/ep | delay=3.00
ep 850/4000 | reward(MA200)=2.58 success=12.84 fail=12.16 | 0.18s/ep | delay=3.00
ep 900/4000 | reward(MA200)=5.57 success=13.13 fail=11.87 | 0.18s/ep | delay=3.00
ep 950/4000 | reward(MA200)=8.68 success=13.44 fail=11.56 | 0.18s/ep | delay=3.00
ep 1000/4000 | reward(MA200)=10.78 success=13.64 fail=11.36 | 0.18s/ep | delay=3.00
ep 1050/4000 | reward(MA200)=12.12 success=13.78 fail=11.22 | 0.18s/ep | delay=3.00
ep 1100/4000 | reward(MA200)=13.70 success=13.95 fail=11.05 | 0.18s/ep | delay=3.00
ep 1150/4000 | reward(MA200)=14.20 success=14.01 fail=10.99 | 0.18s/ep | delay=3.00
ep 1200/4000 | reward(MA200)=15.48 success=14.14 fail=10.86 | 0.18s/ep | delay=3.00
ep 1250/4000 | reward(MA200)=16.89 success=14.29 fail=10.71 | 0.18s/ep | delay=3.00
ep 1300/4000 | reward(MA200)=16.85 success=14.29 fail=10.71 | 0.18s/ep | delay=3.00
ep 1350/4000 | reward(MA200)=16.55 success=14.26 fail=10.74 | 0.18s/ep | delay=3.00
ep 1400/4000 | reward(MA200)=17.27 success=14.34 fail=10.66 | 0.17s/ep | delay=3.00
ep 1450/4000 | reward(MA200)=18.26 success=14.45 fail=10.55 | 0.17s/ep | delay=3.00
ep 1500/4000 | reward(MA200)=19.62 success=14.58 fail=10.42 | 0.18s/ep | delay=3.00
ep 1550/4000 | reward(MA200)=21.47 success=14.77 fail=10.23 | 0.18s/ep | delay=3.00
ep 1600/4000 | reward(MA200)=22.57 success=14.88 fail=10.12 | 0.18s/ep | delay=3.00
ep 1650/4000 | reward(MA200)=22.72 success=14.89 fail=10.11 | 0.18s/ep | delay=3.00
ep 1700/4000 | reward(MA200)=22.56 success=14.88 fail=10.12 | 0.19s/ep | delay=3.00
ep 1750/4000 | reward(MA200)=22.53 success=14.88 fail=10.12 | 0.19s/ep | delay=3.00
ep 1800/4000 | reward(MA200)=22.67 success=14.89 fail=10.11 | 0.19s/ep | delay=3.00
ep 1850/4000 | reward(MA200)=24.00 success=15.03 fail=9.97 | 0.19s/ep | delay=3.00
ep 1900/4000 | reward(MA200)=25.29 success=15.16 fail=9.84 | 0.20s/ep | delay=3.00
ep 1950/4000 | reward(MA200)=26.27 success=15.26 fail=9.74 | 0.20s/ep | delay=3.00
ep 2000/4000 | reward(MA200)=26.79 success=15.31 fail=9.69 | 0.20s/ep | delay=3.00
ep 2050/4000 | reward(MA200)=27.33 success=15.37 fail=9.63 | 0.20s/ep | delay=3.00
ep 2100/4000 | reward(MA200)=27.16 success=15.35 fail=9.65 | 0.20s/ep | delay=3.00
ep 2150/4000 | reward(MA200)=28.00 success=15.43 fail=9.57 | 0.21s/ep | delay=3.00
ep 2200/4000 | reward(MA200)=28.74 success=15.51 fail=9.49 | 0.21s/ep | delay=3.00
ep 2250/4000 | reward(MA200)=28.58 success=15.50 fail=9.50 | 0.21s/ep | delay=3.00
ep 2300/4000 | reward(MA200)=29.63 success=15.61 fail=9.39 | 0.21s/ep | delay=3.00
ep 2350/4000 | reward(MA200)=29.30 success=15.58 fail=9.42 | 0.21s/ep | delay=3.00
ep 2400/4000 | reward(MA200)=29.28 success=15.59 fail=9.41 | 0.21s/ep | delay=3.00
ep 2450/4000 | reward(MA200)=29.30 success=15.59 fail=9.41 | 0.21s/ep | delay=3.00
ep 2500/4000 | reward(MA200)=29.00 success=15.55 fail=9.45 | 0.21s/ep | delay=3.00
ep 2550/4000 | reward(MA200)=29.29 success=15.58 fail=9.42 | 0.22s/ep | delay=3.00
ep 2600/4000 | reward(MA200)=29.98 success=15.64 fail=9.36 | 0.22s/ep | delay=3.00
ep 2650/4000 | reward(MA200)=30.04 success=15.64 fail=9.36 | 0.22s/ep | delay=3.00
ep 2700/4000 | reward(MA200)=29.45 success=15.59 fail=9.41 | 0.22s/ep | delay=3.00
ep 2750/4000 | reward(MA200)=29.34 success=15.57 fail=9.43 | 0.22s/ep | delay=3.00
ep 2800/4000 | reward(MA200)=28.60 success=15.49 fail=9.51 | 0.22s/ep | delay=3.00
ep 2850/4000 | reward(MA200)=28.17 success=15.45 fail=9.55 | 0.22s/ep | delay=3.00
ep 2900/4000 | reward(MA200)=29.02 success=15.54 fail=9.46 | 0.22s/ep | delay=3.00
ep 2950/4000 | reward(MA200)=29.00 success=15.54 fail=9.46 | 0.22s/ep | delay=3.00
ep 3000/4000 | reward(MA200)=30.09 success=15.65 fail=9.35 | 0.22s/ep | delay=3.00
ep 3050/4000 | reward(MA200)=30.77 success=15.72 fail=9.28 | 0.22s/ep | delay=3.00
ep 3100/4000 | reward(MA200)=30.52 success=15.69 fail=9.31 | 0.23s/ep | delay=3.00
ep 3150/4000 | reward(MA200)=30.78 success=15.71 fail=9.29 | 0.23s/ep | delay=3.00
ep 3200/4000 | reward(MA200)=30.36 success=15.66 fail=9.34 | 0.23s/ep | delay=3.00
ep 3250/4000 | reward(MA200)=29.92 success=15.61 fail=9.39 | 0.23s/ep | delay=3.00
ep 3300/4000 | reward(MA200)=30.17 success=15.63 fail=9.37 | 0.23s/ep | delay=3.00
ep 3350/4000 | reward(MA200)=30.42 success=15.66 fail=9.34 | 0.23s/ep | delay=3.00
ep 3400/4000 | reward(MA200)=30.79 success=15.70 fail=9.30 | 0.23s/ep | delay=3.00
ep 3450/4000 | reward(MA200)=31.32 success=15.75 fail=9.25 | 0.23s/ep | delay=3.00
ep 3500/4000 | reward(MA200)=31.17 success=15.73 fail=9.27 | 0.23s/ep | delay=3.00
ep 3550/4000 | reward(MA200)=31.49 success=15.77 fail=9.23 | 0.23s/ep | delay=3.00
ep 3600/4000 | reward(MA200)=30.92 success=15.71 fail=9.29 | 0.23s/ep | delay=3.00
ep 3650/4000 | reward(MA200)=30.70 success=15.70 fail=9.30 | 0.23s/ep | delay=3.00
ep 3700/4000 | reward(MA200)=31.28 success=15.76 fail=9.24 | 0.23s/ep | delay=3.00
ep 3750/4000 | reward(MA200)=31.06 success=15.74 fail=9.26 | 0.23s/ep | delay=3.00
ep 3800/4000 | reward(MA200)=31.02 success=15.73 fail=9.27 | 0.23s/ep | delay=3.00
ep 3850/4000 | reward(MA200)=31.04 success=15.74 fail=9.26 | 0.23s/ep | delay=3.00
ep 3900/4000 | reward(MA200)=30.58 success=15.70 fail=9.30 | 0.23s/ep | delay=3.00
ep 3950/4000 | reward(MA200)=30.65 success=15.71 fail=9.29 | 0.23s/ep | delay=3.00
ep 4000/4000 | reward(MA200)=30.97 success=15.73 fail=9.27 | 0.23s/ep | delay=3.00
DONE tag=u25_fixed_d3_s10 -> C:\Users\zengd\Desktop\论文\W-MADDPG\MADDPG_Discrete\results\exp8_delay_stable\phase0_u25_fixed_d3_s10.csv
