WARNING:tensorflow:From C:\Users\zengd\Desktop\论文\W-MADDPG\MADDPG_Discrete\train_mappo_phase0.py:150: The name tf.set_random_seed is deprecated. Please use tf.compat.v1.set_random_seed instead.

WARNING:tensorflow:From C:\Users\zengd\Desktop\论文\W-MADDPG\MADDPG_Discrete\mappo_agent.py:31: The name tf.placeholder is deprecated. Please use tf.compat.v1.placeholder instead.

WARNING:tensorflow:From C:\Users\zengd\Desktop\论文\W-MADDPG\MADDPG_Discrete\mappo_agent.py:43: The name tf.variable_scope is deprecated. Please use tf.compat.v1.variable_scope instead.

WARNING:tensorflow:From C:\Users\zengd\Desktop\论文\W-MADDPG\MADDPG_Discrete\mappo_agent.py:7: dense (from tensorflow.python.layers.core) is deprecated and will be removed in a future version.
Instructions for updating:
Use keras.layers.Dense instead.
WARNING:tensorflow:From D:\tool\anaconda\envs\py37tf\lib\site-packages\tensorflow_core\python\layers\core.py:187: Layer.apply (from tensorflow.python.keras.engine.base_layer) is deprecated and will be removed in a future version.
Instructions for updating:
Please use `layer.__call__` method instead.
WARNING:tensorflow:
The TensorFlow contrib module will not be included in TensorFlow 2.0.
For more information, please see:
  * https://github.com/tensorflow/community/blob/master/rfcs/20180907-contrib-sunset.md
  * https://github.com/tensorflow/addons
  * https://github.com/tensorflow/io (for I/O related ops)
If you depend on functionality not listed there, please file an issue.

WARNING:tensorflow:From C:\Users\zengd\Desktop\论文\W-MADDPG\MADDPG_Discrete\mappo_agent.py:114: The name tf.log is deprecated. Please use tf.math.log instead.

WARNING:tensorflow:From C:\Users\zengd\Desktop\论文\W-MADDPG\MADDPG_Discrete\mappo_agent.py:76: The name tf.get_collection is deprecated. Please use tf.compat.v1.get_collection instead.

WARNING:tensorflow:From C:\Users\zengd\Desktop\论文\W-MADDPG\MADDPG_Discrete\mappo_agent.py:76: The name tf.GraphKeys is deprecated. Please use tf.compat.v1.GraphKeys instead.

WARNING:tensorflow:From C:\Users\zengd\Desktop\论文\W-MADDPG\MADDPG_Discrete\mappo_agent.py:122: The name tf.train.AdamOptimizer is deprecated. Please use tf.compat.v1.train.AdamOptimizer instead.

WARNING:tensorflow:From D:\tool\anaconda\envs\py37tf\lib\site-packages\tensorflow_core\python\ops\math_grad.py:1424: where (from tensorflow.python.ops.array_ops) is deprecated and will be removed in a future version.
Instructions for updating:
Use tf.where in 2.0, which has the same broadcast rule as np.where
WARNING:tensorflow:From C:\Users\zengd\Desktop\论文\W-MADDPG\MADDPG_Discrete\train_mappo_phase0.py:215: The name tf.ConfigProto is deprecated. Please use tf.compat.v1.ConfigProto instead.

WARNING:tensorflow:From C:\Users\zengd\Desktop\论文\W-MADDPG\MADDPG_Discrete\train_mappo_phase0.py:219: The name tf.Session is deprecated. Please use tf.compat.v1.Session instead.

2026-09-21 15:08:46.993100: I tensorflow/core/platform/cpu_feature_guard.cc:142] Your CPU supports instructions that this TensorFlow binary was not compiled to use: AVX2
WARNING:tensorflow:From C:\Users\zengd\Desktop\论文\W-MADDPG\MADDPG_Discrete\train_mappo_phase0.py:220: The name tf.global_variables_initializer is deprecated. Please use tf.compat.v1.global_variables_initializer instead.

ep 1/4000 | reward(MA200)=-54.57 success=7.00 fail=18.00 | 1.73s/ep | delay=5.00
ep 50/4000 | reward(MA200)=-54.47 success=7.08 fail=17.92 | 0.23s/ep | delay=5.00
ep 100/4000 | reward(MA200)=-51.89 success=7.33 fail=17.67 | 0.19s/ep | delay=5.00
ep 150/4000 | reward(MA200)=-49.32 success=7.59 fail=17.41 | 0.19s/ep | delay=5.00
ep 200/4000 | reward(MA200)=-48.36 success=7.70 fail=17.30 | 0.19s/ep | delay=5.00
ep 250/4000 | reward(MA200)=-44.24 success=8.11 fail=16.89 | 0.21s/ep | delay=5.00
ep 300/4000 | reward(MA200)=-41.43 success=8.39 fail=16.61 | 0.20s/ep | delay=5.00
ep 350/4000 | reward(MA200)=-38.81 success=8.65 fail=16.34 | 0.20s/ep | delay=5.00
ep 400/4000 | reward(MA200)=-34.42 success=9.09 fail=15.91 | 0.19s/ep | delay=5.00
ep 450/4000 | reward(MA200)=-32.13 success=9.32 fail=15.68 | 0.19s/ep | delay=5.00
ep 500/4000 | reward(MA200)=-29.35 success=9.59 fail=15.41 | 0.19s/ep | delay=5.00
ep 550/4000 | reward(MA200)=-26.36 success=9.88 fail=15.12 | 0.19s/ep | delay=5.00
ep 600/4000 | reward(MA200)=-24.50 success=10.07 fail=14.93 | 0.18s/ep | delay=5.00
ep 650/4000 | reward(MA200)=-21.43 success=10.38 fail=14.62 | 0.18s/ep | delay=5.00
ep 700/4000 | reward(MA200)=-17.96 success=10.74 fail=14.26 | 0.18s/ep | delay=5.00
ep 750/4000 | reward(MA200)=-15.74 success=10.97 fail=14.03 | 0.18s/ep | delay=5.00
ep 800/4000 | reward(MA200)=-12.75 success=11.27 fail=13.73 | 0.18s/ep | delay=5.00
ep 850/4000 | reward(MA200)=-9.38 success=11.60 fail=13.40 | 0.18s/ep | delay=5.00
ep 900/4000 | reward(MA200)=-6.09 success=11.93 fail=13.07 | 0.18s/ep | delay=5.00
ep 950/4000 | reward(MA200)=-3.57 success=12.18 fail=12.82 | 0.18s/ep | delay=5.00
ep 1000/4000 | reward(MA200)=-1.03 success=12.43 fail=12.57 | 0.18s/ep | delay=5.00
ep 1050/4000 | reward(MA200)=-0.11 success=12.53 fail=12.47 | 0.18s/ep | delay=5.00
ep 1100/4000 | reward(MA200)=0.35 success=12.57 fail=12.43 | 0.18s/ep | delay=5.00
ep 1150/4000 | reward(MA200)=2.77 success=12.81 fail=12.19 | 0.18s/ep | delay=5.00
ep 1200/4000 | reward(MA200)=3.53 success=12.90 fail=12.10 | 0.17s/ep | delay=5.00
ep 1250/4000 | reward(MA200)=5.47 success=13.10 fail=11.90 | 0.17s/ep | delay=5.00
ep 1300/4000 | reward(MA200)=6.88 success=13.24 fail=11.76 | 0.17s/ep | delay=5.00
ep 1350/4000 | reward(MA200)=7.26 success=13.29 fail=11.71 | 0.17s/ep | delay=5.00
ep 1400/4000 | reward(MA200)=9.10 success=13.48 fail=11.52 | 0.17s/ep | delay=5.00
ep 1450/4000 | reward(MA200)=10.51 success=13.63 fail=11.37 | 0.17s/ep | delay=5.00
ep 1500/4000 | reward(MA200)=12.28 success=13.80 fail=11.20 | 0.17s/ep | delay=5.00
ep 1550/4000 | reward(MA200)=13.93 success=13.97 fail=11.03 | 0.18s/ep | delay=5.00
ep 1600/4000 | reward(MA200)=14.72 success=14.04 fail=10.96 | 0.18s/ep | delay=5.00
ep 1650/4000 | reward(MA200)=15.83 success=14.15 fail=10.85 | 0.18s/ep | delay=5.00
ep 1700/4000 | reward(MA200)=16.28 success=14.19 fail=10.81 | 0.18s/ep | delay=5.00
ep 1750/4000 | reward(MA200)=16.63 success=14.22 fail=10.78 | 0.19s/ep | delay=5.00
ep 1800/4000 | reward(MA200)=17.03 success=14.26 fail=10.74 | 0.19s/ep | delay=5.00
ep 1850/4000 | reward(MA200)=17.30 success=14.28 fail=10.72 | 0.19s/ep | delay=5.00
ep 1900/4000 | reward(MA200)=18.23 success=14.37 fail=10.63 | 0.19s/ep | delay=5.00
ep 1950/4000 | reward(MA200)=19.09 success=14.44 fail=10.56 | 0.20s/ep | delay=5.00
ep 2000/4000 | reward(MA200)=20.33 success=14.56 fail=10.44 | 0.20s/ep | delay=5.00
ep 2050/4000 | reward(MA200)=20.71 success=14.60 fail=10.40 | 0.20s/ep | delay=5.00
ep 2100/4000 | reward(MA200)=20.80 success=14.61 fail=10.39 | 0.20s/ep | delay=5.00
ep 2150/4000 | reward(MA200)=21.32 success=14.66 fail=10.34 | 0.20s/ep | delay=5.00
ep 2200/4000 | reward(MA200)=21.83 success=14.71 fail=10.29 | 0.20s/ep | delay=5.00
ep 2250/4000 | reward(MA200)=22.23 success=14.75 fail=10.25 | 0.21s/ep | delay=5.00
ep 2300/4000 | reward(MA200)=22.91 success=14.81 fail=10.19 | 0.21s/ep | delay=5.00
ep 2350/4000 | reward(MA200)=23.89 success=14.90 fail=10.10 | 0.21s/ep | delay=5.00
ep 2400/4000 | reward(MA200)=24.56 success=14.96 fail=10.04 | 0.21s/ep | delay=5.00
ep 2450/4000 | reward(MA200)=24.31 success=14.93 fail=10.07 | 0.21s/ep | delay=5.00
ep 2500/4000 | reward(MA200)=24.82 success=14.97 fail=10.03 | 0.21s/ep | delay=5.00
ep 2550/4000 | reward(MA200)=24.73 success=14.96 fail=10.04 | 0.21s/ep | delay=5.00
ep 2600/4000 | reward(MA200)=24.37 success=14.91 fail=10.09 | 0.21s/ep | delay=5.00
ep 2650/4000 | reward(MA200)=25.72 success=15.04 fail=9.96 | 0.21s/ep | delay=5.00
ep 2700/4000 | reward(MA200)=25.81 success=15.04 fail=9.96 | 0.22s/ep | delay=5.00
ep 2750/4000 | reward(MA200)=25.12 success=14.97 fail=10.03 | 0.22s/ep | delay=5.00
ep 2800/4000 | reward(MA200)=25.02 success=14.96 fail=10.04 | 0.22s/ep | delay=5.00
ep 2850/4000 | reward(MA200)=25.25 success=14.98 fail=10.02 | 0.22s/ep | delay=5.00
ep 2900/4000 | reward(MA200)=25.28 success=14.99 fail=10.01 | 0.22s/ep | delay=5.00
ep 2950/4000 | reward(MA200)=26.80 success=15.14 fail=9.86 | 0.22s/ep | delay=5.00
ep 3000/4000 | reward(MA200)=28.40 success=15.29 fail=9.71 | 0.22s/ep | delay=5.00
ep 3050/4000 | reward(MA200)=28.72 success=15.32 fail=9.68 | 0.22s/ep | delay=5.00
ep 3100/4000 | reward(MA200)=29.33 success=15.38 fail=9.62 | 0.22s/ep | delay=5.00
ep 3150/4000 | reward(MA200)=29.24 success=15.36 fail=9.64 | 0.22s/ep | delay=5.00
ep 3200/4000 | reward(MA200)=28.06 success=15.25 fail=9.75 | 0.22s/ep | delay=5.00
ep 3250/4000 | reward(MA200)=27.80 success=15.23 fail=9.77 | 0.22s/ep | delay=5.00
ep 3300/4000 | reward(MA200)=28.20 success=15.28 fail=9.72 | 0.22s/ep | delay=5.00
ep 3350/4000 | reward(MA200)=28.93 success=15.37 fail=9.63 | 0.23s/ep | delay=5.00
ep 3400/4000 | reward(MA200)=29.43 success=15.41 fail=9.59 | 0.23s/ep | delay=5.00
ep 3450/4000 | reward(MA200)=29.53 success=15.43 fail=9.57 | 0.23s/ep | delay=5.00
ep 3500/4000 | reward(MA200)=29.36 success=15.41 fail=9.59 | 0.23s/ep | delay=5.00
ep 3550/4000 | reward(MA200)=28.52 success=15.33 fail=9.67 | 0.23s/ep | delay=5.00
ep 3600/4000 | reward(MA200)=28.44 success=15.32 fail=9.68 | 0.23s/ep | delay=5.00
ep 3650/4000 | reward(MA200)=28.57 success=15.34 fail=9.66 | 0.23s/ep | delay=5.00
ep 3700/4000 | reward(MA200)=28.64 success=15.35 fail=9.65 | 0.23s/ep | delay=5.00
ep 3750/4000 | reward(MA200)=28.22 success=15.31 fail=9.69 | 0.23s/ep | delay=5.00
ep 3800/4000 | reward(MA200)=28.71 success=15.36 fail=9.64 | 0.23s/ep | delay=5.00
ep 3850/4000 | reward(MA200)=28.94 success=15.38 fail=9.62 | 0.23s/ep | delay=5.00
ep 3900/4000 | reward(MA200)=28.59 success=15.34 fail=9.66 | 0.23s/ep | delay=5.00
ep 3950/4000 | reward(MA200)=29.46 success=15.41 fail=9.59 | 0.23s/ep | delay=5.00
ep 4000/4000 | reward(MA200)=30.53 success=15.51 fail=9.49 | 0.23s/ep | delay=5.00
DONE tag=u25_fixed_d5_s4 -> C:\Users\zengd\Desktop\论文\W-MADDPG\MADDPG_Discrete\results\exp8_delay_stable\phase0_u25_fixed_d5_s4.csv
