WARNING:tensorflow:From C:\Users\zengd\Desktop\论文\W-MADDPG\MADDPG_Discrete\train_mappo_phase0.py:150: The name tf.set_random_seed is deprecated. Please use tf.compat.v1.set_random_seed instead.

WARNING:tensorflow:From C:\Users\zengd\Desktop\论文\W-MADDPG\MADDPG_Discrete\mappo_agent.py:31: The name tf.placeholder is deprecated. Please use tf.compat.v1.placeholder instead.

WARNING:tensorflow:From C:\Users\zengd\Desktop\论文\W-MADDPG\MADDPG_Discrete\mappo_agent.py:43: The name tf.variable_scope is deprecated. Please use tf.compat.v1.variable_scope instead.

WARNING:tensorflow:From C:\Users\zengd\Desktop\论文\W-MADDPG\MADDPG_Discrete\mappo_agent.py:7: dense (from tensorflow.python.layers.core) is deprecated and will be removed in a future version.
Instructions for updating:
Use keras.layers.Dense instead.
WARNING:tensorflow:From D:\tool\anaconda\envs\py37tf\lib\site-packages\tensorflow_core\python\layers\core.py:187: Layer.apply (from tensorflow.python.keras.engine.base_layer) is deprecated and will be removed in a future version.
Instructions for updating:
Please use `layer.__call__` method instead.
WARNING:tensorflow:
The TensorFlow contrib module will not be included in TensorFlow 2.0.
For more information, please see:
  * https://github.com/tensorflow/community/blob/master/rfcs/20180907-contrib-sunset.md
  * https://github.com/tensorflow/addons
  * https://github.com/tensorflow/io (for I/O related ops)
If you depend on functionality not listed there, please file an issue.

WARNING:tensorflow:From C:\Users\zengd\Desktop\论文\W-MADDPG\MADDPG_Discrete\mappo_agent.py:114: The name tf.log is deprecated. Please use tf.math.log instead.

WARNING:tensorflow:From C:\Users\zengd\Desktop\论文\W-MADDPG\MADDPG_Discrete\mappo_agent.py:76: The name tf.get_collection is deprecated. Please use tf.compat.v1.get_collection instead.

WARNING:tensorflow:From C:\Users\zengd\Desktop\论文\W-MADDPG\MADDPG_Discrete\mappo_agent.py:76: The name tf.GraphKeys is deprecated. Please use tf.compat.v1.GraphKeys instead.

WARNING:tensorflow:From C:\Users\zengd\Desktop\论文\W-MADDPG\MADDPG_Discrete\mappo_agent.py:122: The name tf.train.AdamOptimizer is deprecated. Please use tf.compat.v1.train.AdamOptimizer instead.

WARNING:tensorflow:From D:\tool\anaconda\envs\py37tf\lib\site-packages\tensorflow_core\python\ops\math_grad.py:1424: where (from tensorflow.python.ops.array_ops) is deprecated and will be removed in a future version.
Instructions for updating:
Use tf.where in 2.0, which has the same broadcast rule as np.where
WARNING:tensorflow:From C:\Users\zengd\Desktop\论文\W-MADDPG\MADDPG_Discrete\train_mappo_phase0.py:215: The name tf.ConfigProto is deprecated. Please use tf.compat.v1.ConfigProto instead.

WARNING:tensorflow:From C:\Users\zengd\Desktop\论文\W-MADDPG\MADDPG_Discrete\train_mappo_phase0.py:219: The name tf.Session is deprecated. Please use tf.compat.v1.Session instead.

2026-09-21 15:08:52.707010: I tensorflow/core/platform/cpu_feature_guard.cc:142] Your CPU supports instructions that this TensorFlow binary was not compiled to use: AVX2
WARNING:tensorflow:From C:\Users\zengd\Desktop\论文\W-MADDPG\MADDPG_Discrete\train_mappo_phase0.py:220: The name tf.global_variables_initializer is deprecated. Please use tf.compat.v1.global_variables_initializer instead.

ep 1/4000 | reward(MA200)=-56.18 success=7.00 fail=18.00 | 1.79s/ep | delay=5.00
ep 50/4000 | reward(MA200)=-44.44 success=8.10 fail=16.90 | 0.24s/ep | delay=5.00
ep 100/4000 | reward(MA200)=-43.51 success=8.20 fail=16.80 | 0.19s/ep | delay=5.00
ep 150/4000 | reward(MA200)=-40.70 success=8.49 fail=16.51 | 0.21s/ep | delay=5.00
ep 200/4000 | reward(MA200)=-39.05 success=8.66 fail=16.34 | 0.22s/ep | delay=5.00
ep 250/4000 | reward(MA200)=-34.74 success=9.11 fail=15.89 | 0.21s/ep | delay=5.00
ep 300/4000 | reward(MA200)=-30.36 success=9.55 fail=15.45 | 0.20s/ep | delay=5.00
ep 350/4000 | reward(MA200)=-27.14 success=9.88 fail=15.12 | 0.20s/ep | delay=5.00
ep 400/4000 | reward(MA200)=-23.24 success=10.28 fail=14.72 | 0.19s/ep | delay=5.00
ep 450/4000 | reward(MA200)=-20.26 success=10.59 fail=14.41 | 0.19s/ep | delay=5.00
ep 500/4000 | reward(MA200)=-16.69 success=10.95 fail=14.05 | 0.19s/ep | delay=5.00
ep 550/4000 | reward(MA200)=-13.78 success=11.24 fail=13.76 | 0.19s/ep | delay=5.00
ep 600/4000 | reward(MA200)=-11.20 success=11.50 fail=13.50 | 0.19s/ep | delay=5.00
ep 650/4000 | reward(MA200)=-9.26 success=11.70 fail=13.30 | 0.19s/ep | delay=5.00
ep 700/4000 | reward(MA200)=-7.75 success=11.86 fail=13.14 | 0.19s/ep | delay=5.00
ep 750/4000 | reward(MA200)=-5.33 success=12.11 fail=12.89 | 0.19s/ep | delay=5.00
ep 800/4000 | reward(MA200)=-3.43 success=12.30 fail=12.70 | 0.18s/ep | delay=5.00
ep 850/4000 | reward(MA200)=-0.87 success=12.56 fail=12.44 | 0.18s/ep | delay=5.00
ep 900/4000 | reward(MA200)=1.80 success=12.83 fail=12.17 | 0.18s/ep | delay=5.00
ep 950/4000 | reward(MA200)=2.82 success=12.94 fail=12.06 | 0.18s/ep | delay=5.00
ep 1000/4000 | reward(MA200)=4.38 success=13.10 fail=11.90 | 0.18s/ep | delay=5.00
ep 1050/4000 | reward(MA200)=6.66 success=13.32 fail=11.68 | 0.18s/ep | delay=5.00
ep 1100/4000 | reward(MA200)=8.41 success=13.49 fail=11.51 | 0.18s/ep | delay=5.00
ep 1150/4000 | reward(MA200)=10.93 success=13.74 fail=11.26 | 0.18s/ep | delay=5.00
ep 1200/4000 | reward(MA200)=12.68 success=13.90 fail=11.10 | 0.18s/ep | delay=5.00
ep 1250/4000 | reward(MA200)=13.39 success=13.97 fail=11.03 | 0.18s/ep | delay=5.00
ep 1300/4000 | reward(MA200)=13.18 success=13.95 fail=11.05 | 0.18s/ep | delay=5.00
ep 1350/4000 | reward(MA200)=13.80 success=14.01 fail=10.99 | 0.18s/ep | delay=5.00
ep 1400/4000 | reward(MA200)=14.15 success=14.04 fail=10.96 | 0.18s/ep | delay=5.00
ep 1450/4000 | reward(MA200)=14.70 success=14.10 fail=10.90 | 0.18s/ep | delay=5.00
ep 1500/4000 | reward(MA200)=15.90 success=14.21 fail=10.79 | 0.18s/ep | delay=5.00
ep 1550/4000 | reward(MA200)=16.28 success=14.24 fail=10.76 | 0.18s/ep | delay=5.00
ep 1600/4000 | reward(MA200)=16.70 success=14.28 fail=10.72 | 0.19s/ep | delay=5.00
ep 1650/4000 | reward(MA200)=16.88 success=14.29 fail=10.71 | 0.19s/ep | delay=5.00
ep 1700/4000 | reward(MA200)=17.04 success=14.29 fail=10.71 | 0.19s/ep | delay=5.00
ep 1750/4000 | reward(MA200)=17.58 success=14.34 fail=10.66 | 0.19s/ep | delay=5.00
ep 1800/4000 | reward(MA200)=18.35 success=14.41 fail=10.59 | 0.20s/ep | delay=5.00
ep 1850/4000 | reward(MA200)=18.97 success=14.47 fail=10.53 | 0.20s/ep | delay=5.00
ep 1900/4000 | reward(MA200)=20.02 success=14.57 fail=10.43 | 0.20s/ep | delay=5.00
ep 1950/4000 | reward(MA200)=20.54 success=14.63 fail=10.37 | 0.20s/ep | delay=5.00
ep 2000/4000 | reward(MA200)=20.95 success=14.66 fail=10.34 | 0.20s/ep | delay=5.00
ep 2050/4000 | reward(MA200)=21.02 success=14.67 fail=10.33 | 0.21s/ep | delay=5.00
ep 2100/4000 | reward(MA200)=20.62 success=14.63 fail=10.37 | 0.21s/ep | delay=5.00
ep 2150/4000 | reward(MA200)=20.33 success=14.61 fail=10.39 | 0.21s/ep | delay=5.00
ep 2200/4000 | reward(MA200)=21.11 success=14.69 fail=10.31 | 0.21s/ep | delay=5.00
ep 2250/4000 | reward(MA200)=21.62 success=14.73 fail=10.27 | 0.21s/ep | delay=5.00
ep 2300/4000 | reward(MA200)=22.05 success=14.78 fail=10.22 | 0.21s/ep | delay=5.00
ep 2350/4000 | reward(MA200)=23.03 success=14.87 fail=10.13 | 0.21s/ep | delay=5.00
ep 2400/4000 | reward(MA200)=22.92 success=14.85 fail=10.15 | 0.21s/ep | delay=5.00
ep 2450/4000 | reward(MA200)=22.61 success=14.81 fail=10.19 | 0.22s/ep | delay=5.00
ep 2500/4000 | reward(MA200)=22.84 success=14.82 fail=10.18 | 0.22s/ep | delay=5.00
ep 2550/4000 | reward(MA200)=22.48 success=14.79 fail=10.21 | 0.22s/ep | delay=5.00
ep 2600/4000 | reward(MA200)=22.58 success=14.79 fail=10.21 | 0.22s/ep | delay=5.00
ep 2650/4000 | reward(MA200)=23.69 success=14.90 fail=10.10 | 0.22s/ep | delay=5.00
ep 2700/4000 | reward(MA200)=24.23 success=14.96 fail=10.04 | 0.22s/ep | delay=5.00
ep 2750/4000 | reward(MA200)=25.03 success=15.04 fail=9.96 | 0.22s/ep | delay=5.00
ep 2800/4000 | reward(MA200)=25.15 success=15.05 fail=9.95 | 0.22s/ep | delay=5.00
ep 2850/4000 | reward(MA200)=24.89 success=15.04 fail=9.96 | 0.22s/ep | delay=5.00
ep 2900/4000 | reward(MA200)=25.55 success=15.11 fail=9.89 | 0.22s/ep | delay=5.00
ep 2950/4000 | reward(MA200)=25.96 success=15.14 fail=9.86 | 0.23s/ep | delay=5.00
ep 3000/4000 | reward(MA200)=26.26 success=15.18 fail=9.82 | 0.23s/ep | delay=5.00
ep 3050/4000 | reward(MA200)=26.84 success=15.22 fail=9.78 | 0.23s/ep | delay=5.00
ep 3100/4000 | reward(MA200)=25.66 success=15.10 fail=9.90 | 0.23s/ep | delay=5.00
ep 3150/4000 | reward(MA200)=25.46 success=15.07 fail=9.93 | 0.23s/ep | delay=5.00
ep 3200/4000 | reward(MA200)=25.28 success=15.05 fail=9.95 | 0.23s/ep | delay=5.00
ep 3250/4000 | reward(MA200)=25.06 success=15.04 fail=9.96 | 0.23s/ep | delay=5.00
ep 3300/4000 | reward(MA200)=25.70 success=15.11 fail=9.89 | 0.23s/ep | delay=5.00
ep 3350/4000 | reward(MA200)=26.17 success=15.15 fail=9.85 | 0.23s/ep | delay=5.00
ep 3400/4000 | reward(MA200)=27.26 success=15.26 fail=9.74 | 0.23s/ep | delay=5.00
ep 3450/4000 | reward(MA200)=27.85 success=15.31 fail=9.69 | 0.23s/ep | delay=5.00
ep 3500/4000 | reward(MA200)=28.01 success=15.34 fail=9.66 | 0.23s/ep | delay=5.00
ep 3550/4000 | reward(MA200)=27.57 success=15.29 fail=9.71 | 0.23s/ep | delay=5.00
ep 3600/4000 | reward(MA200)=27.80 success=15.30 fail=9.70 | 0.23s/ep | delay=5.00
ep 3650/4000 | reward(MA200)=27.66 success=15.28 fail=9.72 | 0.23s/ep | delay=5.00
ep 3700/4000 | reward(MA200)=27.97 success=15.30 fail=9.70 | 0.23s/ep | delay=5.00
ep 3750/4000 | reward(MA200)=28.05 success=15.30 fail=9.70 | 0.23s/ep | delay=5.00
ep 3800/4000 | reward(MA200)=27.31 success=15.22 fail=9.78 | 0.23s/ep | delay=5.00
ep 3850/4000 | reward(MA200)=27.07 success=15.20 fail=9.80 | 0.24s/ep | delay=5.00
ep 3900/4000 | reward(MA200)=26.87 success=15.18 fail=9.82 | 0.24s/ep | delay=5.00
ep 3950/4000 | reward(MA200)=26.52 success=15.14 fail=9.86 | 0.23s/ep | delay=5.00
ep 4000/4000 | reward(MA200)=26.58 success=15.14 fail=9.86 | 0.23s/ep | delay=5.00
DONE tag=u25_fixed_d5_s6 -> C:\Users\zengd\Desktop\论文\W-MADDPG\MADDPG_Discrete\results\exp8_delay_stable\phase0_u25_fixed_d5_s6.csv
