WARNING:tensorflow:From C:\Users\zengd\Desktop\论文\W-MADDPG\MADDPG_Discrete\train_mappo_phase0.py:150: The name tf.set_random_seed is deprecated. Please use tf.compat.v1.set_random_seed instead.

WARNING:tensorflow:From C:\Users\zengd\Desktop\论文\W-MADDPG\MADDPG_Discrete\mappo_agent.py:31: The name tf.placeholder is deprecated. Please use tf.compat.v1.placeholder instead.

WARNING:tensorflow:From C:\Users\zengd\Desktop\论文\W-MADDPG\MADDPG_Discrete\mappo_agent.py:43: The name tf.variable_scope is deprecated. Please use tf.compat.v1.variable_scope instead.

WARNING:tensorflow:From C:\Users\zengd\Desktop\论文\W-MADDPG\MADDPG_Discrete\mappo_agent.py:7: dense (from tensorflow.python.layers.core) is deprecated and will be removed in a future version.
Instructions for updating:
Use keras.layers.Dense instead.
WARNING:tensorflow:From D:\tool\anaconda\envs\py37tf\lib\site-packages\tensorflow_core\python\layers\core.py:187: Layer.apply (from tensorflow.python.keras.engine.base_layer) is deprecated and will be removed in a future version.
Instructions for updating:
Please use `layer.__call__` method instead.
WARNING:tensorflow:
The TensorFlow contrib module will not be included in TensorFlow 2.0.
For more information, please see:
  * https://github.com/tensorflow/community/blob/master/rfcs/20180907-contrib-sunset.md
  * https://github.com/tensorflow/addons
  * https://github.com/tensorflow/io (for I/O related ops)
If you depend on functionality not listed there, please file an issue.

WARNING:tensorflow:From C:\Users\zengd\Desktop\论文\W-MADDPG\MADDPG_Discrete\mappo_agent.py:114: The name tf.log is deprecated. Please use tf.math.log instead.

WARNING:tensorflow:From C:\Users\zengd\Desktop\论文\W-MADDPG\MADDPG_Discrete\mappo_agent.py:76: The name tf.get_collection is deprecated. Please use tf.compat.v1.get_collection instead.

WARNING:tensorflow:From C:\Users\zengd\Desktop\论文\W-MADDPG\MADDPG_Discrete\mappo_agent.py:76: The name tf.GraphKeys is deprecated. Please use tf.compat.v1.GraphKeys instead.

WARNING:tensorflow:From C:\Users\zengd\Desktop\论文\W-MADDPG\MADDPG_Discrete\mappo_agent.py:122: The name tf.train.AdamOptimizer is deprecated. Please use tf.compat.v1.train.AdamOptimizer instead.

WARNING:tensorflow:From D:\tool\anaconda\envs\py37tf\lib\site-packages\tensorflow_core\python\ops\math_grad.py:1424: where (from tensorflow.python.ops.array_ops) is deprecated and will be removed in a future version.
Instructions for updating:
Use tf.where in 2.0, which has the same broadcast rule as np.where
WARNING:tensorflow:From C:\Users\zengd\Desktop\论文\W-MADDPG\MADDPG_Discrete\train_mappo_phase0.py:215: The name tf.ConfigProto is deprecated. Please use tf.compat.v1.ConfigProto instead.

WARNING:tensorflow:From C:\Users\zengd\Desktop\论文\W-MADDPG\MADDPG_Discrete\train_mappo_phase0.py:219: The name tf.Session is deprecated. Please use tf.compat.v1.Session instead.

2026-09-21 14:55:48.365035: I tensorflow/core/platform/cpu_feature_guard.cc:142] Your CPU supports instructions that this TensorFlow binary was not compiled to use: AVX2
WARNING:tensorflow:From C:\Users\zengd\Desktop\论文\W-MADDPG\MADDPG_Discrete\train_mappo_phase0.py:220: The name tf.global_variables_initializer is deprecated. Please use tf.compat.v1.global_variables_initializer instead.

ep 1/4000 | reward(MA200)=-46.62 success=8.00 fail=17.00 | 4.40s/ep | delay=3.00
ep 50/4000 | reward(MA200)=-55.55 success=7.00 fail=18.00 | 0.45s/ep | delay=3.00
ep 100/4000 | reward(MA200)=-51.41 success=7.41 fail=17.59 | 0.35s/ep | delay=3.00
ep 150/4000 | reward(MA200)=-47.90 success=7.77 fail=17.23 | 0.35s/ep | delay=3.00
ep 200/4000 | reward(MA200)=-44.74 success=8.09 fail=16.91 | 0.32s/ep | delay=3.00
ep 250/4000 | reward(MA200)=-39.49 success=8.62 fail=16.38 | 0.32s/ep | delay=3.00
ep 300/4000 | reward(MA200)=-34.86 success=9.10 fail=15.90 | 0.31s/ep | delay=3.00
ep 350/4000 | reward(MA200)=-31.76 success=9.40 fail=15.60 | 0.31s/ep | delay=3.00
ep 400/4000 | reward(MA200)=-28.41 success=9.74 fail=15.26 | 0.30s/ep | delay=3.00
ep 450/4000 | reward(MA200)=-25.51 success=10.02 fail=14.98 | 0.31s/ep | delay=3.00
ep 500/4000 | reward(MA200)=-22.34 success=10.32 fail=14.68 | 0.30s/ep | delay=3.00
ep 550/4000 | reward(MA200)=-19.61 success=10.59 fail=14.41 | 0.30s/ep | delay=3.00
ep 600/4000 | reward(MA200)=-16.28 success=10.91 fail=14.09 | 0.29s/ep | delay=3.00
ep 650/4000 | reward(MA200)=-12.16 success=11.31 fail=13.69 | 0.29s/ep | delay=3.00
ep 700/4000 | reward(MA200)=-9.50 success=11.57 fail=13.43 | 0.29s/ep | delay=3.00
ep 750/4000 | reward(MA200)=-6.76 success=11.85 fail=13.15 | 0.29s/ep | delay=3.00
ep 800/4000 | reward(MA200)=-6.55 success=11.87 fail=13.13 | 0.29s/ep | delay=3.00
ep 850/4000 | reward(MA200)=-6.13 success=11.91 fail=13.09 | 0.29s/ep | delay=3.00
ep 900/4000 | reward(MA200)=-5.15 success=12.01 fail=12.99 | 0.29s/ep | delay=3.00
ep 950/4000 | reward(MA200)=-3.92 success=12.12 fail=12.88 | 0.28s/ep | delay=3.00
ep 1000/4000 | reward(MA200)=-2.24 success=12.29 fail=12.71 | 0.27s/ep | delay=3.00
ep 1050/4000 | reward(MA200)=-0.83 success=12.41 fail=12.59 | 0.26s/ep | delay=3.00
ep 1100/4000 | reward(MA200)=0.14 success=12.52 fail=12.48 | 0.26s/ep | delay=3.00
ep 1150/4000 | reward(MA200)=0.83 success=12.60 fail=12.40 | 0.25s/ep | delay=3.00
ep 1200/4000 | reward(MA200)=1.55 success=12.67 fail=12.33 | 0.25s/ep | delay=3.00
ep 1250/4000 | reward(MA200)=2.37 success=12.77 fail=12.23 | 0.24s/ep | delay=3.00
ep 1300/4000 | reward(MA200)=3.01 success=12.82 fail=12.18 | 0.24s/ep | delay=3.00
ep 1350/4000 | reward(MA200)=4.51 success=12.96 fail=12.04 | 0.24s/ep | delay=3.00
ep 1400/4000 | reward(MA200)=5.61 success=13.07 fail=11.93 | 0.23s/ep | delay=3.00
ep 1450/4000 | reward(MA200)=6.44 success=13.14 fail=11.86 | 0.23s/ep | delay=3.00
ep 1500/4000 | reward(MA200)=7.83 success=13.29 fail=11.71 | 0.23s/ep | delay=3.00
ep 1550/4000 | reward(MA200)=8.92 success=13.39 fail=11.61 | 0.23s/ep | delay=3.00
ep 1600/4000 | reward(MA200)=10.90 success=13.59 fail=11.41 | 0.22s/ep | delay=3.00
ep 1650/4000 | reward(MA200)=11.83 success=13.69 fail=11.31 | 0.22s/ep | delay=3.00
ep 1700/4000 | reward(MA200)=11.96 success=13.70 fail=11.30 | 0.22s/ep | delay=3.00
ep 1750/4000 | reward(MA200)=12.42 success=13.74 fail=11.26 | 0.22s/ep | delay=3.00
ep 1800/4000 | reward(MA200)=13.27 success=13.82 fail=11.18 | 0.22s/ep | delay=3.00
ep 1850/4000 | reward(MA200)=15.49 success=14.04 fail=10.96 | 0.22s/ep | delay=3.00
ep 1900/4000 | reward(MA200)=18.45 success=14.34 fail=10.66 | 0.21s/ep | delay=3.00
ep 1950/4000 | reward(MA200)=21.23 success=14.62 fail=10.38 | 0.21s/ep | delay=3.00
ep 2000/4000 | reward(MA200)=23.09 success=14.80 fail=10.20 | 0.21s/ep | delay=3.00
ep 2050/4000 | reward(MA200)=24.66 success=14.96 fail=10.04 | 0.21s/ep | delay=3.00
ep 2100/4000 | reward(MA200)=25.61 success=15.05 fail=9.95 | 0.21s/ep | delay=3.00
ep 2150/4000 | reward(MA200)=25.74 success=15.06 fail=9.94 | 0.21s/ep | delay=3.00
ep 2200/4000 | reward(MA200)=25.63 success=15.05 fail=9.95 | 0.21s/ep | delay=3.00
ep 2250/4000 | reward(MA200)=25.23 success=15.02 fail=9.98 | 0.20s/ep | delay=3.00
ep 2300/4000 | reward(MA200)=24.98 success=14.99 fail=10.01 | 0.20s/ep | delay=3.00
ep 2350/4000 | reward(MA200)=24.53 success=14.95 fail=10.05 | 0.20s/ep | delay=3.00
ep 2400/4000 | reward(MA200)=24.59 success=14.96 fail=10.04 | 0.20s/ep | delay=3.00
ep 2450/4000 | reward(MA200)=25.39 success=15.04 fail=9.96 | 0.20s/ep | delay=3.00
ep 2500/4000 | reward(MA200)=25.46 success=15.05 fail=9.95 | 0.20s/ep | delay=3.00
ep 2550/4000 | reward(MA200)=26.86 success=15.20 fail=9.80 | 0.20s/ep | delay=3.00
ep 2600/4000 | reward(MA200)=27.46 success=15.26 fail=9.74 | 0.20s/ep | delay=3.00
ep 2650/4000 | reward(MA200)=28.04 success=15.31 fail=9.69 | 0.20s/ep | delay=3.00
ep 2700/4000 | reward(MA200)=29.00 success=15.40 fail=9.60 | 0.20s/ep | delay=3.00
ep 2750/4000 | reward(MA200)=29.76 success=15.47 fail=9.53 | 0.20s/ep | delay=3.00
ep 2800/4000 | reward(MA200)=30.21 success=15.52 fail=9.48 | 0.20s/ep | delay=3.00
ep 2850/4000 | reward(MA200)=30.60 success=15.55 fail=9.45 | 0.19s/ep | delay=3.00
ep 2900/4000 | reward(MA200)=31.14 success=15.61 fail=9.39 | 0.19s/ep | delay=3.00
ep 2950/4000 | reward(MA200)=30.82 success=15.57 fail=9.43 | 0.19s/ep | delay=3.00
ep 3000/4000 | reward(MA200)=31.88 success=15.68 fail=9.32 | 0.19s/ep | delay=3.00
ep 3050/4000 | reward(MA200)=32.58 success=15.74 fail=9.26 | 0.19s/ep | delay=3.00
ep 3100/4000 | reward(MA200)=32.71 success=15.76 fail=9.24 | 0.19s/ep | delay=3.00
ep 3150/4000 | reward(MA200)=33.95 success=15.88 fail=9.12 | 0.19s/ep | delay=3.00
ep 3200/4000 | reward(MA200)=34.09 success=15.88 fail=9.12 | 0.19s/ep | delay=3.00
ep 3250/4000 | reward(MA200)=34.23 success=15.89 fail=9.11 | 0.19s/ep | delay=3.00
ep 3300/4000 | reward(MA200)=34.21 success=15.89 fail=9.11 | 0.19s/ep | delay=3.00
ep 3350/4000 | reward(MA200)=34.10 success=15.88 fail=9.12 | 0.19s/ep | delay=3.00
ep 3400/4000 | reward(MA200)=34.86 success=15.96 fail=9.04 | 0.19s/ep | delay=3.00
ep 3450/4000 | reward(MA200)=34.83 success=15.95 fail=9.05 | 0.19s/ep | delay=3.00
ep 3500/4000 | reward(MA200)=35.34 success=15.99 fail=9.01 | 0.19s/ep | delay=3.00
ep 3550/4000 | reward(MA200)=35.66 success=16.02 fail=8.98 | 0.19s/ep | delay=3.00
ep 3600/4000 | reward(MA200)=35.40 success=15.99 fail=9.01 | 0.19s/ep | delay=3.00
ep 3650/4000 | reward(MA200)=35.51 success=16.02 fail=8.98 | 0.19s/ep | delay=3.00
ep 3700/4000 | reward(MA200)=35.41 success=16.02 fail=8.98 | 0.19s/ep | delay=3.00
ep 3750/4000 | reward(MA200)=35.38 success=16.02 fail=8.98 | 0.19s/ep | delay=3.00
ep 3800/4000 | reward(MA200)=34.68 success=15.96 fail=9.04 | 0.19s/ep | delay=3.00
ep 3850/4000 | reward(MA200)=35.22 success=16.00 fail=9.00 | 0.19s/ep | delay=3.00
ep 3900/4000 | reward(MA200)=36.38 success=16.11 fail=8.89 | 0.19s/ep | delay=3.00
ep 3950/4000 | reward(MA200)=37.26 success=16.20 fail=8.80 | 0.19s/ep | delay=3.00
ep 4000/4000 | reward(MA200)=38.69 success=16.34 fail=8.66 | 0.19s/ep | delay=3.00
DONE tag=u25_fixed_d3_s4 -> C:\Users\zengd\Desktop\论文\W-MADDPG\MADDPG_Discrete\results\exp8_delay_stable\phase0_u25_fixed_d3_s4.csv
