WARNING:tensorflow:From C:\Users\zengd\Desktop\论文\W-MADDPG\MADDPG_Discrete\train_mappo_phase0.py:150: The name tf.set_random_seed is deprecated. Please use tf.compat.v1.set_random_seed instead.

WARNING:tensorflow:From C:\Users\zengd\Desktop\论文\W-MADDPG\MADDPG_Discrete\mappo_agent.py:31: The name tf.placeholder is deprecated. Please use tf.compat.v1.placeholder instead.

WARNING:tensorflow:From C:\Users\zengd\Desktop\论文\W-MADDPG\MADDPG_Discrete\mappo_agent.py:43: The name tf.variable_scope is deprecated. Please use tf.compat.v1.variable_scope instead.

WARNING:tensorflow:From C:\Users\zengd\Desktop\论文\W-MADDPG\MADDPG_Discrete\mappo_agent.py:7: dense (from tensorflow.python.layers.core) is deprecated and will be removed in a future version.
Instructions for updating:
Use keras.layers.Dense instead.
WARNING:tensorflow:From D:\tool\anaconda\envs\py37tf\lib\site-packages\tensorflow_core\python\layers\core.py:187: Layer.apply (from tensorflow.python.keras.engine.base_layer) is deprecated and will be removed in a future version.
Instructions for updating:
Please use `layer.__call__` method instead.
WARNING:tensorflow:
The TensorFlow contrib module will not be included in TensorFlow 2.0.
For more information, please see:
  * https://github.com/tensorflow/community/blob/master/rfcs/20180907-contrib-sunset.md
  * https://github.com/tensorflow/addons
  * https://github.com/tensorflow/io (for I/O related ops)
If you depend on functionality not listed there, please file an issue.

WARNING:tensorflow:From C:\Users\zengd\Desktop\论文\W-MADDPG\MADDPG_Discrete\mappo_agent.py:114: The name tf.log is deprecated. Please use tf.math.log instead.

WARNING:tensorflow:From C:\Users\zengd\Desktop\论文\W-MADDPG\MADDPG_Discrete\mappo_agent.py:76: The name tf.get_collection is deprecated. Please use tf.compat.v1.get_collection instead.

WARNING:tensorflow:From C:\Users\zengd\Desktop\论文\W-MADDPG\MADDPG_Discrete\mappo_agent.py:76: The name tf.GraphKeys is deprecated. Please use tf.compat.v1.GraphKeys instead.

WARNING:tensorflow:From C:\Users\zengd\Desktop\论文\W-MADDPG\MADDPG_Discrete\mappo_agent.py:122: The name tf.train.AdamOptimizer is deprecated. Please use tf.compat.v1.train.AdamOptimizer instead.

WARNING:tensorflow:From D:\tool\anaconda\envs\py37tf\lib\site-packages\tensorflow_core\python\ops\math_grad.py:1424: where (from tensorflow.python.ops.array_ops) is deprecated and will be removed in a future version.
Instructions for updating:
Use tf.where in 2.0, which has the same broadcast rule as np.where
WARNING:tensorflow:From C:\Users\zengd\Desktop\论文\W-MADDPG\MADDPG_Discrete\train_mappo_phase0.py:215: The name tf.ConfigProto is deprecated. Please use tf.compat.v1.ConfigProto instead.

WARNING:tensorflow:From C:\Users\zengd\Desktop\论文\W-MADDPG\MADDPG_Discrete\train_mappo_phase0.py:219: The name tf.Session is deprecated. Please use tf.compat.v1.Session instead.

2026-09-21 15:36:33.608811: I tensorflow/core/platform/cpu_feature_guard.cc:142] Your CPU supports instructions that this TensorFlow binary was not compiled to use: AVX2
WARNING:tensorflow:From C:\Users\zengd\Desktop\论文\W-MADDPG\MADDPG_Discrete\train_mappo_phase0.py:220: The name tf.global_variables_initializer is deprecated. Please use tf.compat.v1.global_variables_initializer instead.

ep 1/4000 | reward(MA200)=-46.32 success=8.00 fail=17.00 | 1.54s/ep | delay=2.18
ep 50/4000 | reward(MA200)=-43.12 success=8.28 fail=16.72 | 0.21s/ep | delay=2.27
ep 100/4000 | reward(MA200)=-42.74 success=8.32 fail=16.68 | 0.17s/ep | delay=2.25
ep 150/4000 | reward(MA200)=-41.56 success=8.43 fail=16.57 | 0.17s/ep | delay=2.29
ep 200/4000 | reward(MA200)=-40.12 success=8.58 fail=16.42 | 0.16s/ep | delay=2.20
ep 250/4000 | reward(MA200)=-37.78 success=8.81 fail=16.18 | 0.16s/ep | delay=2.09
ep 300/4000 | reward(MA200)=-35.51 success=9.04 fail=15.96 | 0.15s/ep | delay=2.18
ep 350/4000 | reward(MA200)=-33.33 success=9.27 fail=15.73 | 0.15s/ep | delay=2.26
ep 400/4000 | reward(MA200)=-31.89 success=9.42 fail=15.58 | 0.15s/ep | delay=2.18
ep 450/4000 | reward(MA200)=-30.86 success=9.53 fail=15.47 | 0.15s/ep | delay=2.29
ep 500/4000 | reward(MA200)=-28.75 success=9.73 fail=15.27 | 0.15s/ep | delay=2.24
ep 550/4000 | reward(MA200)=-26.82 success=9.93 fail=15.07 | 0.15s/ep | delay=2.19
ep 600/4000 | reward(MA200)=-24.81 success=10.12 fail=14.88 | 0.15s/ep | delay=2.24
ep 650/4000 | reward(MA200)=-22.45 success=10.36 fail=14.64 | 0.16s/ep | delay=2.14
ep 700/4000 | reward(MA200)=-20.17 success=10.59 fail=14.41 | 0.16s/ep | delay=2.24
ep 750/4000 | reward(MA200)=-18.54 success=10.74 fail=14.26 | 0.17s/ep | delay=2.20
ep 800/4000 | reward(MA200)=-15.32 success=11.06 fail=13.94 | 0.17s/ep | delay=2.28
ep 850/4000 | reward(MA200)=-12.70 success=11.32 fail=13.68 | 0.17s/ep | delay=2.19
ep 900/4000 | reward(MA200)=-10.66 success=11.54 fail=13.46 | 0.16s/ep | delay=2.20
ep 950/4000 | reward(MA200)=-7.57 success=11.84 fail=13.16 | 0.16s/ep | delay=2.22
ep 1000/4000 | reward(MA200)=-5.72 success=12.03 fail=12.97 | 0.16s/ep | delay=2.28
ep 1050/4000 | reward(MA200)=-3.90 success=12.21 fail=12.79 | 0.16s/ep | delay=2.26
ep 1100/4000 | reward(MA200)=-1.14 success=12.48 fail=12.52 | 0.16s/ep | delay=2.21
ep 1150/4000 | reward(MA200)=1.03 success=12.70 fail=12.30 | 0.16s/ep | delay=2.25
ep 1200/4000 | reward(MA200)=4.26 success=13.03 fail=11.97 | 0.16s/ep | delay=2.32
ep 1250/4000 | reward(MA200)=8.08 success=13.41 fail=11.59 | 0.16s/ep | delay=2.25
ep 1300/4000 | reward(MA200)=10.28 success=13.63 fail=11.37 | 0.16s/ep | delay=2.20
ep 1350/4000 | reward(MA200)=12.97 success=13.90 fail=11.10 | 0.17s/ep | delay=2.20
ep 1400/4000 | reward(MA200)=13.07 success=13.90 fail=11.10 | 0.16s/ep | delay=2.25
ep 1450/4000 | reward(MA200)=14.37 success=14.02 fail=10.98 | 0.16s/ep | delay=2.23
ep 1500/4000 | reward(MA200)=15.25 success=14.11 fail=10.89 | 0.16s/ep | delay=2.25
ep 1550/4000 | reward(MA200)=15.06 success=14.10 fail=10.90 | 0.16s/ep | delay=2.17
ep 1600/4000 | reward(MA200)=16.17 success=14.21 fail=10.79 | 0.16s/ep | delay=2.20
ep 1650/4000 | reward(MA200)=16.59 success=14.26 fail=10.74 | 0.16s/ep | delay=2.17
ep 1700/4000 | reward(MA200)=17.04 success=14.30 fail=10.70 | 0.17s/ep | delay=2.23
ep 1750/4000 | reward(MA200)=18.93 success=14.50 fail=10.50 | 0.17s/ep | delay=2.14
ep 1800/4000 | reward(MA200)=21.44 success=14.75 fail=10.25 | 0.17s/ep | delay=2.18
ep 1850/4000 | reward(MA200)=22.99 success=14.90 fail=10.10 | 0.17s/ep | delay=2.26
ep 1900/4000 | reward(MA200)=24.79 success=15.08 fail=9.92 | 0.16s/ep | delay=2.22
ep 1950/4000 | reward(MA200)=26.18 success=15.21 fail=9.79 | 0.16s/ep | delay=2.28
ep 2000/4000 | reward(MA200)=26.67 success=15.27 fail=9.73 | 0.16s/ep | delay=2.25
ep 2050/4000 | reward(MA200)=27.01 success=15.30 fail=9.70 | 0.16s/ep | delay=2.31
ep 2100/4000 | reward(MA200)=28.14 success=15.41 fail=9.59 | 0.16s/ep | delay=2.21
ep 2150/4000 | reward(MA200)=29.58 success=15.56 fail=9.44 | 0.16s/ep | delay=2.15
ep 2200/4000 | reward(MA200)=30.42 success=15.65 fail=9.35 | 0.16s/ep | delay=2.25
ep 2250/4000 | reward(MA200)=32.70 success=15.89 fail=9.11 | 0.16s/ep | delay=2.25
ep 2300/4000 | reward(MA200)=33.87 success=16.00 fail=8.99 | 0.16s/ep | delay=2.27
ep 2350/4000 | reward(MA200)=34.18 success=16.04 fail=8.96 | 0.17s/ep | delay=2.22
ep 2400/4000 | reward(MA200)=35.47 success=16.16 fail=8.84 | 0.17s/ep | delay=2.30
ep 2450/4000 | reward(MA200)=35.50 success=16.16 fail=8.84 | 0.17s/ep | delay=2.24
ep 2500/4000 | reward(MA200)=35.15 success=16.13 fail=8.87 | 0.17s/ep | delay=2.16
ep 2550/4000 | reward(MA200)=34.86 success=16.11 fail=8.89 | 0.17s/ep | delay=2.27
ep 2600/4000 | reward(MA200)=34.45 success=16.07 fail=8.94 | 0.17s/ep | delay=2.21
ep 2650/4000 | reward(MA200)=34.44 success=16.06 fail=8.94 | 0.17s/ep | delay=2.30
ep 2700/4000 | reward(MA200)=36.19 success=16.23 fail=8.77 | 0.17s/ep | delay=2.13
ep 2750/4000 | reward(MA200)=36.02 success=16.21 fail=8.79 | 0.17s/ep | delay=2.20
ep 2800/4000 | reward(MA200)=36.27 success=16.24 fail=8.76 | 0.16s/ep | delay=2.26
ep 2850/4000 | reward(MA200)=36.08 success=16.23 fail=8.78 | 0.16s/ep | delay=2.31
ep 2900/4000 | reward(MA200)=34.94 success=16.11 fail=8.89 | 0.17s/ep | delay=2.18
ep 2950/4000 | reward(MA200)=35.67 success=16.18 fail=8.82 | 0.17s/ep | delay=2.13
ep 3000/4000 | reward(MA200)=35.74 success=16.18 fail=8.82 | 0.17s/ep | delay=2.16
ep 3050/4000 | reward(MA200)=36.21 success=16.21 fail=8.79 | 0.17s/ep | delay=2.26
ep 3100/4000 | reward(MA200)=36.92 success=16.29 fail=8.71 | 0.17s/ep | delay=2.21
ep 3150/4000 | reward(MA200)=36.90 success=16.30 fail=8.71 | 0.17s/ep | delay=2.25
ep 3200/4000 | reward(MA200)=36.62 success=16.27 fail=8.72 | 0.17s/ep | delay=2.18
ep 3250/4000 | reward(MA200)=37.02 success=16.32 fail=8.68 | 0.17s/ep | delay=2.12
ep 3300/4000 | reward(MA200)=36.86 success=16.31 fail=8.69 | 0.17s/ep | delay=2.26
ep 3350/4000 | reward(MA200)=37.69 success=16.39 fail=8.61 | 0.17s/ep | delay=2.15
ep 3400/4000 | reward(MA200)=38.77 success=16.50 fail=8.49 | 0.18s/ep | delay=2.25
ep 3450/4000 | reward(MA200)=38.51 success=16.48 fail=8.52 | 0.18s/ep | delay=2.20
ep 3500/4000 | reward(MA200)=39.11 success=16.54 fail=8.46 | 0.18s/ep | delay=2.14
ep 3550/4000 | reward(MA200)=39.21 success=16.55 fail=8.45 | 0.18s/ep | delay=2.20
ep 3600/4000 | reward(MA200)=38.79 success=16.51 fail=8.49 | 0.18s/ep | delay=2.29
ep 3650/4000 | reward(MA200)=38.81 success=16.51 fail=8.49 | 0.18s/ep | delay=2.14
ep 3700/4000 | reward(MA200)=39.09 success=16.53 fail=8.47 | 0.17s/ep | delay=2.23
ep 3750/4000 | reward(MA200)=38.86 success=16.50 fail=8.49 | 0.17s/ep | delay=2.28
ep 3800/4000 | reward(MA200)=39.29 success=16.55 fail=8.46 | 0.17s/ep | delay=2.29
ep 3850/4000 | reward(MA200)=39.40 success=16.56 fail=8.44 | 0.17s/ep | delay=2.19
ep 3900/4000 | reward(MA200)=39.22 success=16.55 fail=8.45 | 0.17s/ep | delay=2.26
ep 3950/4000 | reward(MA200)=39.04 success=16.54 fail=8.46 | 0.17s/ep | delay=2.23
ep 4000/4000 | reward(MA200)=39.67 success=16.60 fail=8.40 | 0.17s/ep | delay=2.26
DONE tag=u25_unfixed_1-4_s10 -> C:\Users\zengd\Desktop\论文\W-MADDPG\MADDPG_Discrete\results\exp8_delay_stable\phase0_u25_unfixed_1-4_s10.csv
