WARNING:tensorflow:From C:\Users\zengd\Desktop\论文\W-MADDPG\MADDPG_Discrete\train_mappo_phase0.py:150: The name tf.set_random_seed is deprecated. Please use tf.compat.v1.set_random_seed instead.

WARNING:tensorflow:From C:\Users\zengd\Desktop\论文\W-MADDPG\MADDPG_Discrete\mappo_agent.py:31: The name tf.placeholder is deprecated. Please use tf.compat.v1.placeholder instead.

WARNING:tensorflow:From C:\Users\zengd\Desktop\论文\W-MADDPG\MADDPG_Discrete\mappo_agent.py:43: The name tf.variable_scope is deprecated. Please use tf.compat.v1.variable_scope instead.

WARNING:tensorflow:From C:\Users\zengd\Desktop\论文\W-MADDPG\MADDPG_Discrete\mappo_agent.py:7: dense (from tensorflow.python.layers.core) is deprecated and will be removed in a future version.
Instructions for updating:
Use keras.layers.Dense instead.
WARNING:tensorflow:From D:\tool\anaconda\envs\py37tf\lib\site-packages\tensorflow_core\python\layers\core.py:187: Layer.apply (from tensorflow.python.keras.engine.base_layer) is deprecated and will be removed in a future version.
Instructions for updating:
Please use `layer.__call__` method instead.
WARNING:tensorflow:
The TensorFlow contrib module will not be included in TensorFlow 2.0.
For more information, please see:
  * https://github.com/tensorflow/community/blob/master/rfcs/20180907-contrib-sunset.md
  * https://github.com/tensorflow/addons
  * https://github.com/tensorflow/io (for I/O related ops)
If you depend on functionality not listed there, please file an issue.

WARNING:tensorflow:From C:\Users\zengd\Desktop\论文\W-MADDPG\MADDPG_Discrete\mappo_agent.py:114: The name tf.log is deprecated. Please use tf.math.log instead.

WARNING:tensorflow:From C:\Users\zengd\Desktop\论文\W-MADDPG\MADDPG_Discrete\mappo_agent.py:76: The name tf.get_collection is deprecated. Please use tf.compat.v1.get_collection instead.

WARNING:tensorflow:From C:\Users\zengd\Desktop\论文\W-MADDPG\MADDPG_Discrete\mappo_agent.py:76: The name tf.GraphKeys is deprecated. Please use tf.compat.v1.GraphKeys instead.

WARNING:tensorflow:From C:\Users\zengd\Desktop\论文\W-MADDPG\MADDPG_Discrete\mappo_agent.py:122: The name tf.train.AdamOptimizer is deprecated. Please use tf.compat.v1.train.AdamOptimizer instead.

WARNING:tensorflow:From D:\tool\anaconda\envs\py37tf\lib\site-packages\tensorflow_core\python\ops\math_grad.py:1424: where (from tensorflow.python.ops.array_ops) is deprecated and will be removed in a future version.
Instructions for updating:
Use tf.where in 2.0, which has the same broadcast rule as np.where
WARNING:tensorflow:From C:\Users\zengd\Desktop\论文\W-MADDPG\MADDPG_Discrete\train_mappo_phase0.py:215: The name tf.ConfigProto is deprecated. Please use tf.compat.v1.ConfigProto instead.

WARNING:tensorflow:From C:\Users\zengd\Desktop\论文\W-MADDPG\MADDPG_Discrete\train_mappo_phase0.py:219: The name tf.Session is deprecated. Please use tf.compat.v1.Session instead.

2026-09-21 15:08:46.316409: I tensorflow/core/platform/cpu_feature_guard.cc:142] Your CPU supports instructions that this TensorFlow binary was not compiled to use: AVX2
WARNING:tensorflow:From C:\Users\zengd\Desktop\论文\W-MADDPG\MADDPG_Discrete\train_mappo_phase0.py:220: The name tf.global_variables_initializer is deprecated. Please use tf.compat.v1.global_variables_initializer instead.

ep 1/4000 | reward(MA200)=-85.76 success=4.00 fail=21.00 | 1.80s/ep | delay=3.00
ep 50/4000 | reward(MA200)=-59.84 success=6.56 fail=18.44 | 0.23s/ep | delay=3.00
ep 100/4000 | reward(MA200)=-55.85 success=6.95 fail=18.05 | 0.19s/ep | delay=3.00
ep 150/4000 | reward(MA200)=-52.13 success=7.31 fail=17.69 | 0.19s/ep | delay=3.00
ep 200/4000 | reward(MA200)=-50.58 success=7.46 fail=17.55 | 0.19s/ep | delay=3.00
ep 250/4000 | reward(MA200)=-45.19 success=7.98 fail=17.02 | 0.21s/ep | delay=3.00
ep 300/4000 | reward(MA200)=-40.01 success=8.49 fail=16.51 | 0.20s/ep | delay=3.00
ep 350/4000 | reward(MA200)=-35.90 success=8.90 fail=16.09 | 0.20s/ep | delay=3.00
ep 400/4000 | reward(MA200)=-30.90 success=9.41 fail=15.59 | 0.19s/ep | delay=3.00
ep 450/4000 | reward(MA200)=-26.20 success=9.89 fail=15.11 | 0.19s/ep | delay=3.00
ep 500/4000 | reward(MA200)=-21.88 success=10.34 fail=14.66 | 0.19s/ep | delay=3.00
ep 550/4000 | reward(MA200)=-17.58 success=10.78 fail=14.22 | 0.19s/ep | delay=3.00
ep 600/4000 | reward(MA200)=-14.43 success=11.09 fail=13.91 | 0.18s/ep | delay=3.00
ep 650/4000 | reward(MA200)=-12.51 success=11.28 fail=13.72 | 0.19s/ep | delay=3.00
ep 700/4000 | reward(MA200)=-11.13 success=11.41 fail=13.59 | 0.18s/ep | delay=3.00
ep 750/4000 | reward(MA200)=-9.89 success=11.53 fail=13.47 | 0.18s/ep | delay=3.00
ep 800/4000 | reward(MA200)=-7.28 success=11.78 fail=13.22 | 0.18s/ep | delay=3.00
ep 850/4000 | reward(MA200)=-4.45 success=12.06 fail=12.94 | 0.18s/ep | delay=3.00
ep 900/4000 | reward(MA200)=-2.55 success=12.25 fail=12.75 | 0.18s/ep | delay=3.00
ep 950/4000 | reward(MA200)=-0.24 success=12.48 fail=12.52 | 0.18s/ep | delay=3.00
ep 1000/4000 | reward(MA200)=2.09 success=12.72 fail=12.28 | 0.18s/ep | delay=3.00
ep 1050/4000 | reward(MA200)=3.45 success=12.86 fail=12.14 | 0.18s/ep | delay=3.00
ep 1100/4000 | reward(MA200)=6.00 success=13.12 fail=11.88 | 0.18s/ep | delay=3.00
ep 1150/4000 | reward(MA200)=7.68 success=13.30 fail=11.70 | 0.18s/ep | delay=3.00
ep 1200/4000 | reward(MA200)=9.25 success=13.46 fail=11.54 | 0.17s/ep | delay=3.00
ep 1250/4000 | reward(MA200)=12.06 success=13.74 fail=11.26 | 0.17s/ep | delay=3.00
ep 1300/4000 | reward(MA200)=13.60 success=13.90 fail=11.10 | 0.17s/ep | delay=3.00
ep 1350/4000 | reward(MA200)=14.77 success=14.02 fail=10.98 | 0.17s/ep | delay=3.00
ep 1400/4000 | reward(MA200)=15.50 success=14.09 fail=10.91 | 0.17s/ep | delay=3.00
ep 1450/4000 | reward(MA200)=15.94 success=14.14 fail=10.86 | 0.17s/ep | delay=3.00
ep 1500/4000 | reward(MA200)=16.32 success=14.19 fail=10.81 | 0.17s/ep | delay=3.00
ep 1550/4000 | reward(MA200)=16.30 success=14.19 fail=10.81 | 0.18s/ep | delay=3.00
ep 1600/4000 | reward(MA200)=17.09 success=14.27 fail=10.73 | 0.18s/ep | delay=3.00
ep 1650/4000 | reward(MA200)=17.14 success=14.26 fail=10.74 | 0.18s/ep | delay=3.00
ep 1700/4000 | reward(MA200)=16.48 success=14.20 fail=10.80 | 0.18s/ep | delay=3.00
ep 1750/4000 | reward(MA200)=18.04 success=14.35 fail=10.65 | 0.19s/ep | delay=3.00
ep 1800/4000 | reward(MA200)=19.14 success=14.46 fail=10.54 | 0.19s/ep | delay=3.00
ep 1850/4000 | reward(MA200)=20.34 success=14.60 fail=10.40 | 0.19s/ep | delay=3.00
ep 1900/4000 | reward(MA200)=22.68 success=14.84 fail=10.16 | 0.19s/ep | delay=3.00
ep 1950/4000 | reward(MA200)=23.44 success=14.93 fail=10.07 | 0.20s/ep | delay=3.00
ep 2000/4000 | reward(MA200)=23.77 success=14.97 fail=10.03 | 0.20s/ep | delay=3.00
ep 2050/4000 | reward(MA200)=24.78 success=15.07 fail=9.93 | 0.20s/ep | delay=3.00
ep 2100/4000 | reward(MA200)=26.26 success=15.21 fail=9.79 | 0.20s/ep | delay=3.00
ep 2150/4000 | reward(MA200)=27.17 success=15.30 fail=9.70 | 0.20s/ep | delay=3.00
ep 2200/4000 | reward(MA200)=28.34 success=15.41 fail=9.59 | 0.20s/ep | delay=3.00
ep 2250/4000 | reward(MA200)=29.53 success=15.54 fail=9.46 | 0.21s/ep | delay=3.00
ep 2300/4000 | reward(MA200)=30.73 success=15.66 fail=9.34 | 0.21s/ep | delay=3.00
ep 2350/4000 | reward(MA200)=32.91 success=15.88 fail=9.12 | 0.21s/ep | delay=3.00
ep 2400/4000 | reward(MA200)=34.53 success=16.05 fail=8.95 | 0.21s/ep | delay=3.00
ep 2450/4000 | reward(MA200)=34.97 success=16.10 fail=8.90 | 0.21s/ep | delay=3.00
ep 2500/4000 | reward(MA200)=34.40 success=16.04 fail=8.96 | 0.21s/ep | delay=3.00
ep 2550/4000 | reward(MA200)=34.56 success=16.06 fail=8.94 | 0.21s/ep | delay=3.00
ep 2600/4000 | reward(MA200)=34.66 success=16.06 fail=8.94 | 0.21s/ep | delay=3.00
ep 2650/4000 | reward(MA200)=34.82 success=16.07 fail=8.94 | 0.22s/ep | delay=3.00
ep 2700/4000 | reward(MA200)=35.14 success=16.10 fail=8.90 | 0.22s/ep | delay=3.00
ep 2750/4000 | reward(MA200)=35.12 success=16.09 fail=8.90 | 0.22s/ep | delay=3.00
ep 2800/4000 | reward(MA200)=35.56 success=16.14 fail=8.86 | 0.22s/ep | delay=3.00
ep 2850/4000 | reward(MA200)=37.02 success=16.29 fail=8.71 | 0.22s/ep | delay=3.00
ep 2900/4000 | reward(MA200)=38.89 success=16.46 fail=8.54 | 0.22s/ep | delay=3.00
ep 2950/4000 | reward(MA200)=39.92 success=16.55 fail=8.45 | 0.22s/ep | delay=3.00
ep 3000/4000 | reward(MA200)=40.41 success=16.60 fail=8.40 | 0.22s/ep | delay=3.00
ep 3050/4000 | reward(MA200)=40.64 success=16.62 fail=8.38 | 0.22s/ep | delay=3.00
ep 3100/4000 | reward(MA200)=40.36 success=16.59 fail=8.40 | 0.22s/ep | delay=3.00
ep 3150/4000 | reward(MA200)=40.26 success=16.59 fail=8.41 | 0.22s/ep | delay=3.00
ep 3200/4000 | reward(MA200)=40.68 success=16.63 fail=8.37 | 0.23s/ep | delay=3.00
ep 3250/4000 | reward(MA200)=41.15 success=16.68 fail=8.32 | 0.23s/ep | delay=3.00
ep 3300/4000 | reward(MA200)=40.34 success=16.59 fail=8.41 | 0.23s/ep | delay=3.00
ep 3350/4000 | reward(MA200)=39.78 success=16.53 fail=8.47 | 0.23s/ep | delay=3.00
ep 3400/4000 | reward(MA200)=39.57 success=16.50 fail=8.50 | 0.23s/ep | delay=3.00
ep 3450/4000 | reward(MA200)=38.24 success=16.36 fail=8.63 | 0.23s/ep | delay=3.00
ep 3500/4000 | reward(MA200)=39.64 success=16.50 fail=8.49 | 0.23s/ep | delay=3.00
ep 3550/4000 | reward(MA200)=40.28 success=16.57 fail=8.44 | 0.23s/ep | delay=3.00
ep 3600/4000 | reward(MA200)=40.29 success=16.56 fail=8.44 | 0.23s/ep | delay=3.00
ep 3650/4000 | reward(MA200)=41.69 success=16.70 fail=8.30 | 0.23s/ep | delay=3.00
ep 3700/4000 | reward(MA200)=42.51 success=16.77 fail=8.22 | 0.23s/ep | delay=3.00
ep 3750/4000 | reward(MA200)=43.35 success=16.86 fail=8.14 | 0.23s/ep | delay=3.00
ep 3800/4000 | reward(MA200)=44.17 success=16.95 fail=8.05 | 0.23s/ep | delay=3.00
ep 3850/4000 | reward(MA200)=44.42 success=16.97 fail=8.03 | 0.23s/ep | delay=3.00
ep 3900/4000 | reward(MA200)=43.81 success=16.91 fail=8.09 | 0.23s/ep | delay=3.00
ep 3950/4000 | reward(MA200)=43.36 success=16.87 fail=8.13 | 0.23s/ep | delay=3.00
ep 4000/4000 | reward(MA200)=43.16 success=16.85 fail=8.15 | 0.23s/ep | delay=3.00
DONE tag=u25_fixed_d3_s9 -> C:\Users\zengd\Desktop\论文\W-MADDPG\MADDPG_Discrete\results\exp8_delay_stable\phase0_u25_fixed_d3_s9.csv
