WARNING:tensorflow:From C:\Users\zengd\Desktop\论文\W-MADDPG\MADDPG_Discrete\train_mappo_phase0.py:150: The name tf.set_random_seed is deprecated. Please use tf.compat.v1.set_random_seed instead.

WARNING:tensorflow:From C:\Users\zengd\Desktop\论文\W-MADDPG\MADDPG_Discrete\mappo_agent.py:31: The name tf.placeholder is deprecated. Please use tf.compat.v1.placeholder instead.

WARNING:tensorflow:From C:\Users\zengd\Desktop\论文\W-MADDPG\MADDPG_Discrete\mappo_agent.py:43: The name tf.variable_scope is deprecated. Please use tf.compat.v1.variable_scope instead.

WARNING:tensorflow:From C:\Users\zengd\Desktop\论文\W-MADDPG\MADDPG_Discrete\mappo_agent.py:7: dense (from tensorflow.python.layers.core) is deprecated and will be removed in a future version.
Instructions for updating:
Use keras.layers.Dense instead.
WARNING:tensorflow:From D:\tool\anaconda\envs\py37tf\lib\site-packages\tensorflow_core\python\layers\core.py:187: Layer.apply (from tensorflow.python.keras.engine.base_layer) is deprecated and will be removed in a future version.
Instructions for updating:
Please use `layer.__call__` method instead.
WARNING:tensorflow:
The TensorFlow contrib module will not be included in TensorFlow 2.0.
For more information, please see:
  * https://github.com/tensorflow/community/blob/master/rfcs/20180907-contrib-sunset.md
  * https://github.com/tensorflow/addons
  * https://github.com/tensorflow/io (for I/O related ops)
If you depend on functionality not listed there, please file an issue.

WARNING:tensorflow:From C:\Users\zengd\Desktop\论文\W-MADDPG\MADDPG_Discrete\mappo_agent.py:114: The name tf.log is deprecated. Please use tf.math.log instead.

WARNING:tensorflow:From C:\Users\zengd\Desktop\论文\W-MADDPG\MADDPG_Discrete\mappo_agent.py:76: The name tf.get_collection is deprecated. Please use tf.compat.v1.get_collection instead.

WARNING:tensorflow:From C:\Users\zengd\Desktop\论文\W-MADDPG\MADDPG_Discrete\mappo_agent.py:76: The name tf.GraphKeys is deprecated. Please use tf.compat.v1.GraphKeys instead.

WARNING:tensorflow:From C:\Users\zengd\Desktop\论文\W-MADDPG\MADDPG_Discrete\mappo_agent.py:122: The name tf.train.AdamOptimizer is deprecated. Please use tf.compat.v1.train.AdamOptimizer instead.

WARNING:tensorflow:From D:\tool\anaconda\envs\py37tf\lib\site-packages\tensorflow_core\python\ops\math_grad.py:1424: where (from tensorflow.python.ops.array_ops) is deprecated and will be removed in a future version.
Instructions for updating:
Use tf.where in 2.0, which has the same broadcast rule as np.where
WARNING:tensorflow:From C:\Users\zengd\Desktop\论文\W-MADDPG\MADDPG_Discrete\train_mappo_phase0.py:215: The name tf.ConfigProto is deprecated. Please use tf.compat.v1.ConfigProto instead.

WARNING:tensorflow:From C:\Users\zengd\Desktop\论文\W-MADDPG\MADDPG_Discrete\train_mappo_phase0.py:219: The name tf.Session is deprecated. Please use tf.compat.v1.Session instead.

2026-09-21 15:24:38.180354: I tensorflow/core/platform/cpu_feature_guard.cc:142] Your CPU supports instructions that this TensorFlow binary was not compiled to use: AVX2
WARNING:tensorflow:From C:\Users\zengd\Desktop\论文\W-MADDPG\MADDPG_Discrete\train_mappo_phase0.py:220: The name tf.global_variables_initializer is deprecated. Please use tf.compat.v1.global_variables_initializer instead.

ep 1/4000 | reward(MA200)=-86.53 success=4.00 fail=21.00 | 1.44s/ep | delay=5.00
ep 50/4000 | reward(MA200)=-51.79 success=7.42 fail=17.58 | 0.22s/ep | delay=5.00
ep 100/4000 | reward(MA200)=-48.61 success=7.73 fail=17.27 | 0.18s/ep | delay=5.00
ep 150/4000 | reward(MA200)=-46.71 success=7.92 fail=17.08 | 0.19s/ep | delay=5.00
ep 200/4000 | reward(MA200)=-44.46 success=8.15 fail=16.85 | 0.18s/ep | delay=5.00
ep 250/4000 | reward(MA200)=-40.36 success=8.56 fail=16.44 | 0.18s/ep | delay=5.00
ep 300/4000 | reward(MA200)=-37.38 success=8.87 fail=16.13 | 0.17s/ep | delay=5.00
ep 350/4000 | reward(MA200)=-33.67 success=9.25 fail=15.75 | 0.17s/ep | delay=5.00
ep 400/4000 | reward(MA200)=-29.93 success=9.63 fail=15.37 | 0.17s/ep | delay=5.00
ep 450/4000 | reward(MA200)=-25.82 success=10.04 fail=14.96 | 0.17s/ep | delay=5.00
ep 500/4000 | reward(MA200)=-21.61 success=10.46 fail=14.54 | 0.16s/ep | delay=5.00
ep 550/4000 | reward(MA200)=-19.21 success=10.70 fail=14.30 | 0.16s/ep | delay=5.00
ep 600/4000 | reward(MA200)=-16.63 success=10.96 fail=14.04 | 0.16s/ep | delay=5.00
ep 650/4000 | reward(MA200)=-15.19 success=11.10 fail=13.90 | 0.16s/ep | delay=5.00
ep 700/4000 | reward(MA200)=-13.99 success=11.23 fail=13.77 | 0.16s/ep | delay=5.00
ep 750/4000 | reward(MA200)=-11.94 success=11.44 fail=13.56 | 0.16s/ep | delay=5.00
ep 800/4000 | reward(MA200)=-11.05 success=11.53 fail=13.47 | 0.16s/ep | delay=5.00
ep 850/4000 | reward(MA200)=-9.46 success=11.69 fail=13.31 | 0.16s/ep | delay=5.00
ep 900/4000 | reward(MA200)=-8.13 success=11.81 fail=13.19 | 0.16s/ep | delay=5.00
ep 950/4000 | reward(MA200)=-6.65 success=11.96 fail=13.04 | 0.16s/ep | delay=5.00
ep 1000/4000 | reward(MA200)=-5.14 success=12.10 fail=12.90 | 0.16s/ep | delay=5.00
ep 1050/4000 | reward(MA200)=-3.78 success=12.23 fail=12.77 | 0.16s/ep | delay=5.00
ep 1100/4000 | reward(MA200)=-2.14 success=12.39 fail=12.61 | 0.16s/ep | delay=5.00
ep 1150/4000 | reward(MA200)=-0.85 success=12.52 fail=12.48 | 0.17s/ep | delay=5.00
ep 1200/4000 | reward(MA200)=-0.12 success=12.59 fail=12.41 | 0.17s/ep | delay=5.00
ep 1250/4000 | reward(MA200)=1.52 success=12.75 fail=12.25 | 0.17s/ep | delay=5.00
ep 1300/4000 | reward(MA200)=2.30 success=12.82 fail=12.18 | 0.17s/ep | delay=5.00
ep 1350/4000 | reward(MA200)=3.91 success=12.99 fail=12.01 | 0.17s/ep | delay=5.00
ep 1400/4000 | reward(MA200)=6.07 success=13.21 fail=11.79 | 0.17s/ep | delay=5.00
ep 1450/4000 | reward(MA200)=6.98 success=13.30 fail=11.70 | 0.17s/ep | delay=5.00
ep 1500/4000 | reward(MA200)=8.23 success=13.44 fail=11.56 | 0.17s/ep | delay=5.00
ep 1550/4000 | reward(MA200)=8.75 success=13.48 fail=11.52 | 0.17s/ep | delay=5.00
ep 1600/4000 | reward(MA200)=9.46 success=13.55 fail=11.45 | 0.17s/ep | delay=5.00
ep 1650/4000 | reward(MA200)=10.57 success=13.65 fail=11.35 | 0.17s/ep | delay=5.00
ep 1700/4000 | reward(MA200)=12.49 success=13.84 fail=11.16 | 0.17s/ep | delay=5.00
ep 1750/4000 | reward(MA200)=13.80 success=13.96 fail=11.04 | 0.17s/ep | delay=5.00
ep 1800/4000 | reward(MA200)=14.61 success=14.04 fail=10.96 | 0.17s/ep | delay=5.00
ep 1850/4000 | reward(MA200)=15.31 success=14.12 fail=10.88 | 0.17s/ep | delay=5.00
ep 1900/4000 | reward(MA200)=16.15 success=14.21 fail=10.79 | 0.17s/ep | delay=5.00
ep 1950/4000 | reward(MA200)=16.96 success=14.30 fail=10.70 | 0.17s/ep | delay=5.00
ep 2000/4000 | reward(MA200)=17.94 success=14.41 fail=10.59 | 0.17s/ep | delay=5.00
ep 2050/4000 | reward(MA200)=18.95 success=14.52 fail=10.48 | 0.17s/ep | delay=5.00
ep 2100/4000 | reward(MA200)=18.83 success=14.52 fail=10.48 | 0.17s/ep | delay=5.00
ep 2150/4000 | reward(MA200)=19.60 success=14.60 fail=10.40 | 0.17s/ep | delay=5.00
ep 2200/4000 | reward(MA200)=20.28 success=14.65 fail=10.35 | 0.17s/ep | delay=5.00
ep 2250/4000 | reward(MA200)=20.75 success=14.70 fail=10.30 | 0.17s/ep | delay=5.00
ep 2300/4000 | reward(MA200)=21.43 success=14.75 fail=10.25 | 0.17s/ep | delay=5.00
ep 2350/4000 | reward(MA200)=22.29 success=14.83 fail=10.17 | 0.17s/ep | delay=5.00
ep 2400/4000 | reward(MA200)=22.75 success=14.87 fail=10.13 | 0.17s/ep | delay=5.00
ep 2450/4000 | reward(MA200)=23.08 success=14.90 fail=10.10 | 0.17s/ep | delay=5.00
ep 2500/4000 | reward(MA200)=24.24 success=15.02 fail=9.98 | 0.17s/ep | delay=5.00
ep 2550/4000 | reward(MA200)=24.32 success=15.03 fail=9.97 | 0.17s/ep | delay=5.00
ep 2600/4000 | reward(MA200)=24.95 success=15.09 fail=9.91 | 0.17s/ep | delay=5.00
ep 2650/4000 | reward(MA200)=26.15 success=15.21 fail=9.79 | 0.17s/ep | delay=5.00
ep 2700/4000 | reward(MA200)=26.87 success=15.28 fail=9.72 | 0.17s/ep | delay=5.00
ep 2750/4000 | reward(MA200)=28.47 success=15.44 fail=9.56 | 0.17s/ep | delay=5.00
ep 2800/4000 | reward(MA200)=29.53 success=15.54 fail=9.46 | 0.17s/ep | delay=5.00
ep 2850/4000 | reward(MA200)=29.72 success=15.56 fail=9.44 | 0.17s/ep | delay=5.00
ep 2900/4000 | reward(MA200)=30.63 success=15.65 fail=9.35 | 0.17s/ep | delay=5.00
ep 2950/4000 | reward(MA200)=30.94 success=15.68 fail=9.32 | 0.17s/ep | delay=5.00
ep 3000/4000 | reward(MA200)=31.90 success=15.78 fail=9.22 | 0.17s/ep | delay=5.00
ep 3050/4000 | reward(MA200)=32.74 success=15.86 fail=9.14 | 0.17s/ep | delay=5.00
ep 3100/4000 | reward(MA200)=32.77 success=15.87 fail=9.13 | 0.17s/ep | delay=5.00
ep 3150/4000 | reward(MA200)=33.39 success=15.93 fail=9.07 | 0.17s/ep | delay=5.00
ep 3200/4000 | reward(MA200)=32.85 success=15.87 fail=9.13 | 0.17s/ep | delay=5.00
ep 3250/4000 | reward(MA200)=31.99 success=15.78 fail=9.22 | 0.17s/ep | delay=5.00
ep 3300/4000 | reward(MA200)=32.23 success=15.79 fail=9.21 | 0.17s/ep | delay=5.00
ep 3350/4000 | reward(MA200)=31.77 success=15.74 fail=9.26 | 0.17s/ep | delay=5.00
ep 3400/4000 | reward(MA200)=32.40 success=15.80 fail=9.20 | 0.17s/ep | delay=5.00
ep 3450/4000 | reward(MA200)=34.13 success=15.96 fail=9.04 | 0.17s/ep | delay=5.00
ep 3500/4000 | reward(MA200)=33.98 success=15.95 fail=9.05 | 0.17s/ep | delay=5.00
ep 3550/4000 | reward(MA200)=34.05 success=15.96 fail=9.04 | 0.17s/ep | delay=5.00
ep 3600/4000 | reward(MA200)=34.04 success=15.96 fail=9.04 | 0.17s/ep | delay=5.00
ep 3650/4000 | reward(MA200)=33.28 success=15.89 fail=9.11 | 0.17s/ep | delay=5.00
ep 3700/4000 | reward(MA200)=33.01 success=15.88 fail=9.12 | 0.17s/ep | delay=5.00
ep 3750/4000 | reward(MA200)=33.35 success=15.91 fail=9.09 | 0.17s/ep | delay=5.00
ep 3800/4000 | reward(MA200)=33.44 success=15.93 fail=9.07 | 0.17s/ep | delay=5.00
ep 3850/4000 | reward(MA200)=34.16 success=16.00 fail=8.99 | 0.17s/ep | delay=5.00
ep 3900/4000 | reward(MA200)=35.15 success=16.10 fail=8.90 | 0.17s/ep | delay=5.00
ep 3950/4000 | reward(MA200)=35.62 success=16.14 fail=8.86 | 0.17s/ep | delay=5.00
ep 4000/4000 | reward(MA200)=36.15 success=16.18 fail=8.81 | 0.17s/ep | delay=5.00
DONE tag=u25_fixed_d5_s7 -> C:\Users\zengd\Desktop\论文\W-MADDPG\MADDPG_Discrete\results\exp8_delay_stable\phase0_u25_fixed_d5_s7.csv
