WARNING:tensorflow:From C:\Users\zengd\Desktop\论文\W-MADDPG\MADDPG_Discrete\train_mappo_dyn.py:144: The name tf.set_random_seed is deprecated. Please use tf.compat.v1.set_random_seed instead.

WARNING:tensorflow:From C:\Users\zengd\Desktop\论文\W-MADDPG\MADDPG_Discrete\mappo_agent.py:34: The name tf.placeholder is deprecated. Please use tf.compat.v1.placeholder instead.

WARNING:tensorflow:From C:\Users\zengd\Desktop\论文\W-MADDPG\MADDPG_Discrete\mappo_agent.py:46: The name tf.variable_scope is deprecated. Please use tf.compat.v1.variable_scope instead.

WARNING:tensorflow:From C:\Users\zengd\Desktop\论文\W-MADDPG\MADDPG_Discrete\mappo_agent.py:7: dense (from tensorflow.python.layers.core) is deprecated and will be removed in a future version.
Instructions for updating:
Use keras.layers.Dense instead.
WARNING:tensorflow:From D:\tool\anaconda\envs\py37tf\lib\site-packages\tensorflow_core\python\layers\core.py:187: Layer.apply (from tensorflow.python.keras.engine.base_layer) is deprecated and will be removed in a future version.
Instructions for updating:
Please use `layer.__call__` method instead.
WARNING:tensorflow:
The TensorFlow contrib module will not be included in TensorFlow 2.0.
For more information, please see:
  * https://github.com/tensorflow/community/blob/master/rfcs/20180907-contrib-sunset.md
  * https://github.com/tensorflow/addons
  * https://github.com/tensorflow/io (for I/O related ops)
If you depend on functionality not listed there, please file an issue.

WARNING:tensorflow:From C:\Users\zengd\Desktop\论文\W-MADDPG\MADDPG_Discrete\mappo_agent.py:136: The name tf.log is deprecated. Please use tf.math.log instead.

WARNING:tensorflow:From C:\Users\zengd\Desktop\论文\W-MADDPG\MADDPG_Discrete\mappo_agent.py:91: The name tf.get_collection is deprecated. Please use tf.compat.v1.get_collection instead.

WARNING:tensorflow:From C:\Users\zengd\Desktop\论文\W-MADDPG\MADDPG_Discrete\mappo_agent.py:91: The name tf.GraphKeys is deprecated. Please use tf.compat.v1.GraphKeys instead.

WARNING:tensorflow:From C:\Users\zengd\Desktop\论文\W-MADDPG\MADDPG_Discrete\mappo_agent.py:144: The name tf.train.AdamOptimizer is deprecated. Please use tf.compat.v1.train.AdamOptimizer instead.

WARNING:tensorflow:From D:\tool\anaconda\envs\py37tf\lib\site-packages\tensorflow_core\python\ops\math_grad.py:1424: where (from tensorflow.python.ops.array_ops) is deprecated and will be removed in a future version.
Instructions for updating:
Use tf.where in 2.0, which has the same broadcast rule as np.where
WARNING:tensorflow:From C:\Users\zengd\Desktop\论文\W-MADDPG\MADDPG_Discrete\train_mappo_dyn.py:208: The name tf.ConfigProto is deprecated. Please use tf.compat.v1.ConfigProto instead.

WARNING:tensorflow:From C:\Users\zengd\Desktop\论文\W-MADDPG\MADDPG_Discrete\train_mappo_dyn.py:210: The name tf.Session is deprecated. Please use tf.compat.v1.Session instead.

2026-09-27 14:04:37.313631: I tensorflow/core/platform/cpu_feature_guard.cc:142] Your CPU supports instructions that this TensorFlow binary was not compiled to use: AVX2
WARNING:tensorflow:From C:\Users\zengd\Desktop\论文\W-MADDPG\MADDPG_Discrete\train_mappo_dyn.py:211: The name tf.global_variables_initializer is deprecated. Please use tf.compat.v1.global_variables_initializer instead.

WARNING:tensorflow:From C:\Users\zengd\Desktop\论文\W-MADDPG\MADDPG_Discrete\train_mappo_dyn.py:212: The name tf.train.Saver is deprecated. Please use tf.compat.v1.train.Saver instead.

ep 1/1500 | r=-30.2 s=11 f=17 | route=1.00 cond=1.00 | 0.40s/ep
ep 50/1500 | r=27.2 s=22 f=17 | route=0.87 cond=0.50 | 0.41s/ep
ep 100/1500 | r=-0.5 s=18 f=18 | route=0.74 cond=1.00 | 0.43s/ep
ep 150/1500 | r=3.7 s=18 f=17 | route=0.89 cond=1.00 | 0.44s/ep
ep 200/1500 | r=-24.8 s=16 f=21 | route=0.90 cond=1.00 | 0.45s/ep
ep 250/1500 | r=52.4 s=24 f=14 | route=0.92 cond=0.80 | 0.47s/ep
ep 300/1500 | r=-16.9 s=14 f=17 | route=0.97 cond=1.00 | 0.47s/ep
ep 350/1500 | r=13.1 s=18 f=15 | route=0.85 cond=0.00 | 0.47s/ep
ep 400/1500 | r=41.8 s=23 f=15 | route=0.92 cond=0.67 | 0.47s/ep
ep 450/1500 | r=29.7 s=21 f=15 | route=0.85 cond=0.67 | 0.48s/ep
ep 500/1500 | r=30.3 s=21 f=15 | route=0.82 cond=0.89 | 0.48s/ep
ep 550/1500 | r=0.4 s=20 f=20 | route=0.95 cond=1.00 | 0.48s/ep
ep 600/1500 | r=-31.9 s=19 f=25 | route=0.90 cond=0.92 | 0.48s/ep
ep 650/1500 | r=-88.5 s=11 f=28 | route=0.91 cond=0.82 | 0.48s/ep
ep 700/1500 | r=6.1 s=19 f=18 | route=0.90 cond=1.00 | 0.48s/ep
ep 750/1500 | r=-1.8 s=22 f=22 | route=0.93 cond=1.00 | 0.48s/ep
ep 800/1500 | r=26.2 s=28 f=23 | route=0.96 cond=1.00 | 0.48s/ep
ep 850/1500 | r=56.7 s=27 f=16 | route=0.84 cond=0.80 | 0.49s/ep
ep 900/1500 | r=-55.5 s=22 f=32 | route=0.89 cond=0.95 | 0.49s/ep
ep 950/1500 | r=16.5 s=22 f=19 | route=0.80 cond=0.68 | 0.49s/ep
ep 1000/1500 | r=57.4 s=25 f=14 | route=0.83 cond=0.75 | 0.49s/ep
ep 1050/1500 | r=-37.3 s=22 f=29 | route=0.84 cond=0.95 | 0.49s/ep
ep 1100/1500 | r=14.9 s=24 f=21 | route=0.78 cond=1.00 | 0.49s/ep
ep 1150/1500 | r=32.4 s=27 f=20 | route=0.86 cond=0.89 | 0.49s/ep
ep 1200/1500 | r=-9.6 s=19 f=21 | route=0.81 cond=0.78 | 0.49s/ep
ep 1250/1500 | r=9.9 s=23 f=21 | route=0.80 cond=1.00 | 0.49s/ep
ep 1300/1500 | r=41.0 s=21 f=13 | route=0.78 cond=0.67 | 0.49s/ep
ep 1350/1500 | r=65.2 s=23 f=10 | route=0.76 cond=0.75 | 0.49s/ep
ep 1400/1500 | r=44.7 s=23 f=14 | route=0.68 cond=0.67 | 0.49s/ep
ep 1450/1500 | r=95.2 s=28 f=9 | route=0.85 cond=0.33 | 0.50s/ep
ep 1500/1500 | r=-36.5 s=14 f=21 | route=0.78 cond=0.91 | 0.50s/ep
DONE tag=perm_live_s2
