WARNING:tensorflow:From C:\Users\zengd\Desktop\论文\W-MADDPG\MADDPG_Discrete\train_mappo_dyn.py:144: The name tf.set_random_seed is deprecated. Please use tf.compat.v1.set_random_seed instead.

WARNING:tensorflow:From C:\Users\zengd\Desktop\论文\W-MADDPG\MADDPG_Discrete\mappo_agent.py:34: The name tf.placeholder is deprecated. Please use tf.compat.v1.placeholder instead.

WARNING:tensorflow:From C:\Users\zengd\Desktop\论文\W-MADDPG\MADDPG_Discrete\mappo_agent.py:46: The name tf.variable_scope is deprecated. Please use tf.compat.v1.variable_scope instead.

WARNING:tensorflow:From C:\Users\zengd\Desktop\论文\W-MADDPG\MADDPG_Discrete\mappo_agent.py:7: dense (from tensorflow.python.layers.core) is deprecated and will be removed in a future version.
Instructions for updating:
Use keras.layers.Dense instead.
WARNING:tensorflow:From D:\tool\anaconda\envs\py37tf\lib\site-packages\tensorflow_core\python\layers\core.py:187: Layer.apply (from tensorflow.python.keras.engine.base_layer) is deprecated and will be removed in a future version.
Instructions for updating:
Please use `layer.__call__` method instead.
WARNING:tensorflow:
The TensorFlow contrib module will not be included in TensorFlow 2.0.
For more information, please see:
  * https://github.com/tensorflow/community/blob/master/rfcs/20180907-contrib-sunset.md
  * https://github.com/tensorflow/addons
  * https://github.com/tensorflow/io (for I/O related ops)
If you depend on functionality not listed there, please file an issue.

WARNING:tensorflow:From C:\Users\zengd\Desktop\论文\W-MADDPG\MADDPG_Discrete\mappo_agent.py:136: The name tf.log is deprecated. Please use tf.math.log instead.

WARNING:tensorflow:From C:\Users\zengd\Desktop\论文\W-MADDPG\MADDPG_Discrete\mappo_agent.py:91: The name tf.get_collection is deprecated. Please use tf.compat.v1.get_collection instead.

WARNING:tensorflow:From C:\Users\zengd\Desktop\论文\W-MADDPG\MADDPG_Discrete\mappo_agent.py:91: The name tf.GraphKeys is deprecated. Please use tf.compat.v1.GraphKeys instead.

WARNING:tensorflow:From C:\Users\zengd\Desktop\论文\W-MADDPG\MADDPG_Discrete\mappo_agent.py:144: The name tf.train.AdamOptimizer is deprecated. Please use tf.compat.v1.train.AdamOptimizer instead.

WARNING:tensorflow:From D:\tool\anaconda\envs\py37tf\lib\site-packages\tensorflow_core\python\ops\math_grad.py:1424: where (from tensorflow.python.ops.array_ops) is deprecated and will be removed in a future version.
Instructions for updating:
Use tf.where in 2.0, which has the same broadcast rule as np.where
WARNING:tensorflow:From C:\Users\zengd\Desktop\论文\W-MADDPG\MADDPG_Discrete\train_mappo_dyn.py:208: The name tf.ConfigProto is deprecated. Please use tf.compat.v1.ConfigProto instead.

WARNING:tensorflow:From C:\Users\zengd\Desktop\论文\W-MADDPG\MADDPG_Discrete\train_mappo_dyn.py:210: The name tf.Session is deprecated. Please use tf.compat.v1.Session instead.

2026-09-27 14:04:37.324600: I tensorflow/core/platform/cpu_feature_guard.cc:142] Your CPU supports instructions that this TensorFlow binary was not compiled to use: AVX2
WARNING:tensorflow:From C:\Users\zengd\Desktop\论文\W-MADDPG\MADDPG_Discrete\train_mappo_dyn.py:211: The name tf.global_variables_initializer is deprecated. Please use tf.compat.v1.global_variables_initializer instead.

WARNING:tensorflow:From C:\Users\zengd\Desktop\论文\W-MADDPG\MADDPG_Discrete\train_mappo_dyn.py:212: The name tf.train.Saver is deprecated. Please use tf.compat.v1.train.Saver instead.

ep 1/1500 | r=-71.6 s=15 f=29 | route=0.92 cond=1.00 | 0.41s/ep
ep 50/1500 | r=-66.2 s=14 f=27 | route=0.98 cond=1.00 | 0.41s/ep
ep 100/1500 | r=-65.6 s=15 f=28 | route=0.91 cond=0.93 | 0.42s/ep
ep 150/1500 | r=-85.2 s=14 f=31 | route=0.91 cond=0.94 | 0.44s/ep
ep 200/1500 | r=0.2 s=20 f=20 | route=0.93 cond=1.00 | 0.45s/ep
ep 250/1500 | r=-45.7 s=18 f=27 | route=0.94 cond=1.00 | 0.47s/ep
ep 300/1500 | r=12.9 s=18 f=16 | route=0.97 cond=1.00 | 0.47s/ep
ep 350/1500 | r=-46.8 s=19 f=28 | route=0.82 cond=0.94 | 0.47s/ep
ep 400/1500 | r=-6.5 s=22 f=23 | route=0.88 cond=1.00 | 0.47s/ep
ep 450/1500 | r=-43.1 s=11 f=19 | route=0.86 cond=0.73 | 0.48s/ep
ep 500/1500 | r=-28.4 s=14 f=19 | route=0.92 cond=1.00 | 0.48s/ep
ep 550/1500 | r=15.2 s=18 f=15 | route=0.86 cond=1.00 | 0.48s/ep
ep 600/1500 | r=82.2 s=26 f=10 | route=0.90 cond=0.75 | 0.48s/ep
ep 650/1500 | r=85.2 s=26 f=9 | route=0.83 cond=1.00 | 0.48s/ep
ep 700/1500 | r=-63.3 s=16 f=28 | route=0.78 cond=0.93 | 0.48s/ep
ep 750/1500 | r=24.1 s=24 f=19 | route=0.87 cond=0.82 | 0.48s/ep
ep 800/1500 | r=-22.8 s=17 f=21 | route=0.93 cond=1.00 | 0.48s/ep
ep 850/1500 | r=-22.0 s=16 f=20 | route=0.92 cond=1.00 | 0.49s/ep
ep 900/1500 | r=19.4 s=23 f=19 | route=0.84 cond=1.00 | 0.49s/ep
ep 950/1500 | r=-17.5 s=22 f=25 | route=0.82 cond=0.78 | 0.49s/ep
ep 1000/1500 | r=96.5 s=27 f=8 | route=0.92 cond=1.00 | 0.49s/ep
ep 1050/1500 | r=-68.0 s=14 f=27 | route=0.84 cond=0.89 | 0.49s/ep
ep 1100/1500 | r=54.0 s=23 f=12 | route=0.89 cond=1.00 | 0.49s/ep
ep 1150/1500 | r=-11.5 s=18 f=20 | route=0.81 cond=0.80 | 0.49s/ep
ep 1200/1500 | r=42.4 s=28 f=19 | route=0.89 cond=0.88 | 0.49s/ep
ep 1250/1500 | r=71.4 s=30 f=16 | route=0.84 cond=0.83 | 0.49s/ep
ep 1300/1500 | r=33.5 s=28 f=21 | route=0.92 cond=0.94 | 0.49s/ep
ep 1350/1500 | r=29.6 s=21 f=15 | route=0.87 cond=0.60 | 0.49s/ep
ep 1400/1500 | r=53.9 s=26 f=15 | route=0.84 cond=0.00 | 0.49s/ep
ep 1450/1500 | r=43.1 s=19 f=10 | route=0.91 cond=0.00 | 0.50s/ep
ep 1500/1500 | r=9.2 s=18 f=16 | route=0.84 cond=1.00 | 0.49s/ep
DONE tag=perm_live_s1
