WARNING:tensorflow:From C:\Users\zengd\Desktop\论文\W-MADDPG\MADDPG_Discrete\train_mappo_phase0.py:150: The name tf.set_random_seed is deprecated. Please use tf.compat.v1.set_random_seed instead.

WARNING:tensorflow:From C:\Users\zengd\Desktop\论文\W-MADDPG\MADDPG_Discrete\mappo_agent.py:31: The name tf.placeholder is deprecated. Please use tf.compat.v1.placeholder instead.

WARNING:tensorflow:From C:\Users\zengd\Desktop\论文\W-MADDPG\MADDPG_Discrete\mappo_agent.py:43: The name tf.variable_scope is deprecated. Please use tf.compat.v1.variable_scope instead.

WARNING:tensorflow:From C:\Users\zengd\Desktop\论文\W-MADDPG\MADDPG_Discrete\mappo_agent.py:7: dense (from tensorflow.python.layers.core) is deprecated and will be removed in a future version.
Instructions for updating:
Use keras.layers.Dense instead.
WARNING:tensorflow:From D:\tool\anaconda\envs\py37tf\lib\site-packages\tensorflow_core\python\layers\core.py:187: Layer.apply (from tensorflow.python.keras.engine.base_layer) is deprecated and will be removed in a future version.
Instructions for updating:
Please use `layer.__call__` method instead.
WARNING:tensorflow:
The TensorFlow contrib module will not be included in TensorFlow 2.0.
For more information, please see:
  * https://github.com/tensorflow/community/blob/master/rfcs/20180907-contrib-sunset.md
  * https://github.com/tensorflow/addons
  * https://github.com/tensorflow/io (for I/O related ops)
If you depend on functionality not listed there, please file an issue.

WARNING:tensorflow:From C:\Users\zengd\Desktop\论文\W-MADDPG\MADDPG_Discrete\mappo_agent.py:114: The name tf.log is deprecated. Please use tf.math.log instead.

WARNING:tensorflow:From C:\Users\zengd\Desktop\论文\W-MADDPG\MADDPG_Discrete\mappo_agent.py:76: The name tf.get_collection is deprecated. Please use tf.compat.v1.get_collection instead.

WARNING:tensorflow:From C:\Users\zengd\Desktop\论文\W-MADDPG\MADDPG_Discrete\mappo_agent.py:76: The name tf.GraphKeys is deprecated. Please use tf.compat.v1.GraphKeys instead.

WARNING:tensorflow:From C:\Users\zengd\Desktop\论文\W-MADDPG\MADDPG_Discrete\mappo_agent.py:122: The name tf.train.AdamOptimizer is deprecated. Please use tf.compat.v1.train.AdamOptimizer instead.

WARNING:tensorflow:From D:\tool\anaconda\envs\py37tf\lib\site-packages\tensorflow_core\python\ops\math_grad.py:1424: where (from tensorflow.python.ops.array_ops) is deprecated and will be removed in a future version.
Instructions for updating:
Use tf.where in 2.0, which has the same broadcast rule as np.where
WARNING:tensorflow:From C:\Users\zengd\Desktop\论文\W-MADDPG\MADDPG_Discrete\train_mappo_phase0.py:215: The name tf.ConfigProto is deprecated. Please use tf.compat.v1.ConfigProto instead.

WARNING:tensorflow:From C:\Users\zengd\Desktop\论文\W-MADDPG\MADDPG_Discrete\train_mappo_phase0.py:219: The name tf.Session is deprecated. Please use tf.compat.v1.Session instead.

2026-09-21 14:26:20.942905: I tensorflow/core/platform/cpu_feature_guard.cc:142] Your CPU supports instructions that this TensorFlow binary was not compiled to use: AVX2
WARNING:tensorflow:From C:\Users\zengd\Desktop\论文\W-MADDPG\MADDPG_Discrete\train_mappo_phase0.py:220: The name tf.global_variables_initializer is deprecated. Please use tf.compat.v1.global_variables_initializer instead.

ep 1/4000 | reward(MA200)=-45.87 success=8.00 fail=17.00 | 1.64s/ep | delay=0.00
ep 50/4000 | reward(MA200)=-38.45 success=8.72 fail=16.28 | 0.22s/ep | delay=0.00
ep 100/4000 | reward(MA200)=-37.14 success=8.85 fail=16.15 | 0.18s/ep | delay=0.00
ep 150/4000 | reward(MA200)=-36.45 success=8.92 fail=16.08 | 0.19s/ep | delay=0.00
ep 200/4000 | reward(MA200)=-35.70 success=8.99 fail=16.00 | 0.18s/ep | delay=0.00
ep 250/4000 | reward(MA200)=-32.61 success=9.30 fail=15.70 | 0.18s/ep | delay=0.00
ep 300/4000 | reward(MA200)=-29.38 success=9.62 fail=15.38 | 0.17s/ep | delay=0.00
ep 350/4000 | reward(MA200)=-26.28 success=9.93 fail=15.07 | 0.17s/ep | delay=0.00
ep 400/4000 | reward(MA200)=-22.45 success=10.30 fail=14.70 | 0.17s/ep | delay=0.00
ep 450/4000 | reward(MA200)=-19.55 success=10.59 fail=14.41 | 0.17s/ep | delay=0.00
ep 500/4000 | reward(MA200)=-17.72 success=10.77 fail=14.23 | 0.17s/ep | delay=0.00
ep 550/4000 | reward(MA200)=-14.77 success=11.06 fail=13.94 | 0.17s/ep | delay=0.00
ep 600/4000 | reward(MA200)=-12.41 success=11.30 fail=13.70 | 0.17s/ep | delay=0.00
ep 650/4000 | reward(MA200)=-10.67 success=11.49 fail=13.51 | 0.18s/ep | delay=0.00
ep 700/4000 | reward(MA200)=-8.41 success=11.73 fail=13.27 | 0.18s/ep | delay=0.00
ep 750/4000 | reward(MA200)=-6.90 success=11.90 fail=13.10 | 0.19s/ep | delay=0.00
ep 800/4000 | reward(MA200)=-5.74 success=12.02 fail=12.98 | 0.19s/ep | delay=0.00
ep 850/4000 | reward(MA200)=-4.44 success=12.14 fail=12.86 | 0.20s/ep | delay=0.00
ep 900/4000 | reward(MA200)=-2.59 success=12.32 fail=12.68 | 0.19s/ep | delay=0.00
ep 950/4000 | reward(MA200)=-0.74 success=12.51 fail=12.49 | 0.19s/ep | delay=0.00
ep 1000/4000 | reward(MA200)=2.06 success=12.79 fail=12.21 | 0.19s/ep | delay=0.00
ep 1050/4000 | reward(MA200)=4.33 success=13.02 fail=11.98 | 0.19s/ep | delay=0.00
ep 1100/4000 | reward(MA200)=6.78 success=13.27 fail=11.73 | 0.19s/ep | delay=0.00
ep 1150/4000 | reward(MA200)=8.50 success=13.44 fail=11.56 | 0.18s/ep | delay=0.00
ep 1200/4000 | reward(MA200)=8.74 success=13.45 fail=11.55 | 0.18s/ep | delay=0.00
ep 1250/4000 | reward(MA200)=9.77 success=13.54 fail=11.46 | 0.18s/ep | delay=0.00
ep 1300/4000 | reward(MA200)=9.92 success=13.55 fail=11.45 | 0.18s/ep | delay=0.00
ep 1350/4000 | reward(MA200)=10.03 success=13.55 fail=11.45 | 0.18s/ep | delay=0.00
ep 1400/4000 | reward(MA200)=11.47 success=13.70 fail=11.30 | 0.18s/ep | delay=0.00
ep 1450/4000 | reward(MA200)=11.94 success=13.74 fail=11.26 | 0.18s/ep | delay=0.00
ep 1500/4000 | reward(MA200)=13.41 success=13.88 fail=11.12 | 0.18s/ep | delay=0.00
ep 1550/4000 | reward(MA200)=14.44 success=13.99 fail=11.01 | 0.18s/ep | delay=0.00
ep 1600/4000 | reward(MA200)=16.22 success=14.18 fail=10.82 | 0.18s/ep | delay=0.00
ep 1650/4000 | reward(MA200)=17.73 success=14.33 fail=10.67 | 0.18s/ep | delay=0.00
ep 1700/4000 | reward(MA200)=18.11 success=14.37 fail=10.63 | 0.18s/ep | delay=0.00
ep 1750/4000 | reward(MA200)=20.39 success=14.59 fail=10.41 | 0.18s/ep | delay=0.00
ep 1800/4000 | reward(MA200)=20.41 success=14.59 fail=10.41 | 0.17s/ep | delay=0.00
ep 1850/4000 | reward(MA200)=21.44 success=14.69 fail=10.31 | 0.17s/ep | delay=0.00
ep 1900/4000 | reward(MA200)=21.88 success=14.73 fail=10.27 | 0.17s/ep | delay=0.00
ep 1950/4000 | reward(MA200)=22.21 success=14.77 fail=10.23 | 0.17s/ep | delay=0.00
ep 2000/4000 | reward(MA200)=22.46 success=14.78 fail=10.22 | 0.17s/ep | delay=0.00
ep 2050/4000 | reward(MA200)=22.55 success=14.79 fail=10.21 | 0.17s/ep | delay=0.00
ep 2100/4000 | reward(MA200)=23.35 success=14.86 fail=10.14 | 0.17s/ep | delay=0.00
ep 2150/4000 | reward(MA200)=22.90 success=14.81 fail=10.19 | 0.17s/ep | delay=0.00
ep 2200/4000 | reward(MA200)=23.20 success=14.84 fail=10.16 | 0.17s/ep | delay=0.00
ep 2250/4000 | reward(MA200)=24.38 success=14.95 fail=10.05 | 0.17s/ep | delay=0.00
ep 2300/4000 | reward(MA200)=25.43 success=15.05 fail=9.95 | 0.17s/ep | delay=0.00
ep 2350/4000 | reward(MA200)=26.37 success=15.15 fail=9.85 | 0.17s/ep | delay=0.00
ep 2400/4000 | reward(MA200)=27.24 success=15.24 fail=9.76 | 0.17s/ep | delay=0.00
ep 2450/4000 | reward(MA200)=27.70 success=15.29 fail=9.71 | 0.17s/ep | delay=0.00
ep 2500/4000 | reward(MA200)=27.55 success=15.28 fail=9.72 | 0.17s/ep | delay=0.00
ep 2550/4000 | reward(MA200)=28.60 success=15.38 fail=9.62 | 0.17s/ep | delay=0.00
ep 2600/4000 | reward(MA200)=29.36 success=15.46 fail=9.54 | 0.17s/ep | delay=0.00
ep 2650/4000 | reward(MA200)=29.54 success=15.48 fail=9.52 | 0.17s/ep | delay=0.00
ep 2700/4000 | reward(MA200)=30.44 success=15.55 fail=9.45 | 0.17s/ep | delay=0.00
ep 2750/4000 | reward(MA200)=29.94 success=15.49 fail=9.51 | 0.17s/ep | delay=0.00
ep 2800/4000 | reward(MA200)=30.03 success=15.49 fail=9.51 | 0.17s/ep | delay=0.00
ep 2850/4000 | reward(MA200)=30.07 success=15.49 fail=9.51 | 0.17s/ep | delay=0.00
ep 2900/4000 | reward(MA200)=30.63 success=15.54 fail=9.46 | 0.17s/ep | delay=0.00
ep 2950/4000 | reward(MA200)=30.38 success=15.52 fail=9.48 | 0.17s/ep | delay=0.00
ep 3000/4000 | reward(MA200)=30.80 success=15.55 fail=9.45 | 0.17s/ep | delay=0.00
ep 3050/4000 | reward(MA200)=30.98 success=15.57 fail=9.43 | 0.17s/ep | delay=0.00
ep 3100/4000 | reward(MA200)=30.78 success=15.54 fail=9.46 | 0.17s/ep | delay=0.00
ep 3150/4000 | reward(MA200)=31.04 success=15.57 fail=9.43 | 0.17s/ep | delay=0.00
ep 3200/4000 | reward(MA200)=30.39 success=15.50 fail=9.50 | 0.17s/ep | delay=0.00
ep 3250/4000 | reward(MA200)=29.78 success=15.44 fail=9.56 | 0.17s/ep | delay=0.00
ep 3300/4000 | reward(MA200)=29.17 success=15.38 fail=9.62 | 0.17s/ep | delay=0.00
ep 3350/4000 | reward(MA200)=30.14 success=15.46 fail=9.54 | 0.17s/ep | delay=0.00
ep 3400/4000 | reward(MA200)=30.92 success=15.54 fail=9.46 | 0.17s/ep | delay=0.00
ep 3450/4000 | reward(MA200)=31.67 success=15.62 fail=9.38 | 0.17s/ep | delay=0.00
ep 3500/4000 | reward(MA200)=31.59 success=15.61 fail=9.39 | 0.17s/ep | delay=0.00
ep 3550/4000 | reward(MA200)=31.10 success=15.56 fail=9.44 | 0.17s/ep | delay=0.00
ep 3600/4000 | reward(MA200)=30.01 success=15.46 fail=9.54 | 0.17s/ep | delay=0.00
ep 3650/4000 | reward(MA200)=29.94 success=15.45 fail=9.55 | 0.17s/ep | delay=0.00
ep 3700/4000 | reward(MA200)=31.09 success=15.56 fail=9.44 | 0.17s/ep | delay=0.00
ep 3750/4000 | reward(MA200)=31.99 success=15.66 fail=9.34 | 0.17s/ep | delay=0.00
ep 3800/4000 | reward(MA200)=32.90 success=15.74 fail=9.26 | 0.17s/ep | delay=0.00
ep 3850/4000 | reward(MA200)=32.91 success=15.74 fail=9.26 | 0.17s/ep | delay=0.00
ep 3900/4000 | reward(MA200)=32.43 success=15.69 fail=9.31 | 0.17s/ep | delay=0.00
ep 3950/4000 | reward(MA200)=32.34 success=15.68 fail=9.32 | 0.17s/ep | delay=0.00
ep 4000/4000 | reward(MA200)=33.09 success=15.75 fail=9.25 | 0.17s/ep | delay=0.00
DONE tag=u25_none_s5 -> C:\Users\zengd\Desktop\论文\W-MADDPG\MADDPG_Discrete\results\exp7_varfix\phase0_u25_none_s5.csv
