WARNING:tensorflow:From C:\Users\zengd\Desktop\论文\W-MADDPG\MADDPG_Discrete\train_mappo_phase0.py:150: The name tf.set_random_seed is deprecated. Please use tf.compat.v1.set_random_seed instead.

WARNING:tensorflow:From C:\Users\zengd\Desktop\论文\W-MADDPG\MADDPG_Discrete\mappo_agent.py:31: The name tf.placeholder is deprecated. Please use tf.compat.v1.placeholder instead.

WARNING:tensorflow:From C:\Users\zengd\Desktop\论文\W-MADDPG\MADDPG_Discrete\mappo_agent.py:43: The name tf.variable_scope is deprecated. Please use tf.compat.v1.variable_scope instead.

WARNING:tensorflow:From C:\Users\zengd\Desktop\论文\W-MADDPG\MADDPG_Discrete\mappo_agent.py:7: dense (from tensorflow.python.layers.core) is deprecated and will be removed in a future version.
Instructions for updating:
Use keras.layers.Dense instead.
WARNING:tensorflow:From D:\tool\anaconda\envs\py37tf\lib\site-packages\tensorflow_core\python\layers\core.py:187: Layer.apply (from tensorflow.python.keras.engine.base_layer) is deprecated and will be removed in a future version.
Instructions for updating:
Please use `layer.__call__` method instead.
WARNING:tensorflow:
The TensorFlow contrib module will not be included in TensorFlow 2.0.
For more information, please see:
  * https://github.com/tensorflow/community/blob/master/rfcs/20180907-contrib-sunset.md
  * https://github.com/tensorflow/addons
  * https://github.com/tensorflow/io (for I/O related ops)
If you depend on functionality not listed there, please file an issue.

WARNING:tensorflow:From C:\Users\zengd\Desktop\论文\W-MADDPG\MADDPG_Discrete\mappo_agent.py:114: The name tf.log is deprecated. Please use tf.math.log instead.

WARNING:tensorflow:From C:\Users\zengd\Desktop\论文\W-MADDPG\MADDPG_Discrete\mappo_agent.py:76: The name tf.get_collection is deprecated. Please use tf.compat.v1.get_collection instead.

WARNING:tensorflow:From C:\Users\zengd\Desktop\论文\W-MADDPG\MADDPG_Discrete\mappo_agent.py:76: The name tf.GraphKeys is deprecated. Please use tf.compat.v1.GraphKeys instead.

WARNING:tensorflow:From C:\Users\zengd\Desktop\论文\W-MADDPG\MADDPG_Discrete\mappo_agent.py:122: The name tf.train.AdamOptimizer is deprecated. Please use tf.compat.v1.train.AdamOptimizer instead.

WARNING:tensorflow:From D:\tool\anaconda\envs\py37tf\lib\site-packages\tensorflow_core\python\ops\math_grad.py:1424: where (from tensorflow.python.ops.array_ops) is deprecated and will be removed in a future version.
Instructions for updating:
Use tf.where in 2.0, which has the same broadcast rule as np.where
WARNING:tensorflow:From C:\Users\zengd\Desktop\论文\W-MADDPG\MADDPG_Discrete\train_mappo_phase0.py:215: The name tf.ConfigProto is deprecated. Please use tf.compat.v1.ConfigProto instead.

WARNING:tensorflow:From C:\Users\zengd\Desktop\论文\W-MADDPG\MADDPG_Discrete\train_mappo_phase0.py:219: The name tf.Session is deprecated. Please use tf.compat.v1.Session instead.

2026-09-21 14:26:20.823417: I tensorflow/core/platform/cpu_feature_guard.cc:142] Your CPU supports instructions that this TensorFlow binary was not compiled to use: AVX2
WARNING:tensorflow:From C:\Users\zengd\Desktop\论文\W-MADDPG\MADDPG_Discrete\train_mappo_phase0.py:220: The name tf.global_variables_initializer is deprecated. Please use tf.compat.v1.global_variables_initializer instead.

ep 1/4000 | reward(MA200)=-36.99 success=9.00 fail=16.00 | 1.73s/ep | delay=0.00
ep 50/4000 | reward(MA200)=-40.65 success=8.52 fail=16.48 | 0.22s/ep | delay=0.00
ep 100/4000 | reward(MA200)=-40.36 success=8.53 fail=16.47 | 0.18s/ep | delay=0.00
ep 150/4000 | reward(MA200)=-35.85 success=8.98 fail=16.02 | 0.19s/ep | delay=0.00
ep 200/4000 | reward(MA200)=-33.59 success=9.21 fail=15.79 | 0.18s/ep | delay=0.00
ep 250/4000 | reward(MA200)=-29.43 success=9.62 fail=15.38 | 0.18s/ep | delay=0.00
ep 300/4000 | reward(MA200)=-24.49 success=10.12 fail=14.88 | 0.17s/ep | delay=0.00
ep 350/4000 | reward(MA200)=-21.54 success=10.41 fail=14.59 | 0.17s/ep | delay=0.00
ep 400/4000 | reward(MA200)=-18.17 success=10.77 fail=14.23 | 0.17s/ep | delay=0.00
ep 450/4000 | reward(MA200)=-13.54 success=11.24 fail=13.76 | 0.17s/ep | delay=0.00
ep 500/4000 | reward(MA200)=-10.08 success=11.60 fail=13.40 | 0.17s/ep | delay=0.00
ep 550/4000 | reward(MA200)=-7.11 success=11.90 fail=13.10 | 0.17s/ep | delay=0.00
ep 600/4000 | reward(MA200)=-4.04 success=12.21 fail=12.79 | 0.17s/ep | delay=0.00
ep 650/4000 | reward(MA200)=-2.70 success=12.36 fail=12.64 | 0.18s/ep | delay=0.00
ep 700/4000 | reward(MA200)=-0.46 success=12.59 fail=12.41 | 0.18s/ep | delay=0.00
ep 750/4000 | reward(MA200)=0.80 success=12.72 fail=12.28 | 0.19s/ep | delay=0.00
ep 800/4000 | reward(MA200)=2.09 success=12.86 fail=12.14 | 0.19s/ep | delay=0.00
ep 850/4000 | reward(MA200)=3.78 success=13.03 fail=11.97 | 0.20s/ep | delay=0.00
ep 900/4000 | reward(MA200)=5.41 success=13.19 fail=11.81 | 0.19s/ep | delay=0.00
ep 950/4000 | reward(MA200)=6.86 success=13.33 fail=11.67 | 0.19s/ep | delay=0.00
ep 1000/4000 | reward(MA200)=8.37 success=13.48 fail=11.52 | 0.19s/ep | delay=0.00
ep 1050/4000 | reward(MA200)=9.26 success=13.57 fail=11.43 | 0.19s/ep | delay=0.00
ep 1100/4000 | reward(MA200)=9.46 success=13.61 fail=11.39 | 0.18s/ep | delay=0.00
ep 1150/4000 | reward(MA200)=9.27 success=13.61 fail=11.39 | 0.18s/ep | delay=0.00
ep 1200/4000 | reward(MA200)=8.76 success=13.55 fail=11.45 | 0.18s/ep | delay=0.00
ep 1250/4000 | reward(MA200)=8.06 success=13.48 fail=11.52 | 0.18s/ep | delay=0.00
ep 1300/4000 | reward(MA200)=8.26 success=13.50 fail=11.50 | 0.18s/ep | delay=0.00
ep 1350/4000 | reward(MA200)=8.95 success=13.57 fail=11.43 | 0.18s/ep | delay=0.00
ep 1400/4000 | reward(MA200)=10.71 success=13.75 fail=11.25 | 0.18s/ep | delay=0.00
ep 1450/4000 | reward(MA200)=12.04 success=13.88 fail=11.12 | 0.18s/ep | delay=0.00
ep 1500/4000 | reward(MA200)=13.19 success=14.00 fail=11.00 | 0.18s/ep | delay=0.00
ep 1550/4000 | reward(MA200)=14.62 success=14.14 fail=10.86 | 0.18s/ep | delay=0.00
ep 1600/4000 | reward(MA200)=15.20 success=14.20 fail=10.80 | 0.18s/ep | delay=0.00
ep 1650/4000 | reward(MA200)=16.20 success=14.29 fail=10.71 | 0.18s/ep | delay=0.00
ep 1700/4000 | reward(MA200)=16.94 success=14.37 fail=10.63 | 0.18s/ep | delay=0.00
ep 1750/4000 | reward(MA200)=18.65 success=14.53 fail=10.47 | 0.18s/ep | delay=0.00
ep 1800/4000 | reward(MA200)=19.55 success=14.62 fail=10.38 | 0.17s/ep | delay=0.00
ep 1850/4000 | reward(MA200)=20.57 success=14.73 fail=10.27 | 0.17s/ep | delay=0.00
ep 1900/4000 | reward(MA200)=21.21 success=14.80 fail=10.20 | 0.17s/ep | delay=0.00
ep 1950/4000 | reward(MA200)=21.64 success=14.85 fail=10.15 | 0.17s/ep | delay=0.00
ep 2000/4000 | reward(MA200)=22.24 success=14.91 fail=10.09 | 0.17s/ep | delay=0.00
ep 2050/4000 | reward(MA200)=23.46 success=15.04 fail=9.96 | 0.17s/ep | delay=0.00
ep 2100/4000 | reward(MA200)=24.34 success=15.12 fail=9.88 | 0.17s/ep | delay=0.00
ep 2150/4000 | reward(MA200)=24.68 success=15.14 fail=9.86 | 0.17s/ep | delay=0.00
ep 2200/4000 | reward(MA200)=25.35 success=15.21 fail=9.79 | 0.17s/ep | delay=0.00
ep 2250/4000 | reward(MA200)=25.48 success=15.21 fail=9.79 | 0.17s/ep | delay=0.00
ep 2300/4000 | reward(MA200)=26.20 success=15.29 fail=9.71 | 0.17s/ep | delay=0.00
ep 2350/4000 | reward(MA200)=26.71 success=15.35 fail=9.65 | 0.17s/ep | delay=0.00
ep 2400/4000 | reward(MA200)=27.22 success=15.40 fail=9.60 | 0.17s/ep | delay=0.00
ep 2450/4000 | reward(MA200)=27.05 success=15.38 fail=9.62 | 0.17s/ep | delay=0.00
ep 2500/4000 | reward(MA200)=27.21 success=15.40 fail=9.60 | 0.17s/ep | delay=0.00
ep 2550/4000 | reward(MA200)=27.56 success=15.43 fail=9.57 | 0.17s/ep | delay=0.00
ep 2600/4000 | reward(MA200)=27.45 success=15.40 fail=9.60 | 0.17s/ep | delay=0.00
ep 2650/4000 | reward(MA200)=27.21 success=15.38 fail=9.62 | 0.17s/ep | delay=0.00
ep 2700/4000 | reward(MA200)=27.39 success=15.39 fail=9.61 | 0.17s/ep | delay=0.00
ep 2750/4000 | reward(MA200)=27.55 success=15.41 fail=9.59 | 0.17s/ep | delay=0.00
ep 2800/4000 | reward(MA200)=27.58 success=15.42 fail=9.58 | 0.17s/ep | delay=0.00
ep 2850/4000 | reward(MA200)=28.41 success=15.50 fail=9.50 | 0.17s/ep | delay=0.00
ep 2900/4000 | reward(MA200)=28.15 success=15.47 fail=9.53 | 0.17s/ep | delay=0.00
ep 2950/4000 | reward(MA200)=27.28 success=15.38 fail=9.62 | 0.17s/ep | delay=0.00
ep 3000/4000 | reward(MA200)=26.54 success=15.30 fail=9.70 | 0.17s/ep | delay=0.00
ep 3050/4000 | reward(MA200)=26.59 success=15.30 fail=9.70 | 0.17s/ep | delay=0.00
ep 3100/4000 | reward(MA200)=26.96 success=15.33 fail=9.67 | 0.17s/ep | delay=0.00
ep 3150/4000 | reward(MA200)=27.29 success=15.37 fail=9.63 | 0.17s/ep | delay=0.00
ep 3200/4000 | reward(MA200)=28.10 success=15.45 fail=9.55 | 0.17s/ep | delay=0.00
ep 3250/4000 | reward(MA200)=28.41 success=15.49 fail=9.51 | 0.17s/ep | delay=0.00
ep 3300/4000 | reward(MA200)=28.91 success=15.54 fail=9.46 | 0.17s/ep | delay=0.00
ep 3350/4000 | reward(MA200)=30.01 success=15.66 fail=9.34 | 0.17s/ep | delay=0.00
ep 3400/4000 | reward(MA200)=30.58 success=15.72 fail=9.28 | 0.17s/ep | delay=0.00
ep 3450/4000 | reward(MA200)=30.90 success=15.75 fail=9.25 | 0.17s/ep | delay=0.00
ep 3500/4000 | reward(MA200)=30.76 success=15.73 fail=9.27 | 0.17s/ep | delay=0.00
ep 3550/4000 | reward(MA200)=30.04 success=15.66 fail=9.34 | 0.17s/ep | delay=0.00
ep 3600/4000 | reward(MA200)=29.64 success=15.63 fail=9.37 | 0.17s/ep | delay=0.00
ep 3650/4000 | reward(MA200)=29.28 success=15.60 fail=9.40 | 0.17s/ep | delay=0.00
ep 3700/4000 | reward(MA200)=29.30 success=15.61 fail=9.39 | 0.17s/ep | delay=0.00
ep 3750/4000 | reward(MA200)=29.80 success=15.66 fail=9.34 | 0.17s/ep | delay=0.00
ep 3800/4000 | reward(MA200)=30.22 success=15.71 fail=9.29 | 0.17s/ep | delay=0.00
ep 3850/4000 | reward(MA200)=30.25 success=15.71 fail=9.29 | 0.17s/ep | delay=0.00
ep 3900/4000 | reward(MA200)=29.41 success=15.63 fail=9.37 | 0.17s/ep | delay=0.00
ep 3950/4000 | reward(MA200)=28.78 success=15.57 fail=9.43 | 0.17s/ep | delay=0.00
ep 4000/4000 | reward(MA200)=28.44 success=15.54 fail=9.46 | 0.17s/ep | delay=0.00
DONE tag=u25_none_s6 -> C:\Users\zengd\Desktop\论文\W-MADDPG\MADDPG_Discrete\results\exp7_varfix\phase0_u25_none_s6.csv
