WARNING:tensorflow:From C:\Users\zengd\Desktop\论文\W-MADDPG\MADDPG_Discrete\train_mappo_phase0.py:150: The name tf.set_random_seed is deprecated. Please use tf.compat.v1.set_random_seed instead.

WARNING:tensorflow:From C:\Users\zengd\Desktop\论文\W-MADDPG\MADDPG_Discrete\mappo_agent.py:31: The name tf.placeholder is deprecated. Please use tf.compat.v1.placeholder instead.

WARNING:tensorflow:From C:\Users\zengd\Desktop\论文\W-MADDPG\MADDPG_Discrete\mappo_agent.py:43: The name tf.variable_scope is deprecated. Please use tf.compat.v1.variable_scope instead.

WARNING:tensorflow:From C:\Users\zengd\Desktop\论文\W-MADDPG\MADDPG_Discrete\mappo_agent.py:7: dense (from tensorflow.python.layers.core) is deprecated and will be removed in a future version.
Instructions for updating:
Use keras.layers.Dense instead.
WARNING:tensorflow:From D:\tool\anaconda\envs\py37tf\lib\site-packages\tensorflow_core\python\layers\core.py:187: Layer.apply (from tensorflow.python.keras.engine.base_layer) is deprecated and will be removed in a future version.
Instructions for updating:
Please use `layer.__call__` method instead.
WARNING:tensorflow:
The TensorFlow contrib module will not be included in TensorFlow 2.0.
For more information, please see:
  * https://github.com/tensorflow/community/blob/master/rfcs/20180907-contrib-sunset.md
  * https://github.com/tensorflow/addons
  * https://github.com/tensorflow/io (for I/O related ops)
If you depend on functionality not listed there, please file an issue.

WARNING:tensorflow:From C:\Users\zengd\Desktop\论文\W-MADDPG\MADDPG_Discrete\mappo_agent.py:114: The name tf.log is deprecated. Please use tf.math.log instead.

WARNING:tensorflow:From C:\Users\zengd\Desktop\论文\W-MADDPG\MADDPG_Discrete\mappo_agent.py:76: The name tf.get_collection is deprecated. Please use tf.compat.v1.get_collection instead.

WARNING:tensorflow:From C:\Users\zengd\Desktop\论文\W-MADDPG\MADDPG_Discrete\mappo_agent.py:76: The name tf.GraphKeys is deprecated. Please use tf.compat.v1.GraphKeys instead.

WARNING:tensorflow:From C:\Users\zengd\Desktop\论文\W-MADDPG\MADDPG_Discrete\mappo_agent.py:122: The name tf.train.AdamOptimizer is deprecated. Please use tf.compat.v1.train.AdamOptimizer instead.

WARNING:tensorflow:From D:\tool\anaconda\envs\py37tf\lib\site-packages\tensorflow_core\python\ops\math_grad.py:1424: where (from tensorflow.python.ops.array_ops) is deprecated and will be removed in a future version.
Instructions for updating:
Use tf.where in 2.0, which has the same broadcast rule as np.where
WARNING:tensorflow:From C:\Users\zengd\Desktop\论文\W-MADDPG\MADDPG_Discrete\train_mappo_phase0.py:215: The name tf.ConfigProto is deprecated. Please use tf.compat.v1.ConfigProto instead.

WARNING:tensorflow:From C:\Users\zengd\Desktop\论文\W-MADDPG\MADDPG_Discrete\train_mappo_phase0.py:219: The name tf.Session is deprecated. Please use tf.compat.v1.Session instead.

2026-09-21 14:26:21.232734: I tensorflow/core/platform/cpu_feature_guard.cc:142] Your CPU supports instructions that this TensorFlow binary was not compiled to use: AVX2
WARNING:tensorflow:From C:\Users\zengd\Desktop\论文\W-MADDPG\MADDPG_Discrete\train_mappo_phase0.py:220: The name tf.global_variables_initializer is deprecated. Please use tf.compat.v1.global_variables_initializer instead.

ep 1/4000 | reward(MA200)=-55.30 success=7.00 fail=18.00 | 1.67s/ep | delay=0.00
ep 50/4000 | reward(MA200)=-53.86 success=7.18 fail=17.82 | 0.22s/ep | delay=0.00
ep 100/4000 | reward(MA200)=-51.28 success=7.44 fail=17.56 | 0.18s/ep | delay=0.00
ep 150/4000 | reward(MA200)=-50.03 success=7.56 fail=17.44 | 0.19s/ep | delay=0.00
ep 200/4000 | reward(MA200)=-47.29 success=7.83 fail=17.17 | 0.18s/ep | delay=0.00
ep 250/4000 | reward(MA200)=-41.95 success=8.36 fail=16.64 | 0.18s/ep | delay=0.00
ep 300/4000 | reward(MA200)=-37.63 success=8.79 fail=16.21 | 0.17s/ep | delay=0.00
ep 350/4000 | reward(MA200)=-32.77 success=9.27 fail=15.73 | 0.17s/ep | delay=0.00
ep 400/4000 | reward(MA200)=-28.46 success=9.71 fail=15.29 | 0.17s/ep | delay=0.00
ep 450/4000 | reward(MA200)=-25.39 success=10.02 fail=14.98 | 0.18s/ep | delay=0.00
ep 500/4000 | reward(MA200)=-21.97 success=10.37 fail=14.63 | 0.17s/ep | delay=0.00
ep 550/4000 | reward(MA200)=-18.40 success=10.73 fail=14.27 | 0.17s/ep | delay=0.00
ep 600/4000 | reward(MA200)=-16.07 success=10.97 fail=14.03 | 0.17s/ep | delay=0.00
ep 650/4000 | reward(MA200)=-13.98 success=11.19 fail=13.81 | 0.18s/ep | delay=0.00
ep 700/4000 | reward(MA200)=-10.46 success=11.54 fail=13.46 | 0.18s/ep | delay=0.00
ep 750/4000 | reward(MA200)=-7.91 success=11.79 fail=13.21 | 0.19s/ep | delay=0.00
ep 800/4000 | reward(MA200)=-5.53 success=12.03 fail=12.97 | 0.19s/ep | delay=0.00
ep 850/4000 | reward(MA200)=-2.36 success=12.35 fail=12.65 | 0.20s/ep | delay=0.00
ep 900/4000 | reward(MA200)=-1.35 success=12.45 fail=12.55 | 0.20s/ep | delay=0.00
ep 950/4000 | reward(MA200)=-0.18 success=12.56 fail=12.44 | 0.19s/ep | delay=0.00
ep 1000/4000 | reward(MA200)=1.64 success=12.75 fail=12.25 | 0.19s/ep | delay=0.00
ep 1050/4000 | reward(MA200)=2.83 success=12.86 fail=12.14 | 0.19s/ep | delay=0.00
ep 1100/4000 | reward(MA200)=4.48 success=13.03 fail=11.97 | 0.19s/ep | delay=0.00
ep 1150/4000 | reward(MA200)=6.55 success=13.23 fail=11.77 | 0.19s/ep | delay=0.00
ep 1200/4000 | reward(MA200)=8.38 success=13.40 fail=11.60 | 0.18s/ep | delay=0.00
ep 1250/4000 | reward(MA200)=10.20 success=13.59 fail=11.41 | 0.18s/ep | delay=0.00
ep 1300/4000 | reward(MA200)=12.02 success=13.76 fail=11.24 | 0.18s/ep | delay=0.00
ep 1350/4000 | reward(MA200)=13.28 success=13.87 fail=11.13 | 0.18s/ep | delay=0.00
ep 1400/4000 | reward(MA200)=14.01 success=13.94 fail=11.06 | 0.18s/ep | delay=0.00
ep 1450/4000 | reward(MA200)=14.19 success=13.96 fail=11.04 | 0.18s/ep | delay=0.00
ep 1500/4000 | reward(MA200)=14.02 success=13.95 fail=11.05 | 0.18s/ep | delay=0.00
ep 1550/4000 | reward(MA200)=14.95 success=14.05 fail=10.95 | 0.18s/ep | delay=0.00
ep 1600/4000 | reward(MA200)=15.34 success=14.10 fail=10.90 | 0.18s/ep | delay=0.00
ep 1650/4000 | reward(MA200)=16.28 success=14.20 fail=10.80 | 0.18s/ep | delay=0.00
ep 1700/4000 | reward(MA200)=17.13 success=14.29 fail=10.71 | 0.18s/ep | delay=0.00
ep 1750/4000 | reward(MA200)=16.53 success=14.22 fail=10.78 | 0.18s/ep | delay=0.00
ep 1800/4000 | reward(MA200)=16.79 success=14.26 fail=10.74 | 0.18s/ep | delay=0.00
ep 1850/4000 | reward(MA200)=16.87 success=14.27 fail=10.73 | 0.18s/ep | delay=0.00
ep 1900/4000 | reward(MA200)=17.65 success=14.34 fail=10.66 | 0.18s/ep | delay=0.00
ep 1950/4000 | reward(MA200)=18.49 success=14.41 fail=10.59 | 0.18s/ep | delay=0.00
ep 2000/4000 | reward(MA200)=18.98 success=14.46 fail=10.54 | 0.17s/ep | delay=0.00
ep 2050/4000 | reward(MA200)=18.70 success=14.44 fail=10.56 | 0.17s/ep | delay=0.00
ep 2100/4000 | reward(MA200)=17.69 success=14.35 fail=10.65 | 0.17s/ep | delay=0.00
ep 2150/4000 | reward(MA200)=17.45 success=14.33 fail=10.67 | 0.17s/ep | delay=0.00
ep 2200/4000 | reward(MA200)=16.98 success=14.29 fail=10.71 | 0.17s/ep | delay=0.00
ep 2250/4000 | reward(MA200)=17.59 success=14.35 fail=10.65 | 0.17s/ep | delay=0.00
ep 2300/4000 | reward(MA200)=18.39 success=14.43 fail=10.57 | 0.17s/ep | delay=0.00
ep 2350/4000 | reward(MA200)=19.08 success=14.49 fail=10.51 | 0.17s/ep | delay=0.00
ep 2400/4000 | reward(MA200)=19.27 success=14.51 fail=10.49 | 0.17s/ep | delay=0.00
ep 2450/4000 | reward(MA200)=19.61 success=14.54 fail=10.46 | 0.17s/ep | delay=0.00
ep 2500/4000 | reward(MA200)=19.63 success=14.54 fail=10.46 | 0.17s/ep | delay=0.00
ep 2550/4000 | reward(MA200)=19.15 success=14.49 fail=10.51 | 0.17s/ep | delay=0.00
ep 2600/4000 | reward(MA200)=19.46 success=14.53 fail=10.47 | 0.17s/ep | delay=0.00
ep 2650/4000 | reward(MA200)=19.80 success=14.55 fail=10.45 | 0.17s/ep | delay=0.00
ep 2700/4000 | reward(MA200)=20.03 success=14.57 fail=10.43 | 0.17s/ep | delay=0.00
ep 2750/4000 | reward(MA200)=20.60 success=14.62 fail=10.38 | 0.17s/ep | delay=0.00
ep 2800/4000 | reward(MA200)=21.61 success=14.71 fail=10.29 | 0.17s/ep | delay=0.00
ep 2850/4000 | reward(MA200)=21.49 success=14.70 fail=10.30 | 0.17s/ep | delay=0.00
ep 2900/4000 | reward(MA200)=22.73 success=14.82 fail=10.18 | 0.17s/ep | delay=0.00
ep 2950/4000 | reward(MA200)=23.44 success=14.90 fail=10.10 | 0.17s/ep | delay=0.00
ep 3000/4000 | reward(MA200)=23.97 success=14.96 fail=10.04 | 0.17s/ep | delay=0.00
ep 3050/4000 | reward(MA200)=25.42 success=15.10 fail=9.90 | 0.17s/ep | delay=0.00
ep 3100/4000 | reward(MA200)=25.96 success=15.16 fail=9.84 | 0.17s/ep | delay=0.00
ep 3150/4000 | reward(MA200)=27.75 success=15.35 fail=9.65 | 0.17s/ep | delay=0.00
ep 3200/4000 | reward(MA200)=28.56 success=15.44 fail=9.56 | 0.17s/ep | delay=0.00
ep 3250/4000 | reward(MA200)=29.56 success=15.54 fail=9.46 | 0.17s/ep | delay=0.00
ep 3300/4000 | reward(MA200)=30.96 success=15.69 fail=9.31 | 0.17s/ep | delay=0.00
ep 3350/4000 | reward(MA200)=31.26 success=15.71 fail=9.29 | 0.17s/ep | delay=0.00
ep 3400/4000 | reward(MA200)=31.57 success=15.74 fail=9.26 | 0.17s/ep | delay=0.00
ep 3450/4000 | reward(MA200)=31.71 success=15.76 fail=9.24 | 0.17s/ep | delay=0.00
ep 3500/4000 | reward(MA200)=31.42 success=15.73 fail=9.27 | 0.17s/ep | delay=0.00
ep 3550/4000 | reward(MA200)=31.19 success=15.72 fail=9.28 | 0.17s/ep | delay=0.00
ep 3600/4000 | reward(MA200)=31.96 success=15.81 fail=9.19 | 0.17s/ep | delay=0.00
ep 3650/4000 | reward(MA200)=32.02 success=15.83 fail=9.17 | 0.17s/ep | delay=0.00
ep 3700/4000 | reward(MA200)=31.81 success=15.81 fail=9.19 | 0.17s/ep | delay=0.00
ep 3750/4000 | reward(MA200)=32.11 success=15.86 fail=9.14 | 0.17s/ep | delay=0.00
ep 3800/4000 | reward(MA200)=32.33 success=15.88 fail=9.12 | 0.17s/ep | delay=0.00
ep 3850/4000 | reward(MA200)=32.26 success=15.88 fail=9.12 | 0.17s/ep | delay=0.00
ep 3900/4000 | reward(MA200)=32.18 success=15.88 fail=9.12 | 0.17s/ep | delay=0.00
ep 3950/4000 | reward(MA200)=31.72 success=15.84 fail=9.16 | 0.17s/ep | delay=0.00
ep 4000/4000 | reward(MA200)=31.72 success=15.84 fail=9.16 | 0.17s/ep | delay=0.00
DONE tag=u25_none_s4 -> C:\Users\zengd\Desktop\论文\W-MADDPG\MADDPG_Discrete\results\exp7_varfix\phase0_u25_none_s4.csv
