WARNING:tensorflow:From C:\Users\zengd\Desktop\论文\W-MADDPG\MADDPG_Discrete\train_mappo_phase0.py:150: The name tf.set_random_seed is deprecated. Please use tf.compat.v1.set_random_seed instead.

WARNING:tensorflow:From C:\Users\zengd\Desktop\论文\W-MADDPG\MADDPG_Discrete\mappo_agent.py:31: The name tf.placeholder is deprecated. Please use tf.compat.v1.placeholder instead.

WARNING:tensorflow:From C:\Users\zengd\Desktop\论文\W-MADDPG\MADDPG_Discrete\mappo_agent.py:43: The name tf.variable_scope is deprecated. Please use tf.compat.v1.variable_scope instead.

WARNING:tensorflow:From C:\Users\zengd\Desktop\论文\W-MADDPG\MADDPG_Discrete\mappo_agent.py:7: dense (from tensorflow.python.layers.core) is deprecated and will be removed in a future version.
Instructions for updating:
Use keras.layers.Dense instead.
WARNING:tensorflow:From D:\tool\anaconda\envs\py37tf\lib\site-packages\tensorflow_core\python\layers\core.py:187: Layer.apply (from tensorflow.python.keras.engine.base_layer) is deprecated and will be removed in a future version.
Instructions for updating:
Please use `layer.__call__` method instead.
WARNING:tensorflow:
The TensorFlow contrib module will not be included in TensorFlow 2.0.
For more information, please see:
  * https://github.com/tensorflow/community/blob/master/rfcs/20180907-contrib-sunset.md
  * https://github.com/tensorflow/addons
  * https://github.com/tensorflow/io (for I/O related ops)
If you depend on functionality not listed there, please file an issue.

WARNING:tensorflow:From C:\Users\zengd\Desktop\论文\W-MADDPG\MADDPG_Discrete\mappo_agent.py:114: The name tf.log is deprecated. Please use tf.math.log instead.

WARNING:tensorflow:From C:\Users\zengd\Desktop\论文\W-MADDPG\MADDPG_Discrete\mappo_agent.py:76: The name tf.get_collection is deprecated. Please use tf.compat.v1.get_collection instead.

WARNING:tensorflow:From C:\Users\zengd\Desktop\论文\W-MADDPG\MADDPG_Discrete\mappo_agent.py:76: The name tf.GraphKeys is deprecated. Please use tf.compat.v1.GraphKeys instead.

WARNING:tensorflow:From C:\Users\zengd\Desktop\论文\W-MADDPG\MADDPG_Discrete\mappo_agent.py:122: The name tf.train.AdamOptimizer is deprecated. Please use tf.compat.v1.train.AdamOptimizer instead.

WARNING:tensorflow:From D:\tool\anaconda\envs\py37tf\lib\site-packages\tensorflow_core\python\ops\math_grad.py:1424: where (from tensorflow.python.ops.array_ops) is deprecated and will be removed in a future version.
Instructions for updating:
Use tf.where in 2.0, which has the same broadcast rule as np.where
WARNING:tensorflow:From C:\Users\zengd\Desktop\论文\W-MADDPG\MADDPG_Discrete\train_mappo_phase0.py:215: The name tf.ConfigProto is deprecated. Please use tf.compat.v1.ConfigProto instead.

WARNING:tensorflow:From C:\Users\zengd\Desktop\论文\W-MADDPG\MADDPG_Discrete\train_mappo_phase0.py:219: The name tf.Session is deprecated. Please use tf.compat.v1.Session instead.

2026-09-21 14:26:22.143041: I tensorflow/core/platform/cpu_feature_guard.cc:142] Your CPU supports instructions that this TensorFlow binary was not compiled to use: AVX2
WARNING:tensorflow:From C:\Users\zengd\Desktop\论文\W-MADDPG\MADDPG_Discrete\train_mappo_phase0.py:220: The name tf.global_variables_initializer is deprecated. Please use tf.compat.v1.global_variables_initializer instead.

ep 1/4000 | reward(MA200)=-66.32 success=6.00 fail=19.00 | 1.59s/ep | delay=0.00
ep 50/4000 | reward(MA200)=-53.08 success=7.30 fail=17.70 | 0.23s/ep | delay=0.00
ep 100/4000 | reward(MA200)=-51.26 success=7.47 fail=17.53 | 0.19s/ep | delay=0.00
ep 150/4000 | reward(MA200)=-51.31 success=7.46 fail=17.54 | 0.20s/ep | delay=0.00
ep 200/4000 | reward(MA200)=-49.55 success=7.63 fail=17.36 | 0.19s/ep | delay=0.00
ep 250/4000 | reward(MA200)=-47.25 success=7.86 fail=17.14 | 0.18s/ep | delay=0.00
ep 300/4000 | reward(MA200)=-44.99 success=8.09 fail=16.91 | 0.18s/ep | delay=0.00
ep 350/4000 | reward(MA200)=-40.42 success=8.54 fail=16.46 | 0.18s/ep | delay=0.00
ep 400/4000 | reward(MA200)=-35.56 success=9.03 fail=15.97 | 0.18s/ep | delay=0.00
ep 450/4000 | reward(MA200)=-31.11 success=9.47 fail=15.53 | 0.18s/ep | delay=0.00
ep 500/4000 | reward(MA200)=-26.54 success=9.93 fail=15.07 | 0.18s/ep | delay=0.00
ep 550/4000 | reward(MA200)=-23.49 success=10.23 fail=14.77 | 0.18s/ep | delay=0.00
ep 600/4000 | reward(MA200)=-21.38 success=10.45 fail=14.55 | 0.18s/ep | delay=0.00
ep 650/4000 | reward(MA200)=-18.81 success=10.70 fail=14.30 | 0.18s/ep | delay=0.00
ep 700/4000 | reward(MA200)=-16.18 success=10.96 fail=14.04 | 0.19s/ep | delay=0.00
ep 750/4000 | reward(MA200)=-13.99 success=11.17 fail=13.83 | 0.19s/ep | delay=0.00
ep 800/4000 | reward(MA200)=-12.06 success=11.37 fail=13.63 | 0.20s/ep | delay=0.00
ep 850/4000 | reward(MA200)=-9.70 success=11.61 fail=13.39 | 0.20s/ep | delay=0.00
ep 900/4000 | reward(MA200)=-8.56 success=11.72 fail=13.28 | 0.20s/ep | delay=0.00
ep 950/4000 | reward(MA200)=-7.52 success=11.84 fail=13.16 | 0.19s/ep | delay=0.00
ep 1000/4000 | reward(MA200)=-6.48 success=11.95 fail=13.05 | 0.19s/ep | delay=0.00
ep 1050/4000 | reward(MA200)=-4.94 success=12.11 fail=12.89 | 0.19s/ep | delay=0.00
ep 1100/4000 | reward(MA200)=-4.43 success=12.16 fail=12.84 | 0.19s/ep | delay=0.00
ep 1150/4000 | reward(MA200)=-2.83 success=12.33 fail=12.67 | 0.19s/ep | delay=0.00
ep 1200/4000 | reward(MA200)=-1.62 success=12.45 fail=12.55 | 0.18s/ep | delay=0.00
ep 1250/4000 | reward(MA200)=-1.41 success=12.47 fail=12.53 | 0.18s/ep | delay=0.00
ep 1300/4000 | reward(MA200)=0.58 success=12.67 fail=12.33 | 0.18s/ep | delay=0.00
ep 1350/4000 | reward(MA200)=1.94 success=12.80 fail=12.20 | 0.18s/ep | delay=0.00
ep 1400/4000 | reward(MA200)=2.97 success=12.90 fail=12.10 | 0.18s/ep | delay=0.00
ep 1450/4000 | reward(MA200)=3.99 success=13.01 fail=11.99 | 0.18s/ep | delay=0.00
ep 1500/4000 | reward(MA200)=4.78 success=13.10 fail=11.90 | 0.18s/ep | delay=0.00
ep 1550/4000 | reward(MA200)=5.58 success=13.19 fail=11.81 | 0.18s/ep | delay=0.00
ep 1600/4000 | reward(MA200)=7.29 success=13.37 fail=11.63 | 0.18s/ep | delay=0.00
ep 1650/4000 | reward(MA200)=9.72 success=13.62 fail=11.38 | 0.18s/ep | delay=0.00
ep 1700/4000 | reward(MA200)=12.27 success=13.88 fail=11.12 | 0.18s/ep | delay=0.00
ep 1750/4000 | reward(MA200)=14.80 success=14.12 fail=10.88 | 0.18s/ep | delay=0.00
ep 1800/4000 | reward(MA200)=16.88 success=14.32 fail=10.68 | 0.18s/ep | delay=0.00
ep 1850/4000 | reward(MA200)=18.38 success=14.47 fail=10.53 | 0.18s/ep | delay=0.00
ep 1900/4000 | reward(MA200)=19.12 success=14.55 fail=10.45 | 0.18s/ep | delay=0.00
ep 1950/4000 | reward(MA200)=19.34 success=14.57 fail=10.43 | 0.18s/ep | delay=0.00
ep 2000/4000 | reward(MA200)=20.17 success=14.66 fail=10.34 | 0.17s/ep | delay=0.00
ep 2050/4000 | reward(MA200)=20.82 success=14.72 fail=10.28 | 0.17s/ep | delay=0.00
ep 2100/4000 | reward(MA200)=21.96 success=14.84 fail=10.16 | 0.17s/ep | delay=0.00
ep 2150/4000 | reward(MA200)=22.93 success=14.95 fail=10.05 | 0.17s/ep | delay=0.00
ep 2200/4000 | reward(MA200)=22.90 success=14.95 fail=10.05 | 0.17s/ep | delay=0.00
ep 2250/4000 | reward(MA200)=23.57 success=15.02 fail=9.98 | 0.17s/ep | delay=0.00
ep 2300/4000 | reward(MA200)=24.16 success=15.08 fail=9.92 | 0.17s/ep | delay=0.00
ep 2350/4000 | reward(MA200)=26.04 success=15.27 fail=9.73 | 0.17s/ep | delay=0.00
ep 2400/4000 | reward(MA200)=28.10 success=15.46 fail=9.54 | 0.17s/ep | delay=0.00
ep 2450/4000 | reward(MA200)=29.49 success=15.61 fail=9.39 | 0.17s/ep | delay=0.00
ep 2500/4000 | reward(MA200)=30.09 success=15.66 fail=9.34 | 0.17s/ep | delay=0.00
ep 2550/4000 | reward(MA200)=30.51 success=15.71 fail=9.29 | 0.17s/ep | delay=0.00
ep 2600/4000 | reward(MA200)=30.48 success=15.71 fail=9.29 | 0.17s/ep | delay=0.00
ep 2650/4000 | reward(MA200)=30.03 success=15.68 fail=9.32 | 0.17s/ep | delay=0.00
ep 2700/4000 | reward(MA200)=30.97 success=15.78 fail=9.22 | 0.17s/ep | delay=0.00
ep 2750/4000 | reward(MA200)=30.66 success=15.75 fail=9.25 | 0.17s/ep | delay=0.00
ep 2800/4000 | reward(MA200)=30.77 success=15.76 fail=9.24 | 0.17s/ep | delay=0.00
ep 2850/4000 | reward(MA200)=31.10 success=15.78 fail=9.22 | 0.17s/ep | delay=0.00
ep 2900/4000 | reward(MA200)=30.65 success=15.72 fail=9.28 | 0.17s/ep | delay=0.00
ep 2950/4000 | reward(MA200)=31.14 success=15.78 fail=9.22 | 0.17s/ep | delay=0.00
ep 3000/4000 | reward(MA200)=30.98 success=15.76 fail=9.24 | 0.17s/ep | delay=0.00
ep 3050/4000 | reward(MA200)=31.51 success=15.82 fail=9.18 | 0.17s/ep | delay=0.00
ep 3100/4000 | reward(MA200)=32.01 success=15.88 fail=9.12 | 0.17s/ep | delay=0.00
ep 3150/4000 | reward(MA200)=32.87 success=15.95 fail=9.05 | 0.17s/ep | delay=0.00
ep 3200/4000 | reward(MA200)=33.90 success=16.05 fail=8.95 | 0.17s/ep | delay=0.00
ep 3250/4000 | reward(MA200)=34.78 success=16.13 fail=8.87 | 0.17s/ep | delay=0.00
ep 3300/4000 | reward(MA200)=35.73 success=16.21 fail=8.79 | 0.17s/ep | delay=0.00
ep 3350/4000 | reward(MA200)=36.02 success=16.23 fail=8.77 | 0.17s/ep | delay=0.00
ep 3400/4000 | reward(MA200)=36.04 success=16.23 fail=8.77 | 0.17s/ep | delay=0.00
ep 3450/4000 | reward(MA200)=35.90 success=16.23 fail=8.78 | 0.17s/ep | delay=0.00
ep 3500/4000 | reward(MA200)=35.71 success=16.22 fail=8.78 | 0.17s/ep | delay=0.00
ep 3550/4000 | reward(MA200)=34.94 success=16.14 fail=8.86 | 0.17s/ep | delay=0.00
ep 3600/4000 | reward(MA200)=35.09 success=16.16 fail=8.84 | 0.17s/ep | delay=0.00
ep 3650/4000 | reward(MA200)=34.71 success=16.13 fail=8.87 | 0.17s/ep | delay=0.00
ep 3700/4000 | reward(MA200)=34.43 success=16.09 fail=8.90 | 0.17s/ep | delay=0.00
ep 3750/4000 | reward(MA200)=34.48 success=16.09 fail=8.90 | 0.17s/ep | delay=0.00
ep 3800/4000 | reward(MA200)=34.37 success=16.07 fail=8.93 | 0.17s/ep | delay=0.00
ep 3850/4000 | reward(MA200)=34.91 success=16.12 fail=8.88 | 0.17s/ep | delay=0.00
ep 3900/4000 | reward(MA200)=34.78 success=16.11 fail=8.89 | 0.17s/ep | delay=0.00
ep 3950/4000 | reward(MA200)=35.21 success=16.15 fail=8.85 | 0.17s/ep | delay=0.00
ep 4000/4000 | reward(MA200)=35.19 success=16.15 fail=8.85 | 0.17s/ep | delay=0.00
DONE tag=u25_none_s8 -> C:\Users\zengd\Desktop\论文\W-MADDPG\MADDPG_Discrete\results\exp7_varfix\phase0_u25_none_s8.csv
