WARNING:tensorflow:From C:\Users\zengd\Desktop\论文\W-MADDPG\MADDPG_Discrete\train_mappo_phase0.py:150: The name tf.set_random_seed is deprecated. Please use tf.compat.v1.set_random_seed instead.

WARNING:tensorflow:From C:\Users\zengd\Desktop\论文\W-MADDPG\MADDPG_Discrete\mappo_agent.py:31: The name tf.placeholder is deprecated. Please use tf.compat.v1.placeholder instead.

WARNING:tensorflow:From C:\Users\zengd\Desktop\论文\W-MADDPG\MADDPG_Discrete\mappo_agent.py:43: The name tf.variable_scope is deprecated. Please use tf.compat.v1.variable_scope instead.

WARNING:tensorflow:From C:\Users\zengd\Desktop\论文\W-MADDPG\MADDPG_Discrete\mappo_agent.py:7: dense (from tensorflow.python.layers.core) is deprecated and will be removed in a future version.
Instructions for updating:
Use keras.layers.Dense instead.
WARNING:tensorflow:From D:\tool\anaconda\envs\py37tf\lib\site-packages\tensorflow_core\python\layers\core.py:187: Layer.apply (from tensorflow.python.keras.engine.base_layer) is deprecated and will be removed in a future version.
Instructions for updating:
Please use `layer.__call__` method instead.
WARNING:tensorflow:
The TensorFlow contrib module will not be included in TensorFlow 2.0.
For more information, please see:
  * https://github.com/tensorflow/community/blob/master/rfcs/20180907-contrib-sunset.md
  * https://github.com/tensorflow/addons
  * https://github.com/tensorflow/io (for I/O related ops)
If you depend on functionality not listed there, please file an issue.

WARNING:tensorflow:From C:\Users\zengd\Desktop\论文\W-MADDPG\MADDPG_Discrete\mappo_agent.py:114: The name tf.log is deprecated. Please use tf.math.log instead.

WARNING:tensorflow:From C:\Users\zengd\Desktop\论文\W-MADDPG\MADDPG_Discrete\mappo_agent.py:76: The name tf.get_collection is deprecated. Please use tf.compat.v1.get_collection instead.

WARNING:tensorflow:From C:\Users\zengd\Desktop\论文\W-MADDPG\MADDPG_Discrete\mappo_agent.py:76: The name tf.GraphKeys is deprecated. Please use tf.compat.v1.GraphKeys instead.

WARNING:tensorflow:From C:\Users\zengd\Desktop\论文\W-MADDPG\MADDPG_Discrete\mappo_agent.py:122: The name tf.train.AdamOptimizer is deprecated. Please use tf.compat.v1.train.AdamOptimizer instead.

WARNING:tensorflow:From D:\tool\anaconda\envs\py37tf\lib\site-packages\tensorflow_core\python\ops\math_grad.py:1424: where (from tensorflow.python.ops.array_ops) is deprecated and will be removed in a future version.
Instructions for updating:
Use tf.where in 2.0, which has the same broadcast rule as np.where
WARNING:tensorflow:From C:\Users\zengd\Desktop\论文\W-MADDPG\MADDPG_Discrete\train_mappo_phase0.py:215: The name tf.ConfigProto is deprecated. Please use tf.compat.v1.ConfigProto instead.

WARNING:tensorflow:From C:\Users\zengd\Desktop\论文\W-MADDPG\MADDPG_Discrete\train_mappo_phase0.py:219: The name tf.Session is deprecated. Please use tf.compat.v1.Session instead.

2026-09-21 14:37:59.981774: I tensorflow/core/platform/cpu_feature_guard.cc:142] Your CPU supports instructions that this TensorFlow binary was not compiled to use: AVX2
WARNING:tensorflow:From C:\Users\zengd\Desktop\论文\W-MADDPG\MADDPG_Discrete\train_mappo_phase0.py:220: The name tf.global_variables_initializer is deprecated. Please use tf.compat.v1.global_variables_initializer instead.

ep 1/4000 | reward(MA200)=-26.68 success=10.00 fail=15.00 | 0.89s/ep | delay=0.00
ep 50/4000 | reward(MA200)=-47.75 success=7.80 fail=17.20 | 0.11s/ep | delay=0.00
ep 100/4000 | reward(MA200)=-47.17 success=7.85 fail=17.15 | 0.09s/ep | delay=0.00
ep 150/4000 | reward(MA200)=-44.57 success=8.11 fail=16.89 | 0.09s/ep | delay=0.00
ep 200/4000 | reward(MA200)=-41.99 success=8.36 fail=16.64 | 0.08s/ep | delay=0.00
ep 250/4000 | reward(MA200)=-37.99 success=8.76 fail=16.24 | 0.08s/ep | delay=0.00
ep 300/4000 | reward(MA200)=-34.37 success=9.12 fail=15.88 | 0.08s/ep | delay=0.00
ep 350/4000 | reward(MA200)=-32.55 success=9.31 fail=15.69 | 0.08s/ep | delay=0.00
ep 400/4000 | reward(MA200)=-30.89 success=9.48 fail=15.52 | 0.08s/ep | delay=0.00
ep 450/4000 | reward(MA200)=-29.34 success=9.63 fail=15.37 | 0.08s/ep | delay=0.00
ep 500/4000 | reward(MA200)=-25.58 success=10.01 fail=14.99 | 0.08s/ep | delay=0.00
ep 550/4000 | reward(MA200)=-22.64 success=10.30 fail=14.70 | 0.08s/ep | delay=0.00
ep 600/4000 | reward(MA200)=-20.00 success=10.58 fail=14.42 | 0.07s/ep | delay=0.00
ep 650/4000 | reward(MA200)=-16.62 success=10.93 fail=14.07 | 0.07s/ep | delay=0.00
ep 700/4000 | reward(MA200)=-15.18 success=11.07 fail=13.93 | 0.07s/ep | delay=0.00
ep 750/4000 | reward(MA200)=-12.87 success=11.31 fail=13.69 | 0.07s/ep | delay=0.00
ep 800/4000 | reward(MA200)=-10.38 success=11.55 fail=13.45 | 0.07s/ep | delay=0.00
ep 850/4000 | reward(MA200)=-9.16 success=11.68 fail=13.32 | 0.07s/ep | delay=0.00
ep 900/4000 | reward(MA200)=-7.29 success=11.87 fail=13.13 | 0.07s/ep | delay=0.00
ep 950/4000 | reward(MA200)=-5.55 success=12.04 fail=12.96 | 0.07s/ep | delay=0.00
ep 1000/4000 | reward(MA200)=-4.55 success=12.15 fail=12.85 | 0.07s/ep | delay=0.00
ep 1050/4000 | reward(MA200)=-2.82 success=12.33 fail=12.67 | 0.07s/ep | delay=0.00
ep 1100/4000 | reward(MA200)=-2.02 success=12.41 fail=12.59 | 0.07s/ep | delay=0.00
ep 1150/4000 | reward(MA200)=-1.01 success=12.51 fail=12.49 | 0.07s/ep | delay=0.00
ep 1200/4000 | reward(MA200)=0.26 success=12.63 fail=12.37 | 0.07s/ep | delay=0.00
ep 1250/4000 | reward(MA200)=1.43 success=12.74 fail=12.26 | 0.07s/ep | delay=0.00
ep 1300/4000 | reward(MA200)=3.08 success=12.90 fail=12.10 | 0.07s/ep | delay=0.00
ep 1350/4000 | reward(MA200)=4.96 success=13.09 fail=11.91 | 0.07s/ep | delay=0.00
ep 1400/4000 | reward(MA200)=7.12 success=13.30 fail=11.70 | 0.08s/ep | delay=0.00
ep 1450/4000 | reward(MA200)=10.39 success=13.63 fail=11.37 | 0.08s/ep | delay=0.00
ep 1500/4000 | reward(MA200)=12.44 success=13.84 fail=11.16 | 0.09s/ep | delay=0.00
ep 1550/4000 | reward(MA200)=15.00 success=14.10 fail=10.90 | 0.09s/ep | delay=0.00
ep 1600/4000 | reward(MA200)=17.41 success=14.34 fail=10.66 | 0.09s/ep | delay=0.00
ep 1650/4000 | reward(MA200)=17.30 success=14.32 fail=10.68 | 0.09s/ep | delay=0.00
ep 1700/4000 | reward(MA200)=18.89 success=14.48 fail=10.52 | 0.09s/ep | delay=0.00
ep 1750/4000 | reward(MA200)=19.80 success=14.57 fail=10.43 | 0.09s/ep | delay=0.00
ep 1800/4000 | reward(MA200)=20.03 success=14.59 fail=10.41 | 0.09s/ep | delay=0.00
ep 1850/4000 | reward(MA200)=21.03 success=14.69 fail=10.31 | 0.09s/ep | delay=0.00
ep 1900/4000 | reward(MA200)=21.41 success=14.72 fail=10.28 | 0.09s/ep | delay=0.00
ep 1950/4000 | reward(MA200)=22.11 success=14.78 fail=10.22 | 0.09s/ep | delay=0.00
ep 2000/4000 | reward(MA200)=22.78 success=14.85 fail=10.15 | 0.09s/ep | delay=0.00
ep 2050/4000 | reward(MA200)=23.38 success=14.90 fail=10.10 | 0.09s/ep | delay=0.00
ep 2100/4000 | reward(MA200)=24.19 success=14.98 fail=10.02 | 0.09s/ep | delay=0.00
ep 2150/4000 | reward(MA200)=23.68 success=14.94 fail=10.06 | 0.09s/ep | delay=0.00
ep 2200/4000 | reward(MA200)=23.64 success=14.94 fail=10.06 | 0.09s/ep | delay=0.00
ep 2250/4000 | reward(MA200)=23.70 success=14.94 fail=10.06 | 0.09s/ep | delay=0.00
ep 2300/4000 | reward(MA200)=23.84 success=14.94 fail=10.06 | 0.09s/ep | delay=0.00
ep 2350/4000 | reward(MA200)=24.04 success=14.96 fail=10.04 | 0.08s/ep | delay=0.00
ep 2400/4000 | reward(MA200)=23.88 success=14.95 fail=10.05 | 0.08s/ep | delay=0.00
ep 2450/4000 | reward(MA200)=23.61 success=14.93 fail=10.07 | 0.08s/ep | delay=0.00
ep 2500/4000 | reward(MA200)=23.02 success=14.88 fail=10.12 | 0.08s/ep | delay=0.00
ep 2550/4000 | reward(MA200)=23.44 success=14.91 fail=10.09 | 0.08s/ep | delay=0.00
ep 2600/4000 | reward(MA200)=24.00 success=14.96 fail=10.04 | 0.08s/ep | delay=0.00
ep 2650/4000 | reward(MA200)=24.42 success=15.00 fail=10.00 | 0.08s/ep | delay=0.00
ep 2700/4000 | reward(MA200)=24.86 success=15.04 fail=9.96 | 0.08s/ep | delay=0.00
ep 2750/4000 | reward(MA200)=25.81 success=15.14 fail=9.86 | 0.08s/ep | delay=0.00
ep 2800/4000 | reward(MA200)=26.92 success=15.26 fail=9.74 | 0.08s/ep | delay=0.00
ep 2850/4000 | reward(MA200)=28.66 success=15.43 fail=9.57 | 0.08s/ep | delay=0.00
ep 2900/4000 | reward(MA200)=30.11 success=15.56 fail=9.44 | 0.08s/ep | delay=0.00
ep 2950/4000 | reward(MA200)=30.20 success=15.57 fail=9.43 | 0.08s/ep | delay=0.00
ep 3000/4000 | reward(MA200)=30.20 success=15.57 fail=9.43 | 0.08s/ep | delay=0.00
ep 3050/4000 | reward(MA200)=30.13 success=15.56 fail=9.44 | 0.08s/ep | delay=0.00
ep 3100/4000 | reward(MA200)=30.07 success=15.56 fail=9.44 | 0.08s/ep | delay=0.00
ep 3150/4000 | reward(MA200)=31.43 success=15.69 fail=9.31 | 0.08s/ep | delay=0.00
ep 3200/4000 | reward(MA200)=32.39 success=15.79 fail=9.21 | 0.08s/ep | delay=0.00
ep 3250/4000 | reward(MA200)=32.09 success=15.77 fail=9.23 | 0.08s/ep | delay=0.00
ep 3300/4000 | reward(MA200)=32.29 success=15.79 fail=9.21 | 0.08s/ep | delay=0.00
ep 3350/4000 | reward(MA200)=31.76 success=15.74 fail=9.26 | 0.08s/ep | delay=0.00
ep 3400/4000 | reward(MA200)=31.89 success=15.76 fail=9.24 | 0.08s/ep | delay=0.00
ep 3450/4000 | reward(MA200)=32.96 success=15.87 fail=9.13 | 0.08s/ep | delay=0.00
ep 3500/4000 | reward(MA200)=32.94 success=15.87 fail=9.13 | 0.08s/ep | delay=0.00
ep 3550/4000 | reward(MA200)=33.11 success=15.88 fail=9.12 | 0.08s/ep | delay=0.00
ep 3600/4000 | reward(MA200)=32.92 success=15.86 fail=9.14 | 0.08s/ep | delay=0.00
ep 3650/4000 | reward(MA200)=33.20 success=15.89 fail=9.11 | 0.08s/ep | delay=0.00
ep 3700/4000 | reward(MA200)=33.31 success=15.90 fail=9.10 | 0.08s/ep | delay=0.00
ep 3750/4000 | reward(MA200)=33.43 success=15.92 fail=9.08 | 0.08s/ep | delay=0.00
ep 3800/4000 | reward(MA200)=33.36 success=15.91 fail=9.09 | 0.08s/ep | delay=0.00
ep 3850/4000 | reward(MA200)=33.56 success=15.94 fail=9.06 | 0.08s/ep | delay=0.00
ep 3900/4000 | reward(MA200)=34.17 success=15.99 fail=9.01 | 0.08s/ep | delay=0.00
ep 3950/4000 | reward(MA200)=35.73 success=16.14 fail=8.86 | 0.08s/ep | delay=0.00
ep 4000/4000 | reward(MA200)=36.94 success=16.27 fail=8.73 | 0.08s/ep | delay=0.00
DONE tag=u25_none_s10 -> C:\Users\zengd\Desktop\论文\W-MADDPG\MADDPG_Discrete\results\exp7_varfix\phase0_u25_none_s10.csv
