WARNING:tensorflow:From C:\Users\zengd\Desktop\论文\W-MADDPG\MADDPG_Discrete\train_mappo_dyn.py:144: The name tf.set_random_seed is deprecated. Please use tf.compat.v1.set_random_seed instead.

WARNING:tensorflow:From C:\Users\zengd\Desktop\论文\W-MADDPG\MADDPG_Discrete\mappo_agent.py:36: The name tf.placeholder is deprecated. Please use tf.compat.v1.placeholder instead.

WARNING:tensorflow:From C:\Users\zengd\Desktop\论文\W-MADDPG\MADDPG_Discrete\mappo_agent.py:48: The name tf.variable_scope is deprecated. Please use tf.compat.v1.variable_scope instead.

WARNING:tensorflow:From C:\Users\zengd\Desktop\论文\W-MADDPG\MADDPG_Discrete\mappo_agent.py:7: dense (from tensorflow.python.layers.core) is deprecated and will be removed in a future version.
Instructions for updating:
Use keras.layers.Dense instead.
WARNING:tensorflow:From D:\tool\anaconda\envs\py37tf\lib\site-packages\tensorflow_core\python\layers\core.py:187: Layer.apply (from tensorflow.python.keras.engine.base_layer) is deprecated and will be removed in a future version.
Instructions for updating:
Please use `layer.__call__` method instead.
WARNING:tensorflow:
The TensorFlow contrib module will not be included in TensorFlow 2.0.
For more information, please see:
  * https://github.com/tensorflow/community/blob/master/rfcs/20180907-contrib-sunset.md
  * https://github.com/tensorflow/addons
  * https://github.com/tensorflow/io (for I/O related ops)
If you depend on functionality not listed there, please file an issue.

WARNING:tensorflow:From C:\Users\zengd\Desktop\论文\W-MADDPG\MADDPG_Discrete\mappo_agent.py:146: The name tf.AUTO_REUSE is deprecated. Please use tf.compat.v1.AUTO_REUSE instead.

WARNING:tensorflow:From C:\Users\zengd\Desktop\论文\W-MADDPG\MADDPG_Discrete\mappo_agent.py:174: The name tf.log is deprecated. Please use tf.math.log instead.

WARNING:tensorflow:From C:\Users\zengd\Desktop\论文\W-MADDPG\MADDPG_Discrete\mappo_agent.py:93: The name tf.get_collection is deprecated. Please use tf.compat.v1.get_collection instead.

WARNING:tensorflow:From C:\Users\zengd\Desktop\论文\W-MADDPG\MADDPG_Discrete\mappo_agent.py:93: The name tf.GraphKeys is deprecated. Please use tf.compat.v1.GraphKeys instead.

WARNING:tensorflow:From C:\Users\zengd\Desktop\论文\W-MADDPG\MADDPG_Discrete\mappo_agent.py:182: The name tf.train.AdamOptimizer is deprecated. Please use tf.compat.v1.train.AdamOptimizer instead.

WARNING:tensorflow:From D:\tool\anaconda\envs\py37tf\lib\site-packages\tensorflow_core\python\ops\math_grad.py:1424: where (from tensorflow.python.ops.array_ops) is deprecated and will be removed in a future version.
Instructions for updating:
Use tf.where in 2.0, which has the same broadcast rule as np.where
WARNING:tensorflow:From C:\Users\zengd\Desktop\论文\W-MADDPG\MADDPG_Discrete\train_mappo_dyn.py:210: The name tf.ConfigProto is deprecated. Please use tf.compat.v1.ConfigProto instead.

WARNING:tensorflow:From C:\Users\zengd\Desktop\论文\W-MADDPG\MADDPG_Discrete\train_mappo_dyn.py:212: The name tf.Session is deprecated. Please use tf.compat.v1.Session instead.

2026-09-27 16:48:08.553517: I tensorflow/core/platform/cpu_feature_guard.cc:142] Your CPU supports instructions that this TensorFlow binary was not compiled to use: AVX2
WARNING:tensorflow:From C:\Users\zengd\Desktop\论文\W-MADDPG\MADDPG_Discrete\train_mappo_dyn.py:213: The name tf.global_variables_initializer is deprecated. Please use tf.compat.v1.global_variables_initializer instead.

WARNING:tensorflow:From C:\Users\zengd\Desktop\论文\W-MADDPG\MADDPG_Discrete\train_mappo_dyn.py:214: The name tf.train.Saver is deprecated. Please use tf.compat.v1.train.Saver instead.

ep 1/1500 | r=-72.4 s=17 f=31 | route=0.78 cond=0.78 | 0.38s/ep
ep 50/1500 | r=-23.8 s=17 f=22 | route=0.77 cond=0.91 | 0.29s/ep
ep 100/1500 | r=-94.4 s=19 f=37 | route=0.71 cond=0.75 | 0.29s/ep
ep 150/1500 | r=-128.8 s=14 f=39 | route=0.75 cond=0.77 | 0.30s/ep
ep 200/1500 | r=-51.2 s=15 f=25 | route=0.87 cond=0.86 | 0.31s/ep
ep 250/1500 | r=-103.0 s=14 f=34 | route=0.83 cond=0.86 | 0.33s/ep
ep 300/1500 | r=26.6 s=25 f=20 | route=0.72 cond=0.50 | 0.33s/ep
ep 350/1500 | r=11.7 s=21 f=19 | route=0.78 cond=0.62 | 0.34s/ep
ep 400/1500 | r=36.2 s=19 f=12 | route=0.89 cond=0.83 | 0.34s/ep
ep 450/1500 | r=-8.8 s=20 f=22 | route=0.84 cond=1.00 | 0.35s/ep
ep 500/1500 | r=0.2 s=20 f=20 | route=0.79 cond=0.70 | 0.36s/ep
ep 550/1500 | r=-16.9 s=21 f=24 | route=0.79 cond=0.82 | 0.36s/ep
ep 600/1500 | r=20.2 s=22 f=18 | route=0.83 cond=0.86 | 0.36s/ep
ep 650/1500 | r=32.0 s=28 f=22 | route=0.85 cond=1.00 | 0.37s/ep
ep 700/1500 | r=30.2 s=21 f=15 | route=0.72 cond=0.67 | 0.37s/ep
ep 750/1500 | r=16.9 s=22 f=19 | route=0.89 cond=1.00 | 0.37s/ep
ep 800/1500 | r=5.5 s=28 f=26 | route=0.86 cond=0.89 | 0.37s/ep
ep 850/1500 | r=102.9 s=28 f=8 | route=0.81 cond=1.00 | 0.37s/ep
ep 900/1500 | r=11.5 s=17 f=15 | route=0.86 cond=0.75 | 0.37s/ep
ep 950/1500 | r=42.5 s=28 f=20 | route=0.74 cond=0.81 | 0.37s/ep
ep 1000/1500 | r=16.2 s=18 f=15 | route=0.91 cond=0.89 | 0.37s/ep
ep 1050/1500 | r=70.5 s=29 f=15 | route=0.78 cond=0.67 | 0.38s/ep
ep 1100/1500 | r=-41.9 s=17 f=25 | route=0.87 cond=0.91 | 0.38s/ep
ep 1150/1500 | r=-14.9 s=20 f=23 | route=0.86 cond=1.00 | 0.38s/ep
ep 1200/1500 | r=-0.9 s=19 f=19 | route=0.88 cond=1.00 | 0.38s/ep
ep 1250/1500 | r=-66.9 s=16 f=29 | route=0.84 cond=0.83 | 0.38s/ep
ep 1300/1500 | r=31.2 s=22 f=16 | route=0.73 cond=1.00 | 0.38s/ep
ep 1350/1500 | r=60.7 s=27 f=15 | route=0.87 cond=0.86 | 0.38s/ep
ep 1400/1500 | r=116.7 s=30 f=7 | route=0.82 cond=0.00 | 0.38s/ep
ep 1450/1500 | r=1.0 s=21 f=21 | route=0.86 cond=0.71 | 0.39s/ep
ep 1500/1500 | r=-89.0 s=19 f=36 | route=0.73 cond=0.91 | 0.39s/ep
DONE tag=struct_fixed_d2_s5
