WARNING:tensorflow:From C:\Users\zengd\Desktop\论文\W-MADDPG\MADDPG_Discrete\train_mappo_dyn.py:144: The name tf.set_random_seed is deprecated. Please use tf.compat.v1.set_random_seed instead.

WARNING:tensorflow:From C:\Users\zengd\Desktop\论文\W-MADDPG\MADDPG_Discrete\mappo_agent.py:34: The name tf.placeholder is deprecated. Please use tf.compat.v1.placeholder instead.

WARNING:tensorflow:From C:\Users\zengd\Desktop\论文\W-MADDPG\MADDPG_Discrete\mappo_agent.py:46: The name tf.variable_scope is deprecated. Please use tf.compat.v1.variable_scope instead.

WARNING:tensorflow:From C:\Users\zengd\Desktop\论文\W-MADDPG\MADDPG_Discrete\mappo_agent.py:7: dense (from tensorflow.python.layers.core) is deprecated and will be removed in a future version.
Instructions for updating:
Use keras.layers.Dense instead.
WARNING:tensorflow:From D:\tool\anaconda\envs\py37tf\lib\site-packages\tensorflow_core\python\layers\core.py:187: Layer.apply (from tensorflow.python.keras.engine.base_layer) is deprecated and will be removed in a future version.
Instructions for updating:
Please use `layer.__call__` method instead.
WARNING:tensorflow:
The TensorFlow contrib module will not be included in TensorFlow 2.0.
For more information, please see:
  * https://github.com/tensorflow/community/blob/master/rfcs/20180907-contrib-sunset.md
  * https://github.com/tensorflow/addons
  * https://github.com/tensorflow/io (for I/O related ops)
If you depend on functionality not listed there, please file an issue.

WARNING:tensorflow:From C:\Users\zengd\Desktop\论文\W-MADDPG\MADDPG_Discrete\mappo_agent.py:136: The name tf.log is deprecated. Please use tf.math.log instead.

WARNING:tensorflow:From C:\Users\zengd\Desktop\论文\W-MADDPG\MADDPG_Discrete\mappo_agent.py:91: The name tf.get_collection is deprecated. Please use tf.compat.v1.get_collection instead.

WARNING:tensorflow:From C:\Users\zengd\Desktop\论文\W-MADDPG\MADDPG_Discrete\mappo_agent.py:91: The name tf.GraphKeys is deprecated. Please use tf.compat.v1.GraphKeys instead.

WARNING:tensorflow:From C:\Users\zengd\Desktop\论文\W-MADDPG\MADDPG_Discrete\mappo_agent.py:144: The name tf.train.AdamOptimizer is deprecated. Please use tf.compat.v1.train.AdamOptimizer instead.

WARNING:tensorflow:From D:\tool\anaconda\envs\py37tf\lib\site-packages\tensorflow_core\python\ops\math_grad.py:1424: where (from tensorflow.python.ops.array_ops) is deprecated and will be removed in a future version.
Instructions for updating:
Use tf.where in 2.0, which has the same broadcast rule as np.where
WARNING:tensorflow:From C:\Users\zengd\Desktop\论文\W-MADDPG\MADDPG_Discrete\train_mappo_dyn.py:207: The name tf.ConfigProto is deprecated. Please use tf.compat.v1.ConfigProto instead.

WARNING:tensorflow:From C:\Users\zengd\Desktop\论文\W-MADDPG\MADDPG_Discrete\train_mappo_dyn.py:209: The name tf.Session is deprecated. Please use tf.compat.v1.Session instead.

2026-09-27 13:55:02.064530: I tensorflow/core/platform/cpu_feature_guard.cc:142] Your CPU supports instructions that this TensorFlow binary was not compiled to use: AVX2
WARNING:tensorflow:From C:\Users\zengd\Desktop\论文\W-MADDPG\MADDPG_Discrete\train_mappo_dyn.py:210: The name tf.global_variables_initializer is deprecated. Please use tf.compat.v1.global_variables_initializer instead.

WARNING:tensorflow:From C:\Users\zengd\Desktop\论文\W-MADDPG\MADDPG_Discrete\train_mappo_dyn.py:211: The name tf.train.Saver is deprecated. Please use tf.compat.v1.train.Saver instead.

ep 1/1500 | r=-34.4 s=12 f=19 | route=0.95 cond=1.00 | 0.41s/ep
ep 50/1500 | r=-24.9 s=15 f=20 | route=0.95 cond=1.00 | 0.38s/ep
ep 100/1500 | r=10.7 s=16 f=14 | route=0.94 cond=1.00 | 0.37s/ep
ep 150/1500 | r=36.3 s=15 f=8 | route=0.81 cond=1.00 | 0.36s/ep
ep 200/1500 | r=-32.6 s=13 f=20 | route=0.94 cond=1.00 | 0.36s/ep
ep 250/1500 | r=16.7 s=18 f=15 | route=0.92 cond=0.88 | 0.37s/ep
ep 300/1500 | r=17.4 s=18 f=15 | route=0.91 cond=1.00 | 0.36s/ep
ep 350/1500 | r=-40.0 s=19 f=27 | route=0.78 cond=0.83 | 0.35s/ep
ep 400/1500 | r=-19.7 s=10 f=14 | route=0.97 cond=0.00 | 0.35s/ep
ep 450/1500 | r=-35.0 s=10 f=17 | route=0.97 cond=0.00 | 0.35s/ep
ep 500/1500 | r=-72.7 s=15 f=29 | route=0.87 cond=0.60 | 0.35s/ep
ep 550/1500 | r=-32.4 s=19 f=25 | route=0.82 cond=0.79 | 0.35s/ep
ep 600/1500 | r=16.2 s=24 f=21 | route=0.88 cond=0.92 | 0.35s/ep
ep 650/1500 | r=-77.7 s=13 f=28 | route=0.96 cond=1.00 | 0.35s/ep
ep 700/1500 | r=14.6 s=18 f=15 | route=0.81 cond=1.00 | 0.35s/ep
ep 750/1500 | r=-40.9 s=19 f=27 | route=0.86 cond=0.75 | 0.34s/ep
ep 800/1500 | r=-26.8 s=16 f=21 | route=0.92 cond=1.00 | 0.34s/ep
ep 850/1500 | r=86.8 s=27 f=10 | route=0.83 cond=1.00 | 0.34s/ep
ep 900/1500 | r=93.3 s=25 f=7 | route=0.94 cond=1.00 | 0.35s/ep
ep 950/1500 | r=61.0 s=18 f=6 | route=0.88 cond=1.00 | 0.35s/ep
ep 1000/1500 | r=95.2 s=30 f=11 | route=0.83 cond=1.00 | 0.35s/ep
ep 1050/1500 | r=-11.1 s=24 f=26 | route=0.90 cond=0.85 | 0.35s/ep
ep 1100/1500 | r=83.2 s=24 f=8 | route=0.82 cond=1.00 | 0.35s/ep
ep 1150/1500 | r=-37.4 s=18 f=25 | route=0.76 cond=0.67 | 0.35s/ep
ep 1200/1500 | r=87.0 s=25 f=8 | route=0.81 cond=1.00 | 0.35s/ep
ep 1250/1500 | r=20.6 s=19 f=15 | route=0.75 cond=1.00 | 0.35s/ep
ep 1300/1500 | r=47.0 s=22 f=13 | route=0.75 cond=0.71 | 0.35s/ep
ep 1350/1500 | r=13.0 s=21 f=18 | route=0.77 cond=1.00 | 0.35s/ep
ep 1400/1500 | r=33.7 s=21 f=14 | route=0.80 cond=0.88 | 0.35s/ep
ep 1450/1500 | r=52.5 s=24 f=14 | route=0.82 cond=0.67 | 0.35s/ep
ep 1500/1500 | r=-0.7 s=24 f=24 | route=0.75 cond=0.80 | 0.35s/ep
DONE tag=shared_live_s3
