WARNING:tensorflow:From C:\Users\zengd\Desktop\论文\W-MADDPG\MADDPG_Discrete\train_mappo_dyn.py:144: The name tf.set_random_seed is deprecated. Please use tf.compat.v1.set_random_seed instead.

WARNING:tensorflow:From C:\Users\zengd\Desktop\论文\W-MADDPG\MADDPG_Discrete\mappo_agent.py:34: The name tf.placeholder is deprecated. Please use tf.compat.v1.placeholder instead.

WARNING:tensorflow:From C:\Users\zengd\Desktop\论文\W-MADDPG\MADDPG_Discrete\mappo_agent.py:46: The name tf.variable_scope is deprecated. Please use tf.compat.v1.variable_scope instead.

WARNING:tensorflow:From C:\Users\zengd\Desktop\论文\W-MADDPG\MADDPG_Discrete\mappo_agent.py:7: dense (from tensorflow.python.layers.core) is deprecated and will be removed in a future version.
Instructions for updating:
Use keras.layers.Dense instead.
WARNING:tensorflow:From D:\tool\anaconda\envs\py37tf\lib\site-packages\tensorflow_core\python\layers\core.py:187: Layer.apply (from tensorflow.python.keras.engine.base_layer) is deprecated and will be removed in a future version.
Instructions for updating:
Please use `layer.__call__` method instead.
WARNING:tensorflow:
The TensorFlow contrib module will not be included in TensorFlow 2.0.
For more information, please see:
  * https://github.com/tensorflow/community/blob/master/rfcs/20180907-contrib-sunset.md
  * https://github.com/tensorflow/addons
  * https://github.com/tensorflow/io (for I/O related ops)
If you depend on functionality not listed there, please file an issue.

WARNING:tensorflow:From C:\Users\zengd\Desktop\论文\W-MADDPG\MADDPG_Discrete\mappo_agent.py:136: The name tf.log is deprecated. Please use tf.math.log instead.

WARNING:tensorflow:From C:\Users\zengd\Desktop\论文\W-MADDPG\MADDPG_Discrete\mappo_agent.py:91: The name tf.get_collection is deprecated. Please use tf.compat.v1.get_collection instead.

WARNING:tensorflow:From C:\Users\zengd\Desktop\论文\W-MADDPG\MADDPG_Discrete\mappo_agent.py:91: The name tf.GraphKeys is deprecated. Please use tf.compat.v1.GraphKeys instead.

WARNING:tensorflow:From C:\Users\zengd\Desktop\论文\W-MADDPG\MADDPG_Discrete\mappo_agent.py:144: The name tf.train.AdamOptimizer is deprecated. Please use tf.compat.v1.train.AdamOptimizer instead.

WARNING:tensorflow:From D:\tool\anaconda\envs\py37tf\lib\site-packages\tensorflow_core\python\ops\math_grad.py:1424: where (from tensorflow.python.ops.array_ops) is deprecated and will be removed in a future version.
Instructions for updating:
Use tf.where in 2.0, which has the same broadcast rule as np.where
WARNING:tensorflow:From C:\Users\zengd\Desktop\论文\W-MADDPG\MADDPG_Discrete\train_mappo_dyn.py:189: The name tf.ConfigProto is deprecated. Please use tf.compat.v1.ConfigProto instead.

WARNING:tensorflow:From C:\Users\zengd\Desktop\论文\W-MADDPG\MADDPG_Discrete\train_mappo_dyn.py:191: The name tf.Session is deprecated. Please use tf.compat.v1.Session instead.

2026-09-24 13:54:13.223213: I tensorflow/core/platform/cpu_feature_guard.cc:142] Your CPU supports instructions that this TensorFlow binary was not compiled to use: AVX2
WARNING:tensorflow:From C:\Users\zengd\Desktop\论文\W-MADDPG\MADDPG_Discrete\train_mappo_dyn.py:192: The name tf.global_variables_initializer is deprecated. Please use tf.compat.v1.global_variables_initializer instead.

ep 1/3000 | r=87.9 s=27 f=10 | route=0.00 cond=0.00 | 4.63s/ep
ep 50/3000 | r=-46.3 s=19 f=28 | route=0.00 cond=0.00 | 0.87s/ep
ep 100/3000 | r=-93.0 s=24 f=41 | route=0.00 cond=0.00 | 0.82s/ep
ep 150/3000 | r=44.7 s=26 f=17 | route=0.00 cond=0.00 | 0.80s/ep
ep 200/3000 | r=-103.9 s=17 f=37 | route=0.00 cond=0.00 | 0.79s/ep
ep 250/3000 | r=-90.1 s=23 f=40 | route=0.00 cond=0.00 | 0.80s/ep
ep 300/3000 | r=50.9 s=28 f=18 | route=0.00 cond=0.00 | 0.79s/ep
ep 350/3000 | r=13.5 s=26 f=23 | route=0.00 cond=0.00 | 0.78s/ep
ep 400/3000 | r=-53.8 s=20 f=30 | route=0.00 cond=0.00 | 0.77s/ep
ep 450/3000 | r=-48.4 s=25 f=33 | route=0.00 cond=0.00 | 0.79s/ep
ep 500/3000 | r=59.8 s=30 f=18 | route=0.00 cond=0.00 | 0.79s/ep
ep 550/3000 | r=62.1 s=25 f=12 | route=0.00 cond=0.00 | 0.78s/ep
ep 600/3000 | r=-39.4 s=24 f=30 | route=0.00 cond=0.00 | 0.78s/ep
ep 650/3000 | r=-66.9 s=26 f=38 | route=0.00 cond=0.00 | 0.79s/ep
ep 700/3000 | r=81.1 s=27 f=11 | route=0.00 cond=0.00 | 0.78s/ep
ep 750/3000 | r=-6.9 s=25 f=26 | route=0.00 cond=0.00 | 0.78s/ep
ep 800/3000 | r=19.7 s=26 f=22 | route=0.00 cond=0.00 | 0.78s/ep
ep 850/3000 | r=16.9 s=29 f=25 | route=0.00 cond=0.00 | 0.78s/ep
ep 900/3000 | r=79.1 s=32 f=17 | route=0.00 cond=0.00 | 0.76s/ep
ep 950/3000 | r=-31.0 s=26 f=32 | route=0.00 cond=0.00 | 0.73s/ep
ep 1000/3000 | r=-134.6 s=19 f=44 | route=0.00 cond=0.00 | 0.71s/ep
ep 1050/3000 | r=-50.0 s=28 f=37 | route=0.00 cond=0.00 | 0.70s/ep
ep 1100/3000 | r=-65.1 s=20 f=32 | route=0.00 cond=0.00 | 0.68s/ep
ep 1150/3000 | r=-52.9 s=26 f=36 | route=0.00 cond=0.00 | 0.66s/ep
ep 1200/3000 | r=48.7 s=24 f=14 | route=0.00 cond=0.00 | 0.65s/ep
ep 1250/3000 | r=9.3 s=22 f=20 | route=0.00 cond=0.00 | 0.64s/ep
ep 1300/3000 | r=55.2 s=30 f=19 | route=0.00 cond=0.00 | 0.63s/ep
ep 1350/3000 | r=-0.7 s=21 f=21 | route=0.00 cond=0.00 | 0.62s/ep
ep 1400/3000 | r=28.6 s=26 f=20 | route=0.00 cond=0.00 | 0.61s/ep
ep 1450/3000 | r=-124.3 s=22 f=45 | route=0.00 cond=0.00 | 0.61s/ep
ep 1500/3000 | r=-50.9 s=21 f=30 | route=0.00 cond=0.00 | 0.60s/ep
ep 1550/3000 | r=-20.1 s=26 f=29 | route=0.00 cond=0.00 | 0.59s/ep
ep 1600/3000 | r=24.5 s=24 f=19 | route=0.00 cond=0.00 | 0.60s/ep
ep 1650/3000 | r=-67.2 s=25 f=38 | route=0.00 cond=0.00 | 0.61s/ep
ep 1700/3000 | r=3.5 s=29 f=28 | route=0.00 cond=0.00 | 0.62s/ep
ep 1750/3000 | r=-59.6 s=26 f=38 | route=0.00 cond=0.00 | 0.63s/ep
ep 1800/3000 | r=34.8 s=31 f=24 | route=0.00 cond=0.00 | 0.64s/ep
ep 1850/3000 | r=-6.9 s=30 f=30 | route=0.00 cond=0.00 | 0.65s/ep
ep 1900/3000 | r=-16.8 s=25 f=28 | route=0.00 cond=0.00 | 0.64s/ep
ep 1950/3000 | r=83.4 s=28 f=12 | route=0.00 cond=0.00 | 0.64s/ep
ep 2000/3000 | r=-33.0 s=25 f=30 | route=0.00 cond=0.00 | 0.66s/ep
ep 2050/3000 | r=-46.2 s=23 f=31 | route=0.00 cond=0.00 | 0.66s/ep
ep 2100/3000 | r=-60.5 s=23 f=34 | route=0.00 cond=0.00 | 0.66s/ep
ep 2150/3000 | r=-43.4 s=23 f=31 | route=0.00 cond=0.00 | 0.66s/ep
ep 2200/3000 | r=-7.3 s=22 f=23 | route=0.00 cond=0.00 | 0.66s/ep
ep 2250/3000 | r=-2.8 s=28 f=28 | route=0.00 cond=0.00 | 0.65s/ep
ep 2300/3000 | r=-34.6 s=28 f=33 | route=0.00 cond=0.00 | 0.65s/ep
ep 2350/3000 | r=33.0 s=26 f=19 | route=0.00 cond=0.00 | 0.65s/ep
ep 2400/3000 | r=-41.0 s=24 f=31 | route=0.00 cond=0.00 | 0.65s/ep
ep 2450/3000 | r=3.0 s=25 f=24 | route=0.00 cond=0.00 | 0.65s/ep
ep 2500/3000 | r=2.0 s=28 f=27 | route=0.00 cond=0.00 | 0.65s/ep
ep 2550/3000 | r=87.9 s=28 f=11 | route=0.00 cond=0.00 | 0.64s/ep
ep 2600/3000 | r=-0.7 s=23 f=23 | route=0.00 cond=0.00 | 0.65s/ep
ep 2650/3000 | r=17.7 s=27 f=23 | route=0.00 cond=0.00 | 0.65s/ep
ep 2700/3000 | r=37.8 s=28 f=20 | route=0.00 cond=0.00 | 0.65s/ep
ep 2750/3000 | r=40.9 s=30 f=21 | route=0.00 cond=0.00 | 0.65s/ep
ep 2800/3000 | r=-4.6 s=28 f=28 | route=0.00 cond=0.00 | 0.64s/ep
ep 2850/3000 | r=-25.3 s=26 f=30 | route=0.00 cond=0.00 | 0.65s/ep
ep 2900/3000 | r=-76.3 s=22 f=36 | route=0.00 cond=0.00 | 0.65s/ep
ep 2950/3000 | r=15.1 s=24 f=21 | route=0.00 cond=0.00 | 0.65s/ep
ep 3000/3000 | r=-5.5 s=24 f=24 | route=0.00 cond=0.00 | 0.65s/ep
DONE tag=fl_s3
