WARNING:tensorflow:From C:\Users\zengd\Desktop\论文\W-MADDPG\MADDPG_Discrete\train_mappo_dyn.py:144: The name tf.set_random_seed is deprecated. Please use tf.compat.v1.set_random_seed instead.

WARNING:tensorflow:From C:\Users\zengd\Desktop\论文\W-MADDPG\MADDPG_Discrete\mappo_agent.py:34: The name tf.placeholder is deprecated. Please use tf.compat.v1.placeholder instead.

WARNING:tensorflow:From C:\Users\zengd\Desktop\论文\W-MADDPG\MADDPG_Discrete\mappo_agent.py:46: The name tf.variable_scope is deprecated. Please use tf.compat.v1.variable_scope instead.

WARNING:tensorflow:From C:\Users\zengd\Desktop\论文\W-MADDPG\MADDPG_Discrete\mappo_agent.py:7: dense (from tensorflow.python.layers.core) is deprecated and will be removed in a future version.
Instructions for updating:
Use keras.layers.Dense instead.
WARNING:tensorflow:From D:\tool\anaconda\envs\py37tf\lib\site-packages\tensorflow_core\python\layers\core.py:187: Layer.apply (from tensorflow.python.keras.engine.base_layer) is deprecated and will be removed in a future version.
Instructions for updating:
Please use `layer.__call__` method instead.
WARNING:tensorflow:
The TensorFlow contrib module will not be included in TensorFlow 2.0.
For more information, please see:
  * https://github.com/tensorflow/community/blob/master/rfcs/20180907-contrib-sunset.md
  * https://github.com/tensorflow/addons
  * https://github.com/tensorflow/io (for I/O related ops)
If you depend on functionality not listed there, please file an issue.

WARNING:tensorflow:From C:\Users\zengd\Desktop\论文\W-MADDPG\MADDPG_Discrete\mappo_agent.py:136: The name tf.log is deprecated. Please use tf.math.log instead.

WARNING:tensorflow:From C:\Users\zengd\Desktop\论文\W-MADDPG\MADDPG_Discrete\mappo_agent.py:91: The name tf.get_collection is deprecated. Please use tf.compat.v1.get_collection instead.

WARNING:tensorflow:From C:\Users\zengd\Desktop\论文\W-MADDPG\MADDPG_Discrete\mappo_agent.py:91: The name tf.GraphKeys is deprecated. Please use tf.compat.v1.GraphKeys instead.

WARNING:tensorflow:From C:\Users\zengd\Desktop\论文\W-MADDPG\MADDPG_Discrete\mappo_agent.py:144: The name tf.train.AdamOptimizer is deprecated. Please use tf.compat.v1.train.AdamOptimizer instead.

WARNING:tensorflow:From D:\tool\anaconda\envs\py37tf\lib\site-packages\tensorflow_core\python\ops\math_grad.py:1424: where (from tensorflow.python.ops.array_ops) is deprecated and will be removed in a future version.
Instructions for updating:
Use tf.where in 2.0, which has the same broadcast rule as np.where
WARNING:tensorflow:From C:\Users\zengd\Desktop\论文\W-MADDPG\MADDPG_Discrete\train_mappo_dyn.py:189: The name tf.ConfigProto is deprecated. Please use tf.compat.v1.ConfigProto instead.

WARNING:tensorflow:From C:\Users\zengd\Desktop\论文\W-MADDPG\MADDPG_Discrete\train_mappo_dyn.py:191: The name tf.Session is deprecated. Please use tf.compat.v1.Session instead.

2026-09-24 13:54:14.701234: I tensorflow/core/platform/cpu_feature_guard.cc:142] Your CPU supports instructions that this TensorFlow binary was not compiled to use: AVX2
WARNING:tensorflow:From C:\Users\zengd\Desktop\论文\W-MADDPG\MADDPG_Discrete\train_mappo_dyn.py:192: The name tf.global_variables_initializer is deprecated. Please use tf.compat.v1.global_variables_initializer instead.

ep 1/3000 | r=22.5 s=29 f=25 | route=0.82 cond=0.72 | 4.33s/ep
ep 50/3000 | r=-40.1 s=21 f=29 | route=0.85 cond=0.75 | 0.87s/ep
ep 100/3000 | r=76.0 s=32 f=17 | route=0.76 cond=0.83 | 0.82s/ep
ep 150/3000 | r=24.0 s=28 f=24 | route=0.87 cond=1.00 | 0.80s/ep
ep 200/3000 | r=64.6 s=31 f=19 | route=0.77 cond=1.00 | 0.78s/ep
ep 250/3000 | r=28.5 s=28 f=23 | route=0.75 cond=0.77 | 0.79s/ep
ep 300/3000 | r=126.5 s=38 f=14 | route=0.78 cond=1.00 | 0.78s/ep
ep 350/3000 | r=33.0 s=34 f=28 | route=0.88 cond=0.93 | 0.78s/ep
ep 400/3000 | r=94.8 s=34 f=15 | route=0.81 cond=0.92 | 0.77s/ep
ep 450/3000 | r=9.0 s=28 f=26 | route=0.83 cond=1.00 | 0.78s/ep
ep 500/3000 | r=-33.0 s=25 f=31 | route=0.77 cond=0.76 | 0.78s/ep
ep 550/3000 | r=-32.4 s=25 f=31 | route=0.77 cond=0.81 | 0.78s/ep
ep 600/3000 | r=76.3 s=33 f=18 | route=0.87 cond=1.00 | 0.77s/ep
ep 650/3000 | r=54.2 s=31 f=20 | route=0.83 cond=0.80 | 0.78s/ep
ep 700/3000 | r=98.4 s=33 f=14 | route=0.82 cond=0.50 | 0.78s/ep
ep 750/3000 | r=118.1 s=39 f=16 | route=0.90 cond=0.83 | 0.77s/ep
ep 800/3000 | r=54.7 s=35 f=25 | route=0.79 cond=0.76 | 0.77s/ep
ep 850/3000 | r=168.7 s=41 f=9 | route=0.74 cond=1.00 | 0.78s/ep
ep 900/3000 | r=51.1 s=27 f=17 | route=0.84 cond=0.78 | 0.76s/ep
ep 950/3000 | r=97.7 s=40 f=22 | route=0.83 cond=0.88 | 0.73s/ep
ep 1000/3000 | r=64.5 s=38 f=25 | route=0.82 cond=0.86 | 0.71s/ep
ep 1050/3000 | r=67.2 s=34 f=21 | route=0.74 cond=0.79 | 0.69s/ep
ep 1100/3000 | r=74.6 s=33 f=18 | route=0.94 cond=1.00 | 0.68s/ep
ep 1150/3000 | r=132.3 s=38 f=12 | route=0.87 cond=1.00 | 0.66s/ep
ep 1200/3000 | r=89.5 s=30 f=13 | route=0.82 cond=0.67 | 0.65s/ep
ep 1250/3000 | r=128.5 s=35 f=10 | route=0.90 cond=1.00 | 0.64s/ep
ep 1300/3000 | r=37.7 s=34 f=26 | route=0.88 cond=0.90 | 0.63s/ep
ep 1350/3000 | r=106.7 s=33 f=12 | route=0.82 cond=0.80 | 0.62s/ep
ep 1400/3000 | r=100.3 s=34 f=15 | route=0.78 cond=0.00 | 0.61s/ep
ep 1450/3000 | r=143.7 s=39 f=11 | route=0.86 cond=1.00 | 0.60s/ep
ep 1500/3000 | r=119.8 s=38 f=15 | route=0.87 cond=1.00 | 0.59s/ep
ep 1550/3000 | r=112.3 s=36 f=14 | route=0.85 cond=1.00 | 0.59s/ep
ep 1600/3000 | r=50.9 s=26 f=16 | route=0.74 cond=0.50 | 0.59s/ep
ep 1650/3000 | r=131.5 s=35 f=10 | route=0.80 cond=1.00 | 0.61s/ep
ep 1700/3000 | r=74.7 s=36 f=21 | route=0.83 cond=0.72 | 0.62s/ep
ep 1750/3000 | r=50.9 s=33 f=23 | route=0.88 cond=1.00 | 0.63s/ep
ep 1800/3000 | r=115.7 s=37 f=15 | route=0.87 cond=1.00 | 0.64s/ep
ep 1850/3000 | r=5.0 s=28 f=26 | route=0.93 cond=1.00 | 0.64s/ep
ep 1900/3000 | r=101.8 s=36 f=16 | route=0.87 cond=0.73 | 0.64s/ep
ep 1950/3000 | r=20.3 s=31 f=27 | route=0.77 cond=0.83 | 0.64s/ep
ep 2000/3000 | r=136.8 s=39 f=12 | route=0.80 cond=0.75 | 0.64s/ep
ep 2050/3000 | r=124.9 s=40 f=15 | route=0.88 cond=1.00 | 0.66s/ep
ep 2100/3000 | r=114.9 s=36 f=14 | route=0.75 cond=0.69 | 0.66s/ep
ep 2150/3000 | r=86.1 s=32 f=15 | route=0.86 cond=0.80 | 0.65s/ep
ep 2200/3000 | r=131.4 s=41 f=16 | route=0.77 cond=0.88 | 0.65s/ep
ep 2250/3000 | r=131.0 s=38 f=13 | route=0.88 cond=0.88 | 0.65s/ep
ep 2300/3000 | r=92.8 s=41 f=23 | route=0.85 cond=0.82 | 0.65s/ep
ep 2350/3000 | r=174.2 s=44 f=10 | route=0.78 cond=0.50 | 0.65s/ep
ep 2400/3000 | r=145.0 s=42 f=14 | route=0.84 cond=0.84 | 0.64s/ep
ep 2450/3000 | r=132.3 s=38 f=13 | route=0.78 cond=0.67 | 0.64s/ep
ep 2500/3000 | r=127.4 s=36 f=11 | route=0.60 cond=0.60 | 0.64s/ep
ep 2550/3000 | r=89.3 s=34 f=17 | route=0.83 cond=0.88 | 0.64s/ep
ep 2600/3000 | r=33.5 s=36 f=29 | route=0.65 cond=0.80 | 0.64s/ep
ep 2650/3000 | r=119.6 s=38 f=15 | route=0.80 cond=0.71 | 0.65s/ep
ep 2700/3000 | r=72.0 s=38 f=24 | route=0.79 cond=0.85 | 0.65s/ep
ep 2750/3000 | r=76.3 s=32 f=17 | route=0.78 cond=1.00 | 0.65s/ep
ep 2800/3000 | r=128.7 s=35 f=10 | route=0.62 cond=0.80 | 0.64s/ep
ep 2850/3000 | r=150.3 s=37 f=8 | route=0.80 cond=0.87 | 0.64s/ep
ep 2900/3000 | r=84.4 s=33 f=16 | route=0.94 cond=0.84 | 0.64s/ep
ep 2950/3000 | r=34.0 s=30 f=23 | route=0.84 cond=0.88 | 0.64s/ep
ep 3000/3000 | r=25.4 s=31 f=26 | route=0.66 cond=0.70 | 0.65s/ep
DONE tag=none_s1
