WARNING:tensorflow:From C:\Users\zengd\Desktop\论文\W-MADDPG\MADDPG_Discrete\train_mappo_phase0.py:155: The name tf.set_random_seed is deprecated. Please use tf.compat.v1.set_random_seed instead.

WARNING:tensorflow:From C:\Users\zengd\Desktop\论文\W-MADDPG\MADDPG_Discrete\mappo_agent.py:31: The name tf.placeholder is deprecated. Please use tf.compat.v1.placeholder instead.

WARNING:tensorflow:From C:\Users\zengd\Desktop\论文\W-MADDPG\MADDPG_Discrete\mappo_agent.py:43: The name tf.variable_scope is deprecated. Please use tf.compat.v1.variable_scope instead.

WARNING:tensorflow:From C:\Users\zengd\Desktop\论文\W-MADDPG\MADDPG_Discrete\mappo_agent.py:7: dense (from tensorflow.python.layers.core) is deprecated and will be removed in a future version.
Instructions for updating:
Use keras.layers.Dense instead.
WARNING:tensorflow:From D:\tool\anaconda\envs\py37tf\lib\site-packages\tensorflow_core\python\layers\core.py:187: Layer.apply (from tensorflow.python.keras.engine.base_layer) is deprecated and will be removed in a future version.
Instructions for updating:
Please use `layer.__call__` method instead.
WARNING:tensorflow:
The TensorFlow contrib module will not be included in TensorFlow 2.0.
For more information, please see:
  * https://github.com/tensorflow/community/blob/master/rfcs/20180907-contrib-sunset.md
  * https://github.com/tensorflow/addons
  * https://github.com/tensorflow/io (for I/O related ops)
If you depend on functionality not listed there, please file an issue.

WARNING:tensorflow:From C:\Users\zengd\Desktop\论文\W-MADDPG\MADDPG_Discrete\mappo_agent.py:114: The name tf.log is deprecated. Please use tf.math.log instead.

WARNING:tensorflow:From C:\Users\zengd\Desktop\论文\W-MADDPG\MADDPG_Discrete\mappo_agent.py:76: The name tf.get_collection is deprecated. Please use tf.compat.v1.get_collection instead.

WARNING:tensorflow:From C:\Users\zengd\Desktop\论文\W-MADDPG\MADDPG_Discrete\mappo_agent.py:76: The name tf.GraphKeys is deprecated. Please use tf.compat.v1.GraphKeys instead.

WARNING:tensorflow:From C:\Users\zengd\Desktop\论文\W-MADDPG\MADDPG_Discrete\mappo_agent.py:122: The name tf.train.AdamOptimizer is deprecated. Please use tf.compat.v1.train.AdamOptimizer instead.

WARNING:tensorflow:From D:\tool\anaconda\envs\py37tf\lib\site-packages\tensorflow_core\python\ops\math_grad.py:1424: where (from tensorflow.python.ops.array_ops) is deprecated and will be removed in a future version.
Instructions for updating:
Use tf.where in 2.0, which has the same broadcast rule as np.where
WARNING:tensorflow:From C:\Users\zengd\Desktop\论文\W-MADDPG\MADDPG_Discrete\train_mappo_phase0.py:230: The name tf.ConfigProto is deprecated. Please use tf.compat.v1.ConfigProto instead.

WARNING:tensorflow:From C:\Users\zengd\Desktop\论文\W-MADDPG\MADDPG_Discrete\train_mappo_phase0.py:234: The name tf.Session is deprecated. Please use tf.compat.v1.Session instead.

2026-09-22 11:51:58.286055: I tensorflow/core/platform/cpu_feature_guard.cc:142] Your CPU supports instructions that this TensorFlow binary was not compiled to use: AVX2
WARNING:tensorflow:From C:\Users\zengd\Desktop\论文\W-MADDPG\MADDPG_Discrete\train_mappo_phase0.py:235: The name tf.global_variables_initializer is deprecated. Please use tf.compat.v1.global_variables_initializer instead.

ep 1/4000 | reward(MA200)=-45.46 success=8.00 fail=17.00 | 1.44s/ep | delay=0.00
ep 50/4000 | reward(MA200)=-41.73 success=8.38 fail=16.62 | 0.18s/ep | delay=0.00
ep 100/4000 | reward(MA200)=-41.17 success=8.45 fail=16.55 | 0.15s/ep | delay=0.00
ep 150/4000 | reward(MA200)=-39.88 success=8.59 fail=16.41 | 0.14s/ep | delay=0.00
ep 200/4000 | reward(MA200)=-39.33 success=8.65 fail=16.34 | 0.13s/ep | delay=0.00
ep 250/4000 | reward(MA200)=-36.94 success=8.91 fail=16.09 | 0.13s/ep | delay=0.00
ep 300/4000 | reward(MA200)=-34.87 success=9.12 fail=15.88 | 0.13s/ep | delay=0.00
ep 350/4000 | reward(MA200)=-32.74 success=9.34 fail=15.66 | 0.13s/ep | delay=0.00
ep 400/4000 | reward(MA200)=-30.07 success=9.61 fail=15.39 | 0.13s/ep | delay=0.00
ep 450/4000 | reward(MA200)=-28.45 success=9.77 fail=15.23 | 0.13s/ep | delay=0.00
ep 500/4000 | reward(MA200)=-25.44 success=10.05 fail=14.95 | 0.12s/ep | delay=0.00
ep 550/4000 | reward(MA200)=-22.62 success=10.33 fail=14.67 | 0.12s/ep | delay=0.00
ep 600/4000 | reward(MA200)=-20.38 success=10.55 fail=14.45 | 0.12s/ep | delay=0.00
ep 650/4000 | reward(MA200)=-18.76 success=10.71 fail=14.29 | 0.12s/ep | delay=0.00
ep 700/4000 | reward(MA200)=-16.08 success=10.99 fail=14.01 | 0.12s/ep | delay=0.00
ep 750/4000 | reward(MA200)=-14.32 success=11.18 fail=13.82 | 0.12s/ep | delay=0.00
ep 800/4000 | reward(MA200)=-11.90 success=11.43 fail=13.57 | 0.13s/ep | delay=0.00
ep 850/4000 | reward(MA200)=-7.17 success=11.90 fail=13.10 | 0.14s/ep | delay=0.00
ep 900/4000 | reward(MA200)=-5.05 success=12.12 fail=12.88 | 0.14s/ep | delay=0.00
ep 950/4000 | reward(MA200)=-4.23 success=12.21 fail=12.79 | 0.15s/ep | delay=0.00
ep 1000/4000 | reward(MA200)=-1.17 success=12.51 fail=12.49 | 0.15s/ep | delay=0.00
ep 1050/4000 | reward(MA200)=-0.50 success=12.59 fail=12.41 | 0.15s/ep | delay=0.00
ep 1100/4000 | reward(MA200)=0.02 success=12.64 fail=12.36 | 0.16s/ep | delay=0.00
ep 1150/4000 | reward(MA200)=2.77 success=12.91 fail=12.09 | 0.16s/ep | delay=0.00
ep 1200/4000 | reward(MA200)=2.80 success=12.91 fail=12.09 | 0.16s/ep | delay=0.00
ep 1250/4000 | reward(MA200)=3.89 success=13.03 fail=11.97 | 0.16s/ep | delay=0.00
ep 1300/4000 | reward(MA200)=5.44 success=13.18 fail=11.82 | 0.16s/ep | delay=0.00
ep 1350/4000 | reward(MA200)=5.21 success=13.15 fail=11.85 | 0.16s/ep | delay=0.00
ep 1400/4000 | reward(MA200)=5.93 success=13.23 fail=11.77 | 0.16s/ep | delay=0.00
ep 1450/4000 | reward(MA200)=5.79 success=13.21 fail=11.79 | 0.17s/ep | delay=0.00
ep 1500/4000 | reward(MA200)=6.61 success=13.30 fail=11.70 | 0.17s/ep | delay=0.00
ep 1550/4000 | reward(MA200)=8.68 success=13.51 fail=11.49 | 0.17s/ep | delay=0.00
ep 1600/4000 | reward(MA200)=10.04 success=13.65 fail=11.35 | 0.17s/ep | delay=0.00
ep 1650/4000 | reward(MA200)=12.65 success=13.91 fail=11.09 | 0.17s/ep | delay=0.00
ep 1700/4000 | reward(MA200)=14.35 success=14.09 fail=10.91 | 0.17s/ep | delay=0.00
ep 1750/4000 | reward(MA200)=15.63 success=14.22 fail=10.78 | 0.17s/ep | delay=0.00
ep 1800/4000 | reward(MA200)=16.40 success=14.30 fail=10.70 | 0.17s/ep | delay=0.00
ep 1850/4000 | reward(MA200)=15.60 success=14.23 fail=10.77 | 0.17s/ep | delay=0.00
ep 1900/4000 | reward(MA200)=15.67 success=14.24 fail=10.76 | 0.17s/ep | delay=0.00
ep 1950/4000 | reward(MA200)=17.03 success=14.38 fail=10.62 | 0.17s/ep | delay=0.00
ep 2000/4000 | reward(MA200)=17.99 success=14.46 fail=10.54 | 0.17s/ep | delay=0.00
ep 2050/4000 | reward(MA200)=19.80 success=14.64 fail=10.36 | 0.17s/ep | delay=0.00
ep 2100/4000 | reward(MA200)=20.24 success=14.69 fail=10.31 | 0.17s/ep | delay=0.00
ep 2150/4000 | reward(MA200)=20.19 success=14.70 fail=10.30 | 0.17s/ep | delay=0.00
ep 2200/4000 | reward(MA200)=20.61 success=14.75 fail=10.25 | 0.17s/ep | delay=0.00
ep 2250/4000 | reward(MA200)=20.27 success=14.72 fail=10.28 | 0.17s/ep | delay=0.00
ep 2300/4000 | reward(MA200)=20.68 success=14.77 fail=10.23 | 0.17s/ep | delay=0.00
ep 2350/4000 | reward(MA200)=20.82 success=14.78 fail=10.22 | 0.17s/ep | delay=0.00
ep 2400/4000 | reward(MA200)=21.68 success=14.86 fail=10.14 | 0.17s/ep | delay=0.00
ep 2450/4000 | reward(MA200)=22.28 success=14.91 fail=10.09 | 0.17s/ep | delay=0.00
ep 2500/4000 | reward(MA200)=23.58 success=15.04 fail=9.96 | 0.17s/ep | delay=0.00
ep 2550/4000 | reward(MA200)=24.25 success=15.11 fail=9.89 | 0.17s/ep | delay=0.00
ep 2600/4000 | reward(MA200)=24.10 success=15.10 fail=9.90 | 0.17s/ep | delay=0.00
ep 2650/4000 | reward(MA200)=25.07 success=15.19 fail=9.81 | 0.17s/ep | delay=0.00
ep 2700/4000 | reward(MA200)=25.01 success=15.18 fail=9.82 | 0.17s/ep | delay=0.00
ep 2750/4000 | reward(MA200)=24.40 success=15.12 fail=9.88 | 0.17s/ep | delay=0.00
ep 2800/4000 | reward(MA200)=24.67 success=15.15 fail=9.85 | 0.17s/ep | delay=0.00
ep 2850/4000 | reward(MA200)=25.05 success=15.20 fail=9.80 | 0.17s/ep | delay=0.00
ep 2900/4000 | reward(MA200)=25.73 success=15.28 fail=9.72 | 0.17s/ep | delay=0.00
ep 2950/4000 | reward(MA200)=27.30 success=15.44 fail=9.56 | 0.17s/ep | delay=0.00
ep 3000/4000 | reward(MA200)=28.14 success=15.52 fail=9.48 | 0.17s/ep | delay=0.00
ep 3050/4000 | reward(MA200)=27.85 success=15.48 fail=9.52 | 0.17s/ep | delay=0.00
ep 3100/4000 | reward(MA200)=26.59 success=15.35 fail=9.65 | 0.17s/ep | delay=0.00
ep 3150/4000 | reward(MA200)=25.79 success=15.28 fail=9.72 | 0.17s/ep | delay=0.00
ep 3200/4000 | reward(MA200)=25.26 success=15.23 fail=9.77 | 0.17s/ep | delay=0.00
ep 3250/4000 | reward(MA200)=25.25 success=15.23 fail=9.77 | 0.17s/ep | delay=0.00
ep 3300/4000 | reward(MA200)=26.34 success=15.35 fail=9.65 | 0.17s/ep | delay=0.00
ep 3350/4000 | reward(MA200)=26.60 success=15.37 fail=9.63 | 0.17s/ep | delay=0.00
ep 3400/4000 | reward(MA200)=26.29 success=15.33 fail=9.67 | 0.17s/ep | delay=0.00
ep 3450/4000 | reward(MA200)=26.26 success=15.33 fail=9.67 | 0.17s/ep | delay=0.00
ep 3500/4000 | reward(MA200)=26.51 success=15.35 fail=9.65 | 0.17s/ep | delay=0.00
ep 3550/4000 | reward(MA200)=27.06 success=15.41 fail=9.59 | 0.17s/ep | delay=0.00
ep 3600/4000 | reward(MA200)=27.45 success=15.45 fail=9.55 | 0.17s/ep | delay=0.00
ep 3650/4000 | reward(MA200)=27.86 success=15.48 fail=9.52 | 0.17s/ep | delay=0.00
ep 3700/4000 | reward(MA200)=27.41 success=15.45 fail=9.55 | 0.17s/ep | delay=0.00
ep 3750/4000 | reward(MA200)=26.86 success=15.38 fail=9.62 | 0.17s/ep | delay=0.00
ep 3800/4000 | reward(MA200)=27.67 success=15.46 fail=9.54 | 0.17s/ep | delay=0.00
ep 3850/4000 | reward(MA200)=27.51 success=15.45 fail=9.55 | 0.17s/ep | delay=0.00
ep 3900/4000 | reward(MA200)=28.42 success=15.54 fail=9.46 | 0.17s/ep | delay=0.00
ep 3950/4000 | reward(MA200)=29.08 success=15.60 fail=9.40 | 0.17s/ep | delay=0.00
ep 4000/4000 | reward(MA200)=28.74 success=15.56 fail=9.44 | 0.17s/ep | delay=0.00
DONE tag=fa_r07s06_s10 -> C:\Users\zengd\Desktop\论文\W-MADDPG\MADDPG_Discrete\results\exp9_voil\phase0_fa_r07s06_s10.csv
