WARNING:tensorflow:From C:\Users\zengd\Desktop\论文\W-MADDPG\MADDPG_Discrete\train_mappo_phase0.py:155: The name tf.set_random_seed is deprecated. Please use tf.compat.v1.set_random_seed instead.

WARNING:tensorflow:From C:\Users\zengd\Desktop\论文\W-MADDPG\MADDPG_Discrete\mappo_agent.py:31: The name tf.placeholder is deprecated. Please use tf.compat.v1.placeholder instead.

WARNING:tensorflow:From C:\Users\zengd\Desktop\论文\W-MADDPG\MADDPG_Discrete\mappo_agent.py:43: The name tf.variable_scope is deprecated. Please use tf.compat.v1.variable_scope instead.

WARNING:tensorflow:From C:\Users\zengd\Desktop\论文\W-MADDPG\MADDPG_Discrete\mappo_agent.py:7: dense (from tensorflow.python.layers.core) is deprecated and will be removed in a future version.
Instructions for updating:
Use keras.layers.Dense instead.
WARNING:tensorflow:From D:\tool\anaconda\envs\py37tf\lib\site-packages\tensorflow_core\python\layers\core.py:187: Layer.apply (from tensorflow.python.keras.engine.base_layer) is deprecated and will be removed in a future version.
Instructions for updating:
Please use `layer.__call__` method instead.
WARNING:tensorflow:
The TensorFlow contrib module will not be included in TensorFlow 2.0.
For more information, please see:
  * https://github.com/tensorflow/community/blob/master/rfcs/20180907-contrib-sunset.md
  * https://github.com/tensorflow/addons
  * https://github.com/tensorflow/io (for I/O related ops)
If you depend on functionality not listed there, please file an issue.

WARNING:tensorflow:From C:\Users\zengd\Desktop\论文\W-MADDPG\MADDPG_Discrete\mappo_agent.py:114: The name tf.log is deprecated. Please use tf.math.log instead.

WARNING:tensorflow:From C:\Users\zengd\Desktop\论文\W-MADDPG\MADDPG_Discrete\mappo_agent.py:76: The name tf.get_collection is deprecated. Please use tf.compat.v1.get_collection instead.

WARNING:tensorflow:From C:\Users\zengd\Desktop\论文\W-MADDPG\MADDPG_Discrete\mappo_agent.py:76: The name tf.GraphKeys is deprecated. Please use tf.compat.v1.GraphKeys instead.

WARNING:tensorflow:From C:\Users\zengd\Desktop\论文\W-MADDPG\MADDPG_Discrete\mappo_agent.py:122: The name tf.train.AdamOptimizer is deprecated. Please use tf.compat.v1.train.AdamOptimizer instead.

WARNING:tensorflow:From D:\tool\anaconda\envs\py37tf\lib\site-packages\tensorflow_core\python\ops\math_grad.py:1424: where (from tensorflow.python.ops.array_ops) is deprecated and will be removed in a future version.
Instructions for updating:
Use tf.where in 2.0, which has the same broadcast rule as np.where
WARNING:tensorflow:From C:\Users\zengd\Desktop\论文\W-MADDPG\MADDPG_Discrete\train_mappo_phase0.py:230: The name tf.ConfigProto is deprecated. Please use tf.compat.v1.ConfigProto instead.

WARNING:tensorflow:From C:\Users\zengd\Desktop\论文\W-MADDPG\MADDPG_Discrete\train_mappo_phase0.py:234: The name tf.Session is deprecated. Please use tf.compat.v1.Session instead.

2026-09-22 11:44:08.538493: I tensorflow/core/platform/cpu_feature_guard.cc:142] Your CPU supports instructions that this TensorFlow binary was not compiled to use: AVX2
WARNING:tensorflow:From C:\Users\zengd\Desktop\论文\W-MADDPG\MADDPG_Discrete\train_mappo_phase0.py:235: The name tf.global_variables_initializer is deprecated. Please use tf.compat.v1.global_variables_initializer instead.

ep 1/4000 | reward(MA200)=-45.20 success=8.00 fail=17.00 | 1.14s/ep | delay=0.00
ep 50/4000 | reward(MA200)=-56.80 success=6.94 fail=18.06 | 0.13s/ep | delay=0.00
ep 100/4000 | reward(MA200)=-53.19 success=7.29 fail=17.71 | 0.10s/ep | delay=0.00
ep 150/4000 | reward(MA200)=-49.75 success=7.63 fail=17.37 | 0.10s/ep | delay=0.00
ep 200/4000 | reward(MA200)=-47.15 success=7.88 fail=17.12 | 0.10s/ep | delay=0.00
ep 250/4000 | reward(MA200)=-43.34 success=8.26 fail=16.75 | 0.10s/ep | delay=0.00
ep 300/4000 | reward(MA200)=-40.39 success=8.55 fail=16.45 | 0.10s/ep | delay=0.00
ep 350/4000 | reward(MA200)=-38.01 success=8.79 fail=16.21 | 0.10s/ep | delay=0.00
ep 400/4000 | reward(MA200)=-35.99 success=9.00 fail=16.00 | 0.10s/ep | delay=0.00
ep 450/4000 | reward(MA200)=-31.94 success=9.41 fail=15.59 | 0.10s/ep | delay=0.00
ep 500/4000 | reward(MA200)=-27.31 success=9.87 fail=15.13 | 0.10s/ep | delay=0.00
ep 550/4000 | reward(MA200)=-22.51 success=10.36 fail=14.64 | 0.10s/ep | delay=0.00
ep 600/4000 | reward(MA200)=-19.13 success=10.70 fail=14.30 | 0.10s/ep | delay=0.00
ep 650/4000 | reward(MA200)=-16.86 success=10.93 fail=14.07 | 0.10s/ep | delay=0.00
ep 700/4000 | reward(MA200)=-15.22 success=11.10 fail=13.90 | 0.10s/ep | delay=0.00
ep 750/4000 | reward(MA200)=-13.36 success=11.29 fail=13.71 | 0.10s/ep | delay=0.00
ep 800/4000 | reward(MA200)=-10.46 success=11.59 fail=13.41 | 0.10s/ep | delay=0.00
ep 850/4000 | reward(MA200)=-6.37 success=12.01 fail=12.99 | 0.10s/ep | delay=0.00
ep 900/4000 | reward(MA200)=-3.64 success=12.28 fail=12.72 | 0.10s/ep | delay=0.00
ep 950/4000 | reward(MA200)=-1.97 success=12.45 fail=12.55 | 0.10s/ep | delay=0.00
ep 1000/4000 | reward(MA200)=-0.66 success=12.58 fail=12.42 | 0.10s/ep | delay=0.00
ep 1050/4000 | reward(MA200)=-0.29 success=12.62 fail=12.38 | 0.10s/ep | delay=0.00
ep 1100/4000 | reward(MA200)=0.93 success=12.75 fail=12.25 | 0.10s/ep | delay=0.00
ep 1150/4000 | reward(MA200)=3.03 success=12.96 fail=12.04 | 0.11s/ep | delay=0.00
ep 1200/4000 | reward(MA200)=5.59 success=13.21 fail=11.79 | 0.11s/ep | delay=0.00
ep 1250/4000 | reward(MA200)=6.28 success=13.28 fail=11.72 | 0.11s/ep | delay=0.00
ep 1300/4000 | reward(MA200)=7.72 success=13.41 fail=11.59 | 0.11s/ep | delay=0.00
ep 1350/4000 | reward(MA200)=7.95 success=13.44 fail=11.56 | 0.11s/ep | delay=0.00
ep 1400/4000 | reward(MA200)=8.42 success=13.49 fail=11.51 | 0.11s/ep | delay=0.00
ep 1450/4000 | reward(MA200)=9.14 success=13.56 fail=11.44 | 0.11s/ep | delay=0.00
ep 1500/4000 | reward(MA200)=9.36 success=13.60 fail=11.40 | 0.11s/ep | delay=0.00
ep 1550/4000 | reward(MA200)=10.23 success=13.69 fail=11.31 | 0.11s/ep | delay=0.00
ep 1600/4000 | reward(MA200)=9.82 success=13.64 fail=11.36 | 0.11s/ep | delay=0.00
ep 1650/4000 | reward(MA200)=10.21 success=13.68 fail=11.32 | 0.11s/ep | delay=0.00
ep 1700/4000 | reward(MA200)=10.87 success=13.74 fail=11.26 | 0.11s/ep | delay=0.00
ep 1750/4000 | reward(MA200)=10.54 success=13.71 fail=11.29 | 0.11s/ep | delay=0.00
ep 1800/4000 | reward(MA200)=12.01 success=13.86 fail=11.14 | 0.11s/ep | delay=0.00
ep 1850/4000 | reward(MA200)=12.76 success=13.94 fail=11.06 | 0.11s/ep | delay=0.00
ep 1900/4000 | reward(MA200)=13.94 success=14.06 fail=10.94 | 0.11s/ep | delay=0.00
ep 1950/4000 | reward(MA200)=15.02 success=14.18 fail=10.82 | 0.11s/ep | delay=0.00
ep 2000/4000 | reward(MA200)=14.98 success=14.19 fail=10.81 | 0.11s/ep | delay=0.00
ep 2050/4000 | reward(MA200)=16.34 success=14.32 fail=10.68 | 0.11s/ep | delay=0.00
ep 2100/4000 | reward(MA200)=16.56 success=14.35 fail=10.65 | 0.11s/ep | delay=0.00
ep 2150/4000 | reward(MA200)=17.96 success=14.49 fail=10.51 | 0.11s/ep | delay=0.00
ep 2200/4000 | reward(MA200)=19.67 success=14.66 fail=10.34 | 0.11s/ep | delay=0.00
ep 2250/4000 | reward(MA200)=20.91 success=14.79 fail=10.21 | 0.11s/ep | delay=0.00
ep 2300/4000 | reward(MA200)=22.13 success=14.91 fail=10.09 | 0.11s/ep | delay=0.00
ep 2350/4000 | reward(MA200)=22.35 success=14.93 fail=10.07 | 0.11s/ep | delay=0.00
ep 2400/4000 | reward(MA200)=22.94 success=14.98 fail=10.02 | 0.11s/ep | delay=0.00
ep 2450/4000 | reward(MA200)=23.18 success=15.02 fail=9.98 | 0.11s/ep | delay=0.00
ep 2500/4000 | reward(MA200)=23.04 success=15.01 fail=9.99 | 0.11s/ep | delay=0.00
ep 2550/4000 | reward(MA200)=24.22 success=15.12 fail=9.88 | 0.11s/ep | delay=0.00
ep 2600/4000 | reward(MA200)=24.42 success=15.15 fail=9.85 | 0.11s/ep | delay=0.00
ep 2650/4000 | reward(MA200)=25.73 success=15.28 fail=9.72 | 0.11s/ep | delay=0.00
ep 2700/4000 | reward(MA200)=26.56 success=15.36 fail=9.64 | 0.11s/ep | delay=0.00
ep 2750/4000 | reward(MA200)=26.05 success=15.31 fail=9.69 | 0.11s/ep | delay=0.00
ep 2800/4000 | reward(MA200)=26.49 success=15.35 fail=9.65 | 0.11s/ep | delay=0.00
ep 2850/4000 | reward(MA200)=25.89 success=15.29 fail=9.71 | 0.11s/ep | delay=0.00
ep 2900/4000 | reward(MA200)=25.98 success=15.29 fail=9.71 | 0.11s/ep | delay=0.00
ep 2950/4000 | reward(MA200)=26.22 success=15.31 fail=9.69 | 0.11s/ep | delay=0.00
ep 3000/4000 | reward(MA200)=26.46 success=15.34 fail=9.66 | 0.11s/ep | delay=0.00
ep 3050/4000 | reward(MA200)=26.30 success=15.32 fail=9.68 | 0.11s/ep | delay=0.00
ep 3100/4000 | reward(MA200)=25.84 success=15.28 fail=9.72 | 0.11s/ep | delay=0.00
ep 3150/4000 | reward(MA200)=26.21 success=15.31 fail=9.69 | 0.11s/ep | delay=0.00
ep 3200/4000 | reward(MA200)=26.51 success=15.35 fail=9.65 | 0.11s/ep | delay=0.00
ep 3250/4000 | reward(MA200)=26.96 success=15.38 fail=9.62 | 0.11s/ep | delay=0.00
ep 3300/4000 | reward(MA200)=28.30 success=15.52 fail=9.48 | 0.11s/ep | delay=0.00
ep 3350/4000 | reward(MA200)=28.21 success=15.52 fail=9.48 | 0.11s/ep | delay=0.00
ep 3400/4000 | reward(MA200)=27.63 success=15.46 fail=9.54 | 0.11s/ep | delay=0.00
ep 3450/4000 | reward(MA200)=28.20 success=15.53 fail=9.47 | 0.11s/ep | delay=0.00
ep 3500/4000 | reward(MA200)=27.76 success=15.48 fail=9.52 | 0.11s/ep | delay=0.00
ep 3550/4000 | reward(MA200)=28.41 success=15.54 fail=9.46 | 0.11s/ep | delay=0.00
ep 3600/4000 | reward(MA200)=29.09 success=15.61 fail=9.39 | 0.11s/ep | delay=0.00
ep 3650/4000 | reward(MA200)=29.52 success=15.65 fail=9.35 | 0.11s/ep | delay=0.00
ep 3700/4000 | reward(MA200)=30.94 success=15.79 fail=9.21 | 0.11s/ep | delay=0.00
ep 3750/4000 | reward(MA200)=30.41 success=15.73 fail=9.27 | 0.11s/ep | delay=0.00
ep 3800/4000 | reward(MA200)=30.42 success=15.72 fail=9.28 | 0.11s/ep | delay=0.00
ep 3850/4000 | reward(MA200)=30.22 success=15.71 fail=9.29 | 0.11s/ep | delay=0.00
ep 3900/4000 | reward(MA200)=29.09 success=15.60 fail=9.40 | 0.11s/ep | delay=0.00
ep 3950/4000 | reward(MA200)=29.79 success=15.67 fail=9.33 | 0.11s/ep | delay=0.00
ep 4000/4000 | reward(MA200)=29.79 success=15.68 fail=9.32 | 0.11s/ep | delay=0.00
DONE tag=fa_r07s06_s1 -> C:\Users\zengd\Desktop\论文\W-MADDPG\MADDPG_Discrete\results\exp9_voil\phase0_fa_r07s06_s1.csv
