WARNING:tensorflow:From C:\Users\zengd\Desktop\论文\W-MADDPG\MADDPG_Discrete\train_mappo_phase0.py:155: The name tf.set_random_seed is deprecated. Please use tf.compat.v1.set_random_seed instead.

WARNING:tensorflow:From C:\Users\zengd\Desktop\论文\W-MADDPG\MADDPG_Discrete\mappo_agent.py:31: The name tf.placeholder is deprecated. Please use tf.compat.v1.placeholder instead.

WARNING:tensorflow:From C:\Users\zengd\Desktop\论文\W-MADDPG\MADDPG_Discrete\mappo_agent.py:43: The name tf.variable_scope is deprecated. Please use tf.compat.v1.variable_scope instead.

WARNING:tensorflow:From C:\Users\zengd\Desktop\论文\W-MADDPG\MADDPG_Discrete\mappo_agent.py:7: dense (from tensorflow.python.layers.core) is deprecated and will be removed in a future version.
Instructions for updating:
Use keras.layers.Dense instead.
WARNING:tensorflow:From D:\tool\anaconda\envs\py37tf\lib\site-packages\tensorflow_core\python\layers\core.py:187: Layer.apply (from tensorflow.python.keras.engine.base_layer) is deprecated and will be removed in a future version.
Instructions for updating:
Please use `layer.__call__` method instead.
WARNING:tensorflow:
The TensorFlow contrib module will not be included in TensorFlow 2.0.
For more information, please see:
  * https://github.com/tensorflow/community/blob/master/rfcs/20180907-contrib-sunset.md
  * https://github.com/tensorflow/addons
  * https://github.com/tensorflow/io (for I/O related ops)
If you depend on functionality not listed there, please file an issue.

WARNING:tensorflow:From C:\Users\zengd\Desktop\论文\W-MADDPG\MADDPG_Discrete\mappo_agent.py:114: The name tf.log is deprecated. Please use tf.math.log instead.

WARNING:tensorflow:From C:\Users\zengd\Desktop\论文\W-MADDPG\MADDPG_Discrete\mappo_agent.py:76: The name tf.get_collection is deprecated. Please use tf.compat.v1.get_collection instead.

WARNING:tensorflow:From C:\Users\zengd\Desktop\论文\W-MADDPG\MADDPG_Discrete\mappo_agent.py:76: The name tf.GraphKeys is deprecated. Please use tf.compat.v1.GraphKeys instead.

WARNING:tensorflow:From C:\Users\zengd\Desktop\论文\W-MADDPG\MADDPG_Discrete\mappo_agent.py:122: The name tf.train.AdamOptimizer is deprecated. Please use tf.compat.v1.train.AdamOptimizer instead.

WARNING:tensorflow:From D:\tool\anaconda\envs\py37tf\lib\site-packages\tensorflow_core\python\ops\math_grad.py:1424: where (from tensorflow.python.ops.array_ops) is deprecated and will be removed in a future version.
Instructions for updating:
Use tf.where in 2.0, which has the same broadcast rule as np.where
WARNING:tensorflow:From C:\Users\zengd\Desktop\论文\W-MADDPG\MADDPG_Discrete\train_mappo_phase0.py:230: The name tf.ConfigProto is deprecated. Please use tf.compat.v1.ConfigProto instead.

WARNING:tensorflow:From C:\Users\zengd\Desktop\论文\W-MADDPG\MADDPG_Discrete\train_mappo_phase0.py:234: The name tf.Session is deprecated. Please use tf.compat.v1.Session instead.

2026-09-22 11:44:09.143304: I tensorflow/core/platform/cpu_feature_guard.cc:142] Your CPU supports instructions that this TensorFlow binary was not compiled to use: AVX2
WARNING:tensorflow:From C:\Users\zengd\Desktop\论文\W-MADDPG\MADDPG_Discrete\train_mappo_phase0.py:235: The name tf.global_variables_initializer is deprecated. Please use tf.compat.v1.global_variables_initializer instead.

ep 1/4000 | reward(MA200)=-46.09 success=8.00 fail=17.00 | 1.22s/ep | delay=0.00
ep 50/4000 | reward(MA200)=-40.13 success=8.56 fail=16.44 | 0.13s/ep | delay=0.00
ep 100/4000 | reward(MA200)=-35.61 success=9.01 fail=15.99 | 0.11s/ep | delay=0.00
ep 150/4000 | reward(MA200)=-34.71 success=9.10 fail=15.90 | 0.11s/ep | delay=0.00
ep 200/4000 | reward(MA200)=-33.13 success=9.27 fail=15.73 | 0.10s/ep | delay=0.00
ep 250/4000 | reward(MA200)=-28.62 success=9.73 fail=15.27 | 0.10s/ep | delay=0.00
ep 300/4000 | reward(MA200)=-26.26 success=9.98 fail=15.02 | 0.10s/ep | delay=0.00
ep 350/4000 | reward(MA200)=-23.57 success=10.27 fail=14.73 | 0.10s/ep | delay=0.00
ep 400/4000 | reward(MA200)=-20.41 success=10.59 fail=14.41 | 0.10s/ep | delay=0.00
ep 450/4000 | reward(MA200)=-18.83 success=10.76 fail=14.24 | 0.10s/ep | delay=0.00
ep 500/4000 | reward(MA200)=-16.80 success=10.96 fail=14.04 | 0.10s/ep | delay=0.00
ep 550/4000 | reward(MA200)=-13.80 success=11.28 fail=13.72 | 0.10s/ep | delay=0.00
ep 600/4000 | reward(MA200)=-11.77 success=11.49 fail=13.51 | 0.10s/ep | delay=0.00
ep 650/4000 | reward(MA200)=-8.96 success=11.78 fail=13.22 | 0.10s/ep | delay=0.00
ep 700/4000 | reward(MA200)=-6.79 success=12.01 fail=12.99 | 0.10s/ep | delay=0.00
ep 750/4000 | reward(MA200)=-5.16 success=12.18 fail=12.82 | 0.10s/ep | delay=0.00
ep 800/4000 | reward(MA200)=-2.47 success=12.45 fail=12.55 | 0.10s/ep | delay=0.00
ep 850/4000 | reward(MA200)=-1.47 success=12.55 fail=12.45 | 0.10s/ep | delay=0.00
ep 900/4000 | reward(MA200)=1.74 success=12.88 fail=12.12 | 0.10s/ep | delay=0.00
ep 950/4000 | reward(MA200)=3.63 success=13.05 fail=11.95 | 0.10s/ep | delay=0.00
ep 1000/4000 | reward(MA200)=4.00 success=13.10 fail=11.90 | 0.10s/ep | delay=0.00
ep 1050/4000 | reward(MA200)=4.80 success=13.18 fail=11.82 | 0.10s/ep | delay=0.00
ep 1100/4000 | reward(MA200)=4.46 success=13.14 fail=11.86 | 0.10s/ep | delay=0.00
ep 1150/4000 | reward(MA200)=4.87 success=13.19 fail=11.81 | 0.10s/ep | delay=0.00
ep 1200/4000 | reward(MA200)=5.98 success=13.29 fail=11.71 | 0.11s/ep | delay=0.00
ep 1250/4000 | reward(MA200)=7.04 success=13.40 fail=11.60 | 0.11s/ep | delay=0.00
ep 1300/4000 | reward(MA200)=7.84 success=13.48 fail=11.52 | 0.11s/ep | delay=0.00
ep 1350/4000 | reward(MA200)=9.96 success=13.70 fail=11.30 | 0.11s/ep | delay=0.00
ep 1400/4000 | reward(MA200)=11.34 success=13.82 fail=11.18 | 0.11s/ep | delay=0.00
ep 1450/4000 | reward(MA200)=13.23 success=14.01 fail=10.99 | 0.11s/ep | delay=0.00
ep 1500/4000 | reward(MA200)=15.02 success=14.20 fail=10.80 | 0.11s/ep | delay=0.00
ep 1550/4000 | reward(MA200)=15.81 success=14.29 fail=10.71 | 0.11s/ep | delay=0.00
ep 1600/4000 | reward(MA200)=16.73 success=14.39 fail=10.61 | 0.11s/ep | delay=0.00
ep 1650/4000 | reward(MA200)=18.03 success=14.53 fail=10.47 | 0.11s/ep | delay=0.00
ep 1700/4000 | reward(MA200)=17.52 success=14.47 fail=10.53 | 0.11s/ep | delay=0.00
ep 1750/4000 | reward(MA200)=17.87 success=14.50 fail=10.50 | 0.11s/ep | delay=0.00
ep 1800/4000 | reward(MA200)=17.58 success=14.47 fail=10.53 | 0.11s/ep | delay=0.00
ep 1850/4000 | reward(MA200)=17.52 success=14.46 fail=10.54 | 0.11s/ep | delay=0.00
ep 1900/4000 | reward(MA200)=18.32 success=14.55 fail=10.45 | 0.11s/ep | delay=0.00
ep 1950/4000 | reward(MA200)=17.68 success=14.50 fail=10.50 | 0.11s/ep | delay=0.00
ep 2000/4000 | reward(MA200)=18.13 success=14.54 fail=10.46 | 0.11s/ep | delay=0.00
ep 2050/4000 | reward(MA200)=18.63 success=14.60 fail=10.40 | 0.11s/ep | delay=0.00
ep 2100/4000 | reward(MA200)=19.17 success=14.64 fail=10.36 | 0.11s/ep | delay=0.00
ep 2150/4000 | reward(MA200)=20.31 success=14.76 fail=10.24 | 0.11s/ep | delay=0.00
ep 2200/4000 | reward(MA200)=20.66 success=14.79 fail=10.21 | 0.11s/ep | delay=0.00
ep 2250/4000 | reward(MA200)=20.95 success=14.82 fail=10.18 | 0.11s/ep | delay=0.00
ep 2300/4000 | reward(MA200)=21.42 success=14.87 fail=10.13 | 0.11s/ep | delay=0.00
ep 2350/4000 | reward(MA200)=21.54 success=14.88 fail=10.12 | 0.11s/ep | delay=0.00
ep 2400/4000 | reward(MA200)=22.87 success=15.01 fail=9.99 | 0.11s/ep | delay=0.00
ep 2450/4000 | reward(MA200)=22.80 success=14.99 fail=10.01 | 0.11s/ep | delay=0.00
ep 2500/4000 | reward(MA200)=22.33 success=14.95 fail=10.05 | 0.11s/ep | delay=0.00
ep 2550/4000 | reward(MA200)=22.96 success=15.02 fail=9.98 | 0.11s/ep | delay=0.00
ep 2600/4000 | reward(MA200)=21.98 success=14.93 fail=10.07 | 0.11s/ep | delay=0.00
ep 2650/4000 | reward(MA200)=22.01 success=14.94 fail=10.06 | 0.11s/ep | delay=0.00
ep 2700/4000 | reward(MA200)=22.50 success=14.98 fail=10.02 | 0.11s/ep | delay=0.00
ep 2750/4000 | reward(MA200)=21.95 success=14.93 fail=10.07 | 0.11s/ep | delay=0.00
ep 2800/4000 | reward(MA200)=21.89 success=14.91 fail=10.09 | 0.11s/ep | delay=0.00
ep 2850/4000 | reward(MA200)=21.27 success=14.85 fail=10.15 | 0.11s/ep | delay=0.00
ep 2900/4000 | reward(MA200)=21.56 success=14.87 fail=10.13 | 0.11s/ep | delay=0.00
ep 2950/4000 | reward(MA200)=21.44 success=14.86 fail=10.14 | 0.11s/ep | delay=0.00
ep 3000/4000 | reward(MA200)=21.55 success=14.87 fail=10.13 | 0.11s/ep | delay=0.00
ep 3050/4000 | reward(MA200)=23.42 success=15.04 fail=9.96 | 0.11s/ep | delay=0.00
ep 3100/4000 | reward(MA200)=23.62 success=15.06 fail=9.94 | 0.11s/ep | delay=0.00
ep 3150/4000 | reward(MA200)=24.01 success=15.09 fail=9.91 | 0.11s/ep | delay=0.00
ep 3200/4000 | reward(MA200)=24.61 success=15.14 fail=9.86 | 0.11s/ep | delay=0.00
ep 3250/4000 | reward(MA200)=23.65 success=15.05 fail=9.95 | 0.11s/ep | delay=0.00
ep 3300/4000 | reward(MA200)=24.04 success=15.08 fail=9.92 | 0.11s/ep | delay=0.00
ep 3350/4000 | reward(MA200)=24.73 success=15.14 fail=9.86 | 0.11s/ep | delay=0.00
ep 3400/4000 | reward(MA200)=24.69 success=15.13 fail=9.87 | 0.11s/ep | delay=0.00
ep 3450/4000 | reward(MA200)=24.99 success=15.15 fail=9.85 | 0.11s/ep | delay=0.00
ep 3500/4000 | reward(MA200)=24.91 success=15.14 fail=9.86 | 0.11s/ep | delay=0.00
ep 3550/4000 | reward(MA200)=25.49 success=15.19 fail=9.81 | 0.11s/ep | delay=0.00
ep 3600/4000 | reward(MA200)=25.36 success=15.17 fail=9.83 | 0.11s/ep | delay=0.00
ep 3650/4000 | reward(MA200)=25.27 success=15.15 fail=9.85 | 0.11s/ep | delay=0.00
ep 3700/4000 | reward(MA200)=25.27 success=15.15 fail=9.85 | 0.11s/ep | delay=0.00
ep 3750/4000 | reward(MA200)=24.75 success=15.11 fail=9.89 | 0.11s/ep | delay=0.00
ep 3800/4000 | reward(MA200)=25.12 success=15.14 fail=9.86 | 0.11s/ep | delay=0.00
ep 3850/4000 | reward(MA200)=25.81 success=15.21 fail=9.79 | 0.11s/ep | delay=0.00
ep 3900/4000 | reward(MA200)=26.05 success=15.23 fail=9.77 | 0.11s/ep | delay=0.00
ep 3950/4000 | reward(MA200)=26.02 success=15.22 fail=9.78 | 0.11s/ep | delay=0.00
ep 4000/4000 | reward(MA200)=26.56 success=15.27 fail=9.73 | 0.11s/ep | delay=0.00
DONE tag=fa_r07s06_s6 -> C:\Users\zengd\Desktop\论文\W-MADDPG\MADDPG_Discrete\results\exp9_voil\phase0_fa_r07s06_s6.csv
