WARNING:tensorflow:From C:\Users\zengd\Desktop\论文\W-MADDPG\MADDPG_Discrete\train_mappo_phase0.py:155: The name tf.set_random_seed is deprecated. Please use tf.compat.v1.set_random_seed instead.

WARNING:tensorflow:From C:\Users\zengd\Desktop\论文\W-MADDPG\MADDPG_Discrete\mappo_agent.py:31: The name tf.placeholder is deprecated. Please use tf.compat.v1.placeholder instead.

WARNING:tensorflow:From C:\Users\zengd\Desktop\论文\W-MADDPG\MADDPG_Discrete\mappo_agent.py:43: The name tf.variable_scope is deprecated. Please use tf.compat.v1.variable_scope instead.

WARNING:tensorflow:From C:\Users\zengd\Desktop\论文\W-MADDPG\MADDPG_Discrete\mappo_agent.py:7: dense (from tensorflow.python.layers.core) is deprecated and will be removed in a future version.
Instructions for updating:
Use keras.layers.Dense instead.
WARNING:tensorflow:From D:\tool\anaconda\envs\py37tf\lib\site-packages\tensorflow_core\python\layers\core.py:187: Layer.apply (from tensorflow.python.keras.engine.base_layer) is deprecated and will be removed in a future version.
Instructions for updating:
Please use `layer.__call__` method instead.
WARNING:tensorflow:
The TensorFlow contrib module will not be included in TensorFlow 2.0.
For more information, please see:
  * https://github.com/tensorflow/community/blob/master/rfcs/20180907-contrib-sunset.md
  * https://github.com/tensorflow/addons
  * https://github.com/tensorflow/io (for I/O related ops)
If you depend on functionality not listed there, please file an issue.

WARNING:tensorflow:From C:\Users\zengd\Desktop\论文\W-MADDPG\MADDPG_Discrete\mappo_agent.py:114: The name tf.log is deprecated. Please use tf.math.log instead.

WARNING:tensorflow:From C:\Users\zengd\Desktop\论文\W-MADDPG\MADDPG_Discrete\mappo_agent.py:76: The name tf.get_collection is deprecated. Please use tf.compat.v1.get_collection instead.

WARNING:tensorflow:From C:\Users\zengd\Desktop\论文\W-MADDPG\MADDPG_Discrete\mappo_agent.py:76: The name tf.GraphKeys is deprecated. Please use tf.compat.v1.GraphKeys instead.

WARNING:tensorflow:From C:\Users\zengd\Desktop\论文\W-MADDPG\MADDPG_Discrete\mappo_agent.py:122: The name tf.train.AdamOptimizer is deprecated. Please use tf.compat.v1.train.AdamOptimizer instead.

WARNING:tensorflow:From D:\tool\anaconda\envs\py37tf\lib\site-packages\tensorflow_core\python\ops\math_grad.py:1424: where (from tensorflow.python.ops.array_ops) is deprecated and will be removed in a future version.
Instructions for updating:
Use tf.where in 2.0, which has the same broadcast rule as np.where
WARNING:tensorflow:From C:\Users\zengd\Desktop\论文\W-MADDPG\MADDPG_Discrete\train_mappo_phase0.py:230: The name tf.ConfigProto is deprecated. Please use tf.compat.v1.ConfigProto instead.

WARNING:tensorflow:From C:\Users\zengd\Desktop\论文\W-MADDPG\MADDPG_Discrete\train_mappo_phase0.py:234: The name tf.Session is deprecated. Please use tf.compat.v1.Session instead.

2026-09-22 11:44:09.000403: I tensorflow/core/platform/cpu_feature_guard.cc:142] Your CPU supports instructions that this TensorFlow binary was not compiled to use: AVX2
WARNING:tensorflow:From C:\Users\zengd\Desktop\论文\W-MADDPG\MADDPG_Discrete\train_mappo_phase0.py:235: The name tf.global_variables_initializer is deprecated. Please use tf.compat.v1.global_variables_initializer instead.

ep 1/4000 | reward(MA200)=-56.48 success=7.00 fail=18.00 | 1.08s/ep | delay=0.00
ep 50/4000 | reward(MA200)=-42.32 success=8.34 fail=16.66 | 0.13s/ep | delay=0.00
ep 100/4000 | reward(MA200)=-39.65 success=8.60 fail=16.40 | 0.10s/ep | delay=0.00
ep 150/4000 | reward(MA200)=-38.13 success=8.76 fail=16.24 | 0.10s/ep | delay=0.00
ep 200/4000 | reward(MA200)=-36.58 success=8.92 fail=16.08 | 0.10s/ep | delay=0.00
ep 250/4000 | reward(MA200)=-33.88 success=9.21 fail=15.79 | 0.10s/ep | delay=0.00
ep 300/4000 | reward(MA200)=-31.33 success=9.47 fail=15.53 | 0.10s/ep | delay=0.00
ep 350/4000 | reward(MA200)=-28.38 success=9.77 fail=15.23 | 0.10s/ep | delay=0.00
ep 400/4000 | reward(MA200)=-25.36 success=10.07 fail=14.93 | 0.10s/ep | delay=0.00
ep 450/4000 | reward(MA200)=-22.38 success=10.36 fail=14.64 | 0.10s/ep | delay=0.00
ep 500/4000 | reward(MA200)=-19.78 success=10.62 fail=14.38 | 0.10s/ep | delay=0.00
ep 550/4000 | reward(MA200)=-17.80 success=10.80 fail=14.20 | 0.10s/ep | delay=0.00
ep 600/4000 | reward(MA200)=-17.48 success=10.84 fail=14.16 | 0.10s/ep | delay=0.00
ep 650/4000 | reward(MA200)=-15.57 success=11.03 fail=13.97 | 0.10s/ep | delay=0.00
ep 700/4000 | reward(MA200)=-13.97 success=11.19 fail=13.81 | 0.10s/ep | delay=0.00
ep 750/4000 | reward(MA200)=-12.57 success=11.34 fail=13.66 | 0.10s/ep | delay=0.00
ep 800/4000 | reward(MA200)=-9.01 success=11.69 fail=13.31 | 0.10s/ep | delay=0.00
ep 850/4000 | reward(MA200)=-7.55 success=11.84 fail=13.16 | 0.10s/ep | delay=0.00
ep 900/4000 | reward(MA200)=-5.37 success=12.05 fail=12.95 | 0.10s/ep | delay=0.00
ep 950/4000 | reward(MA200)=-2.74 success=12.32 fail=12.68 | 0.10s/ep | delay=0.00
ep 1000/4000 | reward(MA200)=-0.86 success=12.50 fail=12.50 | 0.10s/ep | delay=0.00
ep 1050/4000 | reward(MA200)=2.15 success=12.80 fail=12.20 | 0.10s/ep | delay=0.00
ep 1100/4000 | reward(MA200)=3.83 success=12.97 fail=12.03 | 0.10s/ep | delay=0.00
ep 1150/4000 | reward(MA200)=5.52 success=13.13 fail=11.87 | 0.10s/ep | delay=0.00
ep 1200/4000 | reward(MA200)=6.30 success=13.22 fail=11.78 | 0.10s/ep | delay=0.00
ep 1250/4000 | reward(MA200)=6.61 success=13.24 fail=11.76 | 0.11s/ep | delay=0.00
ep 1300/4000 | reward(MA200)=7.60 success=13.34 fail=11.66 | 0.11s/ep | delay=0.00
ep 1350/4000 | reward(MA200)=8.14 success=13.39 fail=11.61 | 0.11s/ep | delay=0.00
ep 1400/4000 | reward(MA200)=9.12 success=13.49 fail=11.51 | 0.11s/ep | delay=0.00
ep 1450/4000 | reward(MA200)=9.95 success=13.57 fail=11.43 | 0.11s/ep | delay=0.00
ep 1500/4000 | reward(MA200)=10.34 success=13.60 fail=11.40 | 0.11s/ep | delay=0.00
ep 1550/4000 | reward(MA200)=12.64 success=13.81 fail=11.19 | 0.11s/ep | delay=0.00
ep 1600/4000 | reward(MA200)=14.72 success=14.02 fail=10.98 | 0.11s/ep | delay=0.00
ep 1650/4000 | reward(MA200)=16.61 success=14.20 fail=10.80 | 0.11s/ep | delay=0.00
ep 1700/4000 | reward(MA200)=17.78 success=14.32 fail=10.68 | 0.11s/ep | delay=0.00
ep 1750/4000 | reward(MA200)=18.21 success=14.38 fail=10.62 | 0.11s/ep | delay=0.00
ep 1800/4000 | reward(MA200)=17.96 success=14.36 fail=10.64 | 0.11s/ep | delay=0.00
ep 1850/4000 | reward(MA200)=18.07 success=14.37 fail=10.63 | 0.11s/ep | delay=0.00
ep 1900/4000 | reward(MA200)=19.62 success=14.51 fail=10.49 | 0.11s/ep | delay=0.00
ep 1950/4000 | reward(MA200)=19.64 success=14.51 fail=10.49 | 0.11s/ep | delay=0.00
ep 2000/4000 | reward(MA200)=22.10 success=14.74 fail=10.26 | 0.11s/ep | delay=0.00
ep 2050/4000 | reward(MA200)=23.90 success=14.91 fail=10.09 | 0.11s/ep | delay=0.00
ep 2100/4000 | reward(MA200)=24.72 success=14.99 fail=10.01 | 0.11s/ep | delay=0.00
ep 2150/4000 | reward(MA200)=26.19 success=15.14 fail=9.86 | 0.11s/ep | delay=0.00
ep 2200/4000 | reward(MA200)=25.64 success=15.09 fail=9.91 | 0.11s/ep | delay=0.00
ep 2250/4000 | reward(MA200)=26.06 success=15.12 fail=9.88 | 0.11s/ep | delay=0.00
ep 2300/4000 | reward(MA200)=25.85 success=15.10 fail=9.90 | 0.11s/ep | delay=0.00
ep 2350/4000 | reward(MA200)=25.57 success=15.06 fail=9.94 | 0.11s/ep | delay=0.00
ep 2400/4000 | reward(MA200)=26.31 success=15.14 fail=9.86 | 0.11s/ep | delay=0.00
ep 2450/4000 | reward(MA200)=25.25 success=15.04 fail=9.96 | 0.11s/ep | delay=0.00
ep 2500/4000 | reward(MA200)=26.41 success=15.15 fail=9.85 | 0.11s/ep | delay=0.00
ep 2550/4000 | reward(MA200)=27.83 success=15.29 fail=9.71 | 0.11s/ep | delay=0.00
ep 2600/4000 | reward(MA200)=27.84 success=15.28 fail=9.72 | 0.11s/ep | delay=0.00
ep 2650/4000 | reward(MA200)=29.75 success=15.46 fail=9.54 | 0.11s/ep | delay=0.00
ep 2700/4000 | reward(MA200)=29.60 success=15.43 fail=9.57 | 0.11s/ep | delay=0.00
ep 2750/4000 | reward(MA200)=29.17 success=15.38 fail=9.62 | 0.11s/ep | delay=0.00
ep 2800/4000 | reward(MA200)=28.98 success=15.35 fail=9.65 | 0.11s/ep | delay=0.00
ep 2850/4000 | reward(MA200)=29.70 success=15.40 fail=9.60 | 0.11s/ep | delay=0.00
ep 2900/4000 | reward(MA200)=30.55 success=15.48 fail=9.52 | 0.11s/ep | delay=0.00
ep 2950/4000 | reward(MA200)=30.98 success=15.52 fail=9.48 | 0.11s/ep | delay=0.00
ep 3000/4000 | reward(MA200)=31.83 success=15.59 fail=9.41 | 0.11s/ep | delay=0.00
ep 3050/4000 | reward(MA200)=31.41 success=15.55 fail=9.45 | 0.11s/ep | delay=0.00
ep 3100/4000 | reward(MA200)=31.27 success=15.53 fail=9.47 | 0.11s/ep | delay=0.00
ep 3150/4000 | reward(MA200)=31.67 success=15.56 fail=9.44 | 0.11s/ep | delay=0.00
ep 3200/4000 | reward(MA200)=31.97 success=15.60 fail=9.40 | 0.11s/ep | delay=0.00
ep 3250/4000 | reward(MA200)=31.39 success=15.54 fail=9.46 | 0.11s/ep | delay=0.00
ep 3300/4000 | reward(MA200)=31.87 success=15.60 fail=9.40 | 0.11s/ep | delay=0.00
ep 3350/4000 | reward(MA200)=31.12 success=15.53 fail=9.47 | 0.11s/ep | delay=0.00
ep 3400/4000 | reward(MA200)=31.25 success=15.54 fail=9.46 | 0.11s/ep | delay=0.00
ep 3450/4000 | reward(MA200)=32.14 success=15.62 fail=9.38 | 0.11s/ep | delay=0.00
ep 3500/4000 | reward(MA200)=32.79 success=15.69 fail=9.31 | 0.11s/ep | delay=0.00
ep 3550/4000 | reward(MA200)=33.87 success=15.79 fail=9.21 | 0.11s/ep | delay=0.00
ep 3600/4000 | reward(MA200)=33.25 success=15.74 fail=9.26 | 0.11s/ep | delay=0.00
ep 3650/4000 | reward(MA200)=33.13 success=15.73 fail=9.27 | 0.11s/ep | delay=0.00
ep 3700/4000 | reward(MA200)=32.37 success=15.65 fail=9.35 | 0.11s/ep | delay=0.00
ep 3750/4000 | reward(MA200)=32.44 success=15.66 fail=9.34 | 0.11s/ep | delay=0.00
ep 3800/4000 | reward(MA200)=33.77 success=15.79 fail=9.21 | 0.11s/ep | delay=0.00
ep 3850/4000 | reward(MA200)=33.87 success=15.81 fail=9.19 | 0.11s/ep | delay=0.00
ep 3900/4000 | reward(MA200)=35.01 success=15.93 fail=9.07 | 0.11s/ep | delay=0.00
ep 3950/4000 | reward(MA200)=35.46 success=15.97 fail=9.03 | 0.11s/ep | delay=0.00
ep 4000/4000 | reward(MA200)=34.96 success=15.93 fail=9.07 | 0.11s/ep | delay=0.00
DONE tag=fa_r07s06_s3 -> C:\Users\zengd\Desktop\论文\W-MADDPG\MADDPG_Discrete\results\exp9_voil\phase0_fa_r07s06_s3.csv
