WARNING:tensorflow:From C:\Users\zengd\Desktop\论文\W-MADDPG\MADDPG_Discrete\train_mappo_phase0.py:155: The name tf.set_random_seed is deprecated. Please use tf.compat.v1.set_random_seed instead.

WARNING:tensorflow:From C:\Users\zengd\Desktop\论文\W-MADDPG\MADDPG_Discrete\mappo_agent.py:31: The name tf.placeholder is deprecated. Please use tf.compat.v1.placeholder instead.

WARNING:tensorflow:From C:\Users\zengd\Desktop\论文\W-MADDPG\MADDPG_Discrete\mappo_agent.py:43: The name tf.variable_scope is deprecated. Please use tf.compat.v1.variable_scope instead.

WARNING:tensorflow:From C:\Users\zengd\Desktop\论文\W-MADDPG\MADDPG_Discrete\mappo_agent.py:7: dense (from tensorflow.python.layers.core) is deprecated and will be removed in a future version.
Instructions for updating:
Use keras.layers.Dense instead.
WARNING:tensorflow:From D:\tool\anaconda\envs\py37tf\lib\site-packages\tensorflow_core\python\layers\core.py:187: Layer.apply (from tensorflow.python.keras.engine.base_layer) is deprecated and will be removed in a future version.
Instructions for updating:
Please use `layer.__call__` method instead.
WARNING:tensorflow:
The TensorFlow contrib module will not be included in TensorFlow 2.0.
For more information, please see:
  * https://github.com/tensorflow/community/blob/master/rfcs/20180907-contrib-sunset.md
  * https://github.com/tensorflow/addons
  * https://github.com/tensorflow/io (for I/O related ops)
If you depend on functionality not listed there, please file an issue.

WARNING:tensorflow:From C:\Users\zengd\Desktop\论文\W-MADDPG\MADDPG_Discrete\mappo_agent.py:114: The name tf.log is deprecated. Please use tf.math.log instead.

WARNING:tensorflow:From C:\Users\zengd\Desktop\论文\W-MADDPG\MADDPG_Discrete\mappo_agent.py:76: The name tf.get_collection is deprecated. Please use tf.compat.v1.get_collection instead.

WARNING:tensorflow:From C:\Users\zengd\Desktop\论文\W-MADDPG\MADDPG_Discrete\mappo_agent.py:76: The name tf.GraphKeys is deprecated. Please use tf.compat.v1.GraphKeys instead.

WARNING:tensorflow:From C:\Users\zengd\Desktop\论文\W-MADDPG\MADDPG_Discrete\mappo_agent.py:122: The name tf.train.AdamOptimizer is deprecated. Please use tf.compat.v1.train.AdamOptimizer instead.

WARNING:tensorflow:From D:\tool\anaconda\envs\py37tf\lib\site-packages\tensorflow_core\python\ops\math_grad.py:1424: where (from tensorflow.python.ops.array_ops) is deprecated and will be removed in a future version.
Instructions for updating:
Use tf.where in 2.0, which has the same broadcast rule as np.where
WARNING:tensorflow:From C:\Users\zengd\Desktop\论文\W-MADDPG\MADDPG_Discrete\train_mappo_phase0.py:230: The name tf.ConfigProto is deprecated. Please use tf.compat.v1.ConfigProto instead.

WARNING:tensorflow:From C:\Users\zengd\Desktop\论文\W-MADDPG\MADDPG_Discrete\train_mappo_phase0.py:234: The name tf.Session is deprecated. Please use tf.compat.v1.Session instead.

2026-09-22 11:51:58.759099: I tensorflow/core/platform/cpu_feature_guard.cc:142] Your CPU supports instructions that this TensorFlow binary was not compiled to use: AVX2
WARNING:tensorflow:From C:\Users\zengd\Desktop\论文\W-MADDPG\MADDPG_Discrete\train_mappo_phase0.py:235: The name tf.global_variables_initializer is deprecated. Please use tf.compat.v1.global_variables_initializer instead.

ep 1/4000 | reward(MA200)=-75.74 success=5.00 fail=20.00 | 1.41s/ep | delay=0.00
ep 50/4000 | reward(MA200)=-58.56 success=6.68 fail=18.32 | 0.17s/ep | delay=0.00
ep 100/4000 | reward(MA200)=-56.57 success=6.86 fail=18.14 | 0.14s/ep | delay=0.00
ep 150/4000 | reward(MA200)=-54.94 success=7.02 fail=17.98 | 0.14s/ep | delay=0.00
ep 200/4000 | reward(MA200)=-52.66 success=7.24 fail=17.76 | 0.13s/ep | delay=0.00
ep 250/4000 | reward(MA200)=-48.33 success=7.67 fail=17.34 | 0.13s/ep | delay=0.00
ep 300/4000 | reward(MA200)=-44.54 success=8.04 fail=16.95 | 0.13s/ep | delay=0.00
ep 350/4000 | reward(MA200)=-41.13 success=8.39 fail=16.61 | 0.13s/ep | delay=0.00
ep 400/4000 | reward(MA200)=-37.02 success=8.81 fail=16.19 | 0.12s/ep | delay=0.00
ep 450/4000 | reward(MA200)=-33.65 success=9.15 fail=15.85 | 0.12s/ep | delay=0.00
ep 500/4000 | reward(MA200)=-29.81 success=9.54 fail=15.46 | 0.12s/ep | delay=0.00
ep 550/4000 | reward(MA200)=-26.23 success=9.89 fail=15.11 | 0.12s/ep | delay=0.00
ep 600/4000 | reward(MA200)=-23.19 success=10.20 fail=14.80 | 0.12s/ep | delay=0.00
ep 650/4000 | reward(MA200)=-19.23 success=10.60 fail=14.40 | 0.12s/ep | delay=0.00
ep 700/4000 | reward(MA200)=-16.96 success=10.83 fail=14.17 | 0.12s/ep | delay=0.00
ep 750/4000 | reward(MA200)=-12.99 success=11.22 fail=13.78 | 0.12s/ep | delay=0.00
ep 800/4000 | reward(MA200)=-11.59 success=11.38 fail=13.62 | 0.13s/ep | delay=0.00
ep 850/4000 | reward(MA200)=-10.39 success=11.50 fail=13.50 | 0.14s/ep | delay=0.00
ep 900/4000 | reward(MA200)=-8.61 success=11.68 fail=13.32 | 0.14s/ep | delay=0.00
ep 950/4000 | reward(MA200)=-7.52 success=11.79 fail=13.21 | 0.14s/ep | delay=0.00
ep 1000/4000 | reward(MA200)=-4.63 success=12.07 fail=12.93 | 0.15s/ep | delay=0.00
ep 1050/4000 | reward(MA200)=-2.32 success=12.30 fail=12.70 | 0.15s/ep | delay=0.00
ep 1100/4000 | reward(MA200)=0.45 success=12.57 fail=12.43 | 0.15s/ep | delay=0.00
ep 1150/4000 | reward(MA200)=2.43 success=12.77 fail=12.23 | 0.15s/ep | delay=0.00
ep 1200/4000 | reward(MA200)=3.62 success=12.88 fail=12.12 | 0.16s/ep | delay=0.00
ep 1250/4000 | reward(MA200)=4.96 success=13.01 fail=11.99 | 0.16s/ep | delay=0.00
ep 1300/4000 | reward(MA200)=6.72 success=13.17 fail=11.83 | 0.16s/ep | delay=0.00
ep 1350/4000 | reward(MA200)=7.70 success=13.27 fail=11.73 | 0.16s/ep | delay=0.00
ep 1400/4000 | reward(MA200)=9.23 success=13.41 fail=11.59 | 0.16s/ep | delay=0.00
ep 1450/4000 | reward(MA200)=11.18 success=13.60 fail=11.40 | 0.16s/ep | delay=0.00
ep 1500/4000 | reward(MA200)=11.59 success=13.64 fail=11.36 | 0.16s/ep | delay=0.00
ep 1550/4000 | reward(MA200)=12.77 success=13.76 fail=11.24 | 0.16s/ep | delay=0.00
ep 1600/4000 | reward(MA200)=14.64 success=13.94 fail=11.06 | 0.16s/ep | delay=0.00
ep 1650/4000 | reward(MA200)=14.88 success=13.96 fail=11.04 | 0.16s/ep | delay=0.00
ep 1700/4000 | reward(MA200)=15.94 success=14.07 fail=10.93 | 0.16s/ep | delay=0.00
ep 1750/4000 | reward(MA200)=16.81 success=14.16 fail=10.84 | 0.16s/ep | delay=0.00
ep 1800/4000 | reward(MA200)=16.25 success=14.11 fail=10.89 | 0.16s/ep | delay=0.00
ep 1850/4000 | reward(MA200)=16.77 success=14.18 fail=10.82 | 0.16s/ep | delay=0.00
ep 1900/4000 | reward(MA200)=17.85 success=14.29 fail=10.71 | 0.16s/ep | delay=0.00
ep 1950/4000 | reward(MA200)=19.03 success=14.41 fail=10.59 | 0.17s/ep | delay=0.00
ep 2000/4000 | reward(MA200)=20.57 success=14.57 fail=10.43 | 0.17s/ep | delay=0.00
ep 2050/4000 | reward(MA200)=22.34 success=14.74 fail=10.26 | 0.17s/ep | delay=0.00
ep 2100/4000 | reward(MA200)=24.36 success=14.95 fail=10.05 | 0.17s/ep | delay=0.00
ep 2150/4000 | reward(MA200)=24.39 success=14.95 fail=10.05 | 0.17s/ep | delay=0.00
ep 2200/4000 | reward(MA200)=25.80 success=15.09 fail=9.91 | 0.17s/ep | delay=0.00
ep 2250/4000 | reward(MA200)=25.11 success=15.01 fail=9.99 | 0.17s/ep | delay=0.00
ep 2300/4000 | reward(MA200)=23.17 success=14.81 fail=10.19 | 0.17s/ep | delay=0.00
ep 2350/4000 | reward(MA200)=24.24 success=14.91 fail=10.09 | 0.17s/ep | delay=0.00
ep 2400/4000 | reward(MA200)=24.10 success=14.90 fail=10.10 | 0.16s/ep | delay=0.00
ep 2450/4000 | reward(MA200)=26.21 success=15.12 fail=9.88 | 0.17s/ep | delay=0.00
ep 2500/4000 | reward(MA200)=27.96 success=15.30 fail=9.70 | 0.17s/ep | delay=0.00
ep 2550/4000 | reward(MA200)=28.79 success=15.39 fail=9.61 | 0.17s/ep | delay=0.00
ep 2600/4000 | reward(MA200)=28.87 success=15.40 fail=9.60 | 0.17s/ep | delay=0.00
ep 2650/4000 | reward(MA200)=28.59 success=15.37 fail=9.63 | 0.17s/ep | delay=0.00
ep 2700/4000 | reward(MA200)=28.73 success=15.38 fail=9.62 | 0.17s/ep | delay=0.00
ep 2750/4000 | reward(MA200)=28.95 success=15.39 fail=9.61 | 0.17s/ep | delay=0.00
ep 2800/4000 | reward(MA200)=29.17 success=15.41 fail=9.59 | 0.17s/ep | delay=0.00
ep 2850/4000 | reward(MA200)=29.26 success=15.42 fail=9.58 | 0.17s/ep | delay=0.00
ep 2900/4000 | reward(MA200)=30.09 success=15.51 fail=9.49 | 0.17s/ep | delay=0.00
ep 2950/4000 | reward(MA200)=30.13 success=15.53 fail=9.47 | 0.17s/ep | delay=0.00
ep 3000/4000 | reward(MA200)=30.43 success=15.56 fail=9.44 | 0.17s/ep | delay=0.00
ep 3050/4000 | reward(MA200)=31.00 success=15.63 fail=9.37 | 0.17s/ep | delay=0.00
ep 3100/4000 | reward(MA200)=30.67 success=15.60 fail=9.40 | 0.17s/ep | delay=0.00
ep 3150/4000 | reward(MA200)=31.10 success=15.64 fail=9.36 | 0.17s/ep | delay=0.00
ep 3200/4000 | reward(MA200)=32.71 success=15.79 fail=9.21 | 0.17s/ep | delay=0.00
ep 3250/4000 | reward(MA200)=33.65 success=15.88 fail=9.12 | 0.17s/ep | delay=0.00
ep 3300/4000 | reward(MA200)=36.13 success=16.13 fail=8.87 | 0.17s/ep | delay=0.00
ep 3350/4000 | reward(MA200)=37.00 success=16.21 fail=8.79 | 0.17s/ep | delay=0.00
ep 3400/4000 | reward(MA200)=36.75 success=16.20 fail=8.80 | 0.17s/ep | delay=0.00
ep 3450/4000 | reward(MA200)=37.67 success=16.29 fail=8.71 | 0.17s/ep | delay=0.00
ep 3500/4000 | reward(MA200)=37.61 success=16.29 fail=8.71 | 0.17s/ep | delay=0.00
ep 3550/4000 | reward(MA200)=37.45 success=16.26 fail=8.74 | 0.17s/ep | delay=0.00
ep 3600/4000 | reward(MA200)=38.06 success=16.32 fail=8.69 | 0.17s/ep | delay=0.00
ep 3650/4000 | reward(MA200)=37.42 success=16.25 fail=8.76 | 0.17s/ep | delay=0.00
ep 3700/4000 | reward(MA200)=37.19 success=16.21 fail=8.79 | 0.17s/ep | delay=0.00
ep 3750/4000 | reward(MA200)=38.03 success=16.30 fail=8.70 | 0.17s/ep | delay=0.00
ep 3800/4000 | reward(MA200)=38.44 success=16.34 fail=8.66 | 0.17s/ep | delay=0.00
ep 3850/4000 | reward(MA200)=38.06 success=16.31 fail=8.69 | 0.17s/ep | delay=0.00
ep 3900/4000 | reward(MA200)=37.60 success=16.27 fail=8.72 | 0.17s/ep | delay=0.00
ep 3950/4000 | reward(MA200)=36.58 success=16.18 fail=8.82 | 0.17s/ep | delay=0.00
ep 4000/4000 | reward(MA200)=36.04 success=16.12 fail=8.88 | 0.17s/ep | delay=0.00
DONE tag=fa_r07s06_s9 -> C:\Users\zengd\Desktop\论文\W-MADDPG\MADDPG_Discrete\results\exp9_voil\phase0_fa_r07s06_s9.csv
