WARNING:tensorflow:From C:\Users\zengd\Desktop\论文\W-MADDPG\MADDPG_Discrete\train_mappo_phase0.py:155: The name tf.set_random_seed is deprecated. Please use tf.compat.v1.set_random_seed instead.

WARNING:tensorflow:From C:\Users\zengd\Desktop\论文\W-MADDPG\MADDPG_Discrete\mappo_agent.py:31: The name tf.placeholder is deprecated. Please use tf.compat.v1.placeholder instead.

WARNING:tensorflow:From C:\Users\zengd\Desktop\论文\W-MADDPG\MADDPG_Discrete\mappo_agent.py:43: The name tf.variable_scope is deprecated. Please use tf.compat.v1.variable_scope instead.

WARNING:tensorflow:From C:\Users\zengd\Desktop\论文\W-MADDPG\MADDPG_Discrete\mappo_agent.py:7: dense (from tensorflow.python.layers.core) is deprecated and will be removed in a future version.
Instructions for updating:
Use keras.layers.Dense instead.
WARNING:tensorflow:From D:\tool\anaconda\envs\py37tf\lib\site-packages\tensorflow_core\python\layers\core.py:187: Layer.apply (from tensorflow.python.keras.engine.base_layer) is deprecated and will be removed in a future version.
Instructions for updating:
Please use `layer.__call__` method instead.
WARNING:tensorflow:
The TensorFlow contrib module will not be included in TensorFlow 2.0.
For more information, please see:
  * https://github.com/tensorflow/community/blob/master/rfcs/20180907-contrib-sunset.md
  * https://github.com/tensorflow/addons
  * https://github.com/tensorflow/io (for I/O related ops)
If you depend on functionality not listed there, please file an issue.

WARNING:tensorflow:From C:\Users\zengd\Desktop\论文\W-MADDPG\MADDPG_Discrete\mappo_agent.py:114: The name tf.log is deprecated. Please use tf.math.log instead.

WARNING:tensorflow:From C:\Users\zengd\Desktop\论文\W-MADDPG\MADDPG_Discrete\mappo_agent.py:76: The name tf.get_collection is deprecated. Please use tf.compat.v1.get_collection instead.

WARNING:tensorflow:From C:\Users\zengd\Desktop\论文\W-MADDPG\MADDPG_Discrete\mappo_agent.py:76: The name tf.GraphKeys is deprecated. Please use tf.compat.v1.GraphKeys instead.

WARNING:tensorflow:From C:\Users\zengd\Desktop\论文\W-MADDPG\MADDPG_Discrete\mappo_agent.py:122: The name tf.train.AdamOptimizer is deprecated. Please use tf.compat.v1.train.AdamOptimizer instead.

WARNING:tensorflow:From D:\tool\anaconda\envs\py37tf\lib\site-packages\tensorflow_core\python\ops\math_grad.py:1424: where (from tensorflow.python.ops.array_ops) is deprecated and will be removed in a future version.
Instructions for updating:
Use tf.where in 2.0, which has the same broadcast rule as np.where
WARNING:tensorflow:From C:\Users\zengd\Desktop\论文\W-MADDPG\MADDPG_Discrete\train_mappo_phase0.py:230: The name tf.ConfigProto is deprecated. Please use tf.compat.v1.ConfigProto instead.

WARNING:tensorflow:From C:\Users\zengd\Desktop\论文\W-MADDPG\MADDPG_Discrete\train_mappo_phase0.py:234: The name tf.Session is deprecated. Please use tf.compat.v1.Session instead.

2026-09-22 11:44:08.834353: I tensorflow/core/platform/cpu_feature_guard.cc:142] Your CPU supports instructions that this TensorFlow binary was not compiled to use: AVX2
WARNING:tensorflow:From C:\Users\zengd\Desktop\论文\W-MADDPG\MADDPG_Discrete\train_mappo_phase0.py:235: The name tf.global_variables_initializer is deprecated. Please use tf.compat.v1.global_variables_initializer instead.

ep 1/4000 | reward(MA200)=-35.14 success=9.00 fail=16.00 | 1.11s/ep | delay=0.00
ep 50/4000 | reward(MA200)=-36.88 success=8.82 fail=16.18 | 0.13s/ep | delay=0.00
ep 100/4000 | reward(MA200)=-36.06 success=8.90 fail=16.10 | 0.10s/ep | delay=0.00
ep 150/4000 | reward(MA200)=-35.19 success=8.99 fail=16.01 | 0.10s/ep | delay=0.00
ep 200/4000 | reward(MA200)=-33.54 success=9.16 fail=15.84 | 0.10s/ep | delay=0.00
ep 250/4000 | reward(MA200)=-31.86 success=9.33 fail=15.67 | 0.10s/ep | delay=0.00
ep 300/4000 | reward(MA200)=-28.95 success=9.63 fail=15.37 | 0.10s/ep | delay=0.00
ep 350/4000 | reward(MA200)=-25.97 success=9.93 fail=15.07 | 0.10s/ep | delay=0.00
ep 400/4000 | reward(MA200)=-23.68 success=10.16 fail=14.84 | 0.10s/ep | delay=0.00
ep 450/4000 | reward(MA200)=-20.55 success=10.48 fail=14.52 | 0.10s/ep | delay=0.00
ep 500/4000 | reward(MA200)=-18.98 success=10.64 fail=14.36 | 0.10s/ep | delay=0.00
ep 550/4000 | reward(MA200)=-17.75 success=10.77 fail=14.23 | 0.10s/ep | delay=0.00
ep 600/4000 | reward(MA200)=-16.97 success=10.84 fail=14.16 | 0.10s/ep | delay=0.00
ep 650/4000 | reward(MA200)=-15.67 success=10.96 fail=14.04 | 0.10s/ep | delay=0.00
ep 700/4000 | reward(MA200)=-12.88 success=11.24 fail=13.76 | 0.10s/ep | delay=0.00
ep 750/4000 | reward(MA200)=-10.80 success=11.45 fail=13.55 | 0.10s/ep | delay=0.00
ep 800/4000 | reward(MA200)=-7.80 success=11.76 fail=13.24 | 0.10s/ep | delay=0.00
ep 850/4000 | reward(MA200)=-6.02 success=11.94 fail=13.06 | 0.10s/ep | delay=0.00
ep 900/4000 | reward(MA200)=-5.01 success=12.05 fail=12.95 | 0.10s/ep | delay=0.00
ep 950/4000 | reward(MA200)=-1.94 success=12.36 fail=12.64 | 0.10s/ep | delay=0.00
ep 1000/4000 | reward(MA200)=-1.59 success=12.40 fail=12.60 | 0.10s/ep | delay=0.00
ep 1050/4000 | reward(MA200)=0.98 success=12.65 fail=12.35 | 0.10s/ep | delay=0.00
ep 1100/4000 | reward(MA200)=2.02 success=12.76 fail=12.24 | 0.10s/ep | delay=0.00
ep 1150/4000 | reward(MA200)=2.20 success=12.79 fail=12.21 | 0.11s/ep | delay=0.00
ep 1200/4000 | reward(MA200)=5.80 success=13.15 fail=11.85 | 0.11s/ep | delay=0.00
ep 1250/4000 | reward(MA200)=6.58 success=13.23 fail=11.77 | 0.11s/ep | delay=0.00
ep 1300/4000 | reward(MA200)=8.59 success=13.43 fail=11.57 | 0.11s/ep | delay=0.00
ep 1350/4000 | reward(MA200)=9.75 success=13.54 fail=11.46 | 0.11s/ep | delay=0.00
ep 1400/4000 | reward(MA200)=9.42 success=13.51 fail=11.49 | 0.11s/ep | delay=0.00
ep 1450/4000 | reward(MA200)=9.94 success=13.56 fail=11.44 | 0.11s/ep | delay=0.00
ep 1500/4000 | reward(MA200)=10.32 success=13.60 fail=11.40 | 0.11s/ep | delay=0.00
ep 1550/4000 | reward(MA200)=10.61 success=13.62 fail=11.38 | 0.11s/ep | delay=0.00
ep 1600/4000 | reward(MA200)=10.65 success=13.63 fail=11.37 | 0.11s/ep | delay=0.00
ep 1650/4000 | reward(MA200)=12.14 success=13.79 fail=11.21 | 0.11s/ep | delay=0.00
ep 1700/4000 | reward(MA200)=12.46 success=13.82 fail=11.18 | 0.11s/ep | delay=0.00
ep 1750/4000 | reward(MA200)=13.88 success=13.97 fail=11.03 | 0.11s/ep | delay=0.00
ep 1800/4000 | reward(MA200)=14.66 success=14.05 fail=10.95 | 0.11s/ep | delay=0.00
ep 1850/4000 | reward(MA200)=13.97 success=13.98 fail=11.02 | 0.11s/ep | delay=0.00
ep 1900/4000 | reward(MA200)=13.96 success=13.98 fail=11.02 | 0.11s/ep | delay=0.00
ep 1950/4000 | reward(MA200)=13.67 success=13.96 fail=11.04 | 0.11s/ep | delay=0.00
ep 2000/4000 | reward(MA200)=14.49 success=14.04 fail=10.96 | 0.11s/ep | delay=0.00
ep 2050/4000 | reward(MA200)=15.95 success=14.19 fail=10.81 | 0.11s/ep | delay=0.00
ep 2100/4000 | reward(MA200)=17.20 success=14.31 fail=10.69 | 0.11s/ep | delay=0.00
ep 2150/4000 | reward(MA200)=18.62 success=14.46 fail=10.54 | 0.11s/ep | delay=0.00
ep 2200/4000 | reward(MA200)=19.25 success=14.52 fail=10.48 | 0.11s/ep | delay=0.00
ep 2250/4000 | reward(MA200)=19.14 success=14.52 fail=10.48 | 0.11s/ep | delay=0.00
ep 2300/4000 | reward(MA200)=19.10 success=14.52 fail=10.48 | 0.11s/ep | delay=0.00
ep 2350/4000 | reward(MA200)=19.25 success=14.54 fail=10.46 | 0.11s/ep | delay=0.00
ep 2400/4000 | reward(MA200)=20.39 success=14.64 fail=10.36 | 0.11s/ep | delay=0.00
ep 2450/4000 | reward(MA200)=20.97 success=14.70 fail=10.30 | 0.11s/ep | delay=0.00
ep 2500/4000 | reward(MA200)=21.29 success=14.72 fail=10.28 | 0.11s/ep | delay=0.00
ep 2550/4000 | reward(MA200)=20.95 success=14.69 fail=10.31 | 0.11s/ep | delay=0.00
ep 2600/4000 | reward(MA200)=20.05 success=14.59 fail=10.41 | 0.11s/ep | delay=0.00
ep 2650/4000 | reward(MA200)=19.78 success=14.55 fail=10.45 | 0.11s/ep | delay=0.00
ep 2700/4000 | reward(MA200)=20.93 success=14.67 fail=10.33 | 0.11s/ep | delay=0.00
ep 2750/4000 | reward(MA200)=21.77 success=14.74 fail=10.26 | 0.11s/ep | delay=0.00
ep 2800/4000 | reward(MA200)=22.91 success=14.86 fail=10.14 | 0.11s/ep | delay=0.00
ep 2850/4000 | reward(MA200)=23.71 success=14.95 fail=10.05 | 0.11s/ep | delay=0.00
ep 2900/4000 | reward(MA200)=23.10 success=14.88 fail=10.12 | 0.11s/ep | delay=0.00
ep 2950/4000 | reward(MA200)=23.00 success=14.89 fail=10.11 | 0.11s/ep | delay=0.00
ep 3000/4000 | reward(MA200)=22.95 success=14.89 fail=10.11 | 0.11s/ep | delay=0.00
ep 3050/4000 | reward(MA200)=23.76 success=14.97 fail=10.03 | 0.11s/ep | delay=0.00
ep 3100/4000 | reward(MA200)=24.97 success=15.10 fail=9.90 | 0.11s/ep | delay=0.00
ep 3150/4000 | reward(MA200)=24.45 success=15.05 fail=9.95 | 0.11s/ep | delay=0.00
ep 3200/4000 | reward(MA200)=24.43 success=15.05 fail=9.95 | 0.11s/ep | delay=0.00
ep 3250/4000 | reward(MA200)=23.66 success=14.97 fail=10.03 | 0.11s/ep | delay=0.00
ep 3300/4000 | reward(MA200)=23.83 success=14.99 fail=10.01 | 0.11s/ep | delay=0.00
ep 3350/4000 | reward(MA200)=25.18 success=15.12 fail=9.88 | 0.11s/ep | delay=0.00
ep 3400/4000 | reward(MA200)=25.02 success=15.11 fail=9.89 | 0.11s/ep | delay=0.00
ep 3450/4000 | reward(MA200)=25.20 success=15.12 fail=9.88 | 0.11s/ep | delay=0.00
ep 3500/4000 | reward(MA200)=25.02 success=15.10 fail=9.90 | 0.11s/ep | delay=0.00
ep 3550/4000 | reward(MA200)=25.18 success=15.12 fail=9.88 | 0.11s/ep | delay=0.00
ep 3600/4000 | reward(MA200)=25.94 success=15.20 fail=9.80 | 0.11s/ep | delay=0.00
ep 3650/4000 | reward(MA200)=26.93 success=15.30 fail=9.70 | 0.11s/ep | delay=0.00
ep 3700/4000 | reward(MA200)=27.46 success=15.36 fail=9.64 | 0.11s/ep | delay=0.00
ep 3750/4000 | reward(MA200)=26.82 success=15.29 fail=9.71 | 0.11s/ep | delay=0.00
ep 3800/4000 | reward(MA200)=26.28 success=15.23 fail=9.77 | 0.11s/ep | delay=0.00
ep 3850/4000 | reward(MA200)=26.03 success=15.21 fail=9.79 | 0.11s/ep | delay=0.00
ep 3900/4000 | reward(MA200)=25.51 success=15.15 fail=9.85 | 0.11s/ep | delay=0.00
ep 3950/4000 | reward(MA200)=25.46 success=15.14 fail=9.86 | 0.11s/ep | delay=0.00
ep 4000/4000 | reward(MA200)=26.89 success=15.27 fail=9.73 | 0.11s/ep | delay=0.00
DONE tag=fa_r07s06_s2 -> C:\Users\zengd\Desktop\论文\W-MADDPG\MADDPG_Discrete\results\exp9_voil\phase0_fa_r07s06_s2.csv
