WARNING:tensorflow:From C:\Users\zengd\Desktop\论文\W-MADDPG\MADDPG_Discrete\train_mappo_phase0.py:155: The name tf.set_random_seed is deprecated. Please use tf.compat.v1.set_random_seed instead.

WARNING:tensorflow:From C:\Users\zengd\Desktop\论文\W-MADDPG\MADDPG_Discrete\mappo_agent.py:31: The name tf.placeholder is deprecated. Please use tf.compat.v1.placeholder instead.

WARNING:tensorflow:From C:\Users\zengd\Desktop\论文\W-MADDPG\MADDPG_Discrete\mappo_agent.py:43: The name tf.variable_scope is deprecated. Please use tf.compat.v1.variable_scope instead.

WARNING:tensorflow:From C:\Users\zengd\Desktop\论文\W-MADDPG\MADDPG_Discrete\mappo_agent.py:7: dense (from tensorflow.python.layers.core) is deprecated and will be removed in a future version.
Instructions for updating:
Use keras.layers.Dense instead.
WARNING:tensorflow:From D:\tool\anaconda\envs\py37tf\lib\site-packages\tensorflow_core\python\layers\core.py:187: Layer.apply (from tensorflow.python.keras.engine.base_layer) is deprecated and will be removed in a future version.
Instructions for updating:
Please use `layer.__call__` method instead.
WARNING:tensorflow:
The TensorFlow contrib module will not be included in TensorFlow 2.0.
For more information, please see:
  * https://github.com/tensorflow/community/blob/master/rfcs/20180907-contrib-sunset.md
  * https://github.com/tensorflow/addons
  * https://github.com/tensorflow/io (for I/O related ops)
If you depend on functionality not listed there, please file an issue.

WARNING:tensorflow:From C:\Users\zengd\Desktop\论文\W-MADDPG\MADDPG_Discrete\mappo_agent.py:114: The name tf.log is deprecated. Please use tf.math.log instead.

WARNING:tensorflow:From C:\Users\zengd\Desktop\论文\W-MADDPG\MADDPG_Discrete\mappo_agent.py:76: The name tf.get_collection is deprecated. Please use tf.compat.v1.get_collection instead.

WARNING:tensorflow:From C:\Users\zengd\Desktop\论文\W-MADDPG\MADDPG_Discrete\mappo_agent.py:76: The name tf.GraphKeys is deprecated. Please use tf.compat.v1.GraphKeys instead.

WARNING:tensorflow:From C:\Users\zengd\Desktop\论文\W-MADDPG\MADDPG_Discrete\mappo_agent.py:122: The name tf.train.AdamOptimizer is deprecated. Please use tf.compat.v1.train.AdamOptimizer instead.

WARNING:tensorflow:From D:\tool\anaconda\envs\py37tf\lib\site-packages\tensorflow_core\python\ops\math_grad.py:1424: where (from tensorflow.python.ops.array_ops) is deprecated and will be removed in a future version.
Instructions for updating:
Use tf.where in 2.0, which has the same broadcast rule as np.where
WARNING:tensorflow:From C:\Users\zengd\Desktop\论文\W-MADDPG\MADDPG_Discrete\train_mappo_phase0.py:230: The name tf.ConfigProto is deprecated. Please use tf.compat.v1.ConfigProto instead.

WARNING:tensorflow:From C:\Users\zengd\Desktop\论文\W-MADDPG\MADDPG_Discrete\train_mappo_phase0.py:234: The name tf.Session is deprecated. Please use tf.compat.v1.Session instead.

2026-09-22 11:44:09.149348: I tensorflow/core/platform/cpu_feature_guard.cc:142] Your CPU supports instructions that this TensorFlow binary was not compiled to use: AVX2
WARNING:tensorflow:From C:\Users\zengd\Desktop\论文\W-MADDPG\MADDPG_Discrete\train_mappo_phase0.py:235: The name tf.global_variables_initializer is deprecated. Please use tf.compat.v1.global_variables_initializer instead.

ep 1/4000 | reward(MA200)=-35.27 success=9.00 fail=16.00 | 1.06s/ep | delay=0.00
ep 50/4000 | reward(MA200)=-42.32 success=8.32 fail=16.68 | 0.13s/ep | delay=0.00
ep 100/4000 | reward(MA200)=-40.05 success=8.55 fail=16.45 | 0.10s/ep | delay=0.00
ep 150/4000 | reward(MA200)=-39.74 success=8.58 fail=16.42 | 0.10s/ep | delay=0.00
ep 200/4000 | reward(MA200)=-38.67 success=8.69 fail=16.32 | 0.10s/ep | delay=0.00
ep 250/4000 | reward(MA200)=-35.96 success=8.96 fail=16.04 | 0.10s/ep | delay=0.00
ep 300/4000 | reward(MA200)=-33.42 success=9.22 fail=15.78 | 0.10s/ep | delay=0.00
ep 350/4000 | reward(MA200)=-30.79 success=9.49 fail=15.51 | 0.10s/ep | delay=0.00
ep 400/4000 | reward(MA200)=-27.57 success=9.82 fail=15.18 | 0.10s/ep | delay=0.00
ep 450/4000 | reward(MA200)=-25.86 success=9.99 fail=15.01 | 0.10s/ep | delay=0.00
ep 500/4000 | reward(MA200)=-24.32 success=10.14 fail=14.86 | 0.10s/ep | delay=0.00
ep 550/4000 | reward(MA200)=-22.24 success=10.35 fail=14.65 | 0.10s/ep | delay=0.00
ep 600/4000 | reward(MA200)=-20.20 success=10.54 fail=14.46 | 0.10s/ep | delay=0.00
ep 650/4000 | reward(MA200)=-18.04 success=10.76 fail=14.24 | 0.10s/ep | delay=0.00
ep 700/4000 | reward(MA200)=-16.42 success=10.92 fail=14.08 | 0.10s/ep | delay=0.00
ep 750/4000 | reward(MA200)=-15.07 success=11.06 fail=13.94 | 0.10s/ep | delay=0.00
ep 800/4000 | reward(MA200)=-14.99 success=11.08 fail=13.92 | 0.10s/ep | delay=0.00
ep 850/4000 | reward(MA200)=-13.45 success=11.24 fail=13.76 | 0.10s/ep | delay=0.00
ep 900/4000 | reward(MA200)=-12.65 success=11.34 fail=13.66 | 0.10s/ep | delay=0.00
ep 950/4000 | reward(MA200)=-10.27 success=11.59 fail=13.41 | 0.10s/ep | delay=0.00
ep 1000/4000 | reward(MA200)=-8.32 success=11.78 fail=13.22 | 0.10s/ep | delay=0.00
ep 1050/4000 | reward(MA200)=-6.78 success=11.94 fail=13.06 | 0.10s/ep | delay=0.00
ep 1100/4000 | reward(MA200)=-3.68 success=12.23 fail=12.77 | 0.10s/ep | delay=0.00
ep 1150/4000 | reward(MA200)=-2.25 success=12.37 fail=12.63 | 0.10s/ep | delay=0.00
ep 1200/4000 | reward(MA200)=0.95 success=12.68 fail=12.32 | 0.10s/ep | delay=0.00
ep 1250/4000 | reward(MA200)=2.71 success=12.86 fail=12.14 | 0.11s/ep | delay=0.00
ep 1300/4000 | reward(MA200)=5.02 success=13.09 fail=11.91 | 0.11s/ep | delay=0.00
ep 1350/4000 | reward(MA200)=8.20 success=13.41 fail=11.59 | 0.11s/ep | delay=0.00
ep 1400/4000 | reward(MA200)=9.47 success=13.55 fail=11.45 | 0.11s/ep | delay=0.00
ep 1450/4000 | reward(MA200)=11.63 success=13.77 fail=11.23 | 0.11s/ep | delay=0.00
ep 1500/4000 | reward(MA200)=13.13 success=13.93 fail=11.07 | 0.11s/ep | delay=0.00
ep 1550/4000 | reward(MA200)=13.57 success=13.98 fail=11.02 | 0.11s/ep | delay=0.00
ep 1600/4000 | reward(MA200)=14.64 success=14.09 fail=10.91 | 0.11s/ep | delay=0.00
ep 1650/4000 | reward(MA200)=16.74 success=14.29 fail=10.71 | 0.11s/ep | delay=0.00
ep 1700/4000 | reward(MA200)=17.94 success=14.41 fail=10.59 | 0.11s/ep | delay=0.00
ep 1750/4000 | reward(MA200)=19.40 success=14.54 fail=10.46 | 0.11s/ep | delay=0.00
ep 1800/4000 | reward(MA200)=19.40 success=14.54 fail=10.46 | 0.11s/ep | delay=0.00
ep 1850/4000 | reward(MA200)=19.04 success=14.49 fail=10.51 | 0.11s/ep | delay=0.00
ep 1900/4000 | reward(MA200)=19.53 success=14.54 fail=10.46 | 0.11s/ep | delay=0.00
ep 1950/4000 | reward(MA200)=19.67 success=14.56 fail=10.44 | 0.11s/ep | delay=0.00
ep 2000/4000 | reward(MA200)=21.09 success=14.71 fail=10.29 | 0.11s/ep | delay=0.00
ep 2050/4000 | reward(MA200)=20.85 success=14.69 fail=10.31 | 0.11s/ep | delay=0.00
ep 2100/4000 | reward(MA200)=20.03 success=14.61 fail=10.39 | 0.11s/ep | delay=0.00
ep 2150/4000 | reward(MA200)=19.44 success=14.55 fail=10.45 | 0.11s/ep | delay=0.00
ep 2200/4000 | reward(MA200)=19.72 success=14.59 fail=10.41 | 0.11s/ep | delay=0.00
ep 2250/4000 | reward(MA200)=21.37 success=14.75 fail=10.25 | 0.11s/ep | delay=0.00
ep 2300/4000 | reward(MA200)=22.69 success=14.88 fail=10.12 | 0.11s/ep | delay=0.00
ep 2350/4000 | reward(MA200)=23.00 success=14.91 fail=10.09 | 0.11s/ep | delay=0.00
ep 2400/4000 | reward(MA200)=22.19 success=14.83 fail=10.17 | 0.11s/ep | delay=0.00
ep 2450/4000 | reward(MA200)=20.88 success=14.70 fail=10.30 | 0.11s/ep | delay=0.00
ep 2500/4000 | reward(MA200)=20.36 success=14.65 fail=10.35 | 0.11s/ep | delay=0.00
ep 2550/4000 | reward(MA200)=20.86 success=14.71 fail=10.29 | 0.11s/ep | delay=0.00
ep 2600/4000 | reward(MA200)=22.18 success=14.84 fail=10.16 | 0.11s/ep | delay=0.00
ep 2650/4000 | reward(MA200)=23.73 success=14.99 fail=10.01 | 0.11s/ep | delay=0.00
ep 2700/4000 | reward(MA200)=24.69 success=15.09 fail=9.91 | 0.11s/ep | delay=0.00
ep 2750/4000 | reward(MA200)=25.65 success=15.18 fail=9.82 | 0.11s/ep | delay=0.00
ep 2800/4000 | reward(MA200)=25.94 success=15.21 fail=9.79 | 0.11s/ep | delay=0.00
ep 2850/4000 | reward(MA200)=25.86 success=15.21 fail=9.79 | 0.11s/ep | delay=0.00
ep 2900/4000 | reward(MA200)=25.67 success=15.19 fail=9.81 | 0.11s/ep | delay=0.00
ep 2950/4000 | reward(MA200)=25.34 success=15.15 fail=9.85 | 0.11s/ep | delay=0.00
ep 3000/4000 | reward(MA200)=25.50 success=15.17 fail=9.83 | 0.11s/ep | delay=0.00
ep 3050/4000 | reward(MA200)=26.35 success=15.27 fail=9.73 | 0.11s/ep | delay=0.00
ep 3100/4000 | reward(MA200)=27.23 success=15.36 fail=9.64 | 0.11s/ep | delay=0.00
ep 3150/4000 | reward(MA200)=28.09 success=15.43 fail=9.57 | 0.11s/ep | delay=0.00
ep 3200/4000 | reward(MA200)=28.94 success=15.52 fail=9.48 | 0.11s/ep | delay=0.00
ep 3250/4000 | reward(MA200)=28.29 success=15.45 fail=9.55 | 0.11s/ep | delay=0.00
ep 3300/4000 | reward(MA200)=27.63 success=15.39 fail=9.61 | 0.11s/ep | delay=0.00
ep 3350/4000 | reward(MA200)=27.77 success=15.41 fail=9.59 | 0.11s/ep | delay=0.00
ep 3400/4000 | reward(MA200)=27.27 success=15.36 fail=9.64 | 0.11s/ep | delay=0.00
ep 3450/4000 | reward(MA200)=26.92 success=15.31 fail=9.69 | 0.11s/ep | delay=0.00
ep 3500/4000 | reward(MA200)=27.15 success=15.33 fail=9.67 | 0.11s/ep | delay=0.00
ep 3550/4000 | reward(MA200)=27.26 success=15.33 fail=9.67 | 0.11s/ep | delay=0.00
ep 3600/4000 | reward(MA200)=27.15 success=15.31 fail=9.69 | 0.11s/ep | delay=0.00
ep 3650/4000 | reward(MA200)=28.45 success=15.44 fail=9.56 | 0.11s/ep | delay=0.00
ep 3700/4000 | reward(MA200)=28.03 success=15.39 fail=9.61 | 0.11s/ep | delay=0.00
ep 3750/4000 | reward(MA200)=27.32 success=15.33 fail=9.67 | 0.11s/ep | delay=0.00
ep 3800/4000 | reward(MA200)=27.94 success=15.39 fail=9.61 | 0.11s/ep | delay=0.00
ep 3850/4000 | reward(MA200)=26.91 success=15.29 fail=9.71 | 0.11s/ep | delay=0.00
ep 3900/4000 | reward(MA200)=27.71 success=15.37 fail=9.63 | 0.11s/ep | delay=0.00
ep 3950/4000 | reward(MA200)=28.13 success=15.41 fail=9.59 | 0.11s/ep | delay=0.00
ep 4000/4000 | reward(MA200)=27.39 success=15.34 fail=9.66 | 0.11s/ep | delay=0.00
DONE tag=fa_r07s06_s7 -> C:\Users\zengd\Desktop\论文\W-MADDPG\MADDPG_Discrete\results\exp9_voil\phase0_fa_r07s06_s7.csv
