WARNING:tensorflow:From C:\Users\zengd\Desktop\论文\W-MADDPG\MADDPG_Discrete\train_mappo_phase0.py:155: The name tf.set_random_seed is deprecated. Please use tf.compat.v1.set_random_seed instead.

WARNING:tensorflow:From C:\Users\zengd\Desktop\论文\W-MADDPG\MADDPG_Discrete\mappo_agent.py:31: The name tf.placeholder is deprecated. Please use tf.compat.v1.placeholder instead.

WARNING:tensorflow:From C:\Users\zengd\Desktop\论文\W-MADDPG\MADDPG_Discrete\mappo_agent.py:43: The name tf.variable_scope is deprecated. Please use tf.compat.v1.variable_scope instead.

WARNING:tensorflow:From C:\Users\zengd\Desktop\论文\W-MADDPG\MADDPG_Discrete\mappo_agent.py:7: dense (from tensorflow.python.layers.core) is deprecated and will be removed in a future version.
Instructions for updating:
Use keras.layers.Dense instead.
WARNING:tensorflow:From D:\tool\anaconda\envs\py37tf\lib\site-packages\tensorflow_core\python\layers\core.py:187: Layer.apply (from tensorflow.python.keras.engine.base_layer) is deprecated and will be removed in a future version.
Instructions for updating:
Please use `layer.__call__` method instead.
WARNING:tensorflow:
The TensorFlow contrib module will not be included in TensorFlow 2.0.
For more information, please see:
  * https://github.com/tensorflow/community/blob/master/rfcs/20180907-contrib-sunset.md
  * https://github.com/tensorflow/addons
  * https://github.com/tensorflow/io (for I/O related ops)
If you depend on functionality not listed there, please file an issue.

WARNING:tensorflow:From C:\Users\zengd\Desktop\论文\W-MADDPG\MADDPG_Discrete\mappo_agent.py:114: The name tf.log is deprecated. Please use tf.math.log instead.

WARNING:tensorflow:From C:\Users\zengd\Desktop\论文\W-MADDPG\MADDPG_Discrete\mappo_agent.py:76: The name tf.get_collection is deprecated. Please use tf.compat.v1.get_collection instead.

WARNING:tensorflow:From C:\Users\zengd\Desktop\论文\W-MADDPG\MADDPG_Discrete\mappo_agent.py:76: The name tf.GraphKeys is deprecated. Please use tf.compat.v1.GraphKeys instead.

WARNING:tensorflow:From C:\Users\zengd\Desktop\论文\W-MADDPG\MADDPG_Discrete\mappo_agent.py:122: The name tf.train.AdamOptimizer is deprecated. Please use tf.compat.v1.train.AdamOptimizer instead.

WARNING:tensorflow:From D:\tool\anaconda\envs\py37tf\lib\site-packages\tensorflow_core\python\ops\math_grad.py:1424: where (from tensorflow.python.ops.array_ops) is deprecated and will be removed in a future version.
Instructions for updating:
Use tf.where in 2.0, which has the same broadcast rule as np.where
WARNING:tensorflow:From C:\Users\zengd\Desktop\论文\W-MADDPG\MADDPG_Discrete\train_mappo_phase0.py:230: The name tf.ConfigProto is deprecated. Please use tf.compat.v1.ConfigProto instead.

WARNING:tensorflow:From C:\Users\zengd\Desktop\论文\W-MADDPG\MADDPG_Discrete\train_mappo_phase0.py:234: The name tf.Session is deprecated. Please use tf.compat.v1.Session instead.

2026-09-22 11:44:08.862579: I tensorflow/core/platform/cpu_feature_guard.cc:142] Your CPU supports instructions that this TensorFlow binary was not compiled to use: AVX2
WARNING:tensorflow:From C:\Users\zengd\Desktop\论文\W-MADDPG\MADDPG_Discrete\train_mappo_phase0.py:235: The name tf.global_variables_initializer is deprecated. Please use tf.compat.v1.global_variables_initializer instead.

ep 1/4000 | reward(MA200)=-46.03 success=8.00 fail=17.00 | 1.17s/ep | delay=0.00
ep 50/4000 | reward(MA200)=-37.90 success=8.76 fail=16.24 | 0.13s/ep | delay=0.00
ep 100/4000 | reward(MA200)=-35.77 success=8.96 fail=16.04 | 0.10s/ep | delay=0.00
ep 150/4000 | reward(MA200)=-33.24 success=9.21 fail=15.79 | 0.10s/ep | delay=0.00
ep 200/4000 | reward(MA200)=-32.32 success=9.30 fail=15.70 | 0.10s/ep | delay=0.00
ep 250/4000 | reward(MA200)=-29.21 success=9.60 fail=15.40 | 0.10s/ep | delay=0.00
ep 300/4000 | reward(MA200)=-26.83 success=9.83 fail=15.17 | 0.10s/ep | delay=0.00
ep 350/4000 | reward(MA200)=-25.51 success=9.96 fail=15.04 | 0.10s/ep | delay=0.00
ep 400/4000 | reward(MA200)=-22.97 success=10.21 fail=14.79 | 0.10s/ep | delay=0.00
ep 450/4000 | reward(MA200)=-21.65 success=10.35 fail=14.65 | 0.10s/ep | delay=0.00
ep 500/4000 | reward(MA200)=-20.58 success=10.46 fail=14.54 | 0.10s/ep | delay=0.00
ep 550/4000 | reward(MA200)=-18.70 success=10.63 fail=14.37 | 0.10s/ep | delay=0.00
ep 600/4000 | reward(MA200)=-18.04 success=10.69 fail=14.31 | 0.10s/ep | delay=0.00
ep 650/4000 | reward(MA200)=-16.48 success=10.84 fail=14.16 | 0.10s/ep | delay=0.00
ep 700/4000 | reward(MA200)=-13.98 success=11.09 fail=13.91 | 0.10s/ep | delay=0.00
ep 750/4000 | reward(MA200)=-12.15 success=11.27 fail=13.73 | 0.10s/ep | delay=0.00
ep 800/4000 | reward(MA200)=-8.69 success=11.62 fail=13.38 | 0.10s/ep | delay=0.00
ep 850/4000 | reward(MA200)=-5.15 success=11.97 fail=13.03 | 0.10s/ep | delay=0.00
ep 900/4000 | reward(MA200)=-2.51 success=12.23 fail=12.77 | 0.10s/ep | delay=0.00
ep 950/4000 | reward(MA200)=0.34 success=12.53 fail=12.47 | 0.10s/ep | delay=0.00
ep 1000/4000 | reward(MA200)=1.13 success=12.61 fail=12.39 | 0.10s/ep | delay=0.00
ep 1050/4000 | reward(MA200)=2.03 success=12.70 fail=12.30 | 0.10s/ep | delay=0.00
ep 1100/4000 | reward(MA200)=2.48 success=12.75 fail=12.25 | 0.10s/ep | delay=0.00
ep 1150/4000 | reward(MA200)=3.46 success=12.86 fail=12.14 | 0.10s/ep | delay=0.00
ep 1200/4000 | reward(MA200)=4.50 success=12.96 fail=12.04 | 0.10s/ep | delay=0.00
ep 1250/4000 | reward(MA200)=5.54 success=13.06 fail=11.94 | 0.11s/ep | delay=0.00
ep 1300/4000 | reward(MA200)=6.15 success=13.12 fail=11.88 | 0.11s/ep | delay=0.00
ep 1350/4000 | reward(MA200)=6.02 success=13.12 fail=11.88 | 0.11s/ep | delay=0.00
ep 1400/4000 | reward(MA200)=6.45 success=13.16 fail=11.84 | 0.11s/ep | delay=0.00
ep 1450/4000 | reward(MA200)=6.17 success=13.14 fail=11.86 | 0.11s/ep | delay=0.00
ep 1500/4000 | reward(MA200)=7.01 success=13.23 fail=11.77 | 0.11s/ep | delay=0.00
ep 1550/4000 | reward(MA200)=8.14 success=13.34 fail=11.66 | 0.11s/ep | delay=0.00
ep 1600/4000 | reward(MA200)=9.39 success=13.46 fail=11.54 | 0.11s/ep | delay=0.00
ep 1650/4000 | reward(MA200)=9.91 success=13.52 fail=11.48 | 0.11s/ep | delay=0.00
ep 1700/4000 | reward(MA200)=10.79 success=13.61 fail=11.39 | 0.11s/ep | delay=0.00
ep 1750/4000 | reward(MA200)=10.55 success=13.60 fail=11.40 | 0.11s/ep | delay=0.00
ep 1800/4000 | reward(MA200)=10.02 success=13.54 fail=11.46 | 0.11s/ep | delay=0.00
ep 1850/4000 | reward(MA200)=9.79 success=13.53 fail=11.47 | 0.11s/ep | delay=0.00
ep 1900/4000 | reward(MA200)=10.39 success=13.59 fail=11.41 | 0.11s/ep | delay=0.00
ep 1950/4000 | reward(MA200)=11.95 success=13.74 fail=11.26 | 0.11s/ep | delay=0.00
ep 2000/4000 | reward(MA200)=13.11 success=13.87 fail=11.13 | 0.11s/ep | delay=0.00
ep 2050/4000 | reward(MA200)=15.01 success=14.06 fail=10.94 | 0.11s/ep | delay=0.00
ep 2100/4000 | reward(MA200)=15.80 success=14.15 fail=10.85 | 0.11s/ep | delay=0.00
ep 2150/4000 | reward(MA200)=15.58 success=14.13 fail=10.87 | 0.11s/ep | delay=0.00
ep 2200/4000 | reward(MA200)=15.71 success=14.14 fail=10.86 | 0.11s/ep | delay=0.00
ep 2250/4000 | reward(MA200)=16.15 success=14.20 fail=10.80 | 0.11s/ep | delay=0.00
ep 2300/4000 | reward(MA200)=15.51 success=14.13 fail=10.87 | 0.11s/ep | delay=0.00
ep 2350/4000 | reward(MA200)=16.49 success=14.23 fail=10.77 | 0.11s/ep | delay=0.00
ep 2400/4000 | reward(MA200)=17.83 success=14.37 fail=10.63 | 0.11s/ep | delay=0.00
ep 2450/4000 | reward(MA200)=18.30 success=14.41 fail=10.59 | 0.11s/ep | delay=0.00
ep 2500/4000 | reward(MA200)=18.30 success=14.41 fail=10.59 | 0.11s/ep | delay=0.00
ep 2550/4000 | reward(MA200)=17.69 success=14.35 fail=10.65 | 0.11s/ep | delay=0.00
ep 2600/4000 | reward(MA200)=17.51 success=14.34 fail=10.66 | 0.11s/ep | delay=0.00
ep 2650/4000 | reward(MA200)=17.65 success=14.35 fail=10.65 | 0.11s/ep | delay=0.00
ep 2700/4000 | reward(MA200)=19.27 success=14.51 fail=10.49 | 0.11s/ep | delay=0.00
ep 2750/4000 | reward(MA200)=19.56 success=14.54 fail=10.46 | 0.11s/ep | delay=0.00
ep 2800/4000 | reward(MA200)=19.26 success=14.51 fail=10.49 | 0.11s/ep | delay=0.00
ep 2850/4000 | reward(MA200)=19.07 success=14.48 fail=10.52 | 0.11s/ep | delay=0.00
ep 2900/4000 | reward(MA200)=18.38 success=14.41 fail=10.59 | 0.11s/ep | delay=0.00
ep 2950/4000 | reward(MA200)=17.91 success=14.36 fail=10.64 | 0.11s/ep | delay=0.00
ep 3000/4000 | reward(MA200)=18.53 success=14.40 fail=10.60 | 0.11s/ep | delay=0.00
ep 3050/4000 | reward(MA200)=17.61 success=14.31 fail=10.69 | 0.11s/ep | delay=0.00
ep 3100/4000 | reward(MA200)=17.27 success=14.28 fail=10.72 | 0.11s/ep | delay=0.00
ep 3150/4000 | reward(MA200)=17.32 success=14.29 fail=10.71 | 0.11s/ep | delay=0.00
ep 3200/4000 | reward(MA200)=16.26 success=14.18 fail=10.82 | 0.11s/ep | delay=0.00
ep 3250/4000 | reward(MA200)=16.61 success=14.21 fail=10.79 | 0.11s/ep | delay=0.00
ep 3300/4000 | reward(MA200)=16.45 success=14.19 fail=10.81 | 0.11s/ep | delay=0.00
ep 3350/4000 | reward(MA200)=16.48 success=14.20 fail=10.80 | 0.11s/ep | delay=0.00
ep 3400/4000 | reward(MA200)=17.04 success=14.26 fail=10.74 | 0.11s/ep | delay=0.00
ep 3450/4000 | reward(MA200)=17.73 success=14.33 fail=10.67 | 0.11s/ep | delay=0.00
ep 3500/4000 | reward(MA200)=18.94 success=14.45 fail=10.55 | 0.11s/ep | delay=0.00
ep 3550/4000 | reward(MA200)=19.44 success=14.50 fail=10.50 | 0.11s/ep | delay=0.00
ep 3600/4000 | reward(MA200)=20.36 success=14.60 fail=10.40 | 0.11s/ep | delay=0.00
ep 3650/4000 | reward(MA200)=19.95 success=14.55 fail=10.45 | 0.11s/ep | delay=0.00
ep 3700/4000 | reward(MA200)=19.80 success=14.54 fail=10.46 | 0.11s/ep | delay=0.00
ep 3750/4000 | reward(MA200)=21.22 success=14.68 fail=10.32 | 0.11s/ep | delay=0.00
ep 3800/4000 | reward(MA200)=21.68 success=14.71 fail=10.29 | 0.11s/ep | delay=0.00
ep 3850/4000 | reward(MA200)=22.43 success=14.78 fail=10.22 | 0.11s/ep | delay=0.00
ep 3900/4000 | reward(MA200)=22.85 success=14.81 fail=10.19 | 0.11s/ep | delay=0.00
ep 3950/4000 | reward(MA200)=22.23 success=14.74 fail=10.26 | 0.11s/ep | delay=0.00
ep 4000/4000 | reward(MA200)=21.95 success=14.72 fail=10.28 | 0.11s/ep | delay=0.00
DONE tag=fa_r07s06_s5 -> C:\Users\zengd\Desktop\论文\W-MADDPG\MADDPG_Discrete\results\exp9_voil\phase0_fa_r07s06_s5.csv
