WARNING:tensorflow:From C:\Users\zengd\Desktop\论文\W-MADDPG\MADDPG_Discrete\train_mappo_phase0.py:155: The name tf.set_random_seed is deprecated. Please use tf.compat.v1.set_random_seed instead.

WARNING:tensorflow:From C:\Users\zengd\Desktop\论文\W-MADDPG\MADDPG_Discrete\mappo_agent.py:31: The name tf.placeholder is deprecated. Please use tf.compat.v1.placeholder instead.

WARNING:tensorflow:From C:\Users\zengd\Desktop\论文\W-MADDPG\MADDPG_Discrete\mappo_agent.py:43: The name tf.variable_scope is deprecated. Please use tf.compat.v1.variable_scope instead.

WARNING:tensorflow:From C:\Users\zengd\Desktop\论文\W-MADDPG\MADDPG_Discrete\mappo_agent.py:7: dense (from tensorflow.python.layers.core) is deprecated and will be removed in a future version.
Instructions for updating:
Use keras.layers.Dense instead.
WARNING:tensorflow:From D:\tool\anaconda\envs\py37tf\lib\site-packages\tensorflow_core\python\layers\core.py:187: Layer.apply (from tensorflow.python.keras.engine.base_layer) is deprecated and will be removed in a future version.
Instructions for updating:
Please use `layer.__call__` method instead.
WARNING:tensorflow:
The TensorFlow contrib module will not be included in TensorFlow 2.0.
For more information, please see:
  * https://github.com/tensorflow/community/blob/master/rfcs/20180907-contrib-sunset.md
  * https://github.com/tensorflow/addons
  * https://github.com/tensorflow/io (for I/O related ops)
If you depend on functionality not listed there, please file an issue.

WARNING:tensorflow:From C:\Users\zengd\Desktop\论文\W-MADDPG\MADDPG_Discrete\mappo_agent.py:114: The name tf.log is deprecated. Please use tf.math.log instead.

WARNING:tensorflow:From C:\Users\zengd\Desktop\论文\W-MADDPG\MADDPG_Discrete\mappo_agent.py:76: The name tf.get_collection is deprecated. Please use tf.compat.v1.get_collection instead.

WARNING:tensorflow:From C:\Users\zengd\Desktop\论文\W-MADDPG\MADDPG_Discrete\mappo_agent.py:76: The name tf.GraphKeys is deprecated. Please use tf.compat.v1.GraphKeys instead.

WARNING:tensorflow:From C:\Users\zengd\Desktop\论文\W-MADDPG\MADDPG_Discrete\mappo_agent.py:122: The name tf.train.AdamOptimizer is deprecated. Please use tf.compat.v1.train.AdamOptimizer instead.

WARNING:tensorflow:From D:\tool\anaconda\envs\py37tf\lib\site-packages\tensorflow_core\python\ops\math_grad.py:1424: where (from tensorflow.python.ops.array_ops) is deprecated and will be removed in a future version.
Instructions for updating:
Use tf.where in 2.0, which has the same broadcast rule as np.where
WARNING:tensorflow:From C:\Users\zengd\Desktop\论文\W-MADDPG\MADDPG_Discrete\train_mappo_phase0.py:230: The name tf.ConfigProto is deprecated. Please use tf.compat.v1.ConfigProto instead.

WARNING:tensorflow:From C:\Users\zengd\Desktop\论文\W-MADDPG\MADDPG_Discrete\train_mappo_phase0.py:234: The name tf.Session is deprecated. Please use tf.compat.v1.Session instead.

2026-09-22 11:52:09.102463: I tensorflow/core/platform/cpu_feature_guard.cc:142] Your CPU supports instructions that this TensorFlow binary was not compiled to use: AVX2
WARNING:tensorflow:From C:\Users\zengd\Desktop\论文\W-MADDPG\MADDPG_Discrete\train_mappo_phase0.py:235: The name tf.global_variables_initializer is deprecated. Please use tf.compat.v1.global_variables_initializer instead.

ep 1/4000 | reward(MA200)=-35.16 success=9.00 fail=16.00 | 1.41s/ep | delay=0.00
ep 50/4000 | reward(MA200)=-54.24 success=7.12 fail=17.88 | 0.17s/ep | delay=0.00
ep 100/4000 | reward(MA200)=-49.80 success=7.55 fail=17.45 | 0.14s/ep | delay=0.00
ep 150/4000 | reward(MA200)=-47.15 success=7.81 fail=17.19 | 0.14s/ep | delay=0.00
ep 200/4000 | reward(MA200)=-45.94 success=7.93 fail=17.07 | 0.13s/ep | delay=0.00
ep 250/4000 | reward(MA200)=-41.00 success=8.42 fail=16.58 | 0.13s/ep | delay=0.00
ep 300/4000 | reward(MA200)=-37.55 success=8.77 fail=16.23 | 0.13s/ep | delay=0.00
ep 350/4000 | reward(MA200)=-33.95 success=9.12 fail=15.88 | 0.13s/ep | delay=0.00
ep 400/4000 | reward(MA200)=-29.56 success=9.56 fail=15.44 | 0.12s/ep | delay=0.00
ep 450/4000 | reward(MA200)=-26.87 success=9.84 fail=15.16 | 0.12s/ep | delay=0.00
ep 500/4000 | reward(MA200)=-23.80 success=10.14 fail=14.86 | 0.12s/ep | delay=0.00
ep 550/4000 | reward(MA200)=-21.27 success=10.38 fail=14.62 | 0.12s/ep | delay=0.00
ep 600/4000 | reward(MA200)=-17.67 success=10.74 fail=14.26 | 0.12s/ep | delay=0.00
ep 650/4000 | reward(MA200)=-14.38 success=11.07 fail=13.93 | 0.12s/ep | delay=0.00
ep 700/4000 | reward(MA200)=-12.86 success=11.22 fail=13.78 | 0.14s/ep | delay=0.00
ep 750/4000 | reward(MA200)=-12.13 success=11.29 fail=13.71 | 0.14s/ep | delay=0.00
ep 800/4000 | reward(MA200)=-11.34 success=11.37 fail=13.63 | 0.15s/ep | delay=0.00
ep 850/4000 | reward(MA200)=-9.33 success=11.56 fail=13.44 | 0.15s/ep | delay=0.00
ep 900/4000 | reward(MA200)=-6.70 success=11.82 fail=13.18 | 0.15s/ep | delay=0.00
ep 950/4000 | reward(MA200)=-3.31 success=12.16 fail=12.84 | 0.16s/ep | delay=0.00
ep 1000/4000 | reward(MA200)=-2.57 success=12.24 fail=12.76 | 0.16s/ep | delay=0.00
ep 1050/4000 | reward(MA200)=-0.73 success=12.42 fail=12.58 | 0.16s/ep | delay=0.00
ep 1100/4000 | reward(MA200)=0.56 success=12.55 fail=12.45 | 0.16s/ep | delay=0.00
ep 1150/4000 | reward(MA200)=2.20 success=12.71 fail=12.29 | 0.16s/ep | delay=0.00
ep 1200/4000 | reward(MA200)=4.01 success=12.89 fail=12.11 | 0.16s/ep | delay=0.00
ep 1250/4000 | reward(MA200)=3.98 success=12.89 fail=12.11 | 0.17s/ep | delay=0.00
ep 1300/4000 | reward(MA200)=5.35 success=13.03 fail=11.97 | 0.17s/ep | delay=0.00
ep 1350/4000 | reward(MA200)=6.11 success=13.11 fail=11.89 | 0.17s/ep | delay=0.00
ep 1400/4000 | reward(MA200)=8.12 success=13.30 fail=11.70 | 0.17s/ep | delay=0.00
ep 1450/4000 | reward(MA200)=9.83 success=13.47 fail=11.53 | 0.17s/ep | delay=0.00
ep 1500/4000 | reward(MA200)=11.47 success=13.63 fail=11.37 | 0.17s/ep | delay=0.00
ep 1550/4000 | reward(MA200)=13.49 success=13.82 fail=11.18 | 0.17s/ep | delay=0.00
ep 1600/4000 | reward(MA200)=14.97 success=13.96 fail=11.04 | 0.17s/ep | delay=0.00
ep 1650/4000 | reward(MA200)=16.34 success=14.09 fail=10.91 | 0.17s/ep | delay=0.00
ep 1700/4000 | reward(MA200)=16.86 success=14.14 fail=10.86 | 0.17s/ep | delay=0.00
ep 1750/4000 | reward(MA200)=17.95 success=14.24 fail=10.76 | 0.17s/ep | delay=0.00
ep 1800/4000 | reward(MA200)=19.28 success=14.38 fail=10.62 | 0.17s/ep | delay=0.00
ep 1850/4000 | reward(MA200)=19.79 success=14.44 fail=10.56 | 0.17s/ep | delay=0.00
ep 1900/4000 | reward(MA200)=20.26 success=14.49 fail=10.51 | 0.17s/ep | delay=0.00
ep 1950/4000 | reward(MA200)=19.27 success=14.40 fail=10.60 | 0.17s/ep | delay=0.00
ep 2000/4000 | reward(MA200)=18.72 success=14.36 fail=10.64 | 0.17s/ep | delay=0.00
ep 2050/4000 | reward(MA200)=19.43 success=14.43 fail=10.57 | 0.17s/ep | delay=0.00
ep 2100/4000 | reward(MA200)=20.12 success=14.49 fail=10.51 | 0.17s/ep | delay=0.00
ep 2150/4000 | reward(MA200)=20.42 success=14.52 fail=10.48 | 0.17s/ep | delay=0.00
ep 2200/4000 | reward(MA200)=20.71 success=14.55 fail=10.45 | 0.17s/ep | delay=0.00
ep 2250/4000 | reward(MA200)=20.66 success=14.55 fail=10.45 | 0.17s/ep | delay=0.00
ep 2300/4000 | reward(MA200)=19.08 success=14.39 fail=10.61 | 0.17s/ep | delay=0.00
ep 2350/4000 | reward(MA200)=19.26 success=14.41 fail=10.59 | 0.17s/ep | delay=0.00
ep 2400/4000 | reward(MA200)=19.36 success=14.42 fail=10.58 | 0.17s/ep | delay=0.00
ep 2450/4000 | reward(MA200)=18.97 success=14.38 fail=10.62 | 0.17s/ep | delay=0.00
ep 2500/4000 | reward(MA200)=21.12 success=14.59 fail=10.41 | 0.17s/ep | delay=0.00
ep 2550/4000 | reward(MA200)=21.92 success=14.66 fail=10.34 | 0.17s/ep | delay=0.00
ep 2600/4000 | reward(MA200)=23.05 success=14.78 fail=10.22 | 0.17s/ep | delay=0.00
ep 2650/4000 | reward(MA200)=24.06 success=14.88 fail=10.12 | 0.17s/ep | delay=0.00
ep 2700/4000 | reward(MA200)=24.88 success=14.96 fail=10.04 | 0.17s/ep | delay=0.00
ep 2750/4000 | reward(MA200)=24.25 success=14.90 fail=10.10 | 0.17s/ep | delay=0.00
ep 2800/4000 | reward(MA200)=23.12 success=14.79 fail=10.21 | 0.17s/ep | delay=0.00
ep 2850/4000 | reward(MA200)=22.96 success=14.77 fail=10.23 | 0.17s/ep | delay=0.00
ep 2900/4000 | reward(MA200)=22.52 success=14.72 fail=10.28 | 0.17s/ep | delay=0.00
ep 2950/4000 | reward(MA200)=23.91 success=14.86 fail=10.14 | 0.17s/ep | delay=0.00
ep 3000/4000 | reward(MA200)=23.95 success=14.86 fail=10.14 | 0.17s/ep | delay=0.00
ep 3050/4000 | reward(MA200)=24.05 success=14.88 fail=10.12 | 0.17s/ep | delay=0.00
ep 3100/4000 | reward(MA200)=24.67 success=14.94 fail=10.06 | 0.17s/ep | delay=0.00
ep 3150/4000 | reward(MA200)=24.49 success=14.93 fail=10.07 | 0.17s/ep | delay=0.00
ep 3200/4000 | reward(MA200)=25.29 success=15.02 fail=9.98 | 0.17s/ep | delay=0.00
ep 3250/4000 | reward(MA200)=25.82 success=15.06 fail=9.94 | 0.17s/ep | delay=0.00
ep 3300/4000 | reward(MA200)=25.17 success=15.01 fail=9.99 | 0.17s/ep | delay=0.00
ep 3350/4000 | reward(MA200)=25.84 success=15.07 fail=9.93 | 0.17s/ep | delay=0.00
ep 3400/4000 | reward(MA200)=26.25 success=15.12 fail=9.88 | 0.17s/ep | delay=0.00
ep 3450/4000 | reward(MA200)=26.12 success=15.11 fail=9.89 | 0.17s/ep | delay=0.00
ep 3500/4000 | reward(MA200)=26.42 success=15.12 fail=9.88 | 0.17s/ep | delay=0.00
ep 3550/4000 | reward(MA200)=26.21 success=15.11 fail=9.89 | 0.17s/ep | delay=0.00
ep 3600/4000 | reward(MA200)=25.87 success=15.07 fail=9.93 | 0.17s/ep | delay=0.00
ep 3650/4000 | reward(MA200)=26.51 success=15.13 fail=9.87 | 0.17s/ep | delay=0.00
ep 3700/4000 | reward(MA200)=26.63 success=15.14 fail=9.86 | 0.17s/ep | delay=0.00
ep 3750/4000 | reward(MA200)=26.46 success=15.12 fail=9.88 | 0.17s/ep | delay=0.00
ep 3800/4000 | reward(MA200)=26.17 success=15.09 fail=9.91 | 0.17s/ep | delay=0.00
ep 3850/4000 | reward(MA200)=25.26 success=15.00 fail=10.00 | 0.18s/ep | delay=0.00
ep 3900/4000 | reward(MA200)=25.54 success=15.03 fail=9.97 | 0.18s/ep | delay=0.00
ep 3950/4000 | reward(MA200)=24.71 success=14.96 fail=10.04 | 0.18s/ep | delay=0.00
ep 4000/4000 | reward(MA200)=24.80 success=14.96 fail=10.04 | 0.17s/ep | delay=0.00
DONE tag=fz_r07s06_s4 -> C:\Users\zengd\Desktop\论文\W-MADDPG\MADDPG_Discrete\results\exp9_voil\phase0_fz_r07s06_s4.csv
