WARNING:tensorflow:From C:\Users\zengd\Desktop\论文\W-MADDPG\MADDPG_Discrete\train_mappo_phase0.py:155: The name tf.set_random_seed is deprecated. Please use tf.compat.v1.set_random_seed instead.

WARNING:tensorflow:From C:\Users\zengd\Desktop\论文\W-MADDPG\MADDPG_Discrete\mappo_agent.py:31: The name tf.placeholder is deprecated. Please use tf.compat.v1.placeholder instead.

WARNING:tensorflow:From C:\Users\zengd\Desktop\论文\W-MADDPG\MADDPG_Discrete\mappo_agent.py:43: The name tf.variable_scope is deprecated. Please use tf.compat.v1.variable_scope instead.

WARNING:tensorflow:From C:\Users\zengd\Desktop\论文\W-MADDPG\MADDPG_Discrete\mappo_agent.py:7: dense (from tensorflow.python.layers.core) is deprecated and will be removed in a future version.
Instructions for updating:
Use keras.layers.Dense instead.
WARNING:tensorflow:From D:\tool\anaconda\envs\py37tf\lib\site-packages\tensorflow_core\python\layers\core.py:187: Layer.apply (from tensorflow.python.keras.engine.base_layer) is deprecated and will be removed in a future version.
Instructions for updating:
Please use `layer.__call__` method instead.
WARNING:tensorflow:
The TensorFlow contrib module will not be included in TensorFlow 2.0.
For more information, please see:
  * https://github.com/tensorflow/community/blob/master/rfcs/20180907-contrib-sunset.md
  * https://github.com/tensorflow/addons
  * https://github.com/tensorflow/io (for I/O related ops)
If you depend on functionality not listed there, please file an issue.

WARNING:tensorflow:From C:\Users\zengd\Desktop\论文\W-MADDPG\MADDPG_Discrete\mappo_agent.py:114: The name tf.log is deprecated. Please use tf.math.log instead.

WARNING:tensorflow:From C:\Users\zengd\Desktop\论文\W-MADDPG\MADDPG_Discrete\mappo_agent.py:76: The name tf.get_collection is deprecated. Please use tf.compat.v1.get_collection instead.

WARNING:tensorflow:From C:\Users\zengd\Desktop\论文\W-MADDPG\MADDPG_Discrete\mappo_agent.py:76: The name tf.GraphKeys is deprecated. Please use tf.compat.v1.GraphKeys instead.

WARNING:tensorflow:From C:\Users\zengd\Desktop\论文\W-MADDPG\MADDPG_Discrete\mappo_agent.py:122: The name tf.train.AdamOptimizer is deprecated. Please use tf.compat.v1.train.AdamOptimizer instead.

WARNING:tensorflow:From D:\tool\anaconda\envs\py37tf\lib\site-packages\tensorflow_core\python\ops\math_grad.py:1424: where (from tensorflow.python.ops.array_ops) is deprecated and will be removed in a future version.
Instructions for updating:
Use tf.where in 2.0, which has the same broadcast rule as np.where
WARNING:tensorflow:From C:\Users\zengd\Desktop\论文\W-MADDPG\MADDPG_Discrete\train_mappo_phase0.py:230: The name tf.ConfigProto is deprecated. Please use tf.compat.v1.ConfigProto instead.

WARNING:tensorflow:From C:\Users\zengd\Desktop\论文\W-MADDPG\MADDPG_Discrete\train_mappo_phase0.py:234: The name tf.Session is deprecated. Please use tf.compat.v1.Session instead.

2026-09-22 11:52:07.453366: I tensorflow/core/platform/cpu_feature_guard.cc:142] Your CPU supports instructions that this TensorFlow binary was not compiled to use: AVX2
WARNING:tensorflow:From C:\Users\zengd\Desktop\论文\W-MADDPG\MADDPG_Discrete\train_mappo_phase0.py:235: The name tf.global_variables_initializer is deprecated. Please use tf.compat.v1.global_variables_initializer instead.

ep 1/4000 | reward(MA200)=-54.56 success=7.00 fail=18.00 | 1.48s/ep | delay=0.00
ep 50/4000 | reward(MA200)=-43.30 success=8.18 fail=16.82 | 0.18s/ep | delay=0.00
ep 100/4000 | reward(MA200)=-43.09 success=8.20 fail=16.80 | 0.14s/ep | delay=0.00
ep 150/4000 | reward(MA200)=-41.28 success=8.38 fail=16.62 | 0.14s/ep | delay=0.00
ep 200/4000 | reward(MA200)=-39.69 success=8.54 fail=16.45 | 0.13s/ep | delay=0.00
ep 250/4000 | reward(MA200)=-36.89 success=8.83 fail=16.17 | 0.13s/ep | delay=0.00
ep 300/4000 | reward(MA200)=-34.22 success=9.10 fail=15.90 | 0.13s/ep | delay=0.00
ep 350/4000 | reward(MA200)=-32.12 success=9.31 fail=15.69 | 0.13s/ep | delay=0.00
ep 400/4000 | reward(MA200)=-30.33 success=9.48 fail=15.52 | 0.12s/ep | delay=0.00
ep 450/4000 | reward(MA200)=-29.05 success=9.61 fail=15.39 | 0.12s/ep | delay=0.00
ep 500/4000 | reward(MA200)=-26.84 success=9.82 fail=15.18 | 0.12s/ep | delay=0.00
ep 550/4000 | reward(MA200)=-25.24 success=9.97 fail=15.03 | 0.12s/ep | delay=0.00
ep 600/4000 | reward(MA200)=-23.18 success=10.18 fail=14.82 | 0.12s/ep | delay=0.00
ep 650/4000 | reward(MA200)=-20.69 success=10.41 fail=14.59 | 0.12s/ep | delay=0.00
ep 700/4000 | reward(MA200)=-18.88 success=10.60 fail=14.40 | 0.12s/ep | delay=0.00
ep 750/4000 | reward(MA200)=-17.19 success=10.77 fail=14.23 | 0.14s/ep | delay=0.00
ep 800/4000 | reward(MA200)=-14.79 success=11.00 fail=14.00 | 0.14s/ep | delay=0.00
ep 850/4000 | reward(MA200)=-13.49 success=11.13 fail=13.87 | 0.15s/ep | delay=0.00
ep 900/4000 | reward(MA200)=-12.04 success=11.28 fail=13.72 | 0.15s/ep | delay=0.00
ep 950/4000 | reward(MA200)=-9.57 success=11.52 fail=13.48 | 0.15s/ep | delay=0.00
ep 1000/4000 | reward(MA200)=-9.03 success=11.56 fail=13.44 | 0.16s/ep | delay=0.00
ep 1050/4000 | reward(MA200)=-7.70 success=11.69 fail=13.31 | 0.16s/ep | delay=0.00
ep 1100/4000 | reward(MA200)=-6.60 success=11.80 fail=13.20 | 0.16s/ep | delay=0.00
ep 1150/4000 | reward(MA200)=-6.19 success=11.85 fail=13.15 | 0.16s/ep | delay=0.00
ep 1200/4000 | reward(MA200)=-5.38 success=11.93 fail=13.07 | 0.16s/ep | delay=0.00
ep 1250/4000 | reward(MA200)=-4.56 success=12.02 fail=12.98 | 0.16s/ep | delay=0.00
ep 1300/4000 | reward(MA200)=-3.67 success=12.12 fail=12.88 | 0.16s/ep | delay=0.00
ep 1350/4000 | reward(MA200)=-2.81 success=12.20 fail=12.80 | 0.17s/ep | delay=0.00
ep 1400/4000 | reward(MA200)=-1.45 success=12.34 fail=12.66 | 0.17s/ep | delay=0.00
ep 1450/4000 | reward(MA200)=-0.46 success=12.43 fail=12.57 | 0.17s/ep | delay=0.00
ep 1500/4000 | reward(MA200)=-0.08 success=12.46 fail=12.54 | 0.17s/ep | delay=0.00
ep 1550/4000 | reward(MA200)=0.91 success=12.56 fail=12.44 | 0.17s/ep | delay=0.00
ep 1600/4000 | reward(MA200)=1.26 success=12.59 fail=12.41 | 0.17s/ep | delay=0.00
ep 1650/4000 | reward(MA200)=1.89 success=12.65 fail=12.35 | 0.17s/ep | delay=0.00
ep 1700/4000 | reward(MA200)=3.66 success=12.82 fail=12.18 | 0.17s/ep | delay=0.00
ep 1750/4000 | reward(MA200)=4.99 success=12.95 fail=12.05 | 0.17s/ep | delay=0.00
ep 1800/4000 | reward(MA200)=6.26 success=13.06 fail=11.94 | 0.17s/ep | delay=0.00
ep 1850/4000 | reward(MA200)=7.47 success=13.18 fail=11.82 | 0.17s/ep | delay=0.00
ep 1900/4000 | reward(MA200)=7.73 success=13.20 fail=11.80 | 0.17s/ep | delay=0.00
ep 1950/4000 | reward(MA200)=7.86 success=13.21 fail=11.79 | 0.17s/ep | delay=0.00
ep 2000/4000 | reward(MA200)=8.59 success=13.29 fail=11.71 | 0.17s/ep | delay=0.00
ep 2050/4000 | reward(MA200)=8.73 success=13.31 fail=11.69 | 0.17s/ep | delay=0.00
ep 2100/4000 | reward(MA200)=9.09 success=13.35 fail=11.65 | 0.17s/ep | delay=0.00
ep 2150/4000 | reward(MA200)=9.23 success=13.37 fail=11.63 | 0.17s/ep | delay=0.00
ep 2200/4000 | reward(MA200)=9.61 success=13.40 fail=11.60 | 0.17s/ep | delay=0.00
ep 2250/4000 | reward(MA200)=10.70 success=13.52 fail=11.48 | 0.17s/ep | delay=0.00
ep 2300/4000 | reward(MA200)=12.08 success=13.65 fail=11.35 | 0.17s/ep | delay=0.00
ep 2350/4000 | reward(MA200)=13.06 success=13.75 fail=11.25 | 0.17s/ep | delay=0.00
ep 2400/4000 | reward(MA200)=14.44 success=13.88 fail=11.12 | 0.17s/ep | delay=0.00
ep 2450/4000 | reward(MA200)=16.36 success=14.06 fail=10.94 | 0.17s/ep | delay=0.00
ep 2500/4000 | reward(MA200)=17.45 success=14.16 fail=10.84 | 0.17s/ep | delay=0.00
ep 2550/4000 | reward(MA200)=18.23 success=14.23 fail=10.77 | 0.17s/ep | delay=0.00
ep 2600/4000 | reward(MA200)=18.17 success=14.23 fail=10.77 | 0.17s/ep | delay=0.00
ep 2650/4000 | reward(MA200)=17.75 success=14.19 fail=10.81 | 0.17s/ep | delay=0.00
ep 2700/4000 | reward(MA200)=18.59 success=14.28 fail=10.72 | 0.17s/ep | delay=0.00
ep 2750/4000 | reward(MA200)=19.63 success=14.38 fail=10.62 | 0.17s/ep | delay=0.00
ep 2800/4000 | reward(MA200)=20.45 success=14.46 fail=10.54 | 0.17s/ep | delay=0.00
ep 2850/4000 | reward(MA200)=21.10 success=14.52 fail=10.48 | 0.17s/ep | delay=0.00
ep 2900/4000 | reward(MA200)=21.55 success=14.56 fail=10.44 | 0.17s/ep | delay=0.00
ep 2950/4000 | reward(MA200)=22.19 success=14.62 fail=10.38 | 0.17s/ep | delay=0.00
ep 3000/4000 | reward(MA200)=22.87 success=14.69 fail=10.31 | 0.17s/ep | delay=0.00
ep 3050/4000 | reward(MA200)=23.01 success=14.70 fail=10.30 | 0.17s/ep | delay=0.00
ep 3100/4000 | reward(MA200)=22.87 success=14.68 fail=10.32 | 0.17s/ep | delay=0.00
ep 3150/4000 | reward(MA200)=23.08 success=14.70 fail=10.30 | 0.17s/ep | delay=0.00
ep 3200/4000 | reward(MA200)=23.02 success=14.69 fail=10.31 | 0.17s/ep | delay=0.00
ep 3250/4000 | reward(MA200)=23.09 success=14.70 fail=10.30 | 0.17s/ep | delay=0.00
ep 3300/4000 | reward(MA200)=23.47 success=14.73 fail=10.27 | 0.17s/ep | delay=0.00
ep 3350/4000 | reward(MA200)=23.49 success=14.73 fail=10.27 | 0.17s/ep | delay=0.00
ep 3400/4000 | reward(MA200)=23.67 success=14.77 fail=10.23 | 0.17s/ep | delay=0.00
ep 3450/4000 | reward(MA200)=23.04 success=14.71 fail=10.29 | 0.17s/ep | delay=0.00
ep 3500/4000 | reward(MA200)=23.20 success=14.72 fail=10.28 | 0.17s/ep | delay=0.00
ep 3550/4000 | reward(MA200)=23.67 success=14.77 fail=10.23 | 0.17s/ep | delay=0.00
ep 3600/4000 | reward(MA200)=24.10 success=14.81 fail=10.19 | 0.17s/ep | delay=0.00
ep 3650/4000 | reward(MA200)=25.39 success=14.96 fail=10.04 | 0.17s/ep | delay=0.00
ep 3700/4000 | reward(MA200)=25.23 success=14.95 fail=10.05 | 0.17s/ep | delay=0.00
ep 3750/4000 | reward(MA200)=24.63 success=14.90 fail=10.10 | 0.17s/ep | delay=0.00
ep 3800/4000 | reward(MA200)=24.47 success=14.88 fail=10.12 | 0.17s/ep | delay=0.00
ep 3850/4000 | reward(MA200)=24.45 success=14.88 fail=10.12 | 0.17s/ep | delay=0.00
ep 3900/4000 | reward(MA200)=25.38 success=14.98 fail=10.02 | 0.17s/ep | delay=0.00
ep 3950/4000 | reward(MA200)=26.83 success=15.13 fail=9.87 | 0.17s/ep | delay=0.00
ep 4000/4000 | reward(MA200)=27.87 success=15.24 fail=9.76 | 0.17s/ep | delay=0.00
DONE tag=fz_r07s06_s5 -> C:\Users\zengd\Desktop\论文\W-MADDPG\MADDPG_Discrete\results\exp9_voil\phase0_fz_r07s06_s5.csv
