WARNING:tensorflow:From C:\Users\zengd\Desktop\论文\W-MADDPG\MADDPG_Discrete\train_mappo_phase0.py:155: The name tf.set_random_seed is deprecated. Please use tf.compat.v1.set_random_seed instead.

WARNING:tensorflow:From C:\Users\zengd\Desktop\论文\W-MADDPG\MADDPG_Discrete\mappo_agent.py:31: The name tf.placeholder is deprecated. Please use tf.compat.v1.placeholder instead.

WARNING:tensorflow:From C:\Users\zengd\Desktop\论文\W-MADDPG\MADDPG_Discrete\mappo_agent.py:43: The name tf.variable_scope is deprecated. Please use tf.compat.v1.variable_scope instead.

WARNING:tensorflow:From C:\Users\zengd\Desktop\论文\W-MADDPG\MADDPG_Discrete\mappo_agent.py:7: dense (from tensorflow.python.layers.core) is deprecated and will be removed in a future version.
Instructions for updating:
Use keras.layers.Dense instead.
WARNING:tensorflow:From D:\tool\anaconda\envs\py37tf\lib\site-packages\tensorflow_core\python\layers\core.py:187: Layer.apply (from tensorflow.python.keras.engine.base_layer) is deprecated and will be removed in a future version.
Instructions for updating:
Please use `layer.__call__` method instead.
WARNING:tensorflow:
The TensorFlow contrib module will not be included in TensorFlow 2.0.
For more information, please see:
  * https://github.com/tensorflow/community/blob/master/rfcs/20180907-contrib-sunset.md
  * https://github.com/tensorflow/addons
  * https://github.com/tensorflow/io (for I/O related ops)
If you depend on functionality not listed there, please file an issue.

WARNING:tensorflow:From C:\Users\zengd\Desktop\论文\W-MADDPG\MADDPG_Discrete\mappo_agent.py:114: The name tf.log is deprecated. Please use tf.math.log instead.

WARNING:tensorflow:From C:\Users\zengd\Desktop\论文\W-MADDPG\MADDPG_Discrete\mappo_agent.py:76: The name tf.get_collection is deprecated. Please use tf.compat.v1.get_collection instead.

WARNING:tensorflow:From C:\Users\zengd\Desktop\论文\W-MADDPG\MADDPG_Discrete\mappo_agent.py:76: The name tf.GraphKeys is deprecated. Please use tf.compat.v1.GraphKeys instead.

WARNING:tensorflow:From C:\Users\zengd\Desktop\论文\W-MADDPG\MADDPG_Discrete\mappo_agent.py:122: The name tf.train.AdamOptimizer is deprecated. Please use tf.compat.v1.train.AdamOptimizer instead.

WARNING:tensorflow:From D:\tool\anaconda\envs\py37tf\lib\site-packages\tensorflow_core\python\ops\math_grad.py:1424: where (from tensorflow.python.ops.array_ops) is deprecated and will be removed in a future version.
Instructions for updating:
Use tf.where in 2.0, which has the same broadcast rule as np.where
WARNING:tensorflow:From C:\Users\zengd\Desktop\论文\W-MADDPG\MADDPG_Discrete\train_mappo_phase0.py:230: The name tf.ConfigProto is deprecated. Please use tf.compat.v1.ConfigProto instead.

WARNING:tensorflow:From C:\Users\zengd\Desktop\论文\W-MADDPG\MADDPG_Discrete\train_mappo_phase0.py:234: The name tf.Session is deprecated. Please use tf.compat.v1.Session instead.

2026-09-22 11:52:07.018972: I tensorflow/core/platform/cpu_feature_guard.cc:142] Your CPU supports instructions that this TensorFlow binary was not compiled to use: AVX2
WARNING:tensorflow:From C:\Users\zengd\Desktop\论文\W-MADDPG\MADDPG_Discrete\train_mappo_phase0.py:235: The name tf.global_variables_initializer is deprecated. Please use tf.compat.v1.global_variables_initializer instead.

ep 1/4000 | reward(MA200)=-73.96 success=5.00 fail=20.00 | 1.41s/ep | delay=0.00
ep 50/4000 | reward(MA200)=-53.71 success=7.12 fail=17.88 | 0.18s/ep | delay=0.00
ep 100/4000 | reward(MA200)=-48.18 success=7.68 fail=17.32 | 0.14s/ep | delay=0.00
ep 150/4000 | reward(MA200)=-46.76 success=7.82 fail=17.18 | 0.14s/ep | delay=0.00
ep 200/4000 | reward(MA200)=-43.82 success=8.12 fail=16.89 | 0.13s/ep | delay=0.00
ep 250/4000 | reward(MA200)=-38.67 success=8.62 fail=16.38 | 0.13s/ep | delay=0.00
ep 300/4000 | reward(MA200)=-36.08 success=8.88 fail=16.12 | 0.13s/ep | delay=0.00
ep 350/4000 | reward(MA200)=-32.27 success=9.26 fail=15.74 | 0.13s/ep | delay=0.00
ep 400/4000 | reward(MA200)=-29.82 success=9.50 fail=15.50 | 0.12s/ep | delay=0.00
ep 450/4000 | reward(MA200)=-26.72 success=9.81 fail=15.19 | 0.12s/ep | delay=0.00
ep 500/4000 | reward(MA200)=-24.34 success=10.05 fail=14.95 | 0.12s/ep | delay=0.00
ep 550/4000 | reward(MA200)=-21.98 success=10.29 fail=14.71 | 0.12s/ep | delay=0.00
ep 600/4000 | reward(MA200)=-21.32 success=10.36 fail=14.64 | 0.12s/ep | delay=0.00
ep 650/4000 | reward(MA200)=-20.40 success=10.45 fail=14.55 | 0.12s/ep | delay=0.00
ep 700/4000 | reward(MA200)=-18.26 success=10.66 fail=14.34 | 0.12s/ep | delay=0.00
ep 750/4000 | reward(MA200)=-16.55 success=10.83 fail=14.17 | 0.14s/ep | delay=0.00
ep 800/4000 | reward(MA200)=-14.63 success=11.03 fail=13.97 | 0.14s/ep | delay=0.00
ep 850/4000 | reward(MA200)=-12.70 success=11.22 fail=13.78 | 0.15s/ep | delay=0.00
ep 900/4000 | reward(MA200)=-11.24 success=11.38 fail=13.62 | 0.15s/ep | delay=0.00
ep 950/4000 | reward(MA200)=-10.02 success=11.51 fail=13.49 | 0.15s/ep | delay=0.00
ep 1000/4000 | reward(MA200)=-8.11 success=11.70 fail=13.30 | 0.16s/ep | delay=0.00
ep 1050/4000 | reward(MA200)=-6.55 success=11.86 fail=13.14 | 0.16s/ep | delay=0.00
ep 1100/4000 | reward(MA200)=-4.95 success=12.02 fail=12.98 | 0.16s/ep | delay=0.00
ep 1150/4000 | reward(MA200)=-3.55 success=12.15 fail=12.85 | 0.16s/ep | delay=0.00
ep 1200/4000 | reward(MA200)=-1.82 success=12.32 fail=12.68 | 0.16s/ep | delay=0.00
ep 1250/4000 | reward(MA200)=0.77 success=12.59 fail=12.41 | 0.16s/ep | delay=0.00
ep 1300/4000 | reward(MA200)=3.07 success=12.81 fail=12.19 | 0.16s/ep | delay=0.00
ep 1350/4000 | reward(MA200)=5.17 success=13.02 fail=11.98 | 0.17s/ep | delay=0.00
ep 1400/4000 | reward(MA200)=7.04 success=13.21 fail=11.79 | 0.17s/ep | delay=0.00
ep 1450/4000 | reward(MA200)=7.85 success=13.29 fail=11.71 | 0.17s/ep | delay=0.00
ep 1500/4000 | reward(MA200)=7.76 success=13.28 fail=11.72 | 0.17s/ep | delay=0.00
ep 1550/4000 | reward(MA200)=9.30 success=13.43 fail=11.57 | 0.17s/ep | delay=0.00
ep 1600/4000 | reward(MA200)=10.93 success=13.59 fail=11.41 | 0.17s/ep | delay=0.00
ep 1650/4000 | reward(MA200)=12.01 success=13.69 fail=11.31 | 0.17s/ep | delay=0.00
ep 1700/4000 | reward(MA200)=12.92 success=13.78 fail=11.22 | 0.17s/ep | delay=0.00
ep 1750/4000 | reward(MA200)=12.46 success=13.73 fail=11.27 | 0.17s/ep | delay=0.00
ep 1800/4000 | reward(MA200)=12.06 success=13.70 fail=11.30 | 0.17s/ep | delay=0.00
ep 1850/4000 | reward(MA200)=13.71 success=13.86 fail=11.14 | 0.17s/ep | delay=0.00
ep 1900/4000 | reward(MA200)=15.45 success=14.03 fail=10.97 | 0.17s/ep | delay=0.00
ep 1950/4000 | reward(MA200)=16.11 success=14.09 fail=10.91 | 0.17s/ep | delay=0.00
ep 2000/4000 | reward(MA200)=17.46 success=14.21 fail=10.79 | 0.17s/ep | delay=0.00
ep 2050/4000 | reward(MA200)=16.12 success=14.09 fail=10.91 | 0.17s/ep | delay=0.00
ep 2100/4000 | reward(MA200)=15.87 success=14.07 fail=10.93 | 0.17s/ep | delay=0.00
ep 2150/4000 | reward(MA200)=17.20 success=14.21 fail=10.79 | 0.17s/ep | delay=0.00
ep 2200/4000 | reward(MA200)=16.45 success=14.13 fail=10.87 | 0.17s/ep | delay=0.00
ep 2250/4000 | reward(MA200)=17.50 success=14.23 fail=10.77 | 0.17s/ep | delay=0.00
ep 2300/4000 | reward(MA200)=18.32 success=14.31 fail=10.69 | 0.17s/ep | delay=0.00
ep 2350/4000 | reward(MA200)=18.40 success=14.31 fail=10.69 | 0.17s/ep | delay=0.00
ep 2400/4000 | reward(MA200)=19.51 success=14.43 fail=10.57 | 0.17s/ep | delay=0.00
ep 2450/4000 | reward(MA200)=20.36 success=14.52 fail=10.48 | 0.17s/ep | delay=0.00
ep 2500/4000 | reward(MA200)=20.87 success=14.58 fail=10.42 | 0.17s/ep | delay=0.00
ep 2550/4000 | reward(MA200)=21.69 success=14.66 fail=10.34 | 0.17s/ep | delay=0.00
ep 2600/4000 | reward(MA200)=22.96 success=14.79 fail=10.21 | 0.17s/ep | delay=0.00
ep 2650/4000 | reward(MA200)=23.66 success=14.86 fail=10.14 | 0.17s/ep | delay=0.00
ep 2700/4000 | reward(MA200)=24.28 success=14.92 fail=10.08 | 0.17s/ep | delay=0.00
ep 2750/4000 | reward(MA200)=25.03 success=15.00 fail=10.00 | 0.17s/ep | delay=0.00
ep 2800/4000 | reward(MA200)=26.00 success=15.10 fail=9.90 | 0.17s/ep | delay=0.00
ep 2850/4000 | reward(MA200)=24.92 success=14.99 fail=10.01 | 0.17s/ep | delay=0.00
ep 2900/4000 | reward(MA200)=25.93 success=15.10 fail=9.90 | 0.17s/ep | delay=0.00
ep 2950/4000 | reward(MA200)=24.62 success=14.97 fail=10.03 | 0.17s/ep | delay=0.00
ep 3000/4000 | reward(MA200)=23.95 success=14.91 fail=10.09 | 0.17s/ep | delay=0.00
ep 3050/4000 | reward(MA200)=24.76 success=14.99 fail=10.01 | 0.17s/ep | delay=0.00
ep 3100/4000 | reward(MA200)=23.34 success=14.86 fail=10.14 | 0.17s/ep | delay=0.00
ep 3150/4000 | reward(MA200)=25.38 success=15.05 fail=9.95 | 0.17s/ep | delay=0.00
ep 3200/4000 | reward(MA200)=25.61 success=15.08 fail=9.92 | 0.17s/ep | delay=0.00
ep 3250/4000 | reward(MA200)=26.85 success=15.21 fail=9.79 | 0.17s/ep | delay=0.00
ep 3300/4000 | reward(MA200)=27.43 success=15.26 fail=9.74 | 0.17s/ep | delay=0.00
ep 3350/4000 | reward(MA200)=27.01 success=15.22 fail=9.78 | 0.17s/ep | delay=0.00
ep 3400/4000 | reward(MA200)=27.24 success=15.24 fail=9.76 | 0.17s/ep | delay=0.00
ep 3450/4000 | reward(MA200)=26.47 success=15.15 fail=9.85 | 0.17s/ep | delay=0.00
ep 3500/4000 | reward(MA200)=26.88 success=15.19 fail=9.81 | 0.17s/ep | delay=0.00
ep 3550/4000 | reward(MA200)=27.79 success=15.28 fail=9.72 | 0.17s/ep | delay=0.00
ep 3600/4000 | reward(MA200)=27.99 success=15.29 fail=9.71 | 0.17s/ep | delay=0.00
ep 3650/4000 | reward(MA200)=28.21 success=15.30 fail=9.70 | 0.17s/ep | delay=0.00
ep 3700/4000 | reward(MA200)=29.36 success=15.41 fail=9.59 | 0.17s/ep | delay=0.00
ep 3750/4000 | reward(MA200)=29.43 success=15.41 fail=9.59 | 0.17s/ep | delay=0.00
ep 3800/4000 | reward(MA200)=29.53 success=15.41 fail=9.59 | 0.17s/ep | delay=0.00
ep 3850/4000 | reward(MA200)=29.20 success=15.38 fail=9.62 | 0.17s/ep | delay=0.00
ep 3900/4000 | reward(MA200)=28.85 success=15.35 fail=9.65 | 0.17s/ep | delay=0.00
ep 3950/4000 | reward(MA200)=28.70 success=15.34 fail=9.66 | 0.17s/ep | delay=0.00
ep 4000/4000 | reward(MA200)=29.51 success=15.42 fail=9.58 | 0.17s/ep | delay=0.00
DONE tag=fz_r07s06_s2 -> C:\Users\zengd\Desktop\论文\W-MADDPG\MADDPG_Discrete\results\exp9_voil\phase0_fz_r07s06_s2.csv
