WARNING:tensorflow:From C:\Users\zengd\Desktop\论文\W-MADDPG\MADDPG_Discrete\train_mappo_phase0.py:155: The name tf.set_random_seed is deprecated. Please use tf.compat.v1.set_random_seed instead.

WARNING:tensorflow:From C:\Users\zengd\Desktop\论文\W-MADDPG\MADDPG_Discrete\mappo_agent.py:31: The name tf.placeholder is deprecated. Please use tf.compat.v1.placeholder instead.

WARNING:tensorflow:From C:\Users\zengd\Desktop\论文\W-MADDPG\MADDPG_Discrete\mappo_agent.py:43: The name tf.variable_scope is deprecated. Please use tf.compat.v1.variable_scope instead.

WARNING:tensorflow:From C:\Users\zengd\Desktop\论文\W-MADDPG\MADDPG_Discrete\mappo_agent.py:7: dense (from tensorflow.python.layers.core) is deprecated and will be removed in a future version.
Instructions for updating:
Use keras.layers.Dense instead.
WARNING:tensorflow:From D:\tool\anaconda\envs\py37tf\lib\site-packages\tensorflow_core\python\layers\core.py:187: Layer.apply (from tensorflow.python.keras.engine.base_layer) is deprecated and will be removed in a future version.
Instructions for updating:
Please use `layer.__call__` method instead.
WARNING:tensorflow:
The TensorFlow contrib module will not be included in TensorFlow 2.0.
For more information, please see:
  * https://github.com/tensorflow/community/blob/master/rfcs/20180907-contrib-sunset.md
  * https://github.com/tensorflow/addons
  * https://github.com/tensorflow/io (for I/O related ops)
If you depend on functionality not listed there, please file an issue.

WARNING:tensorflow:From C:\Users\zengd\Desktop\论文\W-MADDPG\MADDPG_Discrete\mappo_agent.py:114: The name tf.log is deprecated. Please use tf.math.log instead.

WARNING:tensorflow:From C:\Users\zengd\Desktop\论文\W-MADDPG\MADDPG_Discrete\mappo_agent.py:76: The name tf.get_collection is deprecated. Please use tf.compat.v1.get_collection instead.

WARNING:tensorflow:From C:\Users\zengd\Desktop\论文\W-MADDPG\MADDPG_Discrete\mappo_agent.py:76: The name tf.GraphKeys is deprecated. Please use tf.compat.v1.GraphKeys instead.

WARNING:tensorflow:From C:\Users\zengd\Desktop\论文\W-MADDPG\MADDPG_Discrete\mappo_agent.py:122: The name tf.train.AdamOptimizer is deprecated. Please use tf.compat.v1.train.AdamOptimizer instead.

WARNING:tensorflow:From D:\tool\anaconda\envs\py37tf\lib\site-packages\tensorflow_core\python\ops\math_grad.py:1424: where (from tensorflow.python.ops.array_ops) is deprecated and will be removed in a future version.
Instructions for updating:
Use tf.where in 2.0, which has the same broadcast rule as np.where
WARNING:tensorflow:From C:\Users\zengd\Desktop\论文\W-MADDPG\MADDPG_Discrete\train_mappo_phase0.py:230: The name tf.ConfigProto is deprecated. Please use tf.compat.v1.ConfigProto instead.

WARNING:tensorflow:From C:\Users\zengd\Desktop\论文\W-MADDPG\MADDPG_Discrete\train_mappo_phase0.py:234: The name tf.Session is deprecated. Please use tf.compat.v1.Session instead.

2026-09-22 12:04:06.980660: I tensorflow/core/platform/cpu_feature_guard.cc:142] Your CPU supports instructions that this TensorFlow binary was not compiled to use: AVX2
WARNING:tensorflow:From C:\Users\zengd\Desktop\论文\W-MADDPG\MADDPG_Discrete\train_mappo_phase0.py:235: The name tf.global_variables_initializer is deprecated. Please use tf.compat.v1.global_variables_initializer instead.

ep 1/4000 | reward(MA200)=-56.04 success=7.00 fail=18.00 | 1.08s/ep | delay=0.00
ep 50/4000 | reward(MA200)=-39.77 success=8.60 fail=16.40 | 0.15s/ep | delay=0.00
ep 100/4000 | reward(MA200)=-36.82 success=8.91 fail=16.09 | 0.12s/ep | delay=0.00
ep 150/4000 | reward(MA200)=-35.24 success=9.07 fail=15.93 | 0.12s/ep | delay=0.00
ep 200/4000 | reward(MA200)=-34.50 success=9.14 fail=15.86 | 0.11s/ep | delay=0.00
ep 250/4000 | reward(MA200)=-31.05 success=9.49 fail=15.51 | 0.11s/ep | delay=0.00
ep 300/4000 | reward(MA200)=-27.99 success=9.79 fail=15.21 | 0.11s/ep | delay=0.00
ep 350/4000 | reward(MA200)=-25.56 success=10.04 fail=14.96 | 0.11s/ep | delay=0.00
ep 400/4000 | reward(MA200)=-21.52 success=10.43 fail=14.57 | 0.11s/ep | delay=0.00
ep 450/4000 | reward(MA200)=-19.16 success=10.66 fail=14.34 | 0.11s/ep | delay=0.00
ep 500/4000 | reward(MA200)=-16.44 success=10.94 fail=14.06 | 0.11s/ep | delay=0.00
ep 550/4000 | reward(MA200)=-12.90 success=11.28 fail=13.72 | 0.11s/ep | delay=0.00
ep 600/4000 | reward(MA200)=-10.19 success=11.55 fail=13.45 | 0.11s/ep | delay=0.00
ep 650/4000 | reward(MA200)=-7.02 success=11.87 fail=13.13 | 0.11s/ep | delay=0.00
ep 700/4000 | reward(MA200)=-4.83 success=12.09 fail=12.91 | 0.10s/ep | delay=0.00
ep 750/4000 | reward(MA200)=-2.95 success=12.29 fail=12.71 | 0.11s/ep | delay=0.00
ep 800/4000 | reward(MA200)=-1.47 success=12.45 fail=12.55 | 0.11s/ep | delay=0.00
ep 850/4000 | reward(MA200)=0.34 success=12.63 fail=12.37 | 0.11s/ep | delay=0.00
ep 900/4000 | reward(MA200)=1.96 success=12.79 fail=12.21 | 0.11s/ep | delay=0.00
ep 950/4000 | reward(MA200)=3.62 success=12.96 fail=12.04 | 0.11s/ep | delay=0.00
ep 1000/4000 | reward(MA200)=4.53 success=13.04 fail=11.96 | 0.11s/ep | delay=0.00
ep 1050/4000 | reward(MA200)=5.59 success=13.14 fail=11.86 | 0.11s/ep | delay=0.00
ep 1100/4000 | reward(MA200)=6.76 success=13.26 fail=11.74 | 0.11s/ep | delay=0.00
ep 1150/4000 | reward(MA200)=7.62 success=13.34 fail=11.66 | 0.11s/ep | delay=0.00
ep 1200/4000 | reward(MA200)=7.99 success=13.37 fail=11.63 | 0.10s/ep | delay=0.00
ep 1250/4000 | reward(MA200)=8.30 success=13.40 fail=11.60 | 0.10s/ep | delay=0.00
ep 1300/4000 | reward(MA200)=8.35 success=13.39 fail=11.61 | 0.10s/ep | delay=0.00
ep 1350/4000 | reward(MA200)=7.88 success=13.35 fail=11.65 | 0.10s/ep | delay=0.00
ep 1400/4000 | reward(MA200)=9.13 success=13.47 fail=11.53 | 0.10s/ep | delay=0.00
ep 1450/4000 | reward(MA200)=9.37 success=13.51 fail=11.49 | 0.10s/ep | delay=0.00
ep 1500/4000 | reward(MA200)=9.67 success=13.54 fail=11.46 | 0.10s/ep | delay=0.00
ep 1550/4000 | reward(MA200)=10.76 success=13.65 fail=11.35 | 0.10s/ep | delay=0.00
ep 1600/4000 | reward(MA200)=11.30 success=13.71 fail=11.29 | 0.10s/ep | delay=0.00
ep 1650/4000 | reward(MA200)=11.94 success=13.77 fail=11.23 | 0.10s/ep | delay=0.00
ep 1700/4000 | reward(MA200)=13.23 success=13.89 fail=11.11 | 0.10s/ep | delay=0.00
ep 1750/4000 | reward(MA200)=14.10 success=13.97 fail=11.03 | 0.10s/ep | delay=0.00
ep 1800/4000 | reward(MA200)=15.34 success=14.09 fail=10.91 | 0.10s/ep | delay=0.00
ep 1850/4000 | reward(MA200)=16.76 success=14.22 fail=10.78 | 0.10s/ep | delay=0.00
ep 1900/4000 | reward(MA200)=16.99 success=14.24 fail=10.76 | 0.10s/ep | delay=0.00
ep 1950/4000 | reward(MA200)=16.91 success=14.24 fail=10.76 | 0.10s/ep | delay=0.00
ep 2000/4000 | reward(MA200)=17.11 success=14.27 fail=10.73 | 0.10s/ep | delay=0.00
ep 2050/4000 | reward(MA200)=17.52 success=14.30 fail=10.70 | 0.10s/ep | delay=0.00
ep 2100/4000 | reward(MA200)=18.23 success=14.38 fail=10.62 | 0.10s/ep | delay=0.00
ep 2150/4000 | reward(MA200)=19.41 success=14.49 fail=10.51 | 0.10s/ep | delay=0.00
ep 2200/4000 | reward(MA200)=19.63 success=14.52 fail=10.48 | 0.10s/ep | delay=0.00
ep 2250/4000 | reward(MA200)=19.72 success=14.53 fail=10.47 | 0.10s/ep | delay=0.00
ep 2300/4000 | reward(MA200)=19.19 success=14.47 fail=10.53 | 0.10s/ep | delay=0.00
ep 2350/4000 | reward(MA200)=19.38 success=14.49 fail=10.51 | 0.10s/ep | delay=0.00
ep 2400/4000 | reward(MA200)=19.53 success=14.51 fail=10.49 | 0.10s/ep | delay=0.00
ep 2450/4000 | reward(MA200)=19.43 success=14.51 fail=10.49 | 0.10s/ep | delay=0.00
ep 2500/4000 | reward(MA200)=20.34 success=14.60 fail=10.40 | 0.10s/ep | delay=0.00
ep 2550/4000 | reward(MA200)=20.86 success=14.64 fail=10.36 | 0.10s/ep | delay=0.00
ep 2600/4000 | reward(MA200)=20.89 success=14.65 fail=10.35 | 0.10s/ep | delay=0.00
ep 2650/4000 | reward(MA200)=21.66 success=14.72 fail=10.28 | 0.10s/ep | delay=0.00
ep 2700/4000 | reward(MA200)=21.54 success=14.71 fail=10.29 | 0.10s/ep | delay=0.00
ep 2750/4000 | reward(MA200)=21.37 success=14.69 fail=10.31 | 0.10s/ep | delay=0.00
ep 2800/4000 | reward(MA200)=21.59 success=14.71 fail=10.29 | 0.10s/ep | delay=0.00
ep 2850/4000 | reward(MA200)=21.37 success=14.70 fail=10.30 | 0.10s/ep | delay=0.00
ep 2900/4000 | reward(MA200)=22.06 success=14.77 fail=10.23 | 0.10s/ep | delay=0.00
ep 2950/4000 | reward(MA200)=21.81 success=14.74 fail=10.26 | 0.10s/ep | delay=0.00
ep 3000/4000 | reward(MA200)=22.46 success=14.80 fail=10.20 | 0.10s/ep | delay=0.00
ep 3050/4000 | reward(MA200)=23.53 success=14.90 fail=10.10 | 0.10s/ep | delay=0.00
ep 3100/4000 | reward(MA200)=24.35 success=14.97 fail=10.03 | 0.10s/ep | delay=0.00
ep 3150/4000 | reward(MA200)=25.71 success=15.11 fail=9.89 | 0.10s/ep | delay=0.00
ep 3200/4000 | reward(MA200)=26.47 success=15.18 fail=9.82 | 0.10s/ep | delay=0.00
ep 3250/4000 | reward(MA200)=26.91 success=15.22 fail=9.78 | 0.10s/ep | delay=0.00
ep 3300/4000 | reward(MA200)=26.57 success=15.20 fail=9.80 | 0.10s/ep | delay=0.00
ep 3350/4000 | reward(MA200)=26.52 success=15.19 fail=9.81 | 0.10s/ep | delay=0.00
ep 3400/4000 | reward(MA200)=26.17 success=15.15 fail=9.85 | 0.10s/ep | delay=0.00
ep 3450/4000 | reward(MA200)=25.62 success=15.11 fail=9.89 | 0.10s/ep | delay=0.00
ep 3500/4000 | reward(MA200)=25.97 success=15.13 fail=9.87 | 0.10s/ep | delay=0.00
ep 3550/4000 | reward(MA200)=25.70 success=15.11 fail=9.89 | 0.10s/ep | delay=0.00
ep 3600/4000 | reward(MA200)=25.82 success=15.12 fail=9.88 | 0.10s/ep | delay=0.00
ep 3650/4000 | reward(MA200)=25.93 success=15.12 fail=9.88 | 0.10s/ep | delay=0.00
ep 3700/4000 | reward(MA200)=25.74 success=15.11 fail=9.89 | 0.10s/ep | delay=0.00
ep 3750/4000 | reward(MA200)=26.42 success=15.18 fail=9.82 | 0.10s/ep | delay=0.00
ep 3800/4000 | reward(MA200)=26.86 success=15.22 fail=9.78 | 0.10s/ep | delay=0.00
ep 3850/4000 | reward(MA200)=26.45 success=15.18 fail=9.82 | 0.10s/ep | delay=0.00
ep 3900/4000 | reward(MA200)=27.03 success=15.22 fail=9.78 | 0.10s/ep | delay=0.00
ep 3950/4000 | reward(MA200)=26.47 success=15.16 fail=9.84 | 0.10s/ep | delay=0.00
ep 4000/4000 | reward(MA200)=25.79 success=15.10 fail=9.90 | 0.10s/ep | delay=0.00
DONE tag=fz_r07s06_s10 -> C:\Users\zengd\Desktop\论文\W-MADDPG\MADDPG_Discrete\results\exp9_voil\phase0_fz_r07s06_s10.csv
