WARNING:tensorflow:From C:\Users\zengd\Desktop\论文\W-MADDPG\MADDPG_Discrete\train_mappo_phase0.py:155: The name tf.set_random_seed is deprecated. Please use tf.compat.v1.set_random_seed instead.

WARNING:tensorflow:From C:\Users\zengd\Desktop\论文\W-MADDPG\MADDPG_Discrete\mappo_agent.py:31: The name tf.placeholder is deprecated. Please use tf.compat.v1.placeholder instead.

WARNING:tensorflow:From C:\Users\zengd\Desktop\论文\W-MADDPG\MADDPG_Discrete\mappo_agent.py:43: The name tf.variable_scope is deprecated. Please use tf.compat.v1.variable_scope instead.

WARNING:tensorflow:From C:\Users\zengd\Desktop\论文\W-MADDPG\MADDPG_Discrete\mappo_agent.py:7: dense (from tensorflow.python.layers.core) is deprecated and will be removed in a future version.
Instructions for updating:
Use keras.layers.Dense instead.
WARNING:tensorflow:From D:\tool\anaconda\envs\py37tf\lib\site-packages\tensorflow_core\python\layers\core.py:187: Layer.apply (from tensorflow.python.keras.engine.base_layer) is deprecated and will be removed in a future version.
Instructions for updating:
Please use `layer.__call__` method instead.
WARNING:tensorflow:
The TensorFlow contrib module will not be included in TensorFlow 2.0.
For more information, please see:
  * https://github.com/tensorflow/community/blob/master/rfcs/20180907-contrib-sunset.md
  * https://github.com/tensorflow/addons
  * https://github.com/tensorflow/io (for I/O related ops)
If you depend on functionality not listed there, please file an issue.

WARNING:tensorflow:From C:\Users\zengd\Desktop\论文\W-MADDPG\MADDPG_Discrete\mappo_agent.py:114: The name tf.log is deprecated. Please use tf.math.log instead.

WARNING:tensorflow:From C:\Users\zengd\Desktop\论文\W-MADDPG\MADDPG_Discrete\mappo_agent.py:76: The name tf.get_collection is deprecated. Please use tf.compat.v1.get_collection instead.

WARNING:tensorflow:From C:\Users\zengd\Desktop\论文\W-MADDPG\MADDPG_Discrete\mappo_agent.py:76: The name tf.GraphKeys is deprecated. Please use tf.compat.v1.GraphKeys instead.

WARNING:tensorflow:From C:\Users\zengd\Desktop\论文\W-MADDPG\MADDPG_Discrete\mappo_agent.py:122: The name tf.train.AdamOptimizer is deprecated. Please use tf.compat.v1.train.AdamOptimizer instead.

WARNING:tensorflow:From D:\tool\anaconda\envs\py37tf\lib\site-packages\tensorflow_core\python\ops\math_grad.py:1424: where (from tensorflow.python.ops.array_ops) is deprecated and will be removed in a future version.
Instructions for updating:
Use tf.where in 2.0, which has the same broadcast rule as np.where
WARNING:tensorflow:From C:\Users\zengd\Desktop\论文\W-MADDPG\MADDPG_Discrete\train_mappo_phase0.py:230: The name tf.ConfigProto is deprecated. Please use tf.compat.v1.ConfigProto instead.

WARNING:tensorflow:From C:\Users\zengd\Desktop\论文\W-MADDPG\MADDPG_Discrete\train_mappo_phase0.py:234: The name tf.Session is deprecated. Please use tf.compat.v1.Session instead.

2026-09-22 12:04:06.952827: I tensorflow/core/platform/cpu_feature_guard.cc:142] Your CPU supports instructions that this TensorFlow binary was not compiled to use: AVX2
WARNING:tensorflow:From C:\Users\zengd\Desktop\论文\W-MADDPG\MADDPG_Discrete\train_mappo_phase0.py:235: The name tf.global_variables_initializer is deprecated. Please use tf.compat.v1.global_variables_initializer instead.

ep 1/4000 | reward(MA200)=-57.26 success=7.00 fail=18.00 | 1.08s/ep | delay=0.00
ep 50/4000 | reward(MA200)=-48.41 success=7.72 fail=17.28 | 0.15s/ep | delay=0.00
ep 100/4000 | reward(MA200)=-46.07 success=7.94 fail=17.06 | 0.12s/ep | delay=0.00
ep 150/4000 | reward(MA200)=-45.33 success=8.01 fail=16.99 | 0.12s/ep | delay=0.00
ep 200/4000 | reward(MA200)=-43.94 success=8.14 fail=16.86 | 0.11s/ep | delay=0.00
ep 250/4000 | reward(MA200)=-42.92 success=8.24 fail=16.76 | 0.11s/ep | delay=0.00
ep 300/4000 | reward(MA200)=-39.80 success=8.54 fail=16.45 | 0.11s/ep | delay=0.00
ep 350/4000 | reward(MA200)=-37.25 success=8.79 fail=16.20 | 0.11s/ep | delay=0.00
ep 400/4000 | reward(MA200)=-36.14 success=8.89 fail=16.11 | 0.11s/ep | delay=0.00
ep 450/4000 | reward(MA200)=-33.29 success=9.18 fail=15.82 | 0.11s/ep | delay=0.00
ep 500/4000 | reward(MA200)=-33.01 success=9.21 fail=15.79 | 0.10s/ep | delay=0.00
ep 550/4000 | reward(MA200)=-29.99 success=9.52 fail=15.48 | 0.10s/ep | delay=0.00
ep 600/4000 | reward(MA200)=-27.23 success=9.81 fail=15.19 | 0.10s/ep | delay=0.00
ep 650/4000 | reward(MA200)=-24.73 success=10.07 fail=14.93 | 0.10s/ep | delay=0.00
ep 700/4000 | reward(MA200)=-20.98 success=10.45 fail=14.55 | 0.10s/ep | delay=0.00
ep 750/4000 | reward(MA200)=-20.19 success=10.53 fail=14.47 | 0.10s/ep | delay=0.00
ep 800/4000 | reward(MA200)=-17.20 success=10.83 fail=14.17 | 0.10s/ep | delay=0.00
ep 850/4000 | reward(MA200)=-14.37 success=11.12 fail=13.88 | 0.11s/ep | delay=0.00
ep 900/4000 | reward(MA200)=-13.60 success=11.21 fail=13.79 | 0.11s/ep | delay=0.00
ep 950/4000 | reward(MA200)=-10.93 success=11.48 fail=13.52 | 0.11s/ep | delay=0.00
ep 1000/4000 | reward(MA200)=-10.12 success=11.56 fail=13.44 | 0.11s/ep | delay=0.00
ep 1050/4000 | reward(MA200)=-10.07 success=11.57 fail=13.43 | 0.11s/ep | delay=0.00
ep 1100/4000 | reward(MA200)=-8.78 success=11.71 fail=13.29 | 0.10s/ep | delay=0.00
ep 1150/4000 | reward(MA200)=-8.18 success=11.77 fail=13.23 | 0.10s/ep | delay=0.00
ep 1200/4000 | reward(MA200)=-6.55 success=11.93 fail=13.07 | 0.10s/ep | delay=0.00
ep 1250/4000 | reward(MA200)=-3.81 success=12.21 fail=12.79 | 0.10s/ep | delay=0.00
ep 1300/4000 | reward(MA200)=-1.72 success=12.42 fail=12.58 | 0.10s/ep | delay=0.00
ep 1350/4000 | reward(MA200)=-0.64 success=12.53 fail=12.47 | 0.10s/ep | delay=0.00
ep 1400/4000 | reward(MA200)=-0.32 success=12.56 fail=12.44 | 0.10s/ep | delay=0.00
ep 1450/4000 | reward(MA200)=-0.40 success=12.55 fail=12.45 | 0.10s/ep | delay=0.00
ep 1500/4000 | reward(MA200)=-0.36 success=12.56 fail=12.44 | 0.10s/ep | delay=0.00
ep 1550/4000 | reward(MA200)=1.00 success=12.70 fail=12.30 | 0.10s/ep | delay=0.00
ep 1600/4000 | reward(MA200)=2.15 success=12.82 fail=12.18 | 0.10s/ep | delay=0.00
ep 1650/4000 | reward(MA200)=3.14 success=12.94 fail=12.06 | 0.10s/ep | delay=0.00
ep 1700/4000 | reward(MA200)=3.79 success=13.02 fail=11.98 | 0.10s/ep | delay=0.00
ep 1750/4000 | reward(MA200)=3.38 success=12.99 fail=12.01 | 0.10s/ep | delay=0.00
ep 1800/4000 | reward(MA200)=3.80 success=13.05 fail=11.95 | 0.10s/ep | delay=0.00
ep 1850/4000 | reward(MA200)=4.14 success=13.10 fail=11.90 | 0.10s/ep | delay=0.00
ep 1900/4000 | reward(MA200)=3.87 success=13.08 fail=11.92 | 0.10s/ep | delay=0.00
ep 1950/4000 | reward(MA200)=4.71 success=13.16 fail=11.84 | 0.10s/ep | delay=0.00
ep 2000/4000 | reward(MA200)=4.31 success=13.12 fail=11.88 | 0.10s/ep | delay=0.00
ep 2050/4000 | reward(MA200)=4.16 success=13.10 fail=11.90 | 0.10s/ep | delay=0.00
ep 2100/4000 | reward(MA200)=4.85 success=13.16 fail=11.84 | 0.10s/ep | delay=0.00
ep 2150/4000 | reward(MA200)=3.79 success=13.06 fail=11.94 | 0.10s/ep | delay=0.00
ep 2200/4000 | reward(MA200)=4.72 success=13.16 fail=11.84 | 0.10s/ep | delay=0.00
ep 2250/4000 | reward(MA200)=5.60 success=13.24 fail=11.76 | 0.10s/ep | delay=0.00
ep 2300/4000 | reward(MA200)=6.14 success=13.30 fail=11.70 | 0.10s/ep | delay=0.00
ep 2350/4000 | reward(MA200)=6.94 success=13.38 fail=11.62 | 0.10s/ep | delay=0.00
ep 2400/4000 | reward(MA200)=6.78 success=13.37 fail=11.63 | 0.10s/ep | delay=0.00
ep 2450/4000 | reward(MA200)=6.78 success=13.37 fail=11.63 | 0.10s/ep | delay=0.00
ep 2500/4000 | reward(MA200)=7.46 success=13.43 fail=11.57 | 0.10s/ep | delay=0.00
ep 2550/4000 | reward(MA200)=9.58 success=13.62 fail=11.38 | 0.10s/ep | delay=0.00
ep 2600/4000 | reward(MA200)=9.82 success=13.64 fail=11.36 | 0.10s/ep | delay=0.00
ep 2650/4000 | reward(MA200)=10.64 success=13.71 fail=11.29 | 0.10s/ep | delay=0.00
ep 2700/4000 | reward(MA200)=10.04 success=13.64 fail=11.36 | 0.10s/ep | delay=0.00
ep 2750/4000 | reward(MA200)=10.43 success=13.68 fail=11.32 | 0.10s/ep | delay=0.00
ep 2800/4000 | reward(MA200)=11.61 success=13.79 fail=11.21 | 0.10s/ep | delay=0.00
ep 2850/4000 | reward(MA200)=10.96 success=13.73 fail=11.27 | 0.10s/ep | delay=0.00
ep 2900/4000 | reward(MA200)=11.68 success=13.80 fail=11.20 | 0.10s/ep | delay=0.00
ep 2950/4000 | reward(MA200)=10.70 success=13.71 fail=11.29 | 0.10s/ep | delay=0.00
ep 3000/4000 | reward(MA200)=10.17 success=13.66 fail=11.34 | 0.10s/ep | delay=0.00
ep 3050/4000 | reward(MA200)=10.79 success=13.72 fail=11.28 | 0.10s/ep | delay=0.00
ep 3100/4000 | reward(MA200)=11.55 success=13.80 fail=11.20 | 0.10s/ep | delay=0.00
ep 3150/4000 | reward(MA200)=11.72 success=13.82 fail=11.18 | 0.10s/ep | delay=0.00
ep 3200/4000 | reward(MA200)=12.11 success=13.86 fail=11.14 | 0.10s/ep | delay=0.00
ep 3250/4000 | reward(MA200)=13.48 success=13.99 fail=11.01 | 0.10s/ep | delay=0.00
ep 3300/4000 | reward(MA200)=13.57 success=14.01 fail=10.99 | 0.10s/ep | delay=0.00
ep 3350/4000 | reward(MA200)=14.41 success=14.09 fail=10.91 | 0.10s/ep | delay=0.00
ep 3400/4000 | reward(MA200)=15.53 success=14.21 fail=10.79 | 0.10s/ep | delay=0.00
ep 3450/4000 | reward(MA200)=15.64 success=14.21 fail=10.79 | 0.10s/ep | delay=0.00
ep 3500/4000 | reward(MA200)=15.44 success=14.18 fail=10.82 | 0.10s/ep | delay=0.00
ep 3550/4000 | reward(MA200)=15.42 success=14.18 fail=10.82 | 0.10s/ep | delay=0.00
ep 3600/4000 | reward(MA200)=14.95 success=14.13 fail=10.87 | 0.10s/ep | delay=0.00
ep 3650/4000 | reward(MA200)=14.32 success=14.09 fail=10.91 | 0.10s/ep | delay=0.00
ep 3700/4000 | reward(MA200)=14.79 success=14.14 fail=10.86 | 0.10s/ep | delay=0.00
ep 3750/4000 | reward(MA200)=14.81 success=14.15 fail=10.85 | 0.10s/ep | delay=0.00
ep 3800/4000 | reward(MA200)=15.04 success=14.18 fail=10.82 | 0.10s/ep | delay=0.00
ep 3850/4000 | reward(MA200)=16.05 success=14.28 fail=10.72 | 0.10s/ep | delay=0.00
ep 3900/4000 | reward(MA200)=16.12 success=14.29 fail=10.71 | 0.10s/ep | delay=0.00
ep 3950/4000 | reward(MA200)=16.86 success=14.38 fail=10.62 | 0.10s/ep | delay=0.00
ep 4000/4000 | reward(MA200)=17.66 success=14.46 fail=10.54 | 0.10s/ep | delay=0.00
DONE tag=fz_r07s06_s7 -> C:\Users\zengd\Desktop\论文\W-MADDPG\MADDPG_Discrete\results\exp9_voil\phase0_fz_r07s06_s7.csv
