WARNING:tensorflow:From C:\Users\zengd\Desktop\论文\W-MADDPG\MADDPG_Discrete\train_mappo_phase0.py:155: The name tf.set_random_seed is deprecated. Please use tf.compat.v1.set_random_seed instead.

WARNING:tensorflow:From C:\Users\zengd\Desktop\论文\W-MADDPG\MADDPG_Discrete\mappo_agent.py:31: The name tf.placeholder is deprecated. Please use tf.compat.v1.placeholder instead.

WARNING:tensorflow:From C:\Users\zengd\Desktop\论文\W-MADDPG\MADDPG_Discrete\mappo_agent.py:43: The name tf.variable_scope is deprecated. Please use tf.compat.v1.variable_scope instead.

WARNING:tensorflow:From C:\Users\zengd\Desktop\论文\W-MADDPG\MADDPG_Discrete\mappo_agent.py:7: dense (from tensorflow.python.layers.core) is deprecated and will be removed in a future version.
Instructions for updating:
Use keras.layers.Dense instead.
WARNING:tensorflow:From D:\tool\anaconda\envs\py37tf\lib\site-packages\tensorflow_core\python\layers\core.py:187: Layer.apply (from tensorflow.python.keras.engine.base_layer) is deprecated and will be removed in a future version.
Instructions for updating:
Please use `layer.__call__` method instead.
WARNING:tensorflow:
The TensorFlow contrib module will not be included in TensorFlow 2.0.
For more information, please see:
  * https://github.com/tensorflow/community/blob/master/rfcs/20180907-contrib-sunset.md
  * https://github.com/tensorflow/addons
  * https://github.com/tensorflow/io (for I/O related ops)
If you depend on functionality not listed there, please file an issue.

WARNING:tensorflow:From C:\Users\zengd\Desktop\论文\W-MADDPG\MADDPG_Discrete\mappo_agent.py:114: The name tf.log is deprecated. Please use tf.math.log instead.

WARNING:tensorflow:From C:\Users\zengd\Desktop\论文\W-MADDPG\MADDPG_Discrete\mappo_agent.py:76: The name tf.get_collection is deprecated. Please use tf.compat.v1.get_collection instead.

WARNING:tensorflow:From C:\Users\zengd\Desktop\论文\W-MADDPG\MADDPG_Discrete\mappo_agent.py:76: The name tf.GraphKeys is deprecated. Please use tf.compat.v1.GraphKeys instead.

WARNING:tensorflow:From C:\Users\zengd\Desktop\论文\W-MADDPG\MADDPG_Discrete\mappo_agent.py:122: The name tf.train.AdamOptimizer is deprecated. Please use tf.compat.v1.train.AdamOptimizer instead.

WARNING:tensorflow:From D:\tool\anaconda\envs\py37tf\lib\site-packages\tensorflow_core\python\ops\math_grad.py:1424: where (from tensorflow.python.ops.array_ops) is deprecated and will be removed in a future version.
Instructions for updating:
Use tf.where in 2.0, which has the same broadcast rule as np.where
WARNING:tensorflow:From C:\Users\zengd\Desktop\论文\W-MADDPG\MADDPG_Discrete\train_mappo_phase0.py:230: The name tf.ConfigProto is deprecated. Please use tf.compat.v1.ConfigProto instead.

WARNING:tensorflow:From C:\Users\zengd\Desktop\论文\W-MADDPG\MADDPG_Discrete\train_mappo_phase0.py:234: The name tf.Session is deprecated. Please use tf.compat.v1.Session instead.

2026-09-22 12:04:07.041459: I tensorflow/core/platform/cpu_feature_guard.cc:142] Your CPU supports instructions that this TensorFlow binary was not compiled to use: AVX2
WARNING:tensorflow:From C:\Users\zengd\Desktop\论文\W-MADDPG\MADDPG_Discrete\train_mappo_phase0.py:235: The name tf.global_variables_initializer is deprecated. Please use tf.compat.v1.global_variables_initializer instead.

ep 1/4000 | reward(MA200)=-55.99 success=7.00 fail=18.00 | 1.07s/ep | delay=0.00
ep 50/4000 | reward(MA200)=-55.41 success=7.04 fail=17.96 | 0.15s/ep | delay=0.00
ep 100/4000 | reward(MA200)=-53.02 success=7.29 fail=17.71 | 0.12s/ep | delay=0.00
ep 150/4000 | reward(MA200)=-52.26 success=7.36 fail=17.64 | 0.12s/ep | delay=0.00
ep 200/4000 | reward(MA200)=-50.83 success=7.50 fail=17.50 | 0.11s/ep | delay=0.00
ep 250/4000 | reward(MA200)=-46.99 success=7.87 fail=17.13 | 0.11s/ep | delay=0.00
ep 300/4000 | reward(MA200)=-44.44 success=8.12 fail=16.89 | 0.11s/ep | delay=0.00
ep 350/4000 | reward(MA200)=-41.94 success=8.37 fail=16.64 | 0.11s/ep | delay=0.00
ep 400/4000 | reward(MA200)=-40.95 success=8.46 fail=16.54 | 0.11s/ep | delay=0.00
ep 450/4000 | reward(MA200)=-38.21 success=8.74 fail=16.25 | 0.11s/ep | delay=0.00
ep 500/4000 | reward(MA200)=-36.28 success=8.95 fail=16.05 | 0.10s/ep | delay=0.00
ep 550/4000 | reward(MA200)=-33.76 success=9.20 fail=15.80 | 0.10s/ep | delay=0.00
ep 600/4000 | reward(MA200)=-31.10 success=9.48 fail=15.52 | 0.10s/ep | delay=0.00
ep 650/4000 | reward(MA200)=-30.42 success=9.55 fail=15.45 | 0.10s/ep | delay=0.00
ep 700/4000 | reward(MA200)=-28.84 success=9.71 fail=15.29 | 0.10s/ep | delay=0.00
ep 750/4000 | reward(MA200)=-26.86 success=9.90 fail=15.10 | 0.10s/ep | delay=0.00
ep 800/4000 | reward(MA200)=-24.05 success=10.18 fail=14.82 | 0.10s/ep | delay=0.00
ep 850/4000 | reward(MA200)=-23.23 success=10.26 fail=14.74 | 0.11s/ep | delay=0.00
ep 900/4000 | reward(MA200)=-20.75 success=10.51 fail=14.49 | 0.11s/ep | delay=0.00
ep 950/4000 | reward(MA200)=-18.87 success=10.71 fail=14.29 | 0.11s/ep | delay=0.00
ep 1000/4000 | reward(MA200)=-16.31 success=10.96 fail=14.04 | 0.10s/ep | delay=0.00
ep 1050/4000 | reward(MA200)=-13.39 success=11.26 fail=13.74 | 0.11s/ep | delay=0.00
ep 1100/4000 | reward(MA200)=-10.28 success=11.56 fail=13.44 | 0.10s/ep | delay=0.00
ep 1150/4000 | reward(MA200)=-7.41 success=11.85 fail=13.15 | 0.10s/ep | delay=0.00
ep 1200/4000 | reward(MA200)=-5.71 success=12.02 fail=12.98 | 0.10s/ep | delay=0.00
ep 1250/4000 | reward(MA200)=-2.75 success=12.30 fail=12.70 | 0.10s/ep | delay=0.00
ep 1300/4000 | reward(MA200)=-2.12 success=12.38 fail=12.62 | 0.10s/ep | delay=0.00
ep 1350/4000 | reward(MA200)=-0.21 success=12.57 fail=12.43 | 0.10s/ep | delay=0.00
ep 1400/4000 | reward(MA200)=-0.35 success=12.56 fail=12.44 | 0.10s/ep | delay=0.00
ep 1450/4000 | reward(MA200)=0.56 success=12.65 fail=12.35 | 0.10s/ep | delay=0.00
ep 1500/4000 | reward(MA200)=2.41 success=12.83 fail=12.17 | 0.10s/ep | delay=0.00
ep 1550/4000 | reward(MA200)=3.11 success=12.89 fail=12.11 | 0.10s/ep | delay=0.00
ep 1600/4000 | reward(MA200)=5.05 success=13.07 fail=11.93 | 0.10s/ep | delay=0.00
ep 1650/4000 | reward(MA200)=4.80 success=13.04 fail=11.96 | 0.10s/ep | delay=0.00
ep 1700/4000 | reward(MA200)=4.64 success=13.02 fail=11.98 | 0.10s/ep | delay=0.00
ep 1750/4000 | reward(MA200)=3.89 success=12.95 fail=12.05 | 0.10s/ep | delay=0.00
ep 1800/4000 | reward(MA200)=5.08 success=13.05 fail=11.95 | 0.10s/ep | delay=0.00
ep 1850/4000 | reward(MA200)=5.90 success=13.13 fail=11.87 | 0.10s/ep | delay=0.00
ep 1900/4000 | reward(MA200)=6.04 success=13.15 fail=11.85 | 0.10s/ep | delay=0.00
ep 1950/4000 | reward(MA200)=6.45 success=13.20 fail=11.80 | 0.10s/ep | delay=0.00
ep 2000/4000 | reward(MA200)=6.67 success=13.23 fail=11.77 | 0.10s/ep | delay=0.00
ep 2050/4000 | reward(MA200)=7.41 success=13.30 fail=11.70 | 0.10s/ep | delay=0.00
ep 2100/4000 | reward(MA200)=9.27 success=13.47 fail=11.53 | 0.10s/ep | delay=0.00
ep 2150/4000 | reward(MA200)=11.37 success=13.68 fail=11.32 | 0.10s/ep | delay=0.00
ep 2200/4000 | reward(MA200)=12.83 success=13.81 fail=11.19 | 0.10s/ep | delay=0.00
ep 2250/4000 | reward(MA200)=14.06 success=13.94 fail=11.06 | 0.10s/ep | delay=0.00
ep 2300/4000 | reward(MA200)=14.47 success=13.97 fail=11.03 | 0.10s/ep | delay=0.00
ep 2350/4000 | reward(MA200)=14.58 success=13.98 fail=11.02 | 0.10s/ep | delay=0.00
ep 2400/4000 | reward(MA200)=14.00 success=13.93 fail=11.07 | 0.10s/ep | delay=0.00
ep 2450/4000 | reward(MA200)=13.42 success=13.87 fail=11.13 | 0.10s/ep | delay=0.00
ep 2500/4000 | reward(MA200)=14.06 success=13.94 fail=11.06 | 0.10s/ep | delay=0.00
ep 2550/4000 | reward(MA200)=14.48 success=13.98 fail=11.02 | 0.10s/ep | delay=0.00
ep 2600/4000 | reward(MA200)=15.04 success=14.04 fail=10.96 | 0.10s/ep | delay=0.00
ep 2650/4000 | reward(MA200)=15.65 success=14.11 fail=10.89 | 0.10s/ep | delay=0.00
ep 2700/4000 | reward(MA200)=14.84 success=14.03 fail=10.97 | 0.10s/ep | delay=0.00
ep 2750/4000 | reward(MA200)=15.53 success=14.09 fail=10.91 | 0.10s/ep | delay=0.00
ep 2800/4000 | reward(MA200)=16.38 success=14.18 fail=10.82 | 0.10s/ep | delay=0.00
ep 2850/4000 | reward(MA200)=16.78 success=14.22 fail=10.78 | 0.10s/ep | delay=0.00
ep 2900/4000 | reward(MA200)=17.32 success=14.29 fail=10.71 | 0.10s/ep | delay=0.00
ep 2950/4000 | reward(MA200)=16.79 success=14.25 fail=10.75 | 0.10s/ep | delay=0.00
ep 3000/4000 | reward(MA200)=16.66 success=14.24 fail=10.76 | 0.10s/ep | delay=0.00
ep 3050/4000 | reward(MA200)=17.10 success=14.29 fail=10.71 | 0.10s/ep | delay=0.00
ep 3100/4000 | reward(MA200)=17.55 success=14.34 fail=10.66 | 0.10s/ep | delay=0.00
ep 3150/4000 | reward(MA200)=18.34 success=14.40 fail=10.60 | 0.10s/ep | delay=0.00
ep 3200/4000 | reward(MA200)=17.64 success=14.33 fail=10.67 | 0.10s/ep | delay=0.00
ep 3250/4000 | reward(MA200)=16.57 success=14.23 fail=10.77 | 0.10s/ep | delay=0.00
ep 3300/4000 | reward(MA200)=15.34 success=14.11 fail=10.89 | 0.10s/ep | delay=0.00
ep 3350/4000 | reward(MA200)=14.54 success=14.04 fail=10.96 | 0.10s/ep | delay=0.00
ep 3400/4000 | reward(MA200)=15.08 success=14.10 fail=10.90 | 0.10s/ep | delay=0.00
ep 3450/4000 | reward(MA200)=16.62 success=14.24 fail=10.76 | 0.10s/ep | delay=0.00
ep 3500/4000 | reward(MA200)=18.82 success=14.46 fail=10.54 | 0.10s/ep | delay=0.00
ep 3550/4000 | reward(MA200)=19.47 success=14.54 fail=10.46 | 0.10s/ep | delay=0.00
ep 3600/4000 | reward(MA200)=21.20 success=14.71 fail=10.29 | 0.10s/ep | delay=0.00
ep 3650/4000 | reward(MA200)=20.58 success=14.66 fail=10.34 | 0.10s/ep | delay=0.00
ep 3700/4000 | reward(MA200)=19.73 success=14.57 fail=10.43 | 0.10s/ep | delay=0.00
ep 3750/4000 | reward(MA200)=20.37 success=14.64 fail=10.36 | 0.10s/ep | delay=0.00
ep 3800/4000 | reward(MA200)=19.76 success=14.59 fail=10.41 | 0.10s/ep | delay=0.00
ep 3850/4000 | reward(MA200)=19.95 success=14.61 fail=10.39 | 0.10s/ep | delay=0.00
ep 3900/4000 | reward(MA200)=19.79 success=14.60 fail=10.40 | 0.10s/ep | delay=0.00
ep 3950/4000 | reward(MA200)=19.20 success=14.54 fail=10.46 | 0.10s/ep | delay=0.00
ep 4000/4000 | reward(MA200)=18.75 success=14.49 fail=10.51 | 0.10s/ep | delay=0.00
DONE tag=fz_r07s06_s8 -> C:\Users\zengd\Desktop\论文\W-MADDPG\MADDPG_Discrete\results\exp9_voil\phase0_fz_r07s06_s8.csv
