WARNING:tensorflow:From C:\Users\zengd\Desktop\论文\W-MADDPG\MADDPG_Discrete\train_mappo_phase0.py:150: The name tf.set_random_seed is deprecated. Please use tf.compat.v1.set_random_seed instead.

WARNING:tensorflow:From C:\Users\zengd\Desktop\论文\W-MADDPG\MADDPG_Discrete\mappo_agent.py:31: The name tf.placeholder is deprecated. Please use tf.compat.v1.placeholder instead.

WARNING:tensorflow:From C:\Users\zengd\Desktop\论文\W-MADDPG\MADDPG_Discrete\mappo_agent.py:43: The name tf.variable_scope is deprecated. Please use tf.compat.v1.variable_scope instead.

WARNING:tensorflow:From C:\Users\zengd\Desktop\论文\W-MADDPG\MADDPG_Discrete\mappo_agent.py:7: dense (from tensorflow.python.layers.core) is deprecated and will be removed in a future version.
Instructions for updating:
Use keras.layers.Dense instead.
WARNING:tensorflow:From D:\tool\anaconda\envs\py37tf\lib\site-packages\tensorflow_core\python\layers\core.py:187: Layer.apply (from tensorflow.python.keras.engine.base_layer) is deprecated and will be removed in a future version.
Instructions for updating:
Please use `layer.__call__` method instead.
WARNING:tensorflow:
The TensorFlow contrib module will not be included in TensorFlow 2.0.
For more information, please see:
  * https://github.com/tensorflow/community/blob/master/rfcs/20180907-contrib-sunset.md
  * https://github.com/tensorflow/addons
  * https://github.com/tensorflow/io (for I/O related ops)
If you depend on functionality not listed there, please file an issue.

WARNING:tensorflow:From C:\Users\zengd\Desktop\论文\W-MADDPG\MADDPG_Discrete\mappo_agent.py:114: The name tf.log is deprecated. Please use tf.math.log instead.

WARNING:tensorflow:From C:\Users\zengd\Desktop\论文\W-MADDPG\MADDPG_Discrete\mappo_agent.py:76: The name tf.get_collection is deprecated. Please use tf.compat.v1.get_collection instead.

WARNING:tensorflow:From C:\Users\zengd\Desktop\论文\W-MADDPG\MADDPG_Discrete\mappo_agent.py:76: The name tf.GraphKeys is deprecated. Please use tf.compat.v1.GraphKeys instead.

WARNING:tensorflow:From C:\Users\zengd\Desktop\论文\W-MADDPG\MADDPG_Discrete\mappo_agent.py:122: The name tf.train.AdamOptimizer is deprecated. Please use tf.compat.v1.train.AdamOptimizer instead.

WARNING:tensorflow:From D:\tool\anaconda\envs\py37tf\lib\site-packages\tensorflow_core\python\ops\math_grad.py:1424: where (from tensorflow.python.ops.array_ops) is deprecated and will be removed in a future version.
Instructions for updating:
Use tf.where in 2.0, which has the same broadcast rule as np.where
WARNING:tensorflow:From C:\Users\zengd\Desktop\论文\W-MADDPG\MADDPG_Discrete\train_mappo_phase0.py:215: The name tf.ConfigProto is deprecated. Please use tf.compat.v1.ConfigProto instead.

WARNING:tensorflow:From C:\Users\zengd\Desktop\论文\W-MADDPG\MADDPG_Discrete\train_mappo_phase0.py:219: The name tf.Session is deprecated. Please use tf.compat.v1.Session instead.

2026-09-21 11:18:57.414501: I tensorflow/core/platform/cpu_feature_guard.cc:142] Your CPU supports instructions that this TensorFlow binary was not compiled to use: AVX2
WARNING:tensorflow:From C:\Users\zengd\Desktop\论文\W-MADDPG\MADDPG_Discrete\train_mappo_phase0.py:220: The name tf.global_variables_initializer is deprecated. Please use tf.compat.v1.global_variables_initializer instead.

ep 1/4000 | reward(MA200)=-34.25 success=9.00 fail=16.00 | 3.14s/ep | delay=0.00
ep 50/4000 | reward(MA200)=-40.22 success=8.62 fail=16.38 | 0.20s/ep | delay=0.00
ep 100/4000 | reward(MA200)=-37.85 success=8.86 fail=16.14 | 0.17s/ep | delay=0.00
ep 150/4000 | reward(MA200)=-37.21 success=8.89 fail=16.11 | 0.17s/ep | delay=0.00
ep 200/4000 | reward(MA200)=-39.46 success=8.65 fail=16.35 | 0.17s/ep | delay=0.00
ep 250/4000 | reward(MA200)=-37.64 success=8.81 fail=16.19 | 0.17s/ep | delay=0.00
ep 300/4000 | reward(MA200)=-37.52 success=8.80 fail=16.20 | 0.16s/ep | delay=0.00
ep 350/4000 | reward(MA200)=-37.11 success=8.85 fail=16.16 | 0.17s/ep | delay=0.00
ep 400/4000 | reward(MA200)=-35.67 success=9.00 fail=16.00 | 0.16s/ep | delay=0.00
ep 450/4000 | reward(MA200)=-38.01 success=8.76 fail=16.24 | 0.16s/ep | delay=0.00
ep 500/4000 | reward(MA200)=-39.24 success=8.62 fail=16.39 | 0.16s/ep | delay=0.00
ep 550/4000 | reward(MA200)=-41.86 success=8.33 fail=16.67 | 0.17s/ep | delay=0.00
ep 600/4000 | reward(MA200)=-43.13 success=8.17 fail=16.83 | 0.16s/ep | delay=0.00
ep 650/4000 | reward(MA200)=-44.86 success=7.99 fail=17.01 | 0.17s/ep | delay=0.00
ep 700/4000 | reward(MA200)=-46.83 success=7.79 fail=17.21 | 0.17s/ep | delay=0.00
ep 750/4000 | reward(MA200)=-47.41 success=7.72 fail=17.28 | 0.17s/ep | delay=0.00
ep 800/4000 | reward(MA200)=-48.26 success=7.62 fail=17.38 | 0.17s/ep | delay=0.00
ep 850/4000 | reward(MA200)=-45.73 success=7.87 fail=17.14 | 0.17s/ep | delay=0.00
ep 900/4000 | reward(MA200)=-39.25 success=8.51 fail=16.50 | 0.17s/ep | delay=0.00
ep 950/4000 | reward(MA200)=-32.76 success=9.16 fail=15.84 | 0.17s/ep | delay=0.00
ep 1000/4000 | reward(MA200)=-25.93 success=9.88 fail=15.12 | 0.17s/ep | delay=0.00
ep 1050/4000 | reward(MA200)=-21.83 success=10.34 fail=14.66 | 0.17s/ep | delay=0.00
ep 1100/4000 | reward(MA200)=-22.33 success=10.34 fail=14.66 | 0.17s/ep | delay=0.00
ep 1150/4000 | reward(MA200)=-21.88 success=10.40 fail=14.60 | 0.17s/ep | delay=0.00
ep 1200/4000 | reward(MA200)=-21.63 success=10.41 fail=14.59 | 0.17s/ep | delay=0.00
ep 1250/4000 | reward(MA200)=-18.72 success=10.70 fail=14.30 | 0.18s/ep | delay=0.00
ep 1300/4000 | reward(MA200)=-17.93 success=10.78 fail=14.22 | 0.18s/ep | delay=0.00
ep 1350/4000 | reward(MA200)=-17.14 success=10.85 fail=14.15 | 0.19s/ep | delay=0.00
ep 1400/4000 | reward(MA200)=-16.07 success=10.95 fail=14.05 | 0.19s/ep | delay=0.00
ep 1450/4000 | reward(MA200)=-17.30 success=10.80 fail=14.20 | 0.19s/ep | delay=0.00
ep 1500/4000 | reward(MA200)=-16.51 success=10.84 fail=14.16 | 0.19s/ep | delay=0.00
ep 1550/4000 | reward(MA200)=-16.10 success=10.85 fail=14.15 | 0.19s/ep | delay=0.00
ep 1600/4000 | reward(MA200)=-15.04 success=10.96 fail=14.04 | 0.19s/ep | delay=0.00
ep 1650/4000 | reward(MA200)=-13.57 success=11.10 fail=13.90 | 0.19s/ep | delay=0.00
ep 1700/4000 | reward(MA200)=-12.75 success=11.21 fail=13.79 | 0.19s/ep | delay=0.00
ep 1750/4000 | reward(MA200)=-11.76 success=11.32 fail=13.68 | 0.19s/ep | delay=0.00
ep 1800/4000 | reward(MA200)=-11.08 success=11.41 fail=13.59 | 0.19s/ep | delay=0.00
ep 1850/4000 | reward(MA200)=-10.37 success=11.50 fail=13.50 | 0.19s/ep | delay=0.00
ep 1900/4000 | reward(MA200)=-8.08 success=11.75 fail=13.25 | 0.19s/ep | delay=0.00
ep 1950/4000 | reward(MA200)=-7.25 success=11.85 fail=13.15 | 0.19s/ep | delay=0.00
ep 2000/4000 | reward(MA200)=-8.60 success=11.71 fail=13.29 | 0.19s/ep | delay=0.00
ep 2050/4000 | reward(MA200)=-9.52 success=11.61 fail=13.39 | 0.19s/ep | delay=0.00
ep 2100/4000 | reward(MA200)=-8.51 success=11.68 fail=13.32 | 0.19s/ep | delay=0.00
ep 2150/4000 | reward(MA200)=-9.01 success=11.60 fail=13.40 | 0.19s/ep | delay=0.00
ep 2200/4000 | reward(MA200)=-7.20 success=11.75 fail=13.25 | 0.19s/ep | delay=0.00
ep 2250/4000 | reward(MA200)=-5.29 success=11.93 fail=13.07 | 0.19s/ep | delay=0.00
ep 2300/4000 | reward(MA200)=-3.71 success=12.08 fail=12.92 | 0.19s/ep | delay=0.00
ep 2350/4000 | reward(MA200)=0.01 success=12.46 fail=12.54 | 0.19s/ep | delay=0.00
ep 2400/4000 | reward(MA200)=1.71 success=12.63 fail=12.37 | 0.19s/ep | delay=0.00
ep 2450/4000 | reward(MA200)=2.70 success=12.75 fail=12.25 | 0.19s/ep | delay=0.00
ep 2500/4000 | reward(MA200)=2.53 success=12.75 fail=12.25 | 0.20s/ep | delay=0.00
ep 2550/4000 | reward(MA200)=0.55 success=12.57 fail=12.43 | 0.20s/ep | delay=0.00
ep 2600/4000 | reward(MA200)=-0.28 success=12.52 fail=12.48 | 0.20s/ep | delay=0.00
ep 2650/4000 | reward(MA200)=-1.03 success=12.46 fail=12.54 | 0.20s/ep | delay=0.00
ep 2700/4000 | reward(MA200)=-3.53 success=12.23 fail=12.77 | 0.20s/ep | delay=0.00
ep 2750/4000 | reward(MA200)=-3.85 success=12.21 fail=12.79 | 0.20s/ep | delay=0.00
ep 2800/4000 | reward(MA200)=-3.97 success=12.23 fail=12.77 | 0.20s/ep | delay=0.00
ep 2850/4000 | reward(MA200)=-6.10 success=12.01 fail=12.99 | 0.20s/ep | delay=0.00
ep 2900/4000 | reward(MA200)=-8.10 success=11.79 fail=13.21 | 0.20s/ep | delay=0.00
ep 2950/4000 | reward(MA200)=-11.27 success=11.46 fail=13.54 | 0.20s/ep | delay=0.00
ep 3000/4000 | reward(MA200)=-12.55 success=11.30 fail=13.70 | 0.20s/ep | delay=0.00
ep 3050/4000 | reward(MA200)=-13.14 success=11.26 fail=13.74 | 0.21s/ep | delay=0.00
ep 3100/4000 | reward(MA200)=-12.06 success=11.39 fail=13.61 | 0.21s/ep | delay=0.00
ep 3150/4000 | reward(MA200)=-10.87 success=11.52 fail=13.48 | 0.21s/ep | delay=0.00
ep 3200/4000 | reward(MA200)=-11.85 success=11.43 fail=13.57 | 0.21s/ep | delay=0.00
ep 3250/4000 | reward(MA200)=-11.33 success=11.51 fail=13.49 | 0.21s/ep | delay=0.00
ep 3300/4000 | reward(MA200)=-12.80 success=11.37 fail=13.63 | 0.22s/ep | delay=0.00
ep 3350/4000 | reward(MA200)=-11.15 success=11.54 fail=13.46 | 0.22s/ep | delay=0.00
ep 3400/4000 | reward(MA200)=-8.03 success=11.84 fail=13.16 | 0.21s/ep | delay=0.00
ep 3450/4000 | reward(MA200)=-5.28 success=12.07 fail=12.93 | 0.21s/ep | delay=0.00
ep 3500/4000 | reward(MA200)=-0.77 success=12.51 fail=12.49 | 0.21s/ep | delay=0.00
ep 3550/4000 | reward(MA200)=1.50 success=12.73 fail=12.27 | 0.21s/ep | delay=0.00
ep 3600/4000 | reward(MA200)=2.16 success=12.80 fail=12.20 | 0.21s/ep | delay=0.00
ep 3650/4000 | reward(MA200)=1.86 success=12.79 fail=12.21 | 0.21s/ep | delay=0.00
ep 3700/4000 | reward(MA200)=0.33 success=12.63 fail=12.37 | 0.21s/ep | delay=0.00
ep 3750/4000 | reward(MA200)=-0.67 success=12.53 fail=12.47 | 0.21s/ep | delay=0.00
ep 3800/4000 | reward(MA200)=-1.65 success=12.43 fail=12.57 | 0.21s/ep | delay=0.00
ep 3850/4000 | reward(MA200)=-2.37 success=12.37 fail=12.63 | 0.21s/ep | delay=0.00
ep 3900/4000 | reward(MA200)=-3.37 success=12.29 fail=12.71 | 0.21s/ep | delay=0.00
ep 3950/4000 | reward(MA200)=-4.97 success=12.15 fail=12.85 | 0.21s/ep | delay=0.00
ep 4000/4000 | reward(MA200)=-6.23 success=12.04 fail=12.96 | 0.21s/ep | delay=0.00
DONE tag=c3_none_s6 -> C:\Users\zengd\Desktop\论文\W-MADDPG\MADDPG_Discrete\results\exp4b_seeds\phase0_c3_none_s6.csv
