WARNING:tensorflow:From C:\Users\zengd\Desktop\论文\W-MADDPG\MADDPG_Discrete\train_mappo_phase0.py:150: The name tf.set_random_seed is deprecated. Please use tf.compat.v1.set_random_seed instead.

WARNING:tensorflow:From C:\Users\zengd\Desktop\论文\W-MADDPG\MADDPG_Discrete\mappo_agent.py:31: The name tf.placeholder is deprecated. Please use tf.compat.v1.placeholder instead.

WARNING:tensorflow:From C:\Users\zengd\Desktop\论文\W-MADDPG\MADDPG_Discrete\mappo_agent.py:43: The name tf.variable_scope is deprecated. Please use tf.compat.v1.variable_scope instead.

WARNING:tensorflow:From C:\Users\zengd\Desktop\论文\W-MADDPG\MADDPG_Discrete\mappo_agent.py:7: dense (from tensorflow.python.layers.core) is deprecated and will be removed in a future version.
Instructions for updating:
Use keras.layers.Dense instead.
WARNING:tensorflow:From D:\tool\anaconda\envs\py37tf\lib\site-packages\tensorflow_core\python\layers\core.py:187: Layer.apply (from tensorflow.python.keras.engine.base_layer) is deprecated and will be removed in a future version.
Instructions for updating:
Please use `layer.__call__` method instead.
WARNING:tensorflow:
The TensorFlow contrib module will not be included in TensorFlow 2.0.
For more information, please see:
  * https://github.com/tensorflow/community/blob/master/rfcs/20180907-contrib-sunset.md
  * https://github.com/tensorflow/addons
  * https://github.com/tensorflow/io (for I/O related ops)
If you depend on functionality not listed there, please file an issue.

WARNING:tensorflow:From C:\Users\zengd\Desktop\论文\W-MADDPG\MADDPG_Discrete\mappo_agent.py:114: The name tf.log is deprecated. Please use tf.math.log instead.

WARNING:tensorflow:From C:\Users\zengd\Desktop\论文\W-MADDPG\MADDPG_Discrete\mappo_agent.py:76: The name tf.get_collection is deprecated. Please use tf.compat.v1.get_collection instead.

WARNING:tensorflow:From C:\Users\zengd\Desktop\论文\W-MADDPG\MADDPG_Discrete\mappo_agent.py:76: The name tf.GraphKeys is deprecated. Please use tf.compat.v1.GraphKeys instead.

WARNING:tensorflow:From C:\Users\zengd\Desktop\论文\W-MADDPG\MADDPG_Discrete\mappo_agent.py:122: The name tf.train.AdamOptimizer is deprecated. Please use tf.compat.v1.train.AdamOptimizer instead.

WARNING:tensorflow:From D:\tool\anaconda\envs\py37tf\lib\site-packages\tensorflow_core\python\ops\math_grad.py:1424: where (from tensorflow.python.ops.array_ops) is deprecated and will be removed in a future version.
Instructions for updating:
Use tf.where in 2.0, which has the same broadcast rule as np.where
WARNING:tensorflow:From C:\Users\zengd\Desktop\论文\W-MADDPG\MADDPG_Discrete\train_mappo_phase0.py:215: The name tf.ConfigProto is deprecated. Please use tf.compat.v1.ConfigProto instead.

WARNING:tensorflow:From C:\Users\zengd\Desktop\论文\W-MADDPG\MADDPG_Discrete\train_mappo_phase0.py:219: The name tf.Session is deprecated. Please use tf.compat.v1.Session instead.

2026-09-21 11:18:57.974029: I tensorflow/core/platform/cpu_feature_guard.cc:142] Your CPU supports instructions that this TensorFlow binary was not compiled to use: AVX2
WARNING:tensorflow:From C:\Users\zengd\Desktop\论文\W-MADDPG\MADDPG_Discrete\train_mappo_phase0.py:220: The name tf.global_variables_initializer is deprecated. Please use tf.compat.v1.global_variables_initializer instead.

ep 1/4000 | reward(MA200)=-55.12 success=7.00 fail=18.00 | 3.04s/ep | delay=0.00
ep 50/4000 | reward(MA200)=-49.25 success=7.66 fail=17.34 | 0.20s/ep | delay=0.00
ep 100/4000 | reward(MA200)=-45.64 success=8.08 fail=16.92 | 0.17s/ep | delay=0.00
ep 150/4000 | reward(MA200)=-43.93 success=8.29 fail=16.71 | 0.17s/ep | delay=0.00
ep 200/4000 | reward(MA200)=-41.83 success=8.49 fail=16.50 | 0.17s/ep | delay=0.00
ep 250/4000 | reward(MA200)=-37.15 success=8.97 fail=16.03 | 0.17s/ep | delay=0.00
ep 300/4000 | reward(MA200)=-32.16 success=9.46 fail=15.54 | 0.16s/ep | delay=0.00
ep 350/4000 | reward(MA200)=-24.88 success=10.16 fail=14.84 | 0.17s/ep | delay=0.00
ep 400/4000 | reward(MA200)=-18.36 success=10.80 fail=14.20 | 0.16s/ep | delay=0.00
ep 450/4000 | reward(MA200)=-12.91 success=11.34 fail=13.66 | 0.17s/ep | delay=0.00
ep 500/4000 | reward(MA200)=-10.64 success=11.55 fail=13.45 | 0.17s/ep | delay=0.00
ep 550/4000 | reward(MA200)=-9.33 success=11.68 fail=13.32 | 0.17s/ep | delay=0.00
ep 600/4000 | reward(MA200)=-6.63 success=11.96 fail=13.04 | 0.17s/ep | delay=0.00
ep 650/4000 | reward(MA200)=-4.76 success=12.14 fail=12.86 | 0.17s/ep | delay=0.00
ep 700/4000 | reward(MA200)=-0.69 success=12.53 fail=12.47 | 0.17s/ep | delay=0.00
ep 750/4000 | reward(MA200)=1.11 success=12.71 fail=12.29 | 0.17s/ep | delay=0.00
ep 800/4000 | reward(MA200)=-0.93 success=12.49 fail=12.51 | 0.17s/ep | delay=0.00
ep 850/4000 | reward(MA200)=-1.80 success=12.43 fail=12.57 | 0.17s/ep | delay=0.00
ep 900/4000 | reward(MA200)=-4.23 success=12.21 fail=12.79 | 0.17s/ep | delay=0.00
ep 950/4000 | reward(MA200)=-4.75 success=12.17 fail=12.83 | 0.17s/ep | delay=0.00
ep 1000/4000 | reward(MA200)=-4.29 success=12.22 fail=12.78 | 0.17s/ep | delay=0.00
ep 1050/4000 | reward(MA200)=-2.86 success=12.35 fail=12.65 | 0.17s/ep | delay=0.00
ep 1100/4000 | reward(MA200)=-1.77 success=12.44 fail=12.56 | 0.17s/ep | delay=0.00
ep 1150/4000 | reward(MA200)=0.02 success=12.61 fail=12.39 | 0.18s/ep | delay=0.00
ep 1200/4000 | reward(MA200)=1.13 success=12.72 fail=12.28 | 0.18s/ep | delay=0.00
ep 1250/4000 | reward(MA200)=1.09 success=12.75 fail=12.25 | 0.18s/ep | delay=0.00
ep 1300/4000 | reward(MA200)=0.82 success=12.76 fail=12.24 | 0.18s/ep | delay=0.00
ep 1350/4000 | reward(MA200)=-1.91 success=12.51 fail=12.49 | 0.19s/ep | delay=0.00
ep 1400/4000 | reward(MA200)=-2.68 success=12.43 fail=12.57 | 0.19s/ep | delay=0.00
ep 1450/4000 | reward(MA200)=-2.65 success=12.40 fail=12.60 | 0.19s/ep | delay=0.00
ep 1500/4000 | reward(MA200)=-2.42 success=12.40 fail=12.60 | 0.20s/ep | delay=0.00
ep 1550/4000 | reward(MA200)=-3.24 success=12.30 fail=12.70 | 0.19s/ep | delay=0.00
ep 1600/4000 | reward(MA200)=-4.36 success=12.16 fail=12.84 | 0.19s/ep | delay=0.00
ep 1650/4000 | reward(MA200)=-5.65 success=12.04 fail=12.96 | 0.19s/ep | delay=0.00
ep 1700/4000 | reward(MA200)=-6.27 success=11.96 fail=13.04 | 0.19s/ep | delay=0.00
ep 1750/4000 | reward(MA200)=-4.85 success=12.09 fail=12.91 | 0.19s/ep | delay=0.00
ep 1800/4000 | reward(MA200)=-2.77 success=12.30 fail=12.70 | 0.19s/ep | delay=0.00
ep 1850/4000 | reward(MA200)=-2.07 success=12.38 fail=12.62 | 0.19s/ep | delay=0.00
ep 1900/4000 | reward(MA200)=-1.90 success=12.39 fail=12.61 | 0.19s/ep | delay=0.00
ep 1950/4000 | reward(MA200)=-1.89 success=12.40 fail=12.60 | 0.19s/ep | delay=0.00
ep 2000/4000 | reward(MA200)=-4.48 success=12.14 fail=12.86 | 0.19s/ep | delay=0.00
ep 2050/4000 | reward(MA200)=-4.85 success=12.11 fail=12.89 | 0.19s/ep | delay=0.00
ep 2100/4000 | reward(MA200)=-3.84 success=12.21 fail=12.79 | 0.19s/ep | delay=0.00
ep 2150/4000 | reward(MA200)=-4.82 success=12.11 fail=12.89 | 0.19s/ep | delay=0.00
ep 2200/4000 | reward(MA200)=-2.82 success=12.30 fail=12.70 | 0.19s/ep | delay=0.00
ep 2250/4000 | reward(MA200)=-2.23 success=12.36 fail=12.64 | 0.19s/ep | delay=0.00
ep 2300/4000 | reward(MA200)=-2.76 success=12.30 fail=12.70 | 0.19s/ep | delay=0.00
ep 2350/4000 | reward(MA200)=-1.89 success=12.40 fail=12.60 | 0.19s/ep | delay=0.00
ep 2400/4000 | reward(MA200)=-1.07 success=12.50 fail=12.50 | 0.19s/ep | delay=0.00
ep 2450/4000 | reward(MA200)=0.15 success=12.63 fail=12.37 | 0.20s/ep | delay=0.00
ep 2500/4000 | reward(MA200)=0.10 success=12.64 fail=12.36 | 0.20s/ep | delay=0.00
ep 2550/4000 | reward(MA200)=0.23 success=12.64 fail=12.36 | 0.20s/ep | delay=0.00
ep 2600/4000 | reward(MA200)=-1.00 success=12.51 fail=12.49 | 0.20s/ep | delay=0.00
ep 2650/4000 | reward(MA200)=-3.10 success=12.29 fail=12.71 | 0.20s/ep | delay=0.00
ep 2700/4000 | reward(MA200)=-3.48 success=12.24 fail=12.76 | 0.20s/ep | delay=0.00
ep 2750/4000 | reward(MA200)=-3.56 success=12.23 fail=12.77 | 0.20s/ep | delay=0.00
ep 2800/4000 | reward(MA200)=-2.86 success=12.30 fail=12.70 | 0.20s/ep | delay=0.00
ep 2850/4000 | reward(MA200)=-0.70 success=12.52 fail=12.48 | 0.20s/ep | delay=0.00
ep 2900/4000 | reward(MA200)=0.27 success=12.60 fail=12.40 | 0.20s/ep | delay=0.00
ep 2950/4000 | reward(MA200)=0.84 success=12.64 fail=12.36 | 0.20s/ep | delay=0.00
ep 3000/4000 | reward(MA200)=0.45 success=12.61 fail=12.39 | 0.21s/ep | delay=0.00
ep 3050/4000 | reward(MA200)=-1.02 success=12.46 fail=12.54 | 0.21s/ep | delay=0.00
ep 3100/4000 | reward(MA200)=-2.96 success=12.29 fail=12.71 | 0.21s/ep | delay=0.00
ep 3150/4000 | reward(MA200)=-5.79 success=12.02 fail=12.98 | 0.21s/ep | delay=0.00
ep 3200/4000 | reward(MA200)=-8.08 success=11.79 fail=13.21 | 0.22s/ep | delay=0.00
ep 3250/4000 | reward(MA200)=-11.52 success=11.45 fail=13.55 | 0.22s/ep | delay=0.00
ep 3300/4000 | reward(MA200)=-14.19 success=11.18 fail=13.82 | 0.22s/ep | delay=0.00
ep 3350/4000 | reward(MA200)=-17.67 success=10.80 fail=14.20 | 0.22s/ep | delay=0.00
ep 3400/4000 | reward(MA200)=-20.58 success=10.51 fail=14.49 | 0.22s/ep | delay=0.00
ep 3450/4000 | reward(MA200)=-22.55 success=10.30 fail=14.70 | 0.21s/ep | delay=0.00
ep 3500/4000 | reward(MA200)=-22.47 success=10.30 fail=14.70 | 0.21s/ep | delay=0.00
ep 3550/4000 | reward(MA200)=-19.72 success=10.59 fail=14.41 | 0.21s/ep | delay=0.00
ep 3600/4000 | reward(MA200)=-17.17 success=10.84 fail=14.16 | 0.21s/ep | delay=0.00
ep 3650/4000 | reward(MA200)=-16.69 success=10.88 fail=14.12 | 0.21s/ep | delay=0.00
ep 3700/4000 | reward(MA200)=-15.61 success=10.98 fail=14.02 | 0.21s/ep | delay=0.00
ep 3750/4000 | reward(MA200)=-15.89 success=10.95 fail=14.05 | 0.21s/ep | delay=0.00
ep 3800/4000 | reward(MA200)=-15.89 success=10.93 fail=14.07 | 0.21s/ep | delay=0.00
ep 3850/4000 | reward(MA200)=-13.92 success=11.12 fail=13.88 | 0.21s/ep | delay=0.00
ep 3900/4000 | reward(MA200)=-15.74 success=10.93 fail=14.07 | 0.21s/ep | delay=0.00
ep 3950/4000 | reward(MA200)=-16.66 success=10.84 fail=14.16 | 0.21s/ep | delay=0.00
ep 4000/4000 | reward(MA200)=-17.90 success=10.71 fail=14.29 | 0.21s/ep | delay=0.00
DONE tag=c3_none_s8 -> C:\Users\zengd\Desktop\论文\W-MADDPG\MADDPG_Discrete\results\exp4b_seeds\phase0_c3_none_s8.csv
