WARNING:tensorflow:From C:\Users\zengd\Desktop\论文\W-MADDPG\MADDPG_Discrete\train_mappo_phase0.py:150: The name tf.set_random_seed is deprecated. Please use tf.compat.v1.set_random_seed instead.

WARNING:tensorflow:From C:\Users\zengd\Desktop\论文\W-MADDPG\MADDPG_Discrete\mappo_agent.py:31: The name tf.placeholder is deprecated. Please use tf.compat.v1.placeholder instead.

WARNING:tensorflow:From C:\Users\zengd\Desktop\论文\W-MADDPG\MADDPG_Discrete\mappo_agent.py:43: The name tf.variable_scope is deprecated. Please use tf.compat.v1.variable_scope instead.

WARNING:tensorflow:From C:\Users\zengd\Desktop\论文\W-MADDPG\MADDPG_Discrete\mappo_agent.py:7: dense (from tensorflow.python.layers.core) is deprecated and will be removed in a future version.
Instructions for updating:
Use keras.layers.Dense instead.
WARNING:tensorflow:From D:\tool\anaconda\envs\py37tf\lib\site-packages\tensorflow_core\python\layers\core.py:187: Layer.apply (from tensorflow.python.keras.engine.base_layer) is deprecated and will be removed in a future version.
Instructions for updating:
Please use `layer.__call__` method instead.
WARNING:tensorflow:
The TensorFlow contrib module will not be included in TensorFlow 2.0.
For more information, please see:
  * https://github.com/tensorflow/community/blob/master/rfcs/20180907-contrib-sunset.md
  * https://github.com/tensorflow/addons
  * https://github.com/tensorflow/io (for I/O related ops)
If you depend on functionality not listed there, please file an issue.

WARNING:tensorflow:From C:\Users\zengd\Desktop\论文\W-MADDPG\MADDPG_Discrete\mappo_agent.py:114: The name tf.log is deprecated. Please use tf.math.log instead.

WARNING:tensorflow:From C:\Users\zengd\Desktop\论文\W-MADDPG\MADDPG_Discrete\mappo_agent.py:76: The name tf.get_collection is deprecated. Please use tf.compat.v1.get_collection instead.

WARNING:tensorflow:From C:\Users\zengd\Desktop\论文\W-MADDPG\MADDPG_Discrete\mappo_agent.py:76: The name tf.GraphKeys is deprecated. Please use tf.compat.v1.GraphKeys instead.

WARNING:tensorflow:From C:\Users\zengd\Desktop\论文\W-MADDPG\MADDPG_Discrete\mappo_agent.py:122: The name tf.train.AdamOptimizer is deprecated. Please use tf.compat.v1.train.AdamOptimizer instead.

WARNING:tensorflow:From D:\tool\anaconda\envs\py37tf\lib\site-packages\tensorflow_core\python\ops\math_grad.py:1424: where (from tensorflow.python.ops.array_ops) is deprecated and will be removed in a future version.
Instructions for updating:
Use tf.where in 2.0, which has the same broadcast rule as np.where
WARNING:tensorflow:From C:\Users\zengd\Desktop\论文\W-MADDPG\MADDPG_Discrete\train_mappo_phase0.py:215: The name tf.ConfigProto is deprecated. Please use tf.compat.v1.ConfigProto instead.

WARNING:tensorflow:From C:\Users\zengd\Desktop\论文\W-MADDPG\MADDPG_Discrete\train_mappo_phase0.py:219: The name tf.Session is deprecated. Please use tf.compat.v1.Session instead.

2026-09-21 11:18:58.002913: I tensorflow/core/platform/cpu_feature_guard.cc:142] Your CPU supports instructions that this TensorFlow binary was not compiled to use: AVX2
WARNING:tensorflow:From C:\Users\zengd\Desktop\论文\W-MADDPG\MADDPG_Discrete\train_mappo_phase0.py:220: The name tf.global_variables_initializer is deprecated. Please use tf.compat.v1.global_variables_initializer instead.

ep 1/4000 | reward(MA200)=-66.96 success=6.00 fail=19.00 | 3.02s/ep | delay=0.00
ep 50/4000 | reward(MA200)=-41.14 success=8.48 fail=16.52 | 0.20s/ep | delay=0.00
ep 100/4000 | reward(MA200)=-37.08 success=8.89 fail=16.11 | 0.17s/ep | delay=0.00
ep 150/4000 | reward(MA200)=-31.07 success=9.45 fail=15.55 | 0.17s/ep | delay=0.00
ep 200/4000 | reward(MA200)=-28.00 success=9.73 fail=15.27 | 0.16s/ep | delay=0.00
ep 250/4000 | reward(MA200)=-23.70 success=10.14 fail=14.86 | 0.16s/ep | delay=0.00
ep 300/4000 | reward(MA200)=-21.16 success=10.38 fail=14.62 | 0.16s/ep | delay=0.00
ep 350/4000 | reward(MA200)=-23.49 success=10.14 fail=14.86 | 0.16s/ep | delay=0.00
ep 400/4000 | reward(MA200)=-28.07 success=9.71 fail=15.29 | 0.16s/ep | delay=0.00
ep 450/4000 | reward(MA200)=-31.30 success=9.43 fail=15.57 | 0.16s/ep | delay=0.00
ep 500/4000 | reward(MA200)=-33.92 success=9.19 fail=15.81 | 0.16s/ep | delay=0.00
ep 550/4000 | reward(MA200)=-38.06 success=8.80 fail=16.20 | 0.16s/ep | delay=0.00
ep 600/4000 | reward(MA200)=-39.15 success=8.69 fail=16.31 | 0.16s/ep | delay=0.00
ep 650/4000 | reward(MA200)=-38.92 success=8.70 fail=16.30 | 0.17s/ep | delay=0.00
ep 700/4000 | reward(MA200)=-38.55 success=8.72 fail=16.28 | 0.17s/ep | delay=0.00
ep 750/4000 | reward(MA200)=-33.99 success=9.16 fail=15.84 | 0.17s/ep | delay=0.00
ep 800/4000 | reward(MA200)=-29.08 success=9.64 fail=15.36 | 0.17s/ep | delay=0.00
ep 850/4000 | reward(MA200)=-24.05 success=10.14 fail=14.86 | 0.17s/ep | delay=0.00
ep 900/4000 | reward(MA200)=-18.23 success=10.71 fail=14.29 | 0.17s/ep | delay=0.00
ep 950/4000 | reward(MA200)=-12.20 success=11.34 fail=13.66 | 0.17s/ep | delay=0.00
ep 1000/4000 | reward(MA200)=-7.64 success=11.83 fail=13.17 | 0.17s/ep | delay=0.00
ep 1050/4000 | reward(MA200)=-3.36 success=12.29 fail=12.71 | 0.17s/ep | delay=0.00
ep 1100/4000 | reward(MA200)=-0.92 success=12.55 fail=12.45 | 0.17s/ep | delay=0.00
ep 1150/4000 | reward(MA200)=0.93 success=12.74 fail=12.26 | 0.17s/ep | delay=0.00
ep 1200/4000 | reward(MA200)=2.21 success=12.86 fail=12.14 | 0.17s/ep | delay=0.00
ep 1250/4000 | reward(MA200)=3.28 success=12.96 fail=12.04 | 0.18s/ep | delay=0.00
ep 1300/4000 | reward(MA200)=3.63 success=12.98 fail=12.02 | 0.18s/ep | delay=0.00
ep 1350/4000 | reward(MA200)=2.37 success=12.86 fail=12.14 | 0.19s/ep | delay=0.00
ep 1400/4000 | reward(MA200)=4.22 success=13.04 fail=11.96 | 0.19s/ep | delay=0.00
ep 1450/4000 | reward(MA200)=5.49 success=13.16 fail=11.84 | 0.19s/ep | delay=0.00
ep 1500/4000 | reward(MA200)=6.88 success=13.31 fail=11.69 | 0.19s/ep | delay=0.00
ep 1550/4000 | reward(MA200)=8.14 success=13.42 fail=11.58 | 0.19s/ep | delay=0.00
ep 1600/4000 | reward(MA200)=7.04 success=13.30 fail=11.70 | 0.19s/ep | delay=0.00
ep 1650/4000 | reward(MA200)=2.81 success=12.85 fail=12.15 | 0.19s/ep | delay=0.00
ep 1700/4000 | reward(MA200)=0.83 success=12.64 fail=12.36 | 0.19s/ep | delay=0.00
ep 1750/4000 | reward(MA200)=-0.07 success=12.55 fail=12.45 | 0.19s/ep | delay=0.00
ep 1800/4000 | reward(MA200)=-1.50 success=12.41 fail=12.59 | 0.19s/ep | delay=0.00
ep 1850/4000 | reward(MA200)=1.52 success=12.73 fail=12.27 | 0.19s/ep | delay=0.00
ep 1900/4000 | reward(MA200)=2.24 success=12.80 fail=12.20 | 0.19s/ep | delay=0.00
ep 1950/4000 | reward(MA200)=3.41 success=12.93 fail=12.07 | 0.19s/ep | delay=0.00
ep 2000/4000 | reward(MA200)=5.56 success=13.15 fail=11.85 | 0.19s/ep | delay=0.00
ep 2050/4000 | reward(MA200)=7.27 success=13.31 fail=11.69 | 0.19s/ep | delay=0.00
ep 2100/4000 | reward(MA200)=8.85 success=13.46 fail=11.54 | 0.19s/ep | delay=0.00
ep 2150/4000 | reward(MA200)=8.78 success=13.45 fail=11.55 | 0.19s/ep | delay=0.00
ep 2200/4000 | reward(MA200)=7.51 success=13.30 fail=11.70 | 0.19s/ep | delay=0.00
ep 2250/4000 | reward(MA200)=4.29 success=12.97 fail=12.03 | 0.19s/ep | delay=0.00
ep 2300/4000 | reward(MA200)=1.09 success=12.66 fail=12.34 | 0.19s/ep | delay=0.00
ep 2350/4000 | reward(MA200)=-0.84 success=12.47 fail=12.53 | 0.19s/ep | delay=0.00
ep 2400/4000 | reward(MA200)=-1.42 success=12.41 fail=12.59 | 0.19s/ep | delay=0.00
ep 2450/4000 | reward(MA200)=-0.98 success=12.46 fail=12.54 | 0.19s/ep | delay=0.00
ep 2500/4000 | reward(MA200)=0.13 success=12.57 fail=12.43 | 0.20s/ep | delay=0.00
ep 2550/4000 | reward(MA200)=2.05 success=12.78 fail=12.22 | 0.20s/ep | delay=0.00
ep 2600/4000 | reward(MA200)=2.28 success=12.80 fail=12.20 | 0.20s/ep | delay=0.00
ep 2650/4000 | reward(MA200)=2.43 success=12.82 fail=12.18 | 0.20s/ep | delay=0.00
ep 2700/4000 | reward(MA200)=2.32 success=12.80 fail=12.20 | 0.20s/ep | delay=0.00
ep 2750/4000 | reward(MA200)=1.34 success=12.70 fail=12.30 | 0.20s/ep | delay=0.00
ep 2800/4000 | reward(MA200)=2.19 success=12.80 fail=12.20 | 0.20s/ep | delay=0.00
ep 2850/4000 | reward(MA200)=1.07 success=12.70 fail=12.30 | 0.20s/ep | delay=0.00
ep 2900/4000 | reward(MA200)=-0.21 success=12.58 fail=12.42 | 0.20s/ep | delay=0.00
ep 2950/4000 | reward(MA200)=-1.81 success=12.42 fail=12.58 | 0.20s/ep | delay=0.00
ep 3000/4000 | reward(MA200)=-3.31 success=12.27 fail=12.73 | 0.20s/ep | delay=0.00
ep 3050/4000 | reward(MA200)=-2.47 success=12.36 fail=12.64 | 0.21s/ep | delay=0.00
ep 3100/4000 | reward(MA200)=-0.58 success=12.54 fail=12.46 | 0.21s/ep | delay=0.00
ep 3150/4000 | reward(MA200)=0.17 success=12.61 fail=12.39 | 0.21s/ep | delay=0.00
ep 3200/4000 | reward(MA200)=0.42 success=12.63 fail=12.37 | 0.21s/ep | delay=0.00
ep 3250/4000 | reward(MA200)=0.54 success=12.65 fail=12.35 | 0.21s/ep | delay=0.00
ep 3300/4000 | reward(MA200)=-0.20 success=12.59 fail=12.41 | 0.22s/ep | delay=0.00
ep 3350/4000 | reward(MA200)=0.82 success=12.69 fail=12.31 | 0.22s/ep | delay=0.00
ep 3400/4000 | reward(MA200)=-0.90 success=12.52 fail=12.48 | 0.21s/ep | delay=0.00
ep 3450/4000 | reward(MA200)=-3.50 success=12.23 fail=12.77 | 0.21s/ep | delay=0.00
ep 3500/4000 | reward(MA200)=-6.77 success=11.88 fail=13.12 | 0.21s/ep | delay=0.00
ep 3550/4000 | reward(MA200)=-10.99 success=11.46 fail=13.54 | 0.21s/ep | delay=0.00
ep 3600/4000 | reward(MA200)=-12.89 success=11.24 fail=13.76 | 0.21s/ep | delay=0.00
ep 3650/4000 | reward(MA200)=-13.21 success=11.19 fail=13.81 | 0.21s/ep | delay=0.00
ep 3700/4000 | reward(MA200)=-11.72 success=11.32 fail=13.68 | 0.21s/ep | delay=0.00
ep 3750/4000 | reward(MA200)=-10.74 success=11.41 fail=13.59 | 0.21s/ep | delay=0.00
ep 3800/4000 | reward(MA200)=-8.99 success=11.61 fail=13.39 | 0.21s/ep | delay=0.00
ep 3850/4000 | reward(MA200)=-8.67 success=11.68 fail=13.32 | 0.21s/ep | delay=0.00
ep 3900/4000 | reward(MA200)=-8.30 success=11.74 fail=13.26 | 0.21s/ep | delay=0.00
ep 3950/4000 | reward(MA200)=-7.18 success=11.87 fail=13.13 | 0.21s/ep | delay=0.00
ep 4000/4000 | reward(MA200)=-6.36 success=11.95 fail=13.05 | 0.21s/ep | delay=0.00
DONE tag=c3_none_s10 -> C:\Users\zengd\Desktop\论文\W-MADDPG\MADDPG_Discrete\results\exp4b_seeds\phase0_c3_none_s10.csv
