WARNING:tensorflow:From C:\Users\zengd\Desktop\论文\W-MADDPG\MADDPG_Discrete\train_mappo_phase0.py:150: The name tf.set_random_seed is deprecated. Please use tf.compat.v1.set_random_seed instead.

WARNING:tensorflow:From C:\Users\zengd\Desktop\论文\W-MADDPG\MADDPG_Discrete\mappo_agent.py:31: The name tf.placeholder is deprecated. Please use tf.compat.v1.placeholder instead.

WARNING:tensorflow:From C:\Users\zengd\Desktop\论文\W-MADDPG\MADDPG_Discrete\mappo_agent.py:43: The name tf.variable_scope is deprecated. Please use tf.compat.v1.variable_scope instead.

WARNING:tensorflow:From C:\Users\zengd\Desktop\论文\W-MADDPG\MADDPG_Discrete\mappo_agent.py:7: dense (from tensorflow.python.layers.core) is deprecated and will be removed in a future version.
Instructions for updating:
Use keras.layers.Dense instead.
WARNING:tensorflow:From D:\tool\anaconda\envs\py37tf\lib\site-packages\tensorflow_core\python\layers\core.py:187: Layer.apply (from tensorflow.python.keras.engine.base_layer) is deprecated and will be removed in a future version.
Instructions for updating:
Please use `layer.__call__` method instead.
WARNING:tensorflow:
The TensorFlow contrib module will not be included in TensorFlow 2.0.
For more information, please see:
  * https://github.com/tensorflow/community/blob/master/rfcs/20180907-contrib-sunset.md
  * https://github.com/tensorflow/addons
  * https://github.com/tensorflow/io (for I/O related ops)
If you depend on functionality not listed there, please file an issue.

WARNING:tensorflow:From C:\Users\zengd\Desktop\论文\W-MADDPG\MADDPG_Discrete\mappo_agent.py:114: The name tf.log is deprecated. Please use tf.math.log instead.

WARNING:tensorflow:From C:\Users\zengd\Desktop\论文\W-MADDPG\MADDPG_Discrete\mappo_agent.py:76: The name tf.get_collection is deprecated. Please use tf.compat.v1.get_collection instead.

WARNING:tensorflow:From C:\Users\zengd\Desktop\论文\W-MADDPG\MADDPG_Discrete\mappo_agent.py:76: The name tf.GraphKeys is deprecated. Please use tf.compat.v1.GraphKeys instead.

WARNING:tensorflow:From C:\Users\zengd\Desktop\论文\W-MADDPG\MADDPG_Discrete\mappo_agent.py:122: The name tf.train.AdamOptimizer is deprecated. Please use tf.compat.v1.train.AdamOptimizer instead.

WARNING:tensorflow:From D:\tool\anaconda\envs\py37tf\lib\site-packages\tensorflow_core\python\ops\math_grad.py:1424: where (from tensorflow.python.ops.array_ops) is deprecated and will be removed in a future version.
Instructions for updating:
Use tf.where in 2.0, which has the same broadcast rule as np.where
WARNING:tensorflow:From C:\Users\zengd\Desktop\论文\W-MADDPG\MADDPG_Discrete\train_mappo_phase0.py:215: The name tf.ConfigProto is deprecated. Please use tf.compat.v1.ConfigProto instead.

WARNING:tensorflow:From C:\Users\zengd\Desktop\论文\W-MADDPG\MADDPG_Discrete\train_mappo_phase0.py:219: The name tf.Session is deprecated. Please use tf.compat.v1.Session instead.

2026-09-21 11:33:08.115389: I tensorflow/core/platform/cpu_feature_guard.cc:142] Your CPU supports instructions that this TensorFlow binary was not compiled to use: AVX2
WARNING:tensorflow:From C:\Users\zengd\Desktop\论文\W-MADDPG\MADDPG_Discrete\train_mappo_phase0.py:220: The name tf.global_variables_initializer is deprecated. Please use tf.compat.v1.global_variables_initializer instead.

ep 1/4000 | reward(MA200)=-46.70 success=8.00 fail=17.00 | 1.97s/ep | delay=2.18
ep 50/4000 | reward(MA200)=-39.69 success=8.64 fail=16.36 | 0.12s/ep | delay=2.27
ep 100/4000 | reward(MA200)=-39.34 success=8.67 fail=16.33 | 0.10s/ep | delay=2.25
ep 150/4000 | reward(MA200)=-35.61 success=9.05 fail=15.95 | 0.10s/ep | delay=2.29
ep 200/4000 | reward(MA200)=-30.54 success=9.54 fail=15.46 | 0.09s/ep | delay=2.20
ep 250/4000 | reward(MA200)=-21.35 success=10.45 fail=14.55 | 0.09s/ep | delay=2.09
ep 300/4000 | reward(MA200)=-12.06 success=11.38 fail=13.62 | 0.09s/ep | delay=2.18
ep 350/4000 | reward(MA200)=-5.71 success=12.01 fail=12.99 | 0.09s/ep | delay=2.26
ep 400/4000 | reward(MA200)=-2.11 success=12.39 fail=12.61 | 0.09s/ep | delay=2.18
ep 450/4000 | reward(MA200)=-3.89 success=12.26 fail=12.74 | 0.09s/ep | delay=2.29
ep 500/4000 | reward(MA200)=-4.46 success=12.24 fail=12.76 | 0.09s/ep | delay=2.24
ep 550/4000 | reward(MA200)=-3.74 success=12.34 fail=12.66 | 0.09s/ep | delay=2.19
ep 600/4000 | reward(MA200)=-4.01 success=12.34 fail=12.66 | 0.09s/ep | delay=2.24
ep 650/4000 | reward(MA200)=-2.44 success=12.48 fail=12.52 | 0.09s/ep | delay=2.14
ep 700/4000 | reward(MA200)=-1.60 success=12.54 fail=12.46 | 0.09s/ep | delay=2.24
ep 750/4000 | reward(MA200)=-1.36 success=12.55 fail=12.45 | 0.09s/ep | delay=2.20
ep 800/4000 | reward(MA200)=-0.08 success=12.64 fail=12.36 | 0.09s/ep | delay=2.28
ep 850/4000 | reward(MA200)=1.33 success=12.74 fail=12.26 | 0.09s/ep | delay=2.19
ep 900/4000 | reward(MA200)=2.64 success=12.85 fail=12.15 | 0.09s/ep | delay=2.20
ep 950/4000 | reward(MA200)=2.00 success=12.76 fail=12.24 | 0.09s/ep | delay=2.22
ep 1000/4000 | reward(MA200)=0.03 success=12.57 fail=12.43 | 0.09s/ep | delay=2.28
ep 1050/4000 | reward(MA200)=0.14 success=12.61 fail=12.39 | 0.09s/ep | delay=2.26
ep 1100/4000 | reward(MA200)=-1.21 success=12.51 fail=12.49 | 0.09s/ep | delay=2.21
ep 1150/4000 | reward(MA200)=0.38 success=12.67 fail=12.33 | 0.09s/ep | delay=2.25
ep 1200/4000 | reward(MA200)=2.69 success=12.88 fail=12.12 | 0.09s/ep | delay=2.32
ep 1250/4000 | reward(MA200)=2.77 success=12.87 fail=12.13 | 0.09s/ep | delay=2.25
ep 1300/4000 | reward(MA200)=2.92 success=12.85 fail=12.15 | 0.09s/ep | delay=2.20
ep 1350/4000 | reward(MA200)=1.34 success=12.68 fail=12.32 | 0.09s/ep | delay=2.20
ep 1400/4000 | reward(MA200)=-0.27 success=12.51 fail=12.49 | 0.08s/ep | delay=2.25
ep 1450/4000 | reward(MA200)=-1.87 success=12.34 fail=12.66 | 0.08s/ep | delay=2.23
ep 1500/4000 | reward(MA200)=-1.89 success=12.34 fail=12.66 | 0.08s/ep | delay=2.25
ep 1550/4000 | reward(MA200)=-1.85 success=12.35 fail=12.65 | 0.08s/ep | delay=2.17
ep 1600/4000 | reward(MA200)=-1.62 success=12.37 fail=12.63 | 0.08s/ep | delay=2.20
ep 1650/4000 | reward(MA200)=0.48 success=12.57 fail=12.43 | 0.08s/ep | delay=2.17
ep 1700/4000 | reward(MA200)=1.88 success=12.70 fail=12.30 | 0.08s/ep | delay=2.23
ep 1750/4000 | reward(MA200)=3.53 success=12.86 fail=12.14 | 0.08s/ep | delay=2.14
ep 1800/4000 | reward(MA200)=4.91 success=12.98 fail=12.02 | 0.08s/ep | delay=2.18
ep 1850/4000 | reward(MA200)=4.67 success=12.95 fail=12.05 | 0.08s/ep | delay=2.26
ep 1900/4000 | reward(MA200)=5.52 success=13.02 fail=11.98 | 0.08s/ep | delay=2.22
ep 1950/4000 | reward(MA200)=6.84 success=13.13 fail=11.87 | 0.08s/ep | delay=2.28
ep 2000/4000 | reward(MA200)=6.90 success=13.12 fail=11.88 | 0.08s/ep | delay=2.25
ep 2050/4000 | reward(MA200)=7.45 success=13.17 fail=11.83 | 0.08s/ep | delay=2.31
ep 2100/4000 | reward(MA200)=6.03 success=13.04 fail=11.96 | 0.08s/ep | delay=2.21
ep 2150/4000 | reward(MA200)=5.95 success=13.03 fail=11.97 | 0.08s/ep | delay=2.15
ep 2200/4000 | reward(MA200)=7.07 success=13.14 fail=11.86 | 0.08s/ep | delay=2.25
ep 2250/4000 | reward(MA200)=8.26 success=13.26 fail=11.74 | 0.08s/ep | delay=2.25
ep 2300/4000 | reward(MA200)=9.15 success=13.34 fail=11.66 | 0.08s/ep | delay=2.27
ep 2350/4000 | reward(MA200)=7.17 success=13.13 fail=11.87 | 0.08s/ep | delay=2.22
ep 2400/4000 | reward(MA200)=6.40 success=13.05 fail=11.95 | 0.08s/ep | delay=2.30
ep 2450/4000 | reward(MA200)=6.16 success=13.02 fail=11.98 | 0.08s/ep | delay=2.24
ep 2500/4000 | reward(MA200)=7.35 success=13.14 fail=11.86 | 0.08s/ep | delay=2.16
ep 2550/4000 | reward(MA200)=9.55 success=13.37 fail=11.63 | 0.08s/ep | delay=2.27
ep 2600/4000 | reward(MA200)=10.64 success=13.48 fail=11.52 | 0.08s/ep | delay=2.21
ep 2650/4000 | reward(MA200)=12.22 success=13.64 fail=11.36 | 0.08s/ep | delay=2.30
ep 2700/4000 | reward(MA200)=12.40 success=13.66 fail=11.34 | 0.08s/ep | delay=2.13
ep 2750/4000 | reward(MA200)=11.60 success=13.59 fail=11.41 | 0.08s/ep | delay=2.20
ep 2800/4000 | reward(MA200)=9.34 success=13.37 fail=11.63 | 0.08s/ep | delay=2.26
ep 2850/4000 | reward(MA200)=7.52 success=13.19 fail=11.81 | 0.08s/ep | delay=2.31
ep 2900/4000 | reward(MA200)=7.69 success=13.21 fail=11.79 | 0.08s/ep | delay=2.18
ep 2950/4000 | reward(MA200)=8.91 success=13.32 fail=11.68 | 0.08s/ep | delay=2.13
ep 3000/4000 | reward(MA200)=10.47 success=13.47 fail=11.53 | 0.08s/ep | delay=2.16
ep 3050/4000 | reward(MA200)=12.06 success=13.62 fail=11.38 | 0.08s/ep | delay=2.26
ep 3100/4000 | reward(MA200)=12.57 success=13.67 fail=11.33 | 0.08s/ep | delay=2.21
ep 3150/4000 | reward(MA200)=13.44 success=13.77 fail=11.23 | 0.08s/ep | delay=2.25
ep 3200/4000 | reward(MA200)=14.47 success=13.88 fail=11.12 | 0.08s/ep | delay=2.18
ep 3250/4000 | reward(MA200)=13.98 success=13.84 fail=11.16 | 0.09s/ep | delay=2.12
ep 3300/4000 | reward(MA200)=11.96 success=13.64 fail=11.36 | 0.09s/ep | delay=2.26
ep 3350/4000 | reward(MA200)=9.67 success=13.41 fail=11.59 | 0.10s/ep | delay=2.15
ep 3400/4000 | reward(MA200)=7.10 success=13.16 fail=11.84 | 0.10s/ep | delay=2.25
ep 3450/4000 | reward(MA200)=4.61 success=12.94 fail=12.06 | 0.10s/ep | delay=2.20
ep 3500/4000 | reward(MA200)=3.96 success=12.88 fail=12.12 | 0.11s/ep | delay=2.14
ep 3550/4000 | reward(MA200)=4.30 success=12.93 fail=12.07 | 0.11s/ep | delay=2.20
ep 3600/4000 | reward(MA200)=5.77 success=13.07 fail=11.93 | 0.12s/ep | delay=2.29
ep 3650/4000 | reward(MA200)=6.39 success=13.12 fail=11.88 | 0.12s/ep | delay=2.14
ep 3700/4000 | reward(MA200)=8.19 success=13.29 fail=11.71 | 0.12s/ep | delay=2.23
ep 3750/4000 | reward(MA200)=10.41 success=13.52 fail=11.48 | 0.13s/ep | delay=2.28
ep 3800/4000 | reward(MA200)=12.15 success=13.69 fail=11.31 | 0.13s/ep | delay=2.29
ep 3850/4000 | reward(MA200)=14.69 success=13.95 fail=11.05 | 0.13s/ep | delay=2.19
ep 3900/4000 | reward(MA200)=14.94 success=13.98 fail=11.02 | 0.14s/ep | delay=2.26
ep 3950/4000 | reward(MA200)=13.90 success=13.87 fail=11.13 | 0.14s/ep | delay=2.23
ep 4000/4000 | reward(MA200)=12.93 success=13.77 fail=11.23 | 0.14s/ep | delay=2.26
DONE tag=c3_unfixed_1-4_s10 -> C:\Users\zengd\Desktop\论文\W-MADDPG\MADDPG_Discrete\results\exp4b_seeds\phase0_c3_unfixed_1-4_s10.csv
