WARNING:tensorflow:From C:\Users\zengd\Desktop\论文\W-MADDPG\MADDPG_Discrete\train_mappo_phase0.py:150: The name tf.set_random_seed is deprecated. Please use tf.compat.v1.set_random_seed instead.

WARNING:tensorflow:From C:\Users\zengd\Desktop\论文\W-MADDPG\MADDPG_Discrete\mappo_agent.py:31: The name tf.placeholder is deprecated. Please use tf.compat.v1.placeholder instead.

WARNING:tensorflow:From C:\Users\zengd\Desktop\论文\W-MADDPG\MADDPG_Discrete\mappo_agent.py:43: The name tf.variable_scope is deprecated. Please use tf.compat.v1.variable_scope instead.

WARNING:tensorflow:From C:\Users\zengd\Desktop\论文\W-MADDPG\MADDPG_Discrete\mappo_agent.py:7: dense (from tensorflow.python.layers.core) is deprecated and will be removed in a future version.
Instructions for updating:
Use keras.layers.Dense instead.
WARNING:tensorflow:From D:\tool\anaconda\envs\py37tf\lib\site-packages\tensorflow_core\python\layers\core.py:187: Layer.apply (from tensorflow.python.keras.engine.base_layer) is deprecated and will be removed in a future version.
Instructions for updating:
Please use `layer.__call__` method instead.
WARNING:tensorflow:
The TensorFlow contrib module will not be included in TensorFlow 2.0.
For more information, please see:
  * https://github.com/tensorflow/community/blob/master/rfcs/20180907-contrib-sunset.md
  * https://github.com/tensorflow/addons
  * https://github.com/tensorflow/io (for I/O related ops)
If you depend on functionality not listed there, please file an issue.

WARNING:tensorflow:From C:\Users\zengd\Desktop\论文\W-MADDPG\MADDPG_Discrete\mappo_agent.py:114: The name tf.log is deprecated. Please use tf.math.log instead.

WARNING:tensorflow:From C:\Users\zengd\Desktop\论文\W-MADDPG\MADDPG_Discrete\mappo_agent.py:76: The name tf.get_collection is deprecated. Please use tf.compat.v1.get_collection instead.

WARNING:tensorflow:From C:\Users\zengd\Desktop\论文\W-MADDPG\MADDPG_Discrete\mappo_agent.py:76: The name tf.GraphKeys is deprecated. Please use tf.compat.v1.GraphKeys instead.

WARNING:tensorflow:From C:\Users\zengd\Desktop\论文\W-MADDPG\MADDPG_Discrete\mappo_agent.py:122: The name tf.train.AdamOptimizer is deprecated. Please use tf.compat.v1.train.AdamOptimizer instead.

WARNING:tensorflow:From D:\tool\anaconda\envs\py37tf\lib\site-packages\tensorflow_core\python\ops\math_grad.py:1424: where (from tensorflow.python.ops.array_ops) is deprecated and will be removed in a future version.
Instructions for updating:
Use tf.where in 2.0, which has the same broadcast rule as np.where
WARNING:tensorflow:From C:\Users\zengd\Desktop\论文\W-MADDPG\MADDPG_Discrete\train_mappo_phase0.py:215: The name tf.ConfigProto is deprecated. Please use tf.compat.v1.ConfigProto instead.

WARNING:tensorflow:From C:\Users\zengd\Desktop\论文\W-MADDPG\MADDPG_Discrete\train_mappo_phase0.py:219: The name tf.Session is deprecated. Please use tf.compat.v1.Session instead.

2026-09-21 11:18:58.334014: I tensorflow/core/platform/cpu_feature_guard.cc:142] Your CPU supports instructions that this TensorFlow binary was not compiled to use: AVX2
WARNING:tensorflow:From C:\Users\zengd\Desktop\论文\W-MADDPG\MADDPG_Discrete\train_mappo_phase0.py:220: The name tf.global_variables_initializer is deprecated. Please use tf.compat.v1.global_variables_initializer instead.

ep 1/4000 | reward(MA200)=-45.89 success=8.00 fail=17.00 | 3.10s/ep | delay=2.19
ep 50/4000 | reward(MA200)=-46.80 success=7.92 fail=17.08 | 0.20s/ep | delay=2.13
ep 100/4000 | reward(MA200)=-40.21 success=8.58 fail=16.42 | 0.17s/ep | delay=2.26
ep 150/4000 | reward(MA200)=-33.53 success=9.24 fail=15.76 | 0.17s/ep | delay=2.25
ep 200/4000 | reward(MA200)=-27.95 success=9.79 fail=15.21 | 0.17s/ep | delay=2.26
ep 250/4000 | reward(MA200)=-20.18 success=10.54 fail=14.46 | 0.17s/ep | delay=2.30
ep 300/4000 | reward(MA200)=-15.72 success=10.96 fail=14.04 | 0.17s/ep | delay=2.28
ep 350/4000 | reward(MA200)=-17.38 success=10.79 fail=14.21 | 0.17s/ep | delay=2.23
ep 400/4000 | reward(MA200)=-22.23 success=10.30 fail=14.70 | 0.17s/ep | delay=2.24
ep 450/4000 | reward(MA200)=-24.29 success=10.11 fail=14.89 | 0.17s/ep | delay=2.29
ep 500/4000 | reward(MA200)=-23.72 success=10.18 fail=14.82 | 0.17s/ep | delay=2.28
ep 550/4000 | reward(MA200)=-18.54 success=10.73 fail=14.27 | 0.17s/ep | delay=2.10
ep 600/4000 | reward(MA200)=-11.90 success=11.42 fail=13.58 | 0.17s/ep | delay=2.23
ep 650/4000 | reward(MA200)=-6.28 success=11.99 fail=13.01 | 0.17s/ep | delay=2.13
ep 700/4000 | reward(MA200)=-3.53 success=12.29 fail=12.71 | 0.17s/ep | delay=2.27
ep 750/4000 | reward(MA200)=-2.98 success=12.33 fail=12.67 | 0.17s/ep | delay=2.17
ep 800/4000 | reward(MA200)=-3.86 success=12.25 fail=12.75 | 0.17s/ep | delay=2.27
ep 850/4000 | reward(MA200)=-5.48 success=12.11 fail=12.89 | 0.17s/ep | delay=2.17
ep 900/4000 | reward(MA200)=-6.73 success=11.98 fail=13.02 | 0.17s/ep | delay=2.16
ep 950/4000 | reward(MA200)=-6.74 success=12.00 fail=13.00 | 0.18s/ep | delay=2.14
ep 1000/4000 | reward(MA200)=-5.92 success=12.11 fail=12.89 | 0.18s/ep | delay=2.15
ep 1050/4000 | reward(MA200)=-4.49 success=12.24 fail=12.76 | 0.18s/ep | delay=2.25
ep 1100/4000 | reward(MA200)=-2.67 success=12.43 fail=12.57 | 0.18s/ep | delay=2.10
ep 1150/4000 | reward(MA200)=-2.12 success=12.48 fail=12.52 | 0.18s/ep | delay=2.25
ep 1200/4000 | reward(MA200)=-0.93 success=12.58 fail=12.42 | 0.18s/ep | delay=2.23
ep 1250/4000 | reward(MA200)=0.66 success=12.74 fail=12.26 | 0.18s/ep | delay=2.22
ep 1300/4000 | reward(MA200)=1.04 success=12.79 fail=12.21 | 0.19s/ep | delay=2.29
ep 1350/4000 | reward(MA200)=2.51 success=12.94 fail=12.06 | 0.19s/ep | delay=2.11
ep 1400/4000 | reward(MA200)=2.95 success=12.97 fail=12.03 | 0.20s/ep | delay=2.22
ep 1450/4000 | reward(MA200)=-0.35 success=12.64 fail=12.36 | 0.20s/ep | delay=2.24
ep 1500/4000 | reward(MA200)=-3.35 success=12.33 fail=12.67 | 0.20s/ep | delay=2.20
ep 1550/4000 | reward(MA200)=-7.04 success=11.97 fail=13.03 | 0.20s/ep | delay=2.19
ep 1600/4000 | reward(MA200)=-10.80 success=11.64 fail=13.36 | 0.19s/ep | delay=2.24
ep 1650/4000 | reward(MA200)=-12.49 success=11.51 fail=13.49 | 0.19s/ep | delay=2.19
ep 1700/4000 | reward(MA200)=-13.31 success=11.46 fail=13.54 | 0.19s/ep | delay=2.20
ep 1750/4000 | reward(MA200)=-14.92 success=11.31 fail=13.69 | 0.19s/ep | delay=2.22
ep 1800/4000 | reward(MA200)=-17.24 success=11.07 fail=13.93 | 0.19s/ep | delay=2.25
ep 1850/4000 | reward(MA200)=-16.41 success=11.13 fail=13.87 | 0.19s/ep | delay=2.20
ep 1900/4000 | reward(MA200)=-15.57 success=11.19 fail=13.81 | 0.19s/ep | delay=2.18
ep 1950/4000 | reward(MA200)=-13.75 success=11.35 fail=13.65 | 0.19s/ep | delay=2.10
ep 2000/4000 | reward(MA200)=-11.14 success=11.59 fail=13.41 | 0.19s/ep | delay=2.14
ep 2050/4000 | reward(MA200)=-10.38 success=11.64 fail=13.36 | 0.19s/ep | delay=2.27
ep 2100/4000 | reward(MA200)=-9.17 success=11.76 fail=13.24 | 0.19s/ep | delay=2.24
ep 2150/4000 | reward(MA200)=-7.39 success=11.93 fail=13.07 | 0.19s/ep | delay=2.21
ep 2200/4000 | reward(MA200)=-3.73 success=12.29 fail=12.71 | 0.19s/ep | delay=2.23
ep 2250/4000 | reward(MA200)=-2.14 success=12.47 fail=12.53 | 0.19s/ep | delay=2.26
ep 2300/4000 | reward(MA200)=-1.22 success=12.57 fail=12.43 | 0.19s/ep | delay=2.21
ep 2350/4000 | reward(MA200)=-1.40 success=12.57 fail=12.43 | 0.19s/ep | delay=2.22
ep 2400/4000 | reward(MA200)=-3.39 success=12.39 fail=12.61 | 0.20s/ep | delay=2.22
ep 2450/4000 | reward(MA200)=-2.97 success=12.45 fail=12.55 | 0.20s/ep | delay=2.23
ep 2500/4000 | reward(MA200)=-3.14 success=12.44 fail=12.56 | 0.20s/ep | delay=2.21
ep 2550/4000 | reward(MA200)=-3.77 success=12.38 fail=12.62 | 0.20s/ep | delay=2.10
ep 2600/4000 | reward(MA200)=-4.63 success=12.29 fail=12.71 | 0.20s/ep | delay=2.16
ep 2650/4000 | reward(MA200)=-5.66 success=12.20 fail=12.80 | 0.21s/ep | delay=2.16
ep 2700/4000 | reward(MA200)=-6.99 success=12.07 fail=12.93 | 0.21s/ep | delay=2.26
ep 2750/4000 | reward(MA200)=-7.88 success=11.99 fail=13.01 | 0.21s/ep | delay=2.22
ep 2800/4000 | reward(MA200)=-6.38 success=12.14 fail=12.86 | 0.20s/ep | delay=2.17
ep 2850/4000 | reward(MA200)=-5.95 success=12.16 fail=12.84 | 0.20s/ep | delay=2.13
ep 2900/4000 | reward(MA200)=-4.24 success=12.30 fail=12.70 | 0.20s/ep | delay=2.16
ep 2950/4000 | reward(MA200)=-2.52 success=12.46 fail=12.54 | 0.21s/ep | delay=2.22
ep 3000/4000 | reward(MA200)=-2.37 success=12.46 fail=12.54 | 0.21s/ep | delay=2.22
ep 3050/4000 | reward(MA200)=-2.67 success=12.43 fail=12.57 | 0.21s/ep | delay=2.18
ep 3100/4000 | reward(MA200)=-3.32 success=12.38 fail=12.62 | 0.21s/ep | delay=2.31
ep 3150/4000 | reward(MA200)=-1.83 success=12.53 fail=12.47 | 0.22s/ep | delay=2.21
ep 3200/4000 | reward(MA200)=-0.11 success=12.71 fail=12.29 | 0.22s/ep | delay=2.25
ep 3250/4000 | reward(MA200)=1.98 success=12.92 fail=12.08 | 0.22s/ep | delay=2.20
ep 3300/4000 | reward(MA200)=3.47 success=13.06 fail=11.94 | 0.22s/ep | delay=2.13
ep 3350/4000 | reward(MA200)=5.83 success=13.29 fail=11.71 | 0.22s/ep | delay=2.33
ep 3400/4000 | reward(MA200)=6.57 success=13.36 fail=11.64 | 0.22s/ep | delay=2.17
ep 3450/4000 | reward(MA200)=6.19 success=13.31 fail=11.69 | 0.22s/ep | delay=2.17
ep 3500/4000 | reward(MA200)=7.33 success=13.43 fail=11.57 | 0.22s/ep | delay=2.20
ep 3550/4000 | reward(MA200)=6.68 success=13.37 fail=11.63 | 0.21s/ep | delay=2.26
ep 3600/4000 | reward(MA200)=7.26 success=13.43 fail=11.57 | 0.21s/ep | delay=2.17
ep 3650/4000 | reward(MA200)=10.38 success=13.75 fail=11.25 | 0.21s/ep | delay=2.23
ep 3700/4000 | reward(MA200)=12.70 success=14.00 fail=11.00 | 0.21s/ep | delay=2.26
ep 3750/4000 | reward(MA200)=14.38 success=14.18 fail=10.82 | 0.21s/ep | delay=2.16
ep 3800/4000 | reward(MA200)=15.19 success=14.27 fail=10.73 | 0.21s/ep | delay=2.20
ep 3850/4000 | reward(MA200)=14.41 success=14.20 fail=10.80 | 0.21s/ep | delay=2.17
ep 3900/4000 | reward(MA200)=12.34 success=13.98 fail=11.02 | 0.21s/ep | delay=2.21
ep 3950/4000 | reward(MA200)=10.52 success=13.80 fail=11.20 | 0.21s/ep | delay=2.17
ep 4000/4000 | reward(MA200)=10.18 success=13.78 fail=11.22 | 0.21s/ep | delay=2.16
DONE tag=c3_unfixed_1-4_s7 -> C:\Users\zengd\Desktop\论文\W-MADDPG\MADDPG_Discrete\results\exp4b_seeds\phase0_c3_unfixed_1-4_s7.csv
