WARNING:tensorflow:From C:\Users\zengd\Desktop\论文\W-MADDPG\MADDPG_Discrete\train_mappo_phase0.py:150: The name tf.set_random_seed is deprecated. Please use tf.compat.v1.set_random_seed instead.

WARNING:tensorflow:From C:\Users\zengd\Desktop\论文\W-MADDPG\MADDPG_Discrete\mappo_agent.py:31: The name tf.placeholder is deprecated. Please use tf.compat.v1.placeholder instead.

WARNING:tensorflow:From C:\Users\zengd\Desktop\论文\W-MADDPG\MADDPG_Discrete\mappo_agent.py:43: The name tf.variable_scope is deprecated. Please use tf.compat.v1.variable_scope instead.

WARNING:tensorflow:From C:\Users\zengd\Desktop\论文\W-MADDPG\MADDPG_Discrete\mappo_agent.py:7: dense (from tensorflow.python.layers.core) is deprecated and will be removed in a future version.
Instructions for updating:
Use keras.layers.Dense instead.
WARNING:tensorflow:From D:\tool\anaconda\envs\py37tf\lib\site-packages\tensorflow_core\python\layers\core.py:187: Layer.apply (from tensorflow.python.keras.engine.base_layer) is deprecated and will be removed in a future version.
Instructions for updating:
Please use `layer.__call__` method instead.
WARNING:tensorflow:
The TensorFlow contrib module will not be included in TensorFlow 2.0.
For more information, please see:
  * https://github.com/tensorflow/community/blob/master/rfcs/20180907-contrib-sunset.md
  * https://github.com/tensorflow/addons
  * https://github.com/tensorflow/io (for I/O related ops)
If you depend on functionality not listed there, please file an issue.

WARNING:tensorflow:From C:\Users\zengd\Desktop\论文\W-MADDPG\MADDPG_Discrete\mappo_agent.py:114: The name tf.log is deprecated. Please use tf.math.log instead.

WARNING:tensorflow:From C:\Users\zengd\Desktop\论文\W-MADDPG\MADDPG_Discrete\mappo_agent.py:76: The name tf.get_collection is deprecated. Please use tf.compat.v1.get_collection instead.

WARNING:tensorflow:From C:\Users\zengd\Desktop\论文\W-MADDPG\MADDPG_Discrete\mappo_agent.py:76: The name tf.GraphKeys is deprecated. Please use tf.compat.v1.GraphKeys instead.

WARNING:tensorflow:From C:\Users\zengd\Desktop\论文\W-MADDPG\MADDPG_Discrete\mappo_agent.py:122: The name tf.train.AdamOptimizer is deprecated. Please use tf.compat.v1.train.AdamOptimizer instead.

WARNING:tensorflow:From D:\tool\anaconda\envs\py37tf\lib\site-packages\tensorflow_core\python\ops\math_grad.py:1424: where (from tensorflow.python.ops.array_ops) is deprecated and will be removed in a future version.
Instructions for updating:
Use tf.where in 2.0, which has the same broadcast rule as np.where
WARNING:tensorflow:From C:\Users\zengd\Desktop\论文\W-MADDPG\MADDPG_Discrete\train_mappo_phase0.py:215: The name tf.ConfigProto is deprecated. Please use tf.compat.v1.ConfigProto instead.

WARNING:tensorflow:From C:\Users\zengd\Desktop\论文\W-MADDPG\MADDPG_Discrete\train_mappo_phase0.py:219: The name tf.Session is deprecated. Please use tf.compat.v1.Session instead.

2026-09-21 11:33:08.115390: I tensorflow/core/platform/cpu_feature_guard.cc:142] Your CPU supports instructions that this TensorFlow binary was not compiled to use: AVX2
WARNING:tensorflow:From C:\Users\zengd\Desktop\论文\W-MADDPG\MADDPG_Discrete\train_mappo_phase0.py:220: The name tf.global_variables_initializer is deprecated. Please use tf.compat.v1.global_variables_initializer instead.

ep 1/4000 | reward(MA200)=-55.27 success=7.00 fail=18.00 | 1.99s/ep | delay=2.19
ep 50/4000 | reward(MA200)=-57.88 success=6.70 fail=18.30 | 0.12s/ep | delay=2.23
ep 100/4000 | reward(MA200)=-56.09 success=6.86 fail=18.14 | 0.10s/ep | delay=2.33
ep 150/4000 | reward(MA200)=-50.62 success=7.40 fail=17.60 | 0.10s/ep | delay=2.18
ep 200/4000 | reward(MA200)=-46.23 success=7.84 fail=17.16 | 0.09s/ep | delay=2.23
ep 250/4000 | reward(MA200)=-38.22 success=8.63 fail=16.36 | 0.09s/ep | delay=2.16
ep 300/4000 | reward(MA200)=-32.09 success=9.23 fail=15.77 | 0.09s/ep | delay=2.25
ep 350/4000 | reward(MA200)=-26.42 success=9.79 fail=15.21 | 0.09s/ep | delay=2.34
ep 400/4000 | reward(MA200)=-25.80 success=9.82 fail=15.18 | 0.09s/ep | delay=2.19
ep 450/4000 | reward(MA200)=-26.52 success=9.73 fail=15.27 | 0.09s/ep | delay=2.24
ep 500/4000 | reward(MA200)=-26.06 success=9.78 fail=15.22 | 0.09s/ep | delay=2.20
ep 550/4000 | reward(MA200)=-30.41 success=9.33 fail=15.67 | 0.09s/ep | delay=2.16
ep 600/4000 | reward(MA200)=-30.68 success=9.30 fail=15.70 | 0.09s/ep | delay=2.28
ep 650/4000 | reward(MA200)=-31.76 success=9.20 fail=15.80 | 0.09s/ep | delay=2.21
ep 700/4000 | reward(MA200)=-31.79 success=9.21 fail=15.79 | 0.09s/ep | delay=2.23
ep 750/4000 | reward(MA200)=-29.82 success=9.43 fail=15.57 | 0.09s/ep | delay=2.20
ep 800/4000 | reward(MA200)=-26.86 success=9.75 fail=15.25 | 0.09s/ep | delay=2.27
ep 850/4000 | reward(MA200)=-25.60 success=9.88 fail=15.12 | 0.09s/ep | delay=2.18
ep 900/4000 | reward(MA200)=-24.72 success=9.97 fail=15.03 | 0.09s/ep | delay=2.26
ep 950/4000 | reward(MA200)=-20.76 success=10.38 fail=14.62 | 0.09s/ep | delay=2.29
ep 1000/4000 | reward(MA200)=-19.24 success=10.54 fail=14.46 | 0.08s/ep | delay=2.26
ep 1050/4000 | reward(MA200)=-14.82 success=10.99 fail=14.01 | 0.09s/ep | delay=2.30
ep 1100/4000 | reward(MA200)=-11.11 success=11.36 fail=13.64 | 0.08s/ep | delay=2.25
ep 1150/4000 | reward(MA200)=-9.70 success=11.50 fail=13.50 | 0.08s/ep | delay=2.13
ep 1200/4000 | reward(MA200)=-7.12 success=11.77 fail=13.23 | 0.08s/ep | delay=2.31
ep 1250/4000 | reward(MA200)=-6.01 success=11.91 fail=13.09 | 0.08s/ep | delay=2.19
ep 1300/4000 | reward(MA200)=-5.08 success=12.04 fail=12.96 | 0.08s/ep | delay=2.26
ep 1350/4000 | reward(MA200)=-4.69 success=12.12 fail=12.88 | 0.08s/ep | delay=2.19
ep 1400/4000 | reward(MA200)=-4.00 success=12.21 fail=12.79 | 0.08s/ep | delay=2.11
ep 1450/4000 | reward(MA200)=-2.89 success=12.32 fail=12.68 | 0.08s/ep | delay=2.16
ep 1500/4000 | reward(MA200)=-2.98 success=12.30 fail=12.70 | 0.08s/ep | delay=2.29
ep 1550/4000 | reward(MA200)=-1.56 success=12.42 fail=12.58 | 0.08s/ep | delay=2.17
ep 1600/4000 | reward(MA200)=-2.34 success=12.34 fail=12.66 | 0.08s/ep | delay=2.14
ep 1650/4000 | reward(MA200)=-3.36 success=12.26 fail=12.74 | 0.08s/ep | delay=2.11
ep 1700/4000 | reward(MA200)=-2.60 success=12.37 fail=12.63 | 0.08s/ep | delay=2.27
ep 1750/4000 | reward(MA200)=-4.20 success=12.24 fail=12.76 | 0.08s/ep | delay=2.24
ep 1800/4000 | reward(MA200)=-3.62 success=12.34 fail=12.66 | 0.08s/ep | delay=2.15
ep 1850/4000 | reward(MA200)=-3.37 success=12.37 fail=12.63 | 0.08s/ep | delay=2.20
ep 1900/4000 | reward(MA200)=-3.44 success=12.35 fail=12.65 | 0.08s/ep | delay=2.20
ep 1950/4000 | reward(MA200)=-3.35 success=12.32 fail=12.68 | 0.08s/ep | delay=2.17
ep 2000/4000 | reward(MA200)=-2.92 success=12.32 fail=12.68 | 0.08s/ep | delay=2.30
ep 2050/4000 | reward(MA200)=-2.03 success=12.38 fail=12.62 | 0.08s/ep | delay=2.25
ep 2100/4000 | reward(MA200)=-1.99 success=12.37 fail=12.63 | 0.08s/ep | delay=2.22
ep 2150/4000 | reward(MA200)=-1.47 success=12.39 fail=12.61 | 0.08s/ep | delay=2.25
ep 2200/4000 | reward(MA200)=-2.38 success=12.29 fail=12.71 | 0.08s/ep | delay=2.18
ep 2250/4000 | reward(MA200)=-1.82 success=12.35 fail=12.65 | 0.08s/ep | delay=2.28
ep 2300/4000 | reward(MA200)=-0.91 success=12.44 fail=12.56 | 0.08s/ep | delay=2.19
ep 2350/4000 | reward(MA200)=-1.50 success=12.39 fail=12.61 | 0.08s/ep | delay=2.19
ep 2400/4000 | reward(MA200)=-1.12 success=12.44 fail=12.56 | 0.08s/ep | delay=2.28
ep 2450/4000 | reward(MA200)=-1.76 success=12.36 fail=12.64 | 0.08s/ep | delay=2.29
ep 2500/4000 | reward(MA200)=-3.34 success=12.21 fail=12.79 | 0.08s/ep | delay=2.21
ep 2550/4000 | reward(MA200)=-3.80 success=12.16 fail=12.84 | 0.08s/ep | delay=2.13
ep 2600/4000 | reward(MA200)=-6.44 success=11.89 fail=13.11 | 0.08s/ep | delay=2.31
ep 2650/4000 | reward(MA200)=-8.10 success=11.73 fail=13.27 | 0.08s/ep | delay=2.24
ep 2700/4000 | reward(MA200)=-8.18 success=11.72 fail=13.28 | 0.08s/ep | delay=2.17
ep 2750/4000 | reward(MA200)=-6.94 success=11.84 fail=13.16 | 0.08s/ep | delay=2.22
ep 2800/4000 | reward(MA200)=-4.13 success=12.12 fail=12.88 | 0.08s/ep | delay=2.30
ep 2850/4000 | reward(MA200)=-1.85 success=12.36 fail=12.64 | 0.08s/ep | delay=2.21
ep 2900/4000 | reward(MA200)=-0.09 success=12.53 fail=12.47 | 0.08s/ep | delay=2.17
ep 2950/4000 | reward(MA200)=-0.34 success=12.50 fail=12.50 | 0.08s/ep | delay=2.19
ep 3000/4000 | reward(MA200)=-1.04 success=12.43 fail=12.57 | 0.08s/ep | delay=2.31
ep 3050/4000 | reward(MA200)=-1.27 success=12.40 fail=12.60 | 0.08s/ep | delay=2.22
ep 3100/4000 | reward(MA200)=-1.36 success=12.40 fail=12.60 | 0.08s/ep | delay=2.28
ep 3150/4000 | reward(MA200)=-1.89 success=12.35 fail=12.65 | 0.08s/ep | delay=2.16
ep 3200/4000 | reward(MA200)=-1.48 success=12.39 fail=12.61 | 0.08s/ep | delay=2.25
ep 3250/4000 | reward(MA200)=-3.15 success=12.21 fail=12.79 | 0.09s/ep | delay=2.26
ep 3300/4000 | reward(MA200)=-4.72 success=12.04 fail=12.96 | 0.09s/ep | delay=2.25
ep 3350/4000 | reward(MA200)=-4.83 success=12.02 fail=12.98 | 0.09s/ep | delay=2.19
ep 3400/4000 | reward(MA200)=-5.44 success=11.96 fail=13.04 | 0.10s/ep | delay=2.18
ep 3450/4000 | reward(MA200)=-6.15 success=11.90 fail=13.10 | 0.10s/ep | delay=2.22
ep 3500/4000 | reward(MA200)=-6.44 success=11.88 fail=13.12 | 0.10s/ep | delay=2.22
ep 3550/4000 | reward(MA200)=-7.18 success=11.81 fail=13.19 | 0.10s/ep | delay=2.24
ep 3600/4000 | reward(MA200)=-7.75 success=11.76 fail=13.24 | 0.11s/ep | delay=2.30
ep 3650/4000 | reward(MA200)=-6.23 success=11.90 fail=13.10 | 0.11s/ep | delay=2.29
ep 3700/4000 | reward(MA200)=-5.81 success=11.95 fail=13.05 | 0.11s/ep | delay=2.22
ep 3750/4000 | reward(MA200)=-5.13 success=12.02 fail=12.98 | 0.12s/ep | delay=2.26
ep 3800/4000 | reward(MA200)=-4.50 success=12.08 fail=12.92 | 0.12s/ep | delay=2.07
ep 3850/4000 | reward(MA200)=-4.23 success=12.12 fail=12.88 | 0.12s/ep | delay=2.26
ep 3900/4000 | reward(MA200)=-3.82 success=12.15 fail=12.85 | 0.12s/ep | delay=2.22
ep 3950/4000 | reward(MA200)=-3.66 success=12.16 fail=12.84 | 0.12s/ep | delay=2.22
ep 4000/4000 | reward(MA200)=-3.24 success=12.20 fail=12.80 | 0.13s/ep | delay=2.12
DONE tag=c3_unfixed_1-4_s9 -> C:\Users\zengd\Desktop\论文\W-MADDPG\MADDPG_Discrete\results\exp4b_seeds\phase0_c3_unfixed_1-4_s9.csv
