WARNING:tensorflow:From C:\Users\zengd\Desktop\论文\W-MADDPG\MADDPG_Discrete\train_mappo_dyn.py:144: The name tf.set_random_seed is deprecated. Please use tf.compat.v1.set_random_seed instead.

WARNING:tensorflow:From C:\Users\zengd\Desktop\论文\W-MADDPG\MADDPG_Discrete\mappo_agent.py:34: The name tf.placeholder is deprecated. Please use tf.compat.v1.placeholder instead.

WARNING:tensorflow:From C:\Users\zengd\Desktop\论文\W-MADDPG\MADDPG_Discrete\mappo_agent.py:46: The name tf.variable_scope is deprecated. Please use tf.compat.v1.variable_scope instead.

WARNING:tensorflow:From C:\Users\zengd\Desktop\论文\W-MADDPG\MADDPG_Discrete\mappo_agent.py:7: dense (from tensorflow.python.layers.core) is deprecated and will be removed in a future version.
Instructions for updating:
Use keras.layers.Dense instead.
WARNING:tensorflow:From D:\tool\anaconda\envs\py37tf\lib\site-packages\tensorflow_core\python\layers\core.py:187: Layer.apply (from tensorflow.python.keras.engine.base_layer) is deprecated and will be removed in a future version.
Instructions for updating:
Please use `layer.__call__` method instead.
WARNING:tensorflow:
The TensorFlow contrib module will not be included in TensorFlow 2.0.
For more information, please see:
  * https://github.com/tensorflow/community/blob/master/rfcs/20180907-contrib-sunset.md
  * https://github.com/tensorflow/addons
  * https://github.com/tensorflow/io (for I/O related ops)
If you depend on functionality not listed there, please file an issue.

WARNING:tensorflow:From C:\Users\zengd\Desktop\论文\W-MADDPG\MADDPG_Discrete\mappo_agent.py:136: The name tf.log is deprecated. Please use tf.math.log instead.

WARNING:tensorflow:From C:\Users\zengd\Desktop\论文\W-MADDPG\MADDPG_Discrete\mappo_agent.py:91: The name tf.get_collection is deprecated. Please use tf.compat.v1.get_collection instead.

WARNING:tensorflow:From C:\Users\zengd\Desktop\论文\W-MADDPG\MADDPG_Discrete\mappo_agent.py:91: The name tf.GraphKeys is deprecated. Please use tf.compat.v1.GraphKeys instead.

WARNING:tensorflow:From C:\Users\zengd\Desktop\论文\W-MADDPG\MADDPG_Discrete\mappo_agent.py:144: The name tf.train.AdamOptimizer is deprecated. Please use tf.compat.v1.train.AdamOptimizer instead.

WARNING:tensorflow:From D:\tool\anaconda\envs\py37tf\lib\site-packages\tensorflow_core\python\ops\math_grad.py:1424: where (from tensorflow.python.ops.array_ops) is deprecated and will be removed in a future version.
Instructions for updating:
Use tf.where in 2.0, which has the same broadcast rule as np.where
WARNING:tensorflow:From C:\Users\zengd\Desktop\论文\W-MADDPG\MADDPG_Discrete\train_mappo_dyn.py:196: The name tf.ConfigProto is deprecated. Please use tf.compat.v1.ConfigProto instead.

WARNING:tensorflow:From C:\Users\zengd\Desktop\论文\W-MADDPG\MADDPG_Discrete\train_mappo_dyn.py:198: The name tf.Session is deprecated. Please use tf.compat.v1.Session instead.

2026-09-27 13:35:51.956931: I tensorflow/core/platform/cpu_feature_guard.cc:142] Your CPU supports instructions that this TensorFlow binary was not compiled to use: AVX2
WARNING:tensorflow:From C:\Users\zengd\Desktop\论文\W-MADDPG\MADDPG_Discrete\train_mappo_dyn.py:199: The name tf.global_variables_initializer is deprecated. Please use tf.compat.v1.global_variables_initializer instead.

ep 1/1500 | r=-26.4 s=15 f=20 | route=0.00 cond=0.00 | 1.25s/ep
ep 50/1500 | r=-99.3 s=7 f=26 | route=0.00 cond=0.00 | 0.37s/ep
ep 100/1500 | r=-92.3 s=15 f=33 | route=0.00 cond=0.00 | 0.38s/ep
ep 150/1500 | r=20.8 s=21 f=17 | route=0.00 cond=0.00 | 0.39s/ep
ep 200/1500 | r=-24.4 s=17 f=22 | route=0.00 cond=0.00 | 0.40s/ep
ep 250/1500 | r=16.1 s=14 f=11 | route=0.00 cond=0.00 | 0.42s/ep
ep 300/1500 | r=-62.4 s=13 f=25 | route=0.00 cond=0.00 | 0.42s/ep
ep 350/1500 | r=-37.4 s=17 f=24 | route=0.00 cond=0.00 | 0.43s/ep
ep 400/1500 | r=44.9 s=23 f=14 | route=0.00 cond=0.00 | 0.43s/ep
ep 450/1500 | r=-15.1 s=16 f=19 | route=0.00 cond=0.00 | 0.44s/ep
ep 500/1500 | r=-49.4 s=14 f=23 | route=0.00 cond=0.00 | 0.45s/ep
ep 550/1500 | r=-55.9 s=12 f=23 | route=0.00 cond=0.00 | 0.45s/ep
ep 600/1500 | r=-50.6 s=13 f=23 | route=0.00 cond=0.00 | 0.45s/ep
ep 650/1500 | r=3.6 s=16 f=15 | route=0.00 cond=0.00 | 0.46s/ep
ep 700/1500 | r=-44.3 s=16 f=25 | route=0.00 cond=0.00 | 0.46s/ep
ep 750/1500 | r=-61.4 s=16 f=28 | route=0.00 cond=0.00 | 0.46s/ep
ep 800/1500 | r=-93.0 s=11 f=29 | route=0.00 cond=0.00 | 0.46s/ep
ep 850/1500 | r=-57.2 s=13 f=24 | route=0.00 cond=0.00 | 0.47s/ep
ep 900/1500 | r=-20.4 s=15 f=19 | route=0.00 cond=0.00 | 0.47s/ep
ep 950/1500 | r=-109.4 s=12 f=33 | route=0.00 cond=0.00 | 0.47s/ep
ep 1000/1500 | r=18.0 s=19 f=15 | route=0.00 cond=0.00 | 0.47s/ep
ep 1050/1500 | r=5.4 s=16 f=15 | route=0.00 cond=0.00 | 0.47s/ep
ep 1100/1500 | r=22.9 s=19 f=14 | route=0.00 cond=0.00 | 0.48s/ep
ep 1150/1500 | r=-37.8 s=15 f=22 | route=0.00 cond=0.00 | 0.48s/ep
ep 1200/1500 | r=15.4 s=21 f=18 | route=0.00 cond=0.00 | 0.48s/ep
ep 1250/1500 | r=-5.7 s=21 f=22 | route=0.00 cond=0.00 | 0.48s/ep
ep 1300/1500 | r=34.4 s=21 f=14 | route=0.00 cond=0.00 | 0.48s/ep
ep 1350/1500 | r=-47.2 s=12 f=21 | route=0.00 cond=0.00 | 0.48s/ep
ep 1400/1500 | r=-112.9 s=11 f=33 | route=0.00 cond=0.00 | 0.48s/ep
ep 1450/1500 | r=37.0 s=20 f=13 | route=0.00 cond=0.00 | 0.48s/ep
ep 1500/1500 | r=54.9 s=23 f=12 | route=0.00 cond=0.00 | 0.48s/ep
DONE tag=fl_s2
