WARNING:tensorflow:From C:\Users\zengd\Desktop\论文\W-MADDPG\MADDPG_Discrete\train_mappo_dyn.py:144: The name tf.set_random_seed is deprecated. Please use tf.compat.v1.set_random_seed instead.

WARNING:tensorflow:From C:\Users\zengd\Desktop\论文\W-MADDPG\MADDPG_Discrete\mappo_agent.py:34: The name tf.placeholder is deprecated. Please use tf.compat.v1.placeholder instead.

WARNING:tensorflow:From C:\Users\zengd\Desktop\论文\W-MADDPG\MADDPG_Discrete\mappo_agent.py:46: The name tf.variable_scope is deprecated. Please use tf.compat.v1.variable_scope instead.

WARNING:tensorflow:From C:\Users\zengd\Desktop\论文\W-MADDPG\MADDPG_Discrete\mappo_agent.py:7: dense (from tensorflow.python.layers.core) is deprecated and will be removed in a future version.
Instructions for updating:
Use keras.layers.Dense instead.
WARNING:tensorflow:From D:\tool\anaconda\envs\py37tf\lib\site-packages\tensorflow_core\python\layers\core.py:187: Layer.apply (from tensorflow.python.keras.engine.base_layer) is deprecated and will be removed in a future version.
Instructions for updating:
Please use `layer.__call__` method instead.
WARNING:tensorflow:
The TensorFlow contrib module will not be included in TensorFlow 2.0.
For more information, please see:
  * https://github.com/tensorflow/community/blob/master/rfcs/20180907-contrib-sunset.md
  * https://github.com/tensorflow/addons
  * https://github.com/tensorflow/io (for I/O related ops)
If you depend on functionality not listed there, please file an issue.

WARNING:tensorflow:From C:\Users\zengd\Desktop\论文\W-MADDPG\MADDPG_Discrete\mappo_agent.py:136: The name tf.log is deprecated. Please use tf.math.log instead.

WARNING:tensorflow:From C:\Users\zengd\Desktop\论文\W-MADDPG\MADDPG_Discrete\mappo_agent.py:91: The name tf.get_collection is deprecated. Please use tf.compat.v1.get_collection instead.

WARNING:tensorflow:From C:\Users\zengd\Desktop\论文\W-MADDPG\MADDPG_Discrete\mappo_agent.py:91: The name tf.GraphKeys is deprecated. Please use tf.compat.v1.GraphKeys instead.

WARNING:tensorflow:From C:\Users\zengd\Desktop\论文\W-MADDPG\MADDPG_Discrete\mappo_agent.py:144: The name tf.train.AdamOptimizer is deprecated. Please use tf.compat.v1.train.AdamOptimizer instead.

WARNING:tensorflow:From D:\tool\anaconda\envs\py37tf\lib\site-packages\tensorflow_core\python\ops\math_grad.py:1424: where (from tensorflow.python.ops.array_ops) is deprecated and will be removed in a future version.
Instructions for updating:
Use tf.where in 2.0, which has the same broadcast rule as np.where
WARNING:tensorflow:From C:\Users\zengd\Desktop\论文\W-MADDPG\MADDPG_Discrete\train_mappo_dyn.py:196: The name tf.ConfigProto is deprecated. Please use tf.compat.v1.ConfigProto instead.

WARNING:tensorflow:From C:\Users\zengd\Desktop\论文\W-MADDPG\MADDPG_Discrete\train_mappo_dyn.py:198: The name tf.Session is deprecated. Please use tf.compat.v1.Session instead.

2026-09-27 13:48:17.106283: I tensorflow/core/platform/cpu_feature_guard.cc:142] Your CPU supports instructions that this TensorFlow binary was not compiled to use: AVX2
WARNING:tensorflow:From C:\Users\zengd\Desktop\论文\W-MADDPG\MADDPG_Discrete\train_mappo_dyn.py:199: The name tf.global_variables_initializer is deprecated. Please use tf.compat.v1.global_variables_initializer instead.

ep 1/1500 | r=-5.3 s=16 f=17 | route=0.86 cond=1.00 | 1.17s/ep
ep 50/1500 | r=-9.6 s=19 f=21 | route=0.84 cond=0.75 | 0.37s/ep
ep 100/1500 | r=-85.7 s=16 f=33 | route=0.82 cond=0.82 | 0.32s/ep
ep 150/1500 | r=-70.3 s=13 f=27 | route=0.91 cond=0.62 | 0.30s/ep
ep 200/1500 | r=-70.2 s=19 f=33 | route=0.78 cond=0.89 | 0.29s/ep
ep 250/1500 | r=-77.6 s=15 f=30 | route=0.83 cond=1.00 | 0.29s/ep
ep 300/1500 | r=52.6 s=21 f=11 | route=0.88 cond=0.67 | 0.28s/ep
ep 350/1500 | r=-66.9 s=19 f=32 | route=0.82 cond=0.83 | 0.27s/ep
ep 400/1500 | r=-26.8 s=17 f=22 | route=0.82 cond=0.75 | 0.27s/ep
ep 450/1500 | r=-76.0 s=21 f=36 | route=0.78 cond=0.57 | 0.27s/ep
ep 500/1500 | r=38.2 s=19 f=12 | route=0.85 cond=0.80 | 0.26s/ep
ep 550/1500 | r=82.8 s=27 f=11 | route=0.83 cond=1.00 | 0.26s/ep
ep 600/1500 | r=22.3 s=18 f=14 | route=0.70 cond=0.50 | 0.25s/ep
ep 650/1500 | r=-41.1 s=15 f=23 | route=0.74 cond=0.71 | 0.25s/ep
ep 700/1500 | r=27.2 s=23 f=18 | route=0.91 cond=0.83 | 0.25s/ep
ep 750/1500 | r=-5.4 s=23 f=24 | route=0.79 cond=0.76 | 0.25s/ep
ep 800/1500 | r=39.7 s=21 f=14 | route=0.78 cond=0.50 | 0.25s/ep
ep 850/1500 | r=-20.2 s=22 f=26 | route=0.80 cond=0.90 | 0.25s/ep
ep 900/1500 | r=-18.3 s=23 f=26 | route=0.72 cond=0.79 | 0.24s/ep
ep 950/1500 | r=26.5 s=27 f=22 | route=0.84 cond=1.00 | 0.24s/ep
ep 1000/1500 | r=6.9 s=20 f=19 | route=0.72 cond=0.73 | 0.24s/ep
ep 1050/1500 | r=38.0 s=23 f=16 | route=0.74 cond=0.62 | 0.24s/ep
ep 1100/1500 | r=109.2 s=27 f=6 | route=0.61 cond=1.00 | 0.24s/ep
ep 1150/1500 | r=73.4 s=28 f=14 | route=0.80 cond=0.88 | 0.24s/ep
ep 1200/1500 | r=-21.0 s=17 f=21 | route=0.85 cond=0.79 | 0.24s/ep
ep 1250/1500 | r=78.4 s=29 f=14 | route=0.76 cond=0.50 | 0.24s/ep
ep 1300/1500 | r=48.9 s=21 f=12 | route=0.74 cond=0.57 | 0.24s/ep
ep 1350/1500 | r=22.1 s=26 f=21 | route=0.71 cond=0.67 | 0.24s/ep
ep 1400/1500 | r=-34.4 s=12 f=19 | route=0.74 cond=0.64 | 0.24s/ep
ep 1450/1500 | r=68.0 s=24 f=11 | route=0.83 cond=1.00 | 0.24s/ep
ep 1500/1500 | r=-21.4 s=15 f=19 | route=0.72 cond=0.75 | 0.24s/ep
DONE tag=frozen_s1
