WARNING:tensorflow:From C:\Users\zengd\Desktop\论文\W-MADDPG\MADDPG_Discrete\train_mappo_dyn.py:144: The name tf.set_random_seed is deprecated. Please use tf.compat.v1.set_random_seed instead.

WARNING:tensorflow:From C:\Users\zengd\Desktop\论文\W-MADDPG\MADDPG_Discrete\mappo_agent.py:34: The name tf.placeholder is deprecated. Please use tf.compat.v1.placeholder instead.

WARNING:tensorflow:From C:\Users\zengd\Desktop\论文\W-MADDPG\MADDPG_Discrete\mappo_agent.py:46: The name tf.variable_scope is deprecated. Please use tf.compat.v1.variable_scope instead.

WARNING:tensorflow:From C:\Users\zengd\Desktop\论文\W-MADDPG\MADDPG_Discrete\mappo_agent.py:7: dense (from tensorflow.python.layers.core) is deprecated and will be removed in a future version.
Instructions for updating:
Use keras.layers.Dense instead.
WARNING:tensorflow:From D:\tool\anaconda\envs\py37tf\lib\site-packages\tensorflow_core\python\layers\core.py:187: Layer.apply (from tensorflow.python.keras.engine.base_layer) is deprecated and will be removed in a future version.
Instructions for updating:
Please use `layer.__call__` method instead.
WARNING:tensorflow:
The TensorFlow contrib module will not be included in TensorFlow 2.0.
For more information, please see:
  * https://github.com/tensorflow/community/blob/master/rfcs/20180907-contrib-sunset.md
  * https://github.com/tensorflow/addons
  * https://github.com/tensorflow/io (for I/O related ops)
If you depend on functionality not listed there, please file an issue.

WARNING:tensorflow:From C:\Users\zengd\Desktop\论文\W-MADDPG\MADDPG_Discrete\mappo_agent.py:136: The name tf.log is deprecated. Please use tf.math.log instead.

WARNING:tensorflow:From C:\Users\zengd\Desktop\论文\W-MADDPG\MADDPG_Discrete\mappo_agent.py:91: The name tf.get_collection is deprecated. Please use tf.compat.v1.get_collection instead.

WARNING:tensorflow:From C:\Users\zengd\Desktop\论文\W-MADDPG\MADDPG_Discrete\mappo_agent.py:91: The name tf.GraphKeys is deprecated. Please use tf.compat.v1.GraphKeys instead.

WARNING:tensorflow:From C:\Users\zengd\Desktop\论文\W-MADDPG\MADDPG_Discrete\mappo_agent.py:144: The name tf.train.AdamOptimizer is deprecated. Please use tf.compat.v1.train.AdamOptimizer instead.

WARNING:tensorflow:From D:\tool\anaconda\envs\py37tf\lib\site-packages\tensorflow_core\python\ops\math_grad.py:1424: where (from tensorflow.python.ops.array_ops) is deprecated and will be removed in a future version.
Instructions for updating:
Use tf.where in 2.0, which has the same broadcast rule as np.where
WARNING:tensorflow:From C:\Users\zengd\Desktop\论文\W-MADDPG\MADDPG_Discrete\train_mappo_dyn.py:196: The name tf.ConfigProto is deprecated. Please use tf.compat.v1.ConfigProto instead.

WARNING:tensorflow:From C:\Users\zengd\Desktop\论文\W-MADDPG\MADDPG_Discrete\train_mappo_dyn.py:198: The name tf.Session is deprecated. Please use tf.compat.v1.Session instead.

2026-09-27 13:48:17.095891: I tensorflow/core/platform/cpu_feature_guard.cc:142] Your CPU supports instructions that this TensorFlow binary was not compiled to use: AVX2
WARNING:tensorflow:From C:\Users\zengd\Desktop\论文\W-MADDPG\MADDPG_Discrete\train_mappo_dyn.py:199: The name tf.global_variables_initializer is deprecated. Please use tf.compat.v1.global_variables_initializer instead.

ep 1/1500 | r=-10.6 s=17 f=19 | route=0.88 cond=1.00 | 1.17s/ep
ep 50/1500 | r=-76.0 s=9 f=24 | route=0.83 cond=0.62 | 0.37s/ep
ep 100/1500 | r=-112.1 s=13 f=35 | route=0.86 cond=0.81 | 0.32s/ep
ep 150/1500 | r=72.7 s=26 f=12 | route=0.86 cond=0.90 | 0.30s/ep
ep 200/1500 | r=17.8 s=22 f=19 | route=0.82 cond=0.79 | 0.29s/ep
ep 250/1500 | r=36.8 s=17 f=10 | route=0.79 cond=1.00 | 0.29s/ep
ep 300/1500 | r=-112.5 s=8 f=30 | route=0.88 cond=1.00 | 0.28s/ep
ep 350/1500 | r=-4.7 s=21 f=22 | route=0.85 cond=0.71 | 0.27s/ep
ep 400/1500 | r=26.2 s=21 f=16 | route=0.82 cond=1.00 | 0.27s/ep
ep 450/1500 | r=25.2 s=20 f=15 | route=0.88 cond=1.00 | 0.27s/ep
ep 500/1500 | r=72.5 s=26 f=12 | route=0.82 cond=0.80 | 0.26s/ep
ep 550/1500 | r=-24.5 s=16 f=21 | route=0.75 cond=0.67 | 0.26s/ep
ep 600/1500 | r=-31.9 s=15 f=21 | route=0.88 cond=1.00 | 0.26s/ep
ep 650/1500 | r=-23.8 s=14 f=19 | route=0.81 cond=1.00 | 0.25s/ep
ep 700/1500 | r=-14.7 s=19 f=22 | route=0.76 cond=0.86 | 0.25s/ep
ep 750/1500 | r=10.1 s=22 f=20 | route=0.80 cond=0.88 | 0.25s/ep
ep 800/1500 | r=-61.3 s=15 f=27 | route=0.81 cond=0.88 | 0.25s/ep
ep 850/1500 | r=-4.3 s=18 f=19 | route=0.90 cond=1.00 | 0.25s/ep
ep 900/1500 | r=-24.0 s=16 f=21 | route=0.88 cond=1.00 | 0.24s/ep
ep 950/1500 | r=-16.4 s=21 f=24 | route=0.82 cond=0.88 | 0.24s/ep
ep 1000/1500 | r=30.9 s=20 f=14 | route=0.79 cond=0.60 | 0.24s/ep
ep 1050/1500 | r=60.6 s=22 f=10 | route=0.84 cond=1.00 | 0.25s/ep
ep 1100/1500 | r=-8.9 s=15 f=17 | route=0.86 cond=0.88 | 0.24s/ep
ep 1150/1500 | r=33.9 s=22 f=15 | route=0.76 cond=0.80 | 0.24s/ep
ep 1200/1500 | r=36.6 s=23 f=16 | route=0.84 cond=0.62 | 0.24s/ep
ep 1250/1500 | r=-14.9 s=20 f=23 | route=0.77 cond=1.00 | 0.24s/ep
ep 1300/1500 | r=76.4 s=25 f=10 | route=0.66 cond=1.00 | 0.24s/ep
ep 1350/1500 | r=21.1 s=19 f=15 | route=0.81 cond=0.83 | 0.24s/ep
ep 1400/1500 | r=-45.5 s=19 f=28 | route=0.74 cond=0.92 | 0.24s/ep
ep 1450/1500 | r=52.9 s=22 f=12 | route=0.85 cond=1.00 | 0.24s/ep
ep 1500/1500 | r=34.4 s=21 f=14 | route=0.76 cond=1.00 | 0.24s/ep
DONE tag=frozen_s2
