WARNING:tensorflow:From C:\Users\zengd\Desktop\论文\W-MADDPG\MADDPG_Discrete\train_mappo_phase0.py:150: The name tf.set_random_seed is deprecated. Please use tf.compat.v1.set_random_seed instead.

WARNING:tensorflow:From C:\Users\zengd\Desktop\论文\W-MADDPG\MADDPG_Discrete\mappo_agent.py:31: The name tf.placeholder is deprecated. Please use tf.compat.v1.placeholder instead.

WARNING:tensorflow:From C:\Users\zengd\Desktop\论文\W-MADDPG\MADDPG_Discrete\mappo_agent.py:43: The name tf.variable_scope is deprecated. Please use tf.compat.v1.variable_scope instead.

WARNING:tensorflow:From C:\Users\zengd\Desktop\论文\W-MADDPG\MADDPG_Discrete\mappo_agent.py:7: dense (from tensorflow.python.layers.core) is deprecated and will be removed in a future version.
Instructions for updating:
Use keras.layers.Dense instead.
WARNING:tensorflow:From D:\tool\anaconda\envs\py37tf\lib\site-packages\tensorflow_core\python\layers\core.py:187: Layer.apply (from tensorflow.python.keras.engine.base_layer) is deprecated and will be removed in a future version.
Instructions for updating:
Please use `layer.__call__` method instead.
WARNING:tensorflow:
The TensorFlow contrib module will not be included in TensorFlow 2.0.
For more information, please see:
  * https://github.com/tensorflow/community/blob/master/rfcs/20180907-contrib-sunset.md
  * https://github.com/tensorflow/addons
  * https://github.com/tensorflow/io (for I/O related ops)
If you depend on functionality not listed there, please file an issue.

WARNING:tensorflow:From C:\Users\zengd\Desktop\论文\W-MADDPG\MADDPG_Discrete\mappo_agent.py:114: The name tf.log is deprecated. Please use tf.math.log instead.

WARNING:tensorflow:From C:\Users\zengd\Desktop\论文\W-MADDPG\MADDPG_Discrete\mappo_agent.py:76: The name tf.get_collection is deprecated. Please use tf.compat.v1.get_collection instead.

WARNING:tensorflow:From C:\Users\zengd\Desktop\论文\W-MADDPG\MADDPG_Discrete\mappo_agent.py:76: The name tf.GraphKeys is deprecated. Please use tf.compat.v1.GraphKeys instead.

WARNING:tensorflow:From C:\Users\zengd\Desktop\论文\W-MADDPG\MADDPG_Discrete\mappo_agent.py:122: The name tf.train.AdamOptimizer is deprecated. Please use tf.compat.v1.train.AdamOptimizer instead.

WARNING:tensorflow:From D:\tool\anaconda\envs\py37tf\lib\site-packages\tensorflow_core\python\ops\math_grad.py:1424: where (from tensorflow.python.ops.array_ops) is deprecated and will be removed in a future version.
Instructions for updating:
Use tf.where in 2.0, which has the same broadcast rule as np.where
WARNING:tensorflow:From C:\Users\zengd\Desktop\论文\W-MADDPG\MADDPG_Discrete\train_mappo_phase0.py:215: The name tf.ConfigProto is deprecated. Please use tf.compat.v1.ConfigProto instead.

WARNING:tensorflow:From C:\Users\zengd\Desktop\论文\W-MADDPG\MADDPG_Discrete\train_mappo_phase0.py:219: The name tf.Session is deprecated. Please use tf.compat.v1.Session instead.

2026-09-21 10:19:30.301961: I tensorflow/core/platform/cpu_feature_guard.cc:142] Your CPU supports instructions that this TensorFlow binary was not compiled to use: AVX2
WARNING:tensorflow:From C:\Users\zengd\Desktop\论文\W-MADDPG\MADDPG_Discrete\train_mappo_phase0.py:220: The name tf.global_variables_initializer is deprecated. Please use tf.compat.v1.global_variables_initializer instead.

ep 1/4000 | reward(MA200)=-14.63 success=11.00 fail=14.00 | 2.93s/ep | delay=0.00
ep 50/4000 | reward(MA200)=-51.24 success=7.38 fail=17.62 | 0.18s/ep | delay=0.00
ep 100/4000 | reward(MA200)=-51.69 success=7.36 fail=17.64 | 0.15s/ep | delay=0.00
ep 150/4000 | reward(MA200)=-43.37 success=8.20 fail=16.80 | 0.15s/ep | delay=0.00
ep 200/4000 | reward(MA200)=-36.36 success=8.90 fail=16.09 | 0.15s/ep | delay=0.00
ep 250/4000 | reward(MA200)=-27.13 success=9.84 fail=15.16 | 0.15s/ep | delay=0.00
ep 300/4000 | reward(MA200)=-16.11 success=10.94 fail=14.06 | 0.15s/ep | delay=0.00
ep 350/4000 | reward(MA200)=-12.64 success=11.27 fail=13.73 | 0.15s/ep | delay=0.00
ep 400/4000 | reward(MA200)=-13.98 success=11.13 fail=13.87 | 0.15s/ep | delay=0.00
ep 450/4000 | reward(MA200)=-14.69 success=11.06 fail=13.94 | 0.15s/ep | delay=0.00
ep 500/4000 | reward(MA200)=-16.49 success=10.89 fail=14.11 | 0.15s/ep | delay=0.00
ep 550/4000 | reward(MA200)=-17.96 success=10.79 fail=14.21 | 0.15s/ep | delay=0.00
ep 600/4000 | reward(MA200)=-17.86 success=10.81 fail=14.19 | 0.15s/ep | delay=0.00
ep 650/4000 | reward(MA200)=-19.39 success=10.69 fail=14.31 | 0.15s/ep | delay=0.00
ep 700/4000 | reward(MA200)=-19.93 success=10.66 fail=14.34 | 0.15s/ep | delay=0.00
ep 750/4000 | reward(MA200)=-18.75 success=10.79 fail=14.21 | 0.16s/ep | delay=0.00
ep 800/4000 | reward(MA200)=-16.52 success=11.04 fail=13.96 | 0.16s/ep | delay=0.00
ep 850/4000 | reward(MA200)=-15.37 success=11.15 fail=13.85 | 0.16s/ep | delay=0.00
ep 900/4000 | reward(MA200)=-16.42 success=11.02 fail=13.98 | 0.16s/ep | delay=0.00
ep 950/4000 | reward(MA200)=-18.78 success=10.78 fail=14.22 | 0.16s/ep | delay=0.00
ep 1000/4000 | reward(MA200)=-20.24 success=10.64 fail=14.36 | 0.17s/ep | delay=0.00
ep 1050/4000 | reward(MA200)=-20.11 success=10.65 fail=14.35 | 0.18s/ep | delay=0.00
ep 1100/4000 | reward(MA200)=-18.77 success=10.80 fail=14.20 | 0.18s/ep | delay=0.00
ep 1150/4000 | reward(MA200)=-16.37 success=11.04 fail=13.96 | 0.18s/ep | delay=0.00
ep 1200/4000 | reward(MA200)=-13.72 success=11.28 fail=13.72 | 0.18s/ep | delay=0.00
ep 1250/4000 | reward(MA200)=-10.05 success=11.64 fail=13.36 | 0.18s/ep | delay=0.00
ep 1300/4000 | reward(MA200)=-7.35 success=11.90 fail=13.10 | 0.18s/ep | delay=0.00
ep 1350/4000 | reward(MA200)=-5.64 success=12.07 fail=12.93 | 0.19s/ep | delay=0.00
ep 1400/4000 | reward(MA200)=-4.92 success=12.15 fail=12.85 | 0.20s/ep | delay=0.00
ep 1450/4000 | reward(MA200)=-6.52 success=11.98 fail=13.02 | 0.21s/ep | delay=0.00
ep 1500/4000 | reward(MA200)=-8.58 success=11.77 fail=13.23 | 0.21s/ep | delay=0.00
ep 1550/4000 | reward(MA200)=-9.99 success=11.60 fail=13.40 | 0.22s/ep | delay=0.00
ep 1600/4000 | reward(MA200)=-11.13 success=11.46 fail=13.54 | 0.22s/ep | delay=0.00
ep 1650/4000 | reward(MA200)=-10.38 success=11.52 fail=13.48 | 0.22s/ep | delay=0.00
ep 1700/4000 | reward(MA200)=-10.76 success=11.47 fail=13.53 | 0.23s/ep | delay=0.00
ep 1750/4000 | reward(MA200)=-11.81 success=11.38 fail=13.62 | 0.23s/ep | delay=0.00
ep 1800/4000 | reward(MA200)=-13.48 success=11.25 fail=13.75 | 0.24s/ep | delay=0.00
ep 1850/4000 | reward(MA200)=-12.63 success=11.38 fail=13.62 | 0.24s/ep | delay=0.00
ep 1900/4000 | reward(MA200)=-10.09 success=11.65 fail=13.35 | 0.24s/ep | delay=0.00
ep 1950/4000 | reward(MA200)=-5.69 success=12.10 fail=12.90 | 0.24s/ep | delay=0.00
ep 2000/4000 | reward(MA200)=-1.00 success=12.55 fail=12.45 | 0.25s/ep | delay=0.00
ep 2050/4000 | reward(MA200)=0.87 success=12.71 fail=12.29 | 0.25s/ep | delay=0.00
ep 2100/4000 | reward(MA200)=2.59 success=12.86 fail=12.14 | 0.25s/ep | delay=0.00
ep 2150/4000 | reward(MA200)=2.70 success=12.86 fail=12.14 | 0.26s/ep | delay=0.00
ep 2200/4000 | reward(MA200)=1.75 success=12.76 fail=12.24 | 0.26s/ep | delay=0.00
ep 2250/4000 | reward(MA200)=0.10 success=12.60 fail=12.40 | 0.26s/ep | delay=0.00
ep 2300/4000 | reward(MA200)=-1.43 success=12.44 fail=12.56 | 0.25s/ep | delay=0.00
ep 2350/4000 | reward(MA200)=-3.19 success=12.25 fail=12.75 | 0.25s/ep | delay=0.00
ep 2400/4000 | reward(MA200)=-5.33 success=12.04 fail=12.96 | 0.26s/ep | delay=0.00
ep 2450/4000 | reward(MA200)=-6.06 success=11.96 fail=13.04 | 0.26s/ep | delay=0.00
ep 2500/4000 | reward(MA200)=-6.60 success=11.91 fail=13.09 | 0.26s/ep | delay=0.00
ep 2550/4000 | reward(MA200)=-6.73 success=11.91 fail=13.09 | 0.26s/ep | delay=0.00
ep 2600/4000 | reward(MA200)=-6.33 success=11.96 fail=13.04 | 0.26s/ep | delay=0.00
ep 2650/4000 | reward(MA200)=-6.78 success=11.93 fail=13.07 | 0.26s/ep | delay=0.00
ep 2700/4000 | reward(MA200)=-6.50 success=11.96 fail=13.04 | 0.26s/ep | delay=0.00
ep 2750/4000 | reward(MA200)=-4.40 success=12.18 fail=12.82 | 0.26s/ep | delay=0.00
ep 2800/4000 | reward(MA200)=-1.50 success=12.46 fail=12.54 | 0.26s/ep | delay=0.00
ep 2850/4000 | reward(MA200)=2.04 success=12.82 fail=12.18 | 0.26s/ep | delay=0.00
ep 2900/4000 | reward(MA200)=5.65 success=13.18 fail=11.82 | 0.26s/ep | delay=0.00
ep 2950/4000 | reward(MA200)=6.54 success=13.28 fail=11.72 | 0.26s/ep | delay=0.00
ep 3000/4000 | reward(MA200)=6.53 success=13.27 fail=11.73 | 0.26s/ep | delay=0.00
ep 3050/4000 | reward(MA200)=5.23 success=13.13 fail=11.87 | 0.26s/ep | delay=0.00
ep 3100/4000 | reward(MA200)=3.14 success=12.92 fail=12.08 | 0.27s/ep | delay=0.00
ep 3150/4000 | reward(MA200)=2.34 success=12.83 fail=12.17 | 0.27s/ep | delay=0.00
ep 3200/4000 | reward(MA200)=3.37 success=12.94 fail=12.06 | 0.27s/ep | delay=0.00
ep 3250/4000 | reward(MA200)=4.75 success=13.08 fail=11.92 | 0.28s/ep | delay=0.00
ep 3300/4000 | reward(MA200)=6.23 success=13.23 fail=11.77 | 0.28s/ep | delay=0.00
ep 3350/4000 | reward(MA200)=6.16 success=13.22 fail=11.78 | 0.29s/ep | delay=0.00
ep 3400/4000 | reward(MA200)=4.11 success=13.03 fail=11.97 | 0.29s/ep | delay=0.00
ep 3450/4000 | reward(MA200)=4.51 success=13.06 fail=11.94 | 0.28s/ep | delay=0.00
ep 3500/4000 | reward(MA200)=4.77 success=13.08 fail=11.92 | 0.28s/ep | delay=0.00
ep 3550/4000 | reward(MA200)=5.74 success=13.18 fail=11.82 | 0.28s/ep | delay=0.00
ep 3600/4000 | reward(MA200)=6.46 success=13.23 fail=11.77 | 0.28s/ep | delay=0.00
ep 3650/4000 | reward(MA200)=5.82 success=13.15 fail=11.85 | 0.28s/ep | delay=0.00
ep 3700/4000 | reward(MA200)=5.47 success=13.11 fail=11.89 | 0.28s/ep | delay=0.00
ep 3750/4000 | reward(MA200)=6.40 success=13.20 fail=11.80 | 0.28s/ep | delay=0.00
ep 3800/4000 | reward(MA200)=6.78 success=13.24 fail=11.76 | 0.27s/ep | delay=0.00
ep 3850/4000 | reward(MA200)=6.23 success=13.20 fail=11.80 | 0.27s/ep | delay=0.00
ep 3900/4000 | reward(MA200)=6.51 success=13.23 fail=11.77 | 0.27s/ep | delay=0.00
ep 3950/4000 | reward(MA200)=5.98 success=13.19 fail=11.81 | 0.27s/ep | delay=0.00
ep 4000/4000 | reward(MA200)=6.65 success=13.26 fail=11.74 | 0.27s/ep | delay=0.00
DONE tag=c3_none_s4 -> C:\Users\zengd\Desktop\论文\W-MADDPG\MADDPG_Discrete\results\exp4_sealing\phase0_c3_none_s4.csv
