WARNING:tensorflow:From C:\Users\zengd\Desktop\论文\W-MADDPG\MADDPG_Discrete\train_mappo_phase0.py:150: The name tf.set_random_seed is deprecated. Please use tf.compat.v1.set_random_seed instead.

WARNING:tensorflow:From C:\Users\zengd\Desktop\论文\W-MADDPG\MADDPG_Discrete\mappo_agent.py:31: The name tf.placeholder is deprecated. Please use tf.compat.v1.placeholder instead.

WARNING:tensorflow:From C:\Users\zengd\Desktop\论文\W-MADDPG\MADDPG_Discrete\mappo_agent.py:43: The name tf.variable_scope is deprecated. Please use tf.compat.v1.variable_scope instead.

WARNING:tensorflow:From C:\Users\zengd\Desktop\论文\W-MADDPG\MADDPG_Discrete\mappo_agent.py:7: dense (from tensorflow.python.layers.core) is deprecated and will be removed in a future version.
Instructions for updating:
Use keras.layers.Dense instead.
WARNING:tensorflow:From D:\tool\anaconda\envs\py37tf\lib\site-packages\tensorflow_core\python\layers\core.py:187: Layer.apply (from tensorflow.python.keras.engine.base_layer) is deprecated and will be removed in a future version.
Instructions for updating:
Please use `layer.__call__` method instead.
WARNING:tensorflow:
The TensorFlow contrib module will not be included in TensorFlow 2.0.
For more information, please see:
  * https://github.com/tensorflow/community/blob/master/rfcs/20180907-contrib-sunset.md
  * https://github.com/tensorflow/addons
  * https://github.com/tensorflow/io (for I/O related ops)
If you depend on functionality not listed there, please file an issue.

WARNING:tensorflow:From C:\Users\zengd\Desktop\论文\W-MADDPG\MADDPG_Discrete\mappo_agent.py:114: The name tf.log is deprecated. Please use tf.math.log instead.

WARNING:tensorflow:From C:\Users\zengd\Desktop\论文\W-MADDPG\MADDPG_Discrete\mappo_agent.py:76: The name tf.get_collection is deprecated. Please use tf.compat.v1.get_collection instead.

WARNING:tensorflow:From C:\Users\zengd\Desktop\论文\W-MADDPG\MADDPG_Discrete\mappo_agent.py:76: The name tf.GraphKeys is deprecated. Please use tf.compat.v1.GraphKeys instead.

WARNING:tensorflow:From C:\Users\zengd\Desktop\论文\W-MADDPG\MADDPG_Discrete\mappo_agent.py:122: The name tf.train.AdamOptimizer is deprecated. Please use tf.compat.v1.train.AdamOptimizer instead.

WARNING:tensorflow:From D:\tool\anaconda\envs\py37tf\lib\site-packages\tensorflow_core\python\ops\math_grad.py:1424: where (from tensorflow.python.ops.array_ops) is deprecated and will be removed in a future version.
Instructions for updating:
Use tf.where in 2.0, which has the same broadcast rule as np.where
WARNING:tensorflow:From C:\Users\zengd\Desktop\论文\W-MADDPG\MADDPG_Discrete\train_mappo_phase0.py:215: The name tf.ConfigProto is deprecated. Please use tf.compat.v1.ConfigProto instead.

WARNING:tensorflow:From C:\Users\zengd\Desktop\论文\W-MADDPG\MADDPG_Discrete\train_mappo_phase0.py:219: The name tf.Session is deprecated. Please use tf.compat.v1.Session instead.

2026-09-21 10:19:30.162956: I tensorflow/core/platform/cpu_feature_guard.cc:142] Your CPU supports instructions that this TensorFlow binary was not compiled to use: AVX2
WARNING:tensorflow:From C:\Users\zengd\Desktop\论文\W-MADDPG\MADDPG_Discrete\train_mappo_phase0.py:220: The name tf.global_variables_initializer is deprecated. Please use tf.compat.v1.global_variables_initializer instead.

ep 1/4000 | reward(MA200)=-15.15 success=11.00 fail=14.00 | 2.93s/ep | delay=0.00
ep 50/4000 | reward(MA200)=-32.18 success=9.28 fail=15.72 | 0.18s/ep | delay=0.00
ep 100/4000 | reward(MA200)=-29.76 success=9.53 fail=15.47 | 0.15s/ep | delay=0.00
ep 150/4000 | reward(MA200)=-29.16 success=9.59 fail=15.41 | 0.15s/ep | delay=0.00
ep 200/4000 | reward(MA200)=-27.12 success=9.78 fail=15.22 | 0.15s/ep | delay=0.00
ep 250/4000 | reward(MA200)=-23.19 success=10.16 fail=14.84 | 0.15s/ep | delay=0.00
ep 300/4000 | reward(MA200)=-20.11 success=10.44 fail=14.56 | 0.15s/ep | delay=0.00
ep 350/4000 | reward(MA200)=-15.41 success=10.88 fail=14.12 | 0.15s/ep | delay=0.00
ep 400/4000 | reward(MA200)=-14.02 success=11.04 fail=13.96 | 0.15s/ep | delay=0.00
ep 450/4000 | reward(MA200)=-11.99 success=11.26 fail=13.74 | 0.15s/ep | delay=0.00
ep 500/4000 | reward(MA200)=-9.30 success=11.56 fail=13.44 | 0.15s/ep | delay=0.00
ep 550/4000 | reward(MA200)=-8.73 success=11.65 fail=13.35 | 0.15s/ep | delay=0.00
ep 600/4000 | reward(MA200)=-5.99 success=11.95 fail=13.05 | 0.15s/ep | delay=0.00
ep 650/4000 | reward(MA200)=-2.12 success=12.33 fail=12.67 | 0.15s/ep | delay=0.00
ep 700/4000 | reward(MA200)=2.83 success=12.81 fail=12.19 | 0.15s/ep | delay=0.00
ep 750/4000 | reward(MA200)=7.60 success=13.26 fail=11.74 | 0.16s/ep | delay=0.00
ep 800/4000 | reward(MA200)=11.02 success=13.58 fail=11.42 | 0.16s/ep | delay=0.00
ep 850/4000 | reward(MA200)=11.79 success=13.63 fail=11.37 | 0.16s/ep | delay=0.00
ep 900/4000 | reward(MA200)=8.83 success=13.34 fail=11.66 | 0.16s/ep | delay=0.00
ep 950/4000 | reward(MA200)=6.03 success=13.06 fail=11.94 | 0.16s/ep | delay=0.00
ep 1000/4000 | reward(MA200)=3.25 success=12.81 fail=12.19 | 0.17s/ep | delay=0.00
ep 1050/4000 | reward(MA200)=1.30 success=12.65 fail=12.35 | 0.18s/ep | delay=0.00
ep 1100/4000 | reward(MA200)=2.06 success=12.74 fail=12.26 | 0.18s/ep | delay=0.00
ep 1150/4000 | reward(MA200)=4.59 success=13.01 fail=11.99 | 0.18s/ep | delay=0.00
ep 1200/4000 | reward(MA200)=6.85 success=13.23 fail=11.77 | 0.18s/ep | delay=0.00
ep 1250/4000 | reward(MA200)=9.03 success=13.46 fail=11.54 | 0.18s/ep | delay=0.00
ep 1300/4000 | reward(MA200)=9.07 success=13.46 fail=11.54 | 0.18s/ep | delay=0.00
ep 1350/4000 | reward(MA200)=7.89 success=13.37 fail=11.63 | 0.20s/ep | delay=0.00
ep 1400/4000 | reward(MA200)=7.30 success=13.32 fail=11.68 | 0.20s/ep | delay=0.00
ep 1450/4000 | reward(MA200)=6.66 success=13.26 fail=11.74 | 0.21s/ep | delay=0.00
ep 1500/4000 | reward(MA200)=8.58 success=13.43 fail=11.57 | 0.21s/ep | delay=0.00
ep 1550/4000 | reward(MA200)=10.74 success=13.61 fail=11.39 | 0.22s/ep | delay=0.00
ep 1600/4000 | reward(MA200)=13.21 success=13.81 fail=11.19 | 0.22s/ep | delay=0.00
ep 1650/4000 | reward(MA200)=16.90 success=14.17 fail=10.83 | 0.23s/ep | delay=0.00
ep 1700/4000 | reward(MA200)=19.42 success=14.40 fail=10.60 | 0.23s/ep | delay=0.00
ep 1750/4000 | reward(MA200)=21.55 success=14.59 fail=10.41 | 0.23s/ep | delay=0.00
ep 1800/4000 | reward(MA200)=24.22 success=14.85 fail=10.15 | 0.24s/ep | delay=0.00
ep 1850/4000 | reward(MA200)=23.38 success=14.75 fail=10.25 | 0.24s/ep | delay=0.00
ep 1900/4000 | reward(MA200)=21.11 success=14.54 fail=10.46 | 0.24s/ep | delay=0.00
ep 1950/4000 | reward(MA200)=19.60 success=14.43 fail=10.57 | 0.25s/ep | delay=0.00
ep 2000/4000 | reward(MA200)=17.34 success=14.22 fail=10.78 | 0.25s/ep | delay=0.00
ep 2050/4000 | reward(MA200)=16.68 success=14.18 fail=10.82 | 0.25s/ep | delay=0.00
ep 2100/4000 | reward(MA200)=15.95 success=14.10 fail=10.90 | 0.26s/ep | delay=0.00
ep 2150/4000 | reward(MA200)=14.84 success=13.97 fail=11.03 | 0.26s/ep | delay=0.00
ep 2200/4000 | reward(MA200)=13.63 success=13.84 fail=11.16 | 0.26s/ep | delay=0.00
ep 2250/4000 | reward(MA200)=11.72 success=13.64 fail=11.36 | 0.26s/ep | delay=0.00
ep 2300/4000 | reward(MA200)=11.47 success=13.63 fail=11.37 | 0.26s/ep | delay=0.00
ep 2350/4000 | reward(MA200)=11.42 success=13.65 fail=11.35 | 0.26s/ep | delay=0.00
ep 2400/4000 | reward(MA200)=11.34 success=13.65 fail=11.35 | 0.26s/ep | delay=0.00
ep 2450/4000 | reward(MA200)=12.46 success=13.77 fail=11.23 | 0.26s/ep | delay=0.00
ep 2500/4000 | reward(MA200)=12.75 success=13.78 fail=11.22 | 0.26s/ep | delay=0.00
ep 2550/4000 | reward(MA200)=13.29 success=13.83 fail=11.17 | 0.27s/ep | delay=0.00
ep 2600/4000 | reward(MA200)=14.78 success=13.98 fail=11.02 | 0.27s/ep | delay=0.00
ep 2650/4000 | reward(MA200)=15.26 success=14.03 fail=10.97 | 0.26s/ep | delay=0.00
ep 2700/4000 | reward(MA200)=14.94 success=13.99 fail=11.01 | 0.26s/ep | delay=0.00
ep 2750/4000 | reward(MA200)=14.70 success=13.96 fail=11.04 | 0.27s/ep | delay=0.00
ep 2800/4000 | reward(MA200)=14.01 success=13.88 fail=11.12 | 0.27s/ep | delay=0.00
ep 2850/4000 | reward(MA200)=12.53 success=13.73 fail=11.27 | 0.27s/ep | delay=0.00
ep 2900/4000 | reward(MA200)=12.61 success=13.74 fail=11.26 | 0.26s/ep | delay=0.00
ep 2950/4000 | reward(MA200)=12.79 success=13.76 fail=11.24 | 0.26s/ep | delay=0.00
ep 3000/4000 | reward(MA200)=12.06 success=13.69 fail=11.31 | 0.26s/ep | delay=0.00
ep 3050/4000 | reward(MA200)=11.46 success=13.62 fail=11.38 | 0.27s/ep | delay=0.00
ep 3100/4000 | reward(MA200)=7.38 success=13.20 fail=11.80 | 0.27s/ep | delay=0.00
ep 3150/4000 | reward(MA200)=4.60 success=12.92 fail=12.08 | 0.27s/ep | delay=0.00
ep 3200/4000 | reward(MA200)=4.05 success=12.87 fail=12.13 | 0.28s/ep | delay=0.00
ep 3250/4000 | reward(MA200)=3.81 success=12.85 fail=12.15 | 0.28s/ep | delay=0.00
ep 3300/4000 | reward(MA200)=8.30 success=13.31 fail=11.69 | 0.29s/ep | delay=0.00
ep 3350/4000 | reward(MA200)=10.87 success=13.57 fail=11.43 | 0.29s/ep | delay=0.00
ep 3400/4000 | reward(MA200)=11.64 success=13.64 fail=11.36 | 0.29s/ep | delay=0.00
ep 3450/4000 | reward(MA200)=11.60 success=13.62 fail=11.38 | 0.29s/ep | delay=0.00
ep 3500/4000 | reward(MA200)=8.98 success=13.36 fail=11.64 | 0.28s/ep | delay=0.00
ep 3550/4000 | reward(MA200)=6.73 success=13.13 fail=11.87 | 0.28s/ep | delay=0.00
ep 3600/4000 | reward(MA200)=5.72 success=13.04 fail=11.96 | 0.28s/ep | delay=0.00
ep 3650/4000 | reward(MA200)=8.58 success=13.35 fail=11.65 | 0.28s/ep | delay=0.00
ep 3700/4000 | reward(MA200)=12.14 success=13.71 fail=11.29 | 0.28s/ep | delay=0.00
ep 3750/4000 | reward(MA200)=14.96 success=14.00 fail=11.00 | 0.28s/ep | delay=0.00
ep 3800/4000 | reward(MA200)=17.01 success=14.20 fail=10.80 | 0.28s/ep | delay=0.00
ep 3850/4000 | reward(MA200)=16.88 success=14.19 fail=10.81 | 0.28s/ep | delay=0.00
ep 3900/4000 | reward(MA200)=17.09 success=14.19 fail=10.81 | 0.27s/ep | delay=0.00
ep 3950/4000 | reward(MA200)=16.69 success=14.15 fail=10.85 | 0.27s/ep | delay=0.00
ep 4000/4000 | reward(MA200)=14.51 success=13.95 fail=11.05 | 0.27s/ep | delay=0.00
DONE tag=c3_none_s5 -> C:\Users\zengd\Desktop\论文\W-MADDPG\MADDPG_Discrete\results\exp4_sealing\phase0_c3_none_s5.csv
