WARNING:tensorflow:From C:\Users\zengd\Desktop\论文\W-MADDPG\MADDPG_Discrete\train_mappo_phase0.py:150: The name tf.set_random_seed is deprecated. Please use tf.compat.v1.set_random_seed instead.

WARNING:tensorflow:From C:\Users\zengd\Desktop\论文\W-MADDPG\MADDPG_Discrete\mappo_agent.py:31: The name tf.placeholder is deprecated. Please use tf.compat.v1.placeholder instead.

WARNING:tensorflow:From C:\Users\zengd\Desktop\论文\W-MADDPG\MADDPG_Discrete\mappo_agent.py:43: The name tf.variable_scope is deprecated. Please use tf.compat.v1.variable_scope instead.

WARNING:tensorflow:From C:\Users\zengd\Desktop\论文\W-MADDPG\MADDPG_Discrete\mappo_agent.py:7: dense (from tensorflow.python.layers.core) is deprecated and will be removed in a future version.
Instructions for updating:
Use keras.layers.Dense instead.
WARNING:tensorflow:From D:\tool\anaconda\envs\py37tf\lib\site-packages\tensorflow_core\python\layers\core.py:187: Layer.apply (from tensorflow.python.keras.engine.base_layer) is deprecated and will be removed in a future version.
Instructions for updating:
Please use `layer.__call__` method instead.
WARNING:tensorflow:
The TensorFlow contrib module will not be included in TensorFlow 2.0.
For more information, please see:
  * https://github.com/tensorflow/community/blob/master/rfcs/20180907-contrib-sunset.md
  * https://github.com/tensorflow/addons
  * https://github.com/tensorflow/io (for I/O related ops)
If you depend on functionality not listed there, please file an issue.

WARNING:tensorflow:From C:\Users\zengd\Desktop\论文\W-MADDPG\MADDPG_Discrete\mappo_agent.py:114: The name tf.log is deprecated. Please use tf.math.log instead.

WARNING:tensorflow:From C:\Users\zengd\Desktop\论文\W-MADDPG\MADDPG_Discrete\mappo_agent.py:76: The name tf.get_collection is deprecated. Please use tf.compat.v1.get_collection instead.

WARNING:tensorflow:From C:\Users\zengd\Desktop\论文\W-MADDPG\MADDPG_Discrete\mappo_agent.py:76: The name tf.GraphKeys is deprecated. Please use tf.compat.v1.GraphKeys instead.

WARNING:tensorflow:From C:\Users\zengd\Desktop\论文\W-MADDPG\MADDPG_Discrete\mappo_agent.py:122: The name tf.train.AdamOptimizer is deprecated. Please use tf.compat.v1.train.AdamOptimizer instead.

WARNING:tensorflow:From D:\tool\anaconda\envs\py37tf\lib\site-packages\tensorflow_core\python\ops\math_grad.py:1424: where (from tensorflow.python.ops.array_ops) is deprecated and will be removed in a future version.
Instructions for updating:
Use tf.where in 2.0, which has the same broadcast rule as np.where
WARNING:tensorflow:From C:\Users\zengd\Desktop\论文\W-MADDPG\MADDPG_Discrete\train_mappo_phase0.py:215: The name tf.ConfigProto is deprecated. Please use tf.compat.v1.ConfigProto instead.

WARNING:tensorflow:From C:\Users\zengd\Desktop\论文\W-MADDPG\MADDPG_Discrete\train_mappo_phase0.py:219: The name tf.Session is deprecated. Please use tf.compat.v1.Session instead.

2026-09-21 10:38:05.427209: I tensorflow/core/platform/cpu_feature_guard.cc:142] Your CPU supports instructions that this TensorFlow binary was not compiled to use: AVX2
WARNING:tensorflow:From C:\Users\zengd\Desktop\论文\W-MADDPG\MADDPG_Discrete\train_mappo_phase0.py:220: The name tf.global_variables_initializer is deprecated. Please use tf.compat.v1.global_variables_initializer instead.

ep 1/4000 | reward(MA200)=-74.63 success=5.00 fail=20.00 | 3.87s/ep | delay=1.95
ep 50/4000 | reward(MA200)=-39.34 success=8.52 fail=16.48 | 0.32s/ep | delay=1.88
ep 100/4000 | reward(MA200)=-33.73 success=9.04 fail=15.96 | 0.27s/ep | delay=1.92
ep 150/4000 | reward(MA200)=-31.09 success=9.29 fail=15.71 | 0.26s/ep | delay=1.84
ep 200/4000 | reward(MA200)=-28.68 success=9.54 fail=15.46 | 0.26s/ep | delay=1.95
ep 250/4000 | reward(MA200)=-24.08 success=9.99 fail=15.01 | 0.31s/ep | delay=1.88
ep 300/4000 | reward(MA200)=-21.20 success=10.29 fail=14.71 | 0.34s/ep | delay=1.87
ep 350/4000 | reward(MA200)=-17.74 success=10.63 fail=14.37 | 0.37s/ep | delay=1.93
ep 400/4000 | reward(MA200)=-14.04 success=10.97 fail=14.03 | 0.38s/ep | delay=1.98
ep 450/4000 | reward(MA200)=-12.02 success=11.15 fail=13.85 | 0.39s/ep | delay=1.91
ep 500/4000 | reward(MA200)=-12.95 success=11.08 fail=13.92 | 0.39s/ep | delay=1.94
ep 550/4000 | reward(MA200)=-15.75 success=10.85 fail=14.15 | 0.40s/ep | delay=1.84
ep 600/4000 | reward(MA200)=-17.05 success=10.78 fail=14.22 | 0.41s/ep | delay=1.91
ep 650/4000 | reward(MA200)=-16.76 success=10.87 fail=14.13 | 0.42s/ep | delay=1.88
ep 700/4000 | reward(MA200)=-14.30 success=11.14 fail=13.86 | 0.42s/ep | delay=1.90
ep 750/4000 | reward(MA200)=-12.18 success=11.36 fail=13.64 | 0.43s/ep | delay=1.84
ep 800/4000 | reward(MA200)=-13.72 success=11.21 fail=13.79 | 0.44s/ep | delay=1.92
ep 850/4000 | reward(MA200)=-15.96 success=10.98 fail=14.02 | 0.44s/ep | delay=1.95
ep 900/4000 | reward(MA200)=-17.39 success=10.86 fail=14.14 | 0.42s/ep | delay=1.80
ep 950/4000 | reward(MA200)=-16.33 success=10.99 fail=14.01 | 0.42s/ep | delay=1.93
ep 1000/4000 | reward(MA200)=-13.67 success=11.28 fail=13.72 | 0.42s/ep | delay=1.90
ep 1050/4000 | reward(MA200)=-9.28 success=11.73 fail=13.27 | 0.42s/ep | delay=1.85
ep 1100/4000 | reward(MA200)=-4.60 success=12.22 fail=12.78 | 0.42s/ep | delay=1.86
ep 1150/4000 | reward(MA200)=-0.78 success=12.60 fail=12.40 | 0.41s/ep | delay=1.90
ep 1200/4000 | reward(MA200)=1.91 success=12.87 fail=12.13 | 0.40s/ep | delay=1.86
ep 1250/4000 | reward(MA200)=4.31 success=13.10 fail=11.90 | 0.39s/ep | delay=1.87
ep 1300/4000 | reward(MA200)=5.53 success=13.20 fail=11.80 | 0.38s/ep | delay=1.90
ep 1350/4000 | reward(MA200)=4.88 success=13.11 fail=11.89 | 0.38s/ep | delay=1.92
ep 1400/4000 | reward(MA200)=3.60 success=12.95 fail=12.05 | 0.37s/ep | delay=1.85
ep 1450/4000 | reward(MA200)=-1.36 success=12.43 fail=12.57 | 0.36s/ep | delay=1.87
ep 1500/4000 | reward(MA200)=-6.51 success=11.88 fail=13.12 | 0.36s/ep | delay=1.85
ep 1550/4000 | reward(MA200)=-10.80 success=11.43 fail=13.57 | 0.35s/ep | delay=1.88
ep 1600/4000 | reward(MA200)=-13.90 success=11.12 fail=13.88 | 0.35s/ep | delay=1.88
ep 1650/4000 | reward(MA200)=-12.30 success=11.28 fail=13.72 | 0.35s/ep | delay=1.94
ep 1700/4000 | reward(MA200)=-8.78 success=11.63 fail=13.37 | 0.35s/ep | delay=1.93
ep 1750/4000 | reward(MA200)=-5.09 success=12.03 fail=12.97 | 0.35s/ep | delay=1.92
ep 1800/4000 | reward(MA200)=-1.72 success=12.39 fail=12.61 | 0.34s/ep | delay=1.92
ep 1850/4000 | reward(MA200)=0.41 success=12.64 fail=12.36 | 0.34s/ep | delay=1.91
ep 1900/4000 | reward(MA200)=-0.58 success=12.57 fail=12.43 | 0.33s/ep | delay=1.86
ep 1950/4000 | reward(MA200)=-1.99 success=12.44 fail=12.56 | 0.33s/ep | delay=1.95
ep 2000/4000 | reward(MA200)=-3.38 success=12.30 fail=12.70 | 0.33s/ep | delay=1.89
ep 2050/4000 | reward(MA200)=-5.14 success=12.13 fail=12.87 | 0.32s/ep | delay=1.87
ep 2100/4000 | reward(MA200)=-4.23 success=12.21 fail=12.79 | 0.32s/ep | delay=1.85
ep 2150/4000 | reward(MA200)=-2.83 success=12.35 fail=12.65 | 0.32s/ep | delay=1.91
ep 2200/4000 | reward(MA200)=-1.63 success=12.46 fail=12.54 | 0.32s/ep | delay=1.91
ep 2250/4000 | reward(MA200)=-1.08 success=12.49 fail=12.51 | 0.31s/ep | delay=1.91
ep 2300/4000 | reward(MA200)=-2.40 success=12.36 fail=12.64 | 0.31s/ep | delay=1.93
ep 2350/4000 | reward(MA200)=-1.88 success=12.40 fail=12.60 | 0.31s/ep | delay=1.86
ep 2400/4000 | reward(MA200)=-1.43 success=12.45 fail=12.55 | 0.31s/ep | delay=1.86
ep 2450/4000 | reward(MA200)=-0.13 success=12.58 fail=12.42 | 0.30s/ep | delay=1.85
ep 2500/4000 | reward(MA200)=2.15 success=12.82 fail=12.18 | 0.30s/ep | delay=1.95
ep 2550/4000 | reward(MA200)=2.35 success=12.85 fail=12.15 | 0.30s/ep | delay=1.89
ep 2600/4000 | reward(MA200)=3.44 success=12.95 fail=12.05 | 0.30s/ep | delay=1.99
ep 2650/4000 | reward(MA200)=3.33 success=12.91 fail=12.09 | 0.30s/ep | delay=1.95
ep 2700/4000 | reward(MA200)=2.59 success=12.81 fail=12.19 | 0.29s/ep | delay=1.84
ep 2750/4000 | reward(MA200)=1.99 success=12.73 fail=12.27 | 0.29s/ep | delay=1.87
ep 2800/4000 | reward(MA200)=0.43 success=12.55 fail=12.45 | 0.29s/ep | delay=1.91
ep 2850/4000 | reward(MA200)=-0.14 success=12.48 fail=12.52 | 0.29s/ep | delay=1.95
ep 2900/4000 | reward(MA200)=0.30 success=12.53 fail=12.47 | 0.29s/ep | delay=1.85
ep 2950/4000 | reward(MA200)=1.77 success=12.68 fail=12.32 | 0.29s/ep | delay=1.90
ep 3000/4000 | reward(MA200)=2.82 success=12.79 fail=12.21 | 0.28s/ep | delay=1.89
ep 3050/4000 | reward(MA200)=3.49 success=12.87 fail=12.13 | 0.28s/ep | delay=1.84
ep 3100/4000 | reward(MA200)=3.24 success=12.85 fail=12.15 | 0.28s/ep | delay=1.91
ep 3150/4000 | reward(MA200)=1.39 success=12.65 fail=12.35 | 0.28s/ep | delay=1.89
ep 3200/4000 | reward(MA200)=1.72 success=12.68 fail=12.32 | 0.28s/ep | delay=1.92
ep 3250/4000 | reward(MA200)=2.05 success=12.70 fail=12.30 | 0.28s/ep | delay=1.84
ep 3300/4000 | reward(MA200)=2.59 success=12.74 fail=12.26 | 0.28s/ep | delay=1.88
ep 3350/4000 | reward(MA200)=2.77 success=12.76 fail=12.24 | 0.28s/ep | delay=1.94
ep 3400/4000 | reward(MA200)=1.59 success=12.64 fail=12.36 | 0.28s/ep | delay=1.88
ep 3450/4000 | reward(MA200)=1.24 success=12.61 fail=12.39 | 0.28s/ep | delay=1.90
ep 3500/4000 | reward(MA200)=0.52 success=12.54 fail=12.46 | 0.28s/ep | delay=1.90
ep 3550/4000 | reward(MA200)=0.21 success=12.51 fail=12.49 | 0.28s/ep | delay=1.89
ep 3600/4000 | reward(MA200)=-1.17 success=12.37 fail=12.63 | 0.27s/ep | delay=1.91
ep 3650/4000 | reward(MA200)=-4.10 success=12.07 fail=12.93 | 0.27s/ep | delay=1.93
ep 3700/4000 | reward(MA200)=-7.11 success=11.77 fail=13.23 | 0.27s/ep | delay=1.84
ep 3750/4000 | reward(MA200)=-7.71 success=11.71 fail=13.29 | 0.27s/ep | delay=1.86
ep 3800/4000 | reward(MA200)=-7.64 success=11.71 fail=13.29 | 0.27s/ep | delay=1.85
ep 3850/4000 | reward(MA200)=-6.40 success=11.85 fail=13.15 | 0.27s/ep | delay=1.85
ep 3900/4000 | reward(MA200)=-5.65 success=11.94 fail=13.06 | 0.27s/ep | delay=1.80
ep 3950/4000 | reward(MA200)=-5.96 success=11.92 fail=13.08 | 0.27s/ep | delay=1.87
ep 4000/4000 | reward(MA200)=-5.68 success=11.96 fail=13.04 | 0.27s/ep | delay=1.85
DONE tag=c3_unfixed_1-3_s2 -> C:\Users\zengd\Desktop\论文\W-MADDPG\MADDPG_Discrete\results\exp4_sealing\phase0_c3_unfixed_1-3_s2.csv
