WARNING:tensorflow:From C:\Users\zengd\Desktop\论文\W-MADDPG\MADDPG_Discrete\train_mappo_phase0.py:150: The name tf.set_random_seed is deprecated. Please use tf.compat.v1.set_random_seed instead.

WARNING:tensorflow:From C:\Users\zengd\Desktop\论文\W-MADDPG\MADDPG_Discrete\mappo_agent.py:31: The name tf.placeholder is deprecated. Please use tf.compat.v1.placeholder instead.

WARNING:tensorflow:From C:\Users\zengd\Desktop\论文\W-MADDPG\MADDPG_Discrete\mappo_agent.py:43: The name tf.variable_scope is deprecated. Please use tf.compat.v1.variable_scope instead.

WARNING:tensorflow:From C:\Users\zengd\Desktop\论文\W-MADDPG\MADDPG_Discrete\mappo_agent.py:7: dense (from tensorflow.python.layers.core) is deprecated and will be removed in a future version.
Instructions for updating:
Use keras.layers.Dense instead.
WARNING:tensorflow:From D:\tool\anaconda\envs\py37tf\lib\site-packages\tensorflow_core\python\layers\core.py:187: Layer.apply (from tensorflow.python.keras.engine.base_layer) is deprecated and will be removed in a future version.
Instructions for updating:
Please use `layer.__call__` method instead.
WARNING:tensorflow:
The TensorFlow contrib module will not be included in TensorFlow 2.0.
For more information, please see:
  * https://github.com/tensorflow/community/blob/master/rfcs/20180907-contrib-sunset.md
  * https://github.com/tensorflow/addons
  * https://github.com/tensorflow/io (for I/O related ops)
If you depend on functionality not listed there, please file an issue.

WARNING:tensorflow:From C:\Users\zengd\Desktop\论文\W-MADDPG\MADDPG_Discrete\mappo_agent.py:114: The name tf.log is deprecated. Please use tf.math.log instead.

WARNING:tensorflow:From C:\Users\zengd\Desktop\论文\W-MADDPG\MADDPG_Discrete\mappo_agent.py:76: The name tf.get_collection is deprecated. Please use tf.compat.v1.get_collection instead.

WARNING:tensorflow:From C:\Users\zengd\Desktop\论文\W-MADDPG\MADDPG_Discrete\mappo_agent.py:76: The name tf.GraphKeys is deprecated. Please use tf.compat.v1.GraphKeys instead.

WARNING:tensorflow:From C:\Users\zengd\Desktop\论文\W-MADDPG\MADDPG_Discrete\mappo_agent.py:122: The name tf.train.AdamOptimizer is deprecated. Please use tf.compat.v1.train.AdamOptimizer instead.

WARNING:tensorflow:From D:\tool\anaconda\envs\py37tf\lib\site-packages\tensorflow_core\python\ops\math_grad.py:1424: where (from tensorflow.python.ops.array_ops) is deprecated and will be removed in a future version.
Instructions for updating:
Use tf.where in 2.0, which has the same broadcast rule as np.where
WARNING:tensorflow:From C:\Users\zengd\Desktop\论文\W-MADDPG\MADDPG_Discrete\train_mappo_phase0.py:215: The name tf.ConfigProto is deprecated. Please use tf.compat.v1.ConfigProto instead.

WARNING:tensorflow:From C:\Users\zengd\Desktop\论文\W-MADDPG\MADDPG_Discrete\train_mappo_phase0.py:219: The name tf.Session is deprecated. Please use tf.compat.v1.Session instead.

2026-09-21 10:19:30.499559: I tensorflow/core/platform/cpu_feature_guard.cc:142] Your CPU supports instructions that this TensorFlow binary was not compiled to use: AVX2
WARNING:tensorflow:From C:\Users\zengd\Desktop\论文\W-MADDPG\MADDPG_Discrete\train_mappo_phase0.py:220: The name tf.global_variables_initializer is deprecated. Please use tf.compat.v1.global_variables_initializer instead.

ep 1/4000 | reward(MA200)=-34.27 success=9.00 fail=16.00 | 2.91s/ep | delay=2.22
ep 50/4000 | reward(MA200)=-44.49 success=8.10 fail=16.90 | 0.18s/ep | delay=2.22
ep 100/4000 | reward(MA200)=-41.42 success=8.40 fail=16.60 | 0.16s/ep | delay=2.20
ep 150/4000 | reward(MA200)=-36.64 success=8.85 fail=16.15 | 0.16s/ep | delay=2.15
ep 200/4000 | reward(MA200)=-34.06 success=9.11 fail=15.89 | 0.15s/ep | delay=2.15
ep 250/4000 | reward(MA200)=-28.69 success=9.63 fail=15.37 | 0.15s/ep | delay=2.31
ep 300/4000 | reward(MA200)=-23.91 success=10.11 fail=14.89 | 0.15s/ep | delay=2.17
ep 350/4000 | reward(MA200)=-22.57 success=10.26 fail=14.74 | 0.15s/ep | delay=2.22
ep 400/4000 | reward(MA200)=-23.59 success=10.16 fail=14.84 | 0.15s/ep | delay=2.26
ep 450/4000 | reward(MA200)=-21.91 success=10.32 fail=14.68 | 0.15s/ep | delay=2.31
ep 500/4000 | reward(MA200)=-20.18 success=10.47 fail=14.53 | 0.15s/ep | delay=2.19
ep 550/4000 | reward(MA200)=-18.38 success=10.65 fail=14.35 | 0.15s/ep | delay=2.17
ep 600/4000 | reward(MA200)=-14.96 success=10.99 fail=14.01 | 0.15s/ep | delay=2.26
ep 650/4000 | reward(MA200)=-13.75 success=11.12 fail=13.88 | 0.16s/ep | delay=2.11
ep 700/4000 | reward(MA200)=-12.75 success=11.23 fail=13.77 | 0.16s/ep | delay=2.18
ep 750/4000 | reward(MA200)=-10.86 success=11.45 fail=13.55 | 0.16s/ep | delay=2.21
ep 800/4000 | reward(MA200)=-10.17 success=11.55 fail=13.45 | 0.16s/ep | delay=2.30
ep 850/4000 | reward(MA200)=-8.98 success=11.73 fail=13.27 | 0.16s/ep | delay=2.34
ep 900/4000 | reward(MA200)=-6.98 success=11.95 fail=13.05 | 0.16s/ep | delay=2.21
ep 950/4000 | reward(MA200)=-5.31 success=12.10 fail=12.90 | 0.17s/ep | delay=2.19
ep 1000/4000 | reward(MA200)=-2.64 success=12.35 fail=12.65 | 0.18s/ep | delay=2.35
ep 1050/4000 | reward(MA200)=-1.36 success=12.44 fail=12.56 | 0.18s/ep | delay=2.17
ep 1100/4000 | reward(MA200)=-1.45 success=12.41 fail=12.59 | 0.19s/ep | delay=2.26
ep 1150/4000 | reward(MA200)=1.50 success=12.71 fail=12.29 | 0.19s/ep | delay=2.27
ep 1200/4000 | reward(MA200)=5.33 success=13.11 fail=11.89 | 0.19s/ep | delay=2.32
ep 1250/4000 | reward(MA200)=9.51 success=13.53 fail=11.47 | 0.19s/ep | delay=2.22
ep 1300/4000 | reward(MA200)=12.97 success=13.88 fail=11.12 | 0.19s/ep | delay=2.18
ep 1350/4000 | reward(MA200)=12.73 success=13.87 fail=11.13 | 0.20s/ep | delay=2.16
ep 1400/4000 | reward(MA200)=12.84 success=13.87 fail=11.13 | 0.21s/ep | delay=2.15
ep 1450/4000 | reward(MA200)=12.55 success=13.84 fail=11.16 | 0.21s/ep | delay=2.20
ep 1500/4000 | reward(MA200)=12.58 success=13.85 fail=11.15 | 0.22s/ep | delay=2.21
ep 1550/4000 | reward(MA200)=13.27 success=13.93 fail=11.07 | 0.22s/ep | delay=2.14
ep 1600/4000 | reward(MA200)=12.85 success=13.90 fail=11.10 | 0.23s/ep | delay=2.28
ep 1650/4000 | reward(MA200)=11.15 success=13.73 fail=11.27 | 0.23s/ep | delay=2.18
ep 1700/4000 | reward(MA200)=8.77 success=13.50 fail=11.50 | 0.24s/ep | delay=2.18
ep 1750/4000 | reward(MA200)=7.23 success=13.34 fail=11.66 | 0.24s/ep | delay=2.16
ep 1800/4000 | reward(MA200)=6.22 success=13.23 fail=11.77 | 0.24s/ep | delay=2.25
ep 1850/4000 | reward(MA200)=5.72 success=13.18 fail=11.82 | 0.25s/ep | delay=2.21
ep 1900/4000 | reward(MA200)=6.06 success=13.21 fail=11.79 | 0.25s/ep | delay=2.19
ep 1950/4000 | reward(MA200)=5.84 success=13.18 fail=11.82 | 0.25s/ep | delay=2.31
ep 2000/4000 | reward(MA200)=6.32 success=13.21 fail=11.79 | 0.26s/ep | delay=2.23
ep 2050/4000 | reward(MA200)=8.40 success=13.40 fail=11.60 | 0.26s/ep | delay=2.19
ep 2100/4000 | reward(MA200)=9.86 success=13.54 fail=11.46 | 0.26s/ep | delay=2.13
ep 2150/4000 | reward(MA200)=10.50 success=13.61 fail=11.39 | 0.26s/ep | delay=2.29
ep 2200/4000 | reward(MA200)=10.73 success=13.64 fail=11.36 | 0.26s/ep | delay=2.22
ep 2250/4000 | reward(MA200)=7.65 success=13.35 fail=11.65 | 0.26s/ep | delay=2.20
ep 2300/4000 | reward(MA200)=4.35 success=13.04 fail=11.96 | 0.26s/ep | delay=2.16
ep 2350/4000 | reward(MA200)=1.70 success=12.79 fail=12.21 | 0.26s/ep | delay=2.16
ep 2400/4000 | reward(MA200)=-2.93 success=12.35 fail=12.65 | 0.27s/ep | delay=2.30
ep 2450/4000 | reward(MA200)=-5.60 success=12.09 fail=12.91 | 0.27s/ep | delay=2.28
ep 2500/4000 | reward(MA200)=-5.41 success=12.09 fail=12.91 | 0.27s/ep | delay=2.25
ep 2550/4000 | reward(MA200)=-4.91 success=12.13 fail=12.87 | 0.27s/ep | delay=2.15
ep 2600/4000 | reward(MA200)=-2.47 success=12.36 fail=12.64 | 0.27s/ep | delay=2.37
ep 2650/4000 | reward(MA200)=-1.93 success=12.40 fail=12.60 | 0.27s/ep | delay=2.31
ep 2700/4000 | reward(MA200)=-3.40 success=12.25 fail=12.75 | 0.27s/ep | delay=2.28
ep 2750/4000 | reward(MA200)=-4.82 success=12.10 fail=12.90 | 0.27s/ep | delay=2.23
ep 2800/4000 | reward(MA200)=-7.84 success=11.79 fail=13.21 | 0.27s/ep | delay=2.17
ep 2850/4000 | reward(MA200)=-9.05 success=11.68 fail=13.32 | 0.27s/ep | delay=2.15
ep 2900/4000 | reward(MA200)=-7.56 success=11.82 fail=13.18 | 0.27s/ep | delay=2.16
ep 2950/4000 | reward(MA200)=-5.27 success=12.05 fail=12.95 | 0.27s/ep | delay=2.25
ep 3000/4000 | reward(MA200)=-3.47 success=12.23 fail=12.77 | 0.27s/ep | delay=2.22
ep 3050/4000 | reward(MA200)=-1.76 success=12.41 fail=12.59 | 0.28s/ep | delay=2.20
ep 3100/4000 | reward(MA200)=-3.12 success=12.29 fail=12.71 | 0.28s/ep | delay=2.29
ep 3150/4000 | reward(MA200)=-4.36 success=12.16 fail=12.84 | 0.28s/ep | delay=2.27
ep 3200/4000 | reward(MA200)=-3.05 success=12.28 fail=12.72 | 0.29s/ep | delay=2.19
ep 3250/4000 | reward(MA200)=-0.70 success=12.48 fail=12.52 | 0.29s/ep | delay=2.24
ep 3300/4000 | reward(MA200)=1.70 success=12.71 fail=12.29 | 0.29s/ep | delay=2.30
ep 3350/4000 | reward(MA200)=3.73 success=12.90 fail=12.10 | 0.29s/ep | delay=2.18
ep 3400/4000 | reward(MA200)=4.07 success=12.94 fail=12.06 | 0.29s/ep | delay=2.26
ep 3450/4000 | reward(MA200)=5.26 success=13.05 fail=11.95 | 0.29s/ep | delay=2.20
ep 3500/4000 | reward(MA200)=6.13 success=13.13 fail=11.87 | 0.29s/ep | delay=2.26
ep 3550/4000 | reward(MA200)=6.02 success=13.11 fail=11.89 | 0.29s/ep | delay=2.23
ep 3600/4000 | reward(MA200)=5.46 success=13.06 fail=11.94 | 0.28s/ep | delay=2.30
ep 3650/4000 | reward(MA200)=3.67 success=12.89 fail=12.11 | 0.28s/ep | delay=2.24
ep 3700/4000 | reward(MA200)=3.01 success=12.84 fail=12.16 | 0.28s/ep | delay=2.27
ep 3750/4000 | reward(MA200)=1.61 success=12.71 fail=12.29 | 0.28s/ep | delay=2.14
ep 3800/4000 | reward(MA200)=0.01 success=12.56 fail=12.44 | 0.28s/ep | delay=2.21
ep 3850/4000 | reward(MA200)=-1.08 success=12.46 fail=12.54 | 0.28s/ep | delay=2.10
ep 3900/4000 | reward(MA200)=-2.36 success=12.34 fail=12.66 | 0.28s/ep | delay=2.19
ep 3950/4000 | reward(MA200)=-3.37 success=12.23 fail=12.77 | 0.28s/ep | delay=2.15
ep 4000/4000 | reward(MA200)=-2.29 success=12.34 fail=12.66 | 0.28s/ep | delay=2.22
DONE tag=c3_unfixed_1-4_s4 -> C:\Users\zengd\Desktop\论文\W-MADDPG\MADDPG_Discrete\results\exp4_sealing\phase0_c3_unfixed_1-4_s4.csv
