WARNING:tensorflow:From C:\Users\zengd\Desktop\论文\W-MADDPG\MADDPG_Discrete\train_mappo_phase0.py:150: The name tf.set_random_seed is deprecated. Please use tf.compat.v1.set_random_seed instead.

WARNING:tensorflow:From C:\Users\zengd\Desktop\论文\W-MADDPG\MADDPG_Discrete\mappo_agent.py:31: The name tf.placeholder is deprecated. Please use tf.compat.v1.placeholder instead.

WARNING:tensorflow:From C:\Users\zengd\Desktop\论文\W-MADDPG\MADDPG_Discrete\mappo_agent.py:43: The name tf.variable_scope is deprecated. Please use tf.compat.v1.variable_scope instead.

WARNING:tensorflow:From C:\Users\zengd\Desktop\论文\W-MADDPG\MADDPG_Discrete\mappo_agent.py:7: dense (from tensorflow.python.layers.core) is deprecated and will be removed in a future version.
Instructions for updating:
Use keras.layers.Dense instead.
WARNING:tensorflow:From D:\tool\anaconda\envs\py37tf\lib\site-packages\tensorflow_core\python\layers\core.py:187: Layer.apply (from tensorflow.python.keras.engine.base_layer) is deprecated and will be removed in a future version.
Instructions for updating:
Please use `layer.__call__` method instead.
WARNING:tensorflow:
The TensorFlow contrib module will not be included in TensorFlow 2.0.
For more information, please see:
  * https://github.com/tensorflow/community/blob/master/rfcs/20180907-contrib-sunset.md
  * https://github.com/tensorflow/addons
  * https://github.com/tensorflow/io (for I/O related ops)
If you depend on functionality not listed there, please file an issue.

WARNING:tensorflow:From C:\Users\zengd\Desktop\论文\W-MADDPG\MADDPG_Discrete\mappo_agent.py:114: The name tf.log is deprecated. Please use tf.math.log instead.

WARNING:tensorflow:From C:\Users\zengd\Desktop\论文\W-MADDPG\MADDPG_Discrete\mappo_agent.py:76: The name tf.get_collection is deprecated. Please use tf.compat.v1.get_collection instead.

WARNING:tensorflow:From C:\Users\zengd\Desktop\论文\W-MADDPG\MADDPG_Discrete\mappo_agent.py:76: The name tf.GraphKeys is deprecated. Please use tf.compat.v1.GraphKeys instead.

WARNING:tensorflow:From C:\Users\zengd\Desktop\论文\W-MADDPG\MADDPG_Discrete\mappo_agent.py:122: The name tf.train.AdamOptimizer is deprecated. Please use tf.compat.v1.train.AdamOptimizer instead.

WARNING:tensorflow:From D:\tool\anaconda\envs\py37tf\lib\site-packages\tensorflow_core\python\ops\math_grad.py:1424: where (from tensorflow.python.ops.array_ops) is deprecated and will be removed in a future version.
Instructions for updating:
Use tf.where in 2.0, which has the same broadcast rule as np.where
WARNING:tensorflow:From C:\Users\zengd\Desktop\论文\W-MADDPG\MADDPG_Discrete\train_mappo_phase0.py:215: The name tf.ConfigProto is deprecated. Please use tf.compat.v1.ConfigProto instead.

WARNING:tensorflow:From C:\Users\zengd\Desktop\论文\W-MADDPG\MADDPG_Discrete\train_mappo_phase0.py:219: The name tf.Session is deprecated. Please use tf.compat.v1.Session instead.

2026-09-21 10:19:30.319815: I tensorflow/core/platform/cpu_feature_guard.cc:142] Your CPU supports instructions that this TensorFlow binary was not compiled to use: AVX2
WARNING:tensorflow:From C:\Users\zengd\Desktop\论文\W-MADDPG\MADDPG_Discrete\train_mappo_phase0.py:220: The name tf.global_variables_initializer is deprecated. Please use tf.compat.v1.global_variables_initializer instead.

ep 1/4000 | reward(MA200)=-66.36 success=6.00 fail=19.00 | 2.74s/ep | delay=1.47
ep 50/4000 | reward(MA200)=-38.12 success=8.88 fail=16.12 | 0.18s/ep | delay=1.54
ep 100/4000 | reward(MA200)=-34.85 success=9.21 fail=15.79 | 0.15s/ep | delay=1.50
ep 150/4000 | reward(MA200)=-32.26 success=9.46 fail=15.54 | 0.16s/ep | delay=1.49
ep 200/4000 | reward(MA200)=-28.20 success=9.85 fail=15.15 | 0.15s/ep | delay=1.53
ep 250/4000 | reward(MA200)=-22.44 success=10.41 fail=14.59 | 0.15s/ep | delay=1.50
ep 300/4000 | reward(MA200)=-16.40 success=11.02 fail=13.98 | 0.15s/ep | delay=1.53
ep 350/4000 | reward(MA200)=-12.14 success=11.46 fail=13.54 | 0.15s/ep | delay=1.54
ep 400/4000 | reward(MA200)=-7.47 success=11.94 fail=13.06 | 0.15s/ep | delay=1.47
ep 450/4000 | reward(MA200)=-2.04 success=12.49 fail=12.51 | 0.15s/ep | delay=1.48
ep 500/4000 | reward(MA200)=2.07 success=12.89 fail=12.11 | 0.15s/ep | delay=1.51
ep 550/4000 | reward(MA200)=6.38 success=13.29 fail=11.71 | 0.15s/ep | delay=1.50
ep 600/4000 | reward(MA200)=6.88 success=13.32 fail=11.68 | 0.15s/ep | delay=1.50
ep 650/4000 | reward(MA200)=8.33 success=13.44 fail=11.56 | 0.16s/ep | delay=1.51
ep 700/4000 | reward(MA200)=8.81 success=13.47 fail=11.53 | 0.16s/ep | delay=1.51
ep 750/4000 | reward(MA200)=8.56 success=13.45 fail=11.55 | 0.16s/ep | delay=1.55
ep 800/4000 | reward(MA200)=8.50 success=13.44 fail=11.56 | 0.16s/ep | delay=1.52
ep 850/4000 | reward(MA200)=7.35 success=13.31 fail=11.69 | 0.16s/ep | delay=1.54
ep 900/4000 | reward(MA200)=4.04 success=12.97 fail=12.03 | 0.16s/ep | delay=1.52
ep 950/4000 | reward(MA200)=1.03 success=12.66 fail=12.34 | 0.17s/ep | delay=1.49
ep 1000/4000 | reward(MA200)=1.60 success=12.71 fail=12.29 | 0.18s/ep | delay=1.48
ep 1050/4000 | reward(MA200)=1.29 success=12.68 fail=12.32 | 0.18s/ep | delay=1.46
ep 1100/4000 | reward(MA200)=4.92 success=13.03 fail=11.97 | 0.19s/ep | delay=1.51
ep 1150/4000 | reward(MA200)=10.98 success=13.63 fail=11.37 | 0.19s/ep | delay=1.50
ep 1200/4000 | reward(MA200)=13.35 success=13.87 fail=11.13 | 0.19s/ep | delay=1.50
ep 1250/4000 | reward(MA200)=15.83 success=14.11 fail=10.89 | 0.19s/ep | delay=1.48
ep 1300/4000 | reward(MA200)=16.21 success=14.15 fail=10.85 | 0.19s/ep | delay=1.49
ep 1350/4000 | reward(MA200)=14.39 success=13.99 fail=11.01 | 0.20s/ep | delay=1.54
ep 1400/4000 | reward(MA200)=12.97 success=13.86 fail=11.14 | 0.21s/ep | delay=1.47
ep 1450/4000 | reward(MA200)=10.59 success=13.63 fail=11.37 | 0.21s/ep | delay=1.51
ep 1500/4000 | reward(MA200)=9.74 success=13.54 fail=11.46 | 0.22s/ep | delay=1.50
ep 1550/4000 | reward(MA200)=9.30 success=13.49 fail=11.51 | 0.22s/ep | delay=1.48
ep 1600/4000 | reward(MA200)=9.59 success=13.54 fail=11.46 | 0.23s/ep | delay=1.47
ep 1650/4000 | reward(MA200)=11.26 success=13.72 fail=11.28 | 0.23s/ep | delay=1.49
ep 1700/4000 | reward(MA200)=12.93 success=13.91 fail=11.09 | 0.24s/ep | delay=1.53
ep 1750/4000 | reward(MA200)=14.61 success=14.08 fail=10.92 | 0.24s/ep | delay=1.55
ep 1800/4000 | reward(MA200)=15.04 success=14.11 fail=10.89 | 0.24s/ep | delay=1.52
ep 1850/4000 | reward(MA200)=14.49 success=14.03 fail=10.97 | 0.25s/ep | delay=1.49
ep 1900/4000 | reward(MA200)=13.24 success=13.88 fail=11.12 | 0.25s/ep | delay=1.47
ep 1950/4000 | reward(MA200)=12.12 success=13.74 fail=11.26 | 0.26s/ep | delay=1.47
ep 2000/4000 | reward(MA200)=12.37 success=13.78 fail=11.22 | 0.26s/ep | delay=1.52
ep 2050/4000 | reward(MA200)=12.48 success=13.81 fail=11.19 | 0.26s/ep | delay=1.46
ep 2100/4000 | reward(MA200)=12.78 success=13.87 fail=11.13 | 0.26s/ep | delay=1.52
ep 2150/4000 | reward(MA200)=14.79 success=14.09 fail=10.91 | 0.27s/ep | delay=1.51
ep 2200/4000 | reward(MA200)=16.88 success=14.30 fail=10.70 | 0.26s/ep | delay=1.50
ep 2250/4000 | reward(MA200)=19.90 success=14.61 fail=10.39 | 0.26s/ep | delay=1.47
ep 2300/4000 | reward(MA200)=22.25 success=14.84 fail=10.16 | 0.26s/ep | delay=1.57
ep 2350/4000 | reward(MA200)=24.55 success=15.07 fail=9.93 | 0.27s/ep | delay=1.53
ep 2400/4000 | reward(MA200)=22.49 success=14.87 fail=10.13 | 0.27s/ep | delay=1.47
ep 2450/4000 | reward(MA200)=19.10 success=14.52 fail=10.48 | 0.27s/ep | delay=1.53
ep 2500/4000 | reward(MA200)=16.16 success=14.21 fail=10.79 | 0.27s/ep | delay=1.46
ep 2550/4000 | reward(MA200)=9.69 success=13.55 fail=11.45 | 0.27s/ep | delay=1.50
ep 2600/4000 | reward(MA200)=8.54 success=13.43 fail=11.57 | 0.27s/ep | delay=1.49
ep 2650/4000 | reward(MA200)=7.86 success=13.38 fail=11.62 | 0.27s/ep | delay=1.52
ep 2700/4000 | reward(MA200)=8.93 success=13.52 fail=11.48 | 0.27s/ep | delay=1.47
ep 2750/4000 | reward(MA200)=11.69 success=13.82 fail=11.18 | 0.27s/ep | delay=1.48
ep 2800/4000 | reward(MA200)=12.99 success=13.97 fail=11.03 | 0.27s/ep | delay=1.50
ep 2850/4000 | reward(MA200)=14.02 success=14.09 fail=10.91 | 0.27s/ep | delay=1.50
ep 2900/4000 | reward(MA200)=13.20 success=14.01 fail=10.99 | 0.27s/ep | delay=1.51
ep 2950/4000 | reward(MA200)=11.09 success=13.81 fail=11.19 | 0.27s/ep | delay=1.48
ep 3000/4000 | reward(MA200)=8.41 success=13.56 fail=11.44 | 0.27s/ep | delay=1.50
ep 3050/4000 | reward(MA200)=7.35 success=13.46 fail=11.54 | 0.28s/ep | delay=1.50
ep 3100/4000 | reward(MA200)=6.57 success=13.38 fail=11.62 | 0.28s/ep | delay=1.49
ep 3150/4000 | reward(MA200)=6.35 success=13.36 fail=11.64 | 0.29s/ep | delay=1.51
ep 3200/4000 | reward(MA200)=7.06 success=13.42 fail=11.58 | 0.29s/ep | delay=1.48
ep 3250/4000 | reward(MA200)=7.51 success=13.46 fail=11.54 | 0.29s/ep | delay=1.52
ep 3300/4000 | reward(MA200)=7.47 success=13.47 fail=11.53 | 0.29s/ep | delay=1.53
ep 3350/4000 | reward(MA200)=10.24 success=13.75 fail=11.25 | 0.29s/ep | delay=1.50
ep 3400/4000 | reward(MA200)=13.27 success=14.05 fail=10.95 | 0.29s/ep | delay=1.50
ep 3450/4000 | reward(MA200)=15.60 success=14.29 fail=10.71 | 0.29s/ep | delay=1.48
ep 3500/4000 | reward(MA200)=18.29 success=14.55 fail=10.45 | 0.29s/ep | delay=1.48
ep 3550/4000 | reward(MA200)=17.59 success=14.46 fail=10.54 | 0.29s/ep | delay=1.46
ep 3600/4000 | reward(MA200)=15.87 success=14.26 fail=10.74 | 0.29s/ep | delay=1.48
ep 3650/4000 | reward(MA200)=14.13 success=14.04 fail=10.96 | 0.28s/ep | delay=1.53
ep 3700/4000 | reward(MA200)=12.40 success=13.86 fail=11.14 | 0.28s/ep | delay=1.49
ep 3750/4000 | reward(MA200)=12.37 success=13.83 fail=11.17 | 0.28s/ep | delay=1.50
ep 3800/4000 | reward(MA200)=12.99 success=13.88 fail=11.12 | 0.28s/ep | delay=1.52
ep 3850/4000 | reward(MA200)=13.25 success=13.91 fail=11.09 | 0.28s/ep | delay=1.49
ep 3900/4000 | reward(MA200)=13.14 success=13.91 fail=11.09 | 0.28s/ep | delay=1.52
ep 3950/4000 | reward(MA200)=13.51 success=13.95 fail=11.05 | 0.28s/ep | delay=1.47
ep 4000/4000 | reward(MA200)=12.66 success=13.87 fail=11.13 | 0.28s/ep | delay=1.51
DONE tag=c3_unfixed_1-2_s1 -> C:\Users\zengd\Desktop\论文\W-MADDPG\MADDPG_Discrete\results\exp4_sealing\phase0_c3_unfixed_1-2_s1.csv
