WARNING:tensorflow:From C:\Users\zengd\Desktop\论文\W-MADDPG\MADDPG_Discrete\train_mappo_phase0.py:150: The name tf.set_random_seed is deprecated. Please use tf.compat.v1.set_random_seed instead.

WARNING:tensorflow:From C:\Users\zengd\Desktop\论文\W-MADDPG\MADDPG_Discrete\mappo_agent.py:31: The name tf.placeholder is deprecated. Please use tf.compat.v1.placeholder instead.

WARNING:tensorflow:From C:\Users\zengd\Desktop\论文\W-MADDPG\MADDPG_Discrete\mappo_agent.py:43: The name tf.variable_scope is deprecated. Please use tf.compat.v1.variable_scope instead.

WARNING:tensorflow:From C:\Users\zengd\Desktop\论文\W-MADDPG\MADDPG_Discrete\mappo_agent.py:7: dense (from tensorflow.python.layers.core) is deprecated and will be removed in a future version.
Instructions for updating:
Use keras.layers.Dense instead.
WARNING:tensorflow:From D:\tool\anaconda\envs\py37tf\lib\site-packages\tensorflow_core\python\layers\core.py:187: Layer.apply (from tensorflow.python.keras.engine.base_layer) is deprecated and will be removed in a future version.
Instructions for updating:
Please use `layer.__call__` method instead.
WARNING:tensorflow:
The TensorFlow contrib module will not be included in TensorFlow 2.0.
For more information, please see:
  * https://github.com/tensorflow/community/blob/master/rfcs/20180907-contrib-sunset.md
  * https://github.com/tensorflow/addons
  * https://github.com/tensorflow/io (for I/O related ops)
If you depend on functionality not listed there, please file an issue.

WARNING:tensorflow:From C:\Users\zengd\Desktop\论文\W-MADDPG\MADDPG_Discrete\mappo_agent.py:114: The name tf.log is deprecated. Please use tf.math.log instead.

WARNING:tensorflow:From C:\Users\zengd\Desktop\论文\W-MADDPG\MADDPG_Discrete\mappo_agent.py:76: The name tf.get_collection is deprecated. Please use tf.compat.v1.get_collection instead.

WARNING:tensorflow:From C:\Users\zengd\Desktop\论文\W-MADDPG\MADDPG_Discrete\mappo_agent.py:76: The name tf.GraphKeys is deprecated. Please use tf.compat.v1.GraphKeys instead.

WARNING:tensorflow:From C:\Users\zengd\Desktop\论文\W-MADDPG\MADDPG_Discrete\mappo_agent.py:122: The name tf.train.AdamOptimizer is deprecated. Please use tf.compat.v1.train.AdamOptimizer instead.

WARNING:tensorflow:From D:\tool\anaconda\envs\py37tf\lib\site-packages\tensorflow_core\python\ops\math_grad.py:1424: where (from tensorflow.python.ops.array_ops) is deprecated and will be removed in a future version.
Instructions for updating:
Use tf.where in 2.0, which has the same broadcast rule as np.where
WARNING:tensorflow:From C:\Users\zengd\Desktop\论文\W-MADDPG\MADDPG_Discrete\train_mappo_phase0.py:215: The name tf.ConfigProto is deprecated. Please use tf.compat.v1.ConfigProto instead.

WARNING:tensorflow:From C:\Users\zengd\Desktop\论文\W-MADDPG\MADDPG_Discrete\train_mappo_phase0.py:219: The name tf.Session is deprecated. Please use tf.compat.v1.Session instead.

2026-09-21 10:19:30.274142: I tensorflow/core/platform/cpu_feature_guard.cc:142] Your CPU supports instructions that this TensorFlow binary was not compiled to use: AVX2
WARNING:tensorflow:From C:\Users\zengd\Desktop\论文\W-MADDPG\MADDPG_Discrete\train_mappo_phase0.py:220: The name tf.global_variables_initializer is deprecated. Please use tf.compat.v1.global_variables_initializer instead.

ep 1/4000 | reward(MA200)=-45.50 success=8.00 fail=17.00 | 2.74s/ep | delay=1.47
ep 50/4000 | reward(MA200)=-47.50 success=7.86 fail=17.14 | 0.18s/ep | delay=1.51
ep 100/4000 | reward(MA200)=-37.42 success=8.91 fail=16.09 | 0.15s/ep | delay=1.55
ep 150/4000 | reward(MA200)=-30.11 success=9.65 fail=15.35 | 0.16s/ep | delay=1.52
ep 200/4000 | reward(MA200)=-27.29 success=9.92 fail=15.08 | 0.15s/ep | delay=1.53
ep 250/4000 | reward(MA200)=-19.92 success=10.64 fail=14.36 | 0.15s/ep | delay=1.49
ep 300/4000 | reward(MA200)=-19.40 success=10.64 fail=14.36 | 0.15s/ep | delay=1.50
ep 350/4000 | reward(MA200)=-22.72 success=10.26 fail=14.74 | 0.15s/ep | delay=1.50
ep 400/4000 | reward(MA200)=-24.19 success=10.08 fail=14.92 | 0.15s/ep | delay=1.50
ep 450/4000 | reward(MA200)=-25.92 success=9.90 fail=15.10 | 0.15s/ep | delay=1.50
ep 500/4000 | reward(MA200)=-24.30 success=10.09 fail=14.91 | 0.15s/ep | delay=1.52
ep 550/4000 | reward(MA200)=-22.10 success=10.33 fail=14.67 | 0.15s/ep | delay=1.51
ep 600/4000 | reward(MA200)=-18.88 success=10.66 fail=14.34 | 0.15s/ep | delay=1.48
ep 650/4000 | reward(MA200)=-16.35 success=10.93 fail=14.07 | 0.15s/ep | delay=1.52
ep 700/4000 | reward(MA200)=-14.57 success=11.12 fail=13.88 | 0.16s/ep | delay=1.52
ep 750/4000 | reward(MA200)=-12.79 success=11.32 fail=13.68 | 0.16s/ep | delay=1.53
ep 800/4000 | reward(MA200)=-12.78 success=11.32 fail=13.68 | 0.16s/ep | delay=1.49
ep 850/4000 | reward(MA200)=-12.50 success=11.35 fail=13.65 | 0.16s/ep | delay=1.47
ep 900/4000 | reward(MA200)=-11.78 success=11.40 fail=13.60 | 0.16s/ep | delay=1.47
ep 950/4000 | reward(MA200)=-10.94 success=11.46 fail=13.54 | 0.17s/ep | delay=1.49
ep 1000/4000 | reward(MA200)=-9.49 success=11.59 fail=13.41 | 0.17s/ep | delay=1.50
ep 1050/4000 | reward(MA200)=-7.47 success=11.78 fail=13.22 | 0.18s/ep | delay=1.52
ep 1100/4000 | reward(MA200)=-7.00 success=11.80 fail=13.20 | 0.19s/ep | delay=1.51
ep 1150/4000 | reward(MA200)=-6.29 success=11.88 fail=13.12 | 0.19s/ep | delay=1.52
ep 1200/4000 | reward(MA200)=-4.32 success=12.08 fail=12.92 | 0.19s/ep | delay=1.50
ep 1250/4000 | reward(MA200)=-3.10 success=12.22 fail=12.78 | 0.18s/ep | delay=1.46
ep 1300/4000 | reward(MA200)=-1.85 success=12.37 fail=12.63 | 0.19s/ep | delay=1.51
ep 1350/4000 | reward(MA200)=-1.88 success=12.39 fail=12.61 | 0.20s/ep | delay=1.48
ep 1400/4000 | reward(MA200)=-3.90 success=12.20 fail=12.80 | 0.21s/ep | delay=1.50
ep 1450/4000 | reward(MA200)=-5.97 success=11.98 fail=13.02 | 0.21s/ep | delay=1.51
ep 1500/4000 | reward(MA200)=-10.81 success=11.49 fail=13.51 | 0.22s/ep | delay=1.53
ep 1550/4000 | reward(MA200)=-15.02 success=11.05 fail=13.95 | 0.22s/ep | delay=1.49
ep 1600/4000 | reward(MA200)=-17.66 success=10.79 fail=14.21 | 0.23s/ep | delay=1.51
ep 1650/4000 | reward(MA200)=-18.03 success=10.76 fail=14.24 | 0.23s/ep | delay=1.51
ep 1700/4000 | reward(MA200)=-15.85 success=10.97 fail=14.03 | 0.23s/ep | delay=1.48
ep 1750/4000 | reward(MA200)=-14.21 success=11.12 fail=13.88 | 0.24s/ep | delay=1.50
ep 1800/4000 | reward(MA200)=-15.09 success=11.01 fail=13.99 | 0.24s/ep | delay=1.50
ep 1850/4000 | reward(MA200)=-16.13 success=10.88 fail=14.12 | 0.25s/ep | delay=1.48
ep 1900/4000 | reward(MA200)=-16.03 success=10.87 fail=14.13 | 0.25s/ep | delay=1.50
ep 1950/4000 | reward(MA200)=-14.82 success=11.00 fail=14.00 | 0.25s/ep | delay=1.50
ep 2000/4000 | reward(MA200)=-11.48 success=11.34 fail=13.66 | 0.26s/ep | delay=1.52
ep 2050/4000 | reward(MA200)=-9.30 success=11.57 fail=13.43 | 0.26s/ep | delay=1.50
ep 2100/4000 | reward(MA200)=-9.27 success=11.59 fail=13.41 | 0.26s/ep | delay=1.46
ep 2150/4000 | reward(MA200)=-9.33 success=11.57 fail=13.43 | 0.26s/ep | delay=1.50
ep 2200/4000 | reward(MA200)=-11.09 success=11.38 fail=13.62 | 0.26s/ep | delay=1.48
ep 2250/4000 | reward(MA200)=-11.85 success=11.29 fail=13.71 | 0.26s/ep | delay=1.52
ep 2300/4000 | reward(MA200)=-9.62 success=11.49 fail=13.51 | 0.26s/ep | delay=1.45
ep 2350/4000 | reward(MA200)=-6.55 success=11.79 fail=13.21 | 0.26s/ep | delay=1.50
ep 2400/4000 | reward(MA200)=-4.48 success=11.98 fail=13.02 | 0.26s/ep | delay=1.50
ep 2450/4000 | reward(MA200)=-3.08 success=12.12 fail=12.88 | 0.27s/ep | delay=1.45
ep 2500/4000 | reward(MA200)=-3.89 success=12.03 fail=12.97 | 0.27s/ep | delay=1.49
ep 2550/4000 | reward(MA200)=-4.74 success=11.95 fail=13.05 | 0.27s/ep | delay=1.49
ep 2600/4000 | reward(MA200)=-2.85 success=12.15 fail=12.85 | 0.27s/ep | delay=1.52
ep 2650/4000 | reward(MA200)=-2.95 success=12.15 fail=12.85 | 0.27s/ep | delay=1.48
ep 2700/4000 | reward(MA200)=-2.02 success=12.24 fail=12.76 | 0.27s/ep | delay=1.52
ep 2750/4000 | reward(MA200)=-2.86 success=12.15 fail=12.85 | 0.27s/ep | delay=1.51
ep 2800/4000 | reward(MA200)=-4.57 success=11.97 fail=13.03 | 0.27s/ep | delay=1.48
ep 2850/4000 | reward(MA200)=-4.89 success=11.94 fail=13.06 | 0.27s/ep | delay=1.50
ep 2900/4000 | reward(MA200)=-4.62 success=11.96 fail=13.04 | 0.27s/ep | delay=1.48
ep 2950/4000 | reward(MA200)=-2.52 success=12.18 fail=12.82 | 0.27s/ep | delay=1.51
ep 3000/4000 | reward(MA200)=-2.74 success=12.15 fail=12.85 | 0.27s/ep | delay=1.54
ep 3050/4000 | reward(MA200)=-7.04 success=11.71 fail=13.29 | 0.27s/ep | delay=1.45
ep 3100/4000 | reward(MA200)=-12.16 success=11.20 fail=13.80 | 0.28s/ep | delay=1.50
ep 3150/4000 | reward(MA200)=-15.77 success=10.82 fail=14.18 | 0.28s/ep | delay=1.50
ep 3200/4000 | reward(MA200)=-19.43 success=10.46 fail=14.54 | 0.29s/ep | delay=1.49
ep 3250/4000 | reward(MA200)=-20.12 success=10.39 fail=14.61 | 0.29s/ep | delay=1.49
ep 3300/4000 | reward(MA200)=-20.78 success=10.33 fail=14.67 | 0.29s/ep | delay=1.50
ep 3350/4000 | reward(MA200)=-22.16 success=10.19 fail=14.81 | 0.29s/ep | delay=1.53
ep 3400/4000 | reward(MA200)=-22.97 success=10.10 fail=14.90 | 0.29s/ep | delay=1.50
ep 3450/4000 | reward(MA200)=-18.99 success=10.49 fail=14.51 | 0.29s/ep | delay=1.55
ep 3500/4000 | reward(MA200)=-15.66 success=10.81 fail=14.19 | 0.29s/ep | delay=1.50
ep 3550/4000 | reward(MA200)=-13.76 success=11.01 fail=13.99 | 0.29s/ep | delay=1.51
ep 3600/4000 | reward(MA200)=-9.68 success=11.43 fail=13.57 | 0.28s/ep | delay=1.49
ep 3650/4000 | reward(MA200)=-10.37 success=11.37 fail=13.63 | 0.28s/ep | delay=1.49
ep 3700/4000 | reward(MA200)=-10.51 success=11.36 fail=13.64 | 0.28s/ep | delay=1.51
ep 3750/4000 | reward(MA200)=-12.92 success=11.13 fail=13.87 | 0.28s/ep | delay=1.52
ep 3800/4000 | reward(MA200)=-15.58 success=10.88 fail=14.12 | 0.28s/ep | delay=1.52
ep 3850/4000 | reward(MA200)=-17.74 success=10.68 fail=14.32 | 0.28s/ep | delay=1.49
ep 3900/4000 | reward(MA200)=-17.77 success=10.70 fail=14.30 | 0.28s/ep | delay=1.47
ep 3950/4000 | reward(MA200)=-15.88 success=10.90 fail=14.10 | 0.28s/ep | delay=1.48
ep 4000/4000 | reward(MA200)=-13.89 success=11.11 fail=13.89 | 0.28s/ep | delay=1.53
DONE tag=c3_unfixed_1-2_s3 -> C:\Users\zengd\Desktop\论文\W-MADDPG\MADDPG_Discrete\results\exp4_sealing\phase0_c3_unfixed_1-2_s3.csv
