WARNING:tensorflow:From C:\Users\zengd\Desktop\论文\W-MADDPG\MADDPG_Discrete\train_mappo_phase0.py:150: The name tf.set_random_seed is deprecated. Please use tf.compat.v1.set_random_seed instead.

WARNING:tensorflow:From C:\Users\zengd\Desktop\论文\W-MADDPG\MADDPG_Discrete\mappo_agent.py:31: The name tf.placeholder is deprecated. Please use tf.compat.v1.placeholder instead.

WARNING:tensorflow:From C:\Users\zengd\Desktop\论文\W-MADDPG\MADDPG_Discrete\mappo_agent.py:43: The name tf.variable_scope is deprecated. Please use tf.compat.v1.variable_scope instead.

WARNING:tensorflow:From C:\Users\zengd\Desktop\论文\W-MADDPG\MADDPG_Discrete\mappo_agent.py:7: dense (from tensorflow.python.layers.core) is deprecated and will be removed in a future version.
Instructions for updating:
Use keras.layers.Dense instead.
WARNING:tensorflow:From D:\tool\anaconda\envs\py37tf\lib\site-packages\tensorflow_core\python\layers\core.py:187: Layer.apply (from tensorflow.python.keras.engine.base_layer) is deprecated and will be removed in a future version.
Instructions for updating:
Please use `layer.__call__` method instead.
WARNING:tensorflow:
The TensorFlow contrib module will not be included in TensorFlow 2.0.
For more information, please see:
  * https://github.com/tensorflow/community/blob/master/rfcs/20180907-contrib-sunset.md
  * https://github.com/tensorflow/addons
  * https://github.com/tensorflow/io (for I/O related ops)
If you depend on functionality not listed there, please file an issue.

WARNING:tensorflow:From C:\Users\zengd\Desktop\论文\W-MADDPG\MADDPG_Discrete\mappo_agent.py:114: The name tf.log is deprecated. Please use tf.math.log instead.

WARNING:tensorflow:From C:\Users\zengd\Desktop\论文\W-MADDPG\MADDPG_Discrete\mappo_agent.py:76: The name tf.get_collection is deprecated. Please use tf.compat.v1.get_collection instead.

WARNING:tensorflow:From C:\Users\zengd\Desktop\论文\W-MADDPG\MADDPG_Discrete\mappo_agent.py:76: The name tf.GraphKeys is deprecated. Please use tf.compat.v1.GraphKeys instead.

WARNING:tensorflow:From C:\Users\zengd\Desktop\论文\W-MADDPG\MADDPG_Discrete\mappo_agent.py:122: The name tf.train.AdamOptimizer is deprecated. Please use tf.compat.v1.train.AdamOptimizer instead.

WARNING:tensorflow:From D:\tool\anaconda\envs\py37tf\lib\site-packages\tensorflow_core\python\ops\math_grad.py:1424: where (from tensorflow.python.ops.array_ops) is deprecated and will be removed in a future version.
Instructions for updating:
Use tf.where in 2.0, which has the same broadcast rule as np.where
WARNING:tensorflow:From C:\Users\zengd\Desktop\论文\W-MADDPG\MADDPG_Discrete\train_mappo_phase0.py:215: The name tf.ConfigProto is deprecated. Please use tf.compat.v1.ConfigProto instead.

WARNING:tensorflow:From C:\Users\zengd\Desktop\论文\W-MADDPG\MADDPG_Discrete\train_mappo_phase0.py:219: The name tf.Session is deprecated. Please use tf.compat.v1.Session instead.

2026-09-21 10:38:31.161333: I tensorflow/core/platform/cpu_feature_guard.cc:142] Your CPU supports instructions that this TensorFlow binary was not compiled to use: AVX2
WARNING:tensorflow:From C:\Users\zengd\Desktop\论文\W-MADDPG\MADDPG_Discrete\train_mappo_phase0.py:220: The name tf.global_variables_initializer is deprecated. Please use tf.compat.v1.global_variables_initializer instead.

ep 1/4000 | reward(MA200)=-35.55 success=9.00 fail=16.00 | 3.88s/ep | delay=2.84
ep 50/4000 | reward(MA200)=-36.96 success=8.90 fail=16.10 | 0.27s/ep | delay=2.89
ep 100/4000 | reward(MA200)=-38.71 success=8.73 fail=16.27 | 0.27s/ep | delay=2.94
ep 150/4000 | reward(MA200)=-40.38 success=8.55 fail=16.45 | 0.37s/ep | delay=2.86
ep 200/4000 | reward(MA200)=-40.65 success=8.50 fail=16.50 | 0.40s/ep | delay=2.82
ep 250/4000 | reward(MA200)=-38.53 success=8.70 fail=16.30 | 0.43s/ep | delay=2.88
ep 300/4000 | reward(MA200)=-35.96 success=8.96 fail=16.04 | 0.44s/ep | delay=2.94
ep 350/4000 | reward(MA200)=-30.79 success=9.48 fail=15.52 | 0.43s/ep | delay=2.85
ep 400/4000 | reward(MA200)=-24.53 success=10.09 fail=14.91 | 0.43s/ep | delay=2.94
ep 450/4000 | reward(MA200)=-19.82 success=10.52 fail=14.48 | 0.45s/ep | delay=2.84
ep 500/4000 | reward(MA200)=-12.87 success=11.17 fail=13.83 | 0.45s/ep | delay=2.87
ep 550/4000 | reward(MA200)=-13.61 success=11.05 fail=13.95 | 0.46s/ep | delay=2.81
ep 600/4000 | reward(MA200)=-14.43 success=10.95 fail=14.05 | 0.46s/ep | delay=2.85
ep 650/4000 | reward(MA200)=-13.25 success=11.05 fail=13.95 | 0.47s/ep | delay=2.91
ep 700/4000 | reward(MA200)=-14.08 success=10.95 fail=14.05 | 0.47s/ep | delay=2.92
ep 750/4000 | reward(MA200)=-10.45 success=11.31 fail=13.69 | 0.46s/ep | delay=2.92
ep 800/4000 | reward(MA200)=-6.27 success=11.73 fail=13.27 | 0.45s/ep | delay=2.91
ep 850/4000 | reward(MA200)=-7.82 success=11.59 fail=13.41 | 0.44s/ep | delay=2.86
ep 900/4000 | reward(MA200)=-9.30 success=11.46 fail=13.54 | 0.44s/ep | delay=2.81
ep 950/4000 | reward(MA200)=-8.72 success=11.54 fail=13.46 | 0.44s/ep | delay=2.86
ep 1000/4000 | reward(MA200)=-11.55 success=11.28 fail=13.72 | 0.44s/ep | delay=2.80
ep 1050/4000 | reward(MA200)=-13.57 success=11.09 fail=13.91 | 0.43s/ep | delay=2.88
ep 1100/4000 | reward(MA200)=-14.36 success=10.99 fail=14.01 | 0.42s/ep | delay=2.88
ep 1150/4000 | reward(MA200)=-13.59 success=11.05 fail=13.95 | 0.41s/ep | delay=2.90
ep 1200/4000 | reward(MA200)=-12.12 success=11.21 fail=13.79 | 0.40s/ep | delay=2.84
ep 1250/4000 | reward(MA200)=-9.34 success=11.48 fail=13.52 | 0.39s/ep | delay=2.91
ep 1300/4000 | reward(MA200)=-8.69 success=11.57 fail=13.43 | 0.38s/ep | delay=2.86
ep 1350/4000 | reward(MA200)=-10.42 success=11.40 fail=13.60 | 0.37s/ep | delay=2.91
ep 1400/4000 | reward(MA200)=-12.32 success=11.20 fail=13.80 | 0.37s/ep | delay=2.88
ep 1450/4000 | reward(MA200)=-13.68 success=11.04 fail=13.96 | 0.36s/ep | delay=2.87
ep 1500/4000 | reward(MA200)=-15.20 success=10.88 fail=14.12 | 0.35s/ep | delay=2.91
ep 1550/4000 | reward(MA200)=-15.75 success=10.82 fail=14.18 | 0.35s/ep | delay=2.87
ep 1600/4000 | reward(MA200)=-16.30 success=10.78 fail=14.22 | 0.36s/ep | delay=2.92
ep 1650/4000 | reward(MA200)=-18.80 success=10.54 fail=14.46 | 0.35s/ep | delay=2.86
ep 1700/4000 | reward(MA200)=-21.02 success=10.33 fail=14.67 | 0.35s/ep | delay=2.89
ep 1750/4000 | reward(MA200)=-22.96 success=10.13 fail=14.87 | 0.34s/ep | delay=2.88
ep 1800/4000 | reward(MA200)=-23.14 success=10.12 fail=14.88 | 0.34s/ep | delay=2.89
ep 1850/4000 | reward(MA200)=-20.67 success=10.36 fail=14.64 | 0.34s/ep | delay=2.86
ep 1900/4000 | reward(MA200)=-16.65 success=10.74 fail=14.26 | 0.33s/ep | delay=2.91
ep 1950/4000 | reward(MA200)=-13.31 success=11.06 fail=13.94 | 0.33s/ep | delay=2.91
ep 2000/4000 | reward(MA200)=-11.60 success=11.22 fail=13.78 | 0.32s/ep | delay=2.92
ep 2050/4000 | reward(MA200)=-10.75 success=11.29 fail=13.71 | 0.32s/ep | delay=2.85
ep 2100/4000 | reward(MA200)=-11.10 success=11.26 fail=13.74 | 0.32s/ep | delay=2.87
ep 2150/4000 | reward(MA200)=-11.71 success=11.19 fail=13.81 | 0.32s/ep | delay=2.92
ep 2200/4000 | reward(MA200)=-12.94 success=11.06 fail=13.94 | 0.31s/ep | delay=2.84
ep 2250/4000 | reward(MA200)=-13.82 success=10.98 fail=14.02 | 0.31s/ep | delay=2.86
ep 2300/4000 | reward(MA200)=-13.72 success=10.98 fail=14.02 | 0.31s/ep | delay=2.83
ep 2350/4000 | reward(MA200)=-14.53 success=10.90 fail=14.10 | 0.31s/ep | delay=2.85
ep 2400/4000 | reward(MA200)=-13.33 success=11.01 fail=13.99 | 0.30s/ep | delay=2.88
ep 2450/4000 | reward(MA200)=-11.92 success=11.13 fail=13.87 | 0.30s/ep | delay=2.80
ep 2500/4000 | reward(MA200)=-11.33 success=11.19 fail=13.81 | 0.30s/ep | delay=2.86
ep 2550/4000 | reward(MA200)=-10.46 success=11.28 fail=13.72 | 0.30s/ep | delay=2.87
ep 2600/4000 | reward(MA200)=-11.20 success=11.24 fail=13.76 | 0.30s/ep | delay=2.90
ep 2650/4000 | reward(MA200)=-12.71 success=11.12 fail=13.88 | 0.29s/ep | delay=2.88
ep 2700/4000 | reward(MA200)=-13.58 success=11.04 fail=13.96 | 0.29s/ep | delay=2.87
ep 2750/4000 | reward(MA200)=-13.83 success=11.02 fail=13.98 | 0.29s/ep | delay=2.93
ep 2800/4000 | reward(MA200)=-13.06 success=11.09 fail=13.91 | 0.29s/ep | delay=2.98
ep 2850/4000 | reward(MA200)=-13.60 success=11.05 fail=13.95 | 0.29s/ep | delay=2.90
ep 2900/4000 | reward(MA200)=-12.95 success=11.14 fail=13.86 | 0.29s/ep | delay=2.85
ep 2950/4000 | reward(MA200)=-13.18 success=11.13 fail=13.87 | 0.28s/ep | delay=2.90
ep 3000/4000 | reward(MA200)=-14.56 success=11.01 fail=13.99 | 0.28s/ep | delay=2.88
ep 3050/4000 | reward(MA200)=-13.54 success=11.14 fail=13.86 | 0.28s/ep | delay=2.83
ep 3100/4000 | reward(MA200)=-12.68 success=11.26 fail=13.74 | 0.28s/ep | delay=2.90
ep 3150/4000 | reward(MA200)=-13.07 success=11.24 fail=13.76 | 0.28s/ep | delay=2.85
ep 3200/4000 | reward(MA200)=-12.37 success=11.34 fail=13.66 | 0.28s/ep | delay=2.85
ep 3250/4000 | reward(MA200)=-12.50 success=11.30 fail=13.70 | 0.28s/ep | delay=2.82
ep 3300/4000 | reward(MA200)=-13.59 success=11.15 fail=13.85 | 0.28s/ep | delay=2.82
ep 3350/4000 | reward(MA200)=-13.43 success=11.13 fail=13.87 | 0.28s/ep | delay=2.88
ep 3400/4000 | reward(MA200)=-13.14 success=11.12 fail=13.88 | 0.28s/ep | delay=2.91
ep 3450/4000 | reward(MA200)=-13.29 success=11.09 fail=13.91 | 0.28s/ep | delay=2.88
ep 3500/4000 | reward(MA200)=-12.48 success=11.16 fail=13.84 | 0.27s/ep | delay=2.85
ep 3550/4000 | reward(MA200)=-11.67 success=11.26 fail=13.74 | 0.27s/ep | delay=2.93
ep 3600/4000 | reward(MA200)=-10.94 success=11.34 fail=13.66 | 0.27s/ep | delay=2.91
ep 3650/4000 | reward(MA200)=-10.47 success=11.38 fail=13.62 | 0.27s/ep | delay=2.89
ep 3700/4000 | reward(MA200)=-10.91 success=11.35 fail=13.65 | 0.27s/ep | delay=3.00
ep 3750/4000 | reward(MA200)=-9.56 success=11.47 fail=13.53 | 0.27s/ep | delay=2.92
ep 3800/4000 | reward(MA200)=-8.70 success=11.56 fail=13.44 | 0.27s/ep | delay=2.90
ep 3850/4000 | reward(MA200)=-7.86 success=11.65 fail=13.35 | 0.27s/ep | delay=2.90
ep 3900/4000 | reward(MA200)=-6.79 success=11.77 fail=13.23 | 0.27s/ep | delay=2.87
ep 3950/4000 | reward(MA200)=-7.01 success=11.76 fail=13.24 | 0.27s/ep | delay=2.83
ep 4000/4000 | reward(MA200)=-7.60 success=11.71 fail=13.29 | 0.26s/ep | delay=2.87
DONE tag=c3_unfixed_2-4_s3 -> C:\Users\zengd\Desktop\论文\W-MADDPG\MADDPG_Discrete\results\exp4_sealing\phase0_c3_unfixed_2-4_s3.csv
