WARNING:tensorflow:From C:\Users\zengd\Desktop\论文\W-MADDPG\MADDPG_Discrete\train_mappo_phase0.py:150: The name tf.set_random_seed is deprecated. Please use tf.compat.v1.set_random_seed instead.

WARNING:tensorflow:From C:\Users\zengd\Desktop\论文\W-MADDPG\MADDPG_Discrete\mappo_agent.py:31: The name tf.placeholder is deprecated. Please use tf.compat.v1.placeholder instead.

WARNING:tensorflow:From C:\Users\zengd\Desktop\论文\W-MADDPG\MADDPG_Discrete\mappo_agent.py:43: The name tf.variable_scope is deprecated. Please use tf.compat.v1.variable_scope instead.

WARNING:tensorflow:From C:\Users\zengd\Desktop\论文\W-MADDPG\MADDPG_Discrete\mappo_agent.py:7: dense (from tensorflow.python.layers.core) is deprecated and will be removed in a future version.
Instructions for updating:
Use keras.layers.Dense instead.
WARNING:tensorflow:From D:\tool\anaconda\envs\py37tf\lib\site-packages\tensorflow_core\python\layers\core.py:187: Layer.apply (from tensorflow.python.keras.engine.base_layer) is deprecated and will be removed in a future version.
Instructions for updating:
Please use `layer.__call__` method instead.
WARNING:tensorflow:
The TensorFlow contrib module will not be included in TensorFlow 2.0.
For more information, please see:
  * https://github.com/tensorflow/community/blob/master/rfcs/20180907-contrib-sunset.md
  * https://github.com/tensorflow/addons
  * https://github.com/tensorflow/io (for I/O related ops)
If you depend on functionality not listed there, please file an issue.

WARNING:tensorflow:From C:\Users\zengd\Desktop\论文\W-MADDPG\MADDPG_Discrete\mappo_agent.py:114: The name tf.log is deprecated. Please use tf.math.log instead.

WARNING:tensorflow:From C:\Users\zengd\Desktop\论文\W-MADDPG\MADDPG_Discrete\mappo_agent.py:76: The name tf.get_collection is deprecated. Please use tf.compat.v1.get_collection instead.

WARNING:tensorflow:From C:\Users\zengd\Desktop\论文\W-MADDPG\MADDPG_Discrete\mappo_agent.py:76: The name tf.GraphKeys is deprecated. Please use tf.compat.v1.GraphKeys instead.

WARNING:tensorflow:From C:\Users\zengd\Desktop\论文\W-MADDPG\MADDPG_Discrete\mappo_agent.py:122: The name tf.train.AdamOptimizer is deprecated. Please use tf.compat.v1.train.AdamOptimizer instead.

WARNING:tensorflow:From D:\tool\anaconda\envs\py37tf\lib\site-packages\tensorflow_core\python\ops\math_grad.py:1424: where (from tensorflow.python.ops.array_ops) is deprecated and will be removed in a future version.
Instructions for updating:
Use tf.where in 2.0, which has the same broadcast rule as np.where
WARNING:tensorflow:From C:\Users\zengd\Desktop\论文\W-MADDPG\MADDPG_Discrete\train_mappo_phase0.py:215: The name tf.ConfigProto is deprecated. Please use tf.compat.v1.ConfigProto instead.

WARNING:tensorflow:From C:\Users\zengd\Desktop\论文\W-MADDPG\MADDPG_Discrete\train_mappo_phase0.py:219: The name tf.Session is deprecated. Please use tf.compat.v1.Session instead.

2026-09-21 10:38:14.252922: I tensorflow/core/platform/cpu_feature_guard.cc:142] Your CPU supports instructions that this TensorFlow binary was not compiled to use: AVX2
WARNING:tensorflow:From C:\Users\zengd\Desktop\论文\W-MADDPG\MADDPG_Discrete\train_mappo_phase0.py:220: The name tf.global_variables_initializer is deprecated. Please use tf.compat.v1.global_variables_initializer instead.

ep 1/4000 | reward(MA200)=-45.58 success=8.00 fail=17.00 | 4.25s/ep | delay=1.84
ep 50/4000 | reward(MA200)=-46.81 success=7.92 fail=17.08 | 0.31s/ep | delay=1.89
ep 100/4000 | reward(MA200)=-43.74 success=8.18 fail=16.82 | 0.26s/ep | delay=1.94
ep 150/4000 | reward(MA200)=-39.75 success=8.58 fail=16.42 | 0.25s/ep | delay=1.86
ep 200/4000 | reward(MA200)=-36.18 success=8.94 fail=16.07 | 0.30s/ep | delay=1.82
ep 250/4000 | reward(MA200)=-31.84 success=9.34 fail=15.66 | 0.35s/ep | delay=1.88
ep 300/4000 | reward(MA200)=-27.45 success=9.77 fail=15.23 | 0.37s/ep | delay=1.94
ep 350/4000 | reward(MA200)=-22.92 success=10.19 fail=14.81 | 0.40s/ep | delay=1.85
ep 400/4000 | reward(MA200)=-20.51 success=10.41 fail=14.59 | 0.40s/ep | delay=1.94
ep 450/4000 | reward(MA200)=-16.23 success=10.84 fail=14.16 | 0.40s/ep | delay=1.84
ep 500/4000 | reward(MA200)=-12.00 success=11.29 fail=13.71 | 0.41s/ep | delay=1.87
ep 550/4000 | reward(MA200)=-9.89 success=11.54 fail=13.46 | 0.42s/ep | delay=1.81
ep 600/4000 | reward(MA200)=-4.20 success=12.12 fail=12.88 | 0.42s/ep | delay=1.85
ep 650/4000 | reward(MA200)=0.90 success=12.65 fail=12.35 | 0.43s/ep | delay=1.91
ep 700/4000 | reward(MA200)=4.55 success=12.99 fail=12.01 | 0.44s/ep | delay=1.92
ep 750/4000 | reward(MA200)=8.35 success=13.34 fail=11.66 | 0.44s/ep | delay=1.92
ep 800/4000 | reward(MA200)=8.62 success=13.35 fail=11.65 | 0.45s/ep | delay=1.91
ep 850/4000 | reward(MA200)=6.61 success=13.12 fail=11.88 | 0.44s/ep | delay=1.86
ep 900/4000 | reward(MA200)=6.55 success=13.10 fail=11.90 | 0.43s/ep | delay=1.81
ep 950/4000 | reward(MA200)=6.60 success=13.11 fail=11.89 | 0.42s/ep | delay=1.86
ep 1000/4000 | reward(MA200)=7.62 success=13.20 fail=11.80 | 0.42s/ep | delay=1.80
ep 1050/4000 | reward(MA200)=10.95 success=13.54 fail=11.46 | 0.43s/ep | delay=1.88
ep 1100/4000 | reward(MA200)=12.64 success=13.71 fail=11.29 | 0.42s/ep | delay=1.88
ep 1150/4000 | reward(MA200)=12.50 success=13.69 fail=11.31 | 0.41s/ep | delay=1.90
ep 1200/4000 | reward(MA200)=10.97 success=13.52 fail=11.48 | 0.40s/ep | delay=1.84
ep 1250/4000 | reward(MA200)=11.42 success=13.54 fail=11.46 | 0.39s/ep | delay=1.91
ep 1300/4000 | reward(MA200)=10.92 success=13.49 fail=11.51 | 0.38s/ep | delay=1.86
ep 1350/4000 | reward(MA200)=11.01 success=13.49 fail=11.51 | 0.37s/ep | delay=1.91
ep 1400/4000 | reward(MA200)=11.32 success=13.52 fail=11.48 | 0.37s/ep | delay=1.88
ep 1450/4000 | reward(MA200)=9.22 success=13.31 fail=11.69 | 0.36s/ep | delay=1.87
ep 1500/4000 | reward(MA200)=9.56 success=13.35 fail=11.65 | 0.36s/ep | delay=1.91
ep 1550/4000 | reward(MA200)=10.64 success=13.46 fail=11.54 | 0.35s/ep | delay=1.87
ep 1600/4000 | reward(MA200)=13.71 success=13.78 fail=11.22 | 0.35s/ep | delay=1.92
ep 1650/4000 | reward(MA200)=17.32 success=14.15 fail=10.85 | 0.35s/ep | delay=1.86
ep 1700/4000 | reward(MA200)=17.96 success=14.22 fail=10.78 | 0.35s/ep | delay=1.89
ep 1750/4000 | reward(MA200)=18.94 success=14.35 fail=10.65 | 0.35s/ep | delay=1.88
ep 1800/4000 | reward(MA200)=19.38 success=14.40 fail=10.60 | 0.34s/ep | delay=1.89
ep 1850/4000 | reward(MA200)=17.48 success=14.21 fail=10.79 | 0.34s/ep | delay=1.86
ep 1900/4000 | reward(MA200)=17.39 success=14.20 fail=10.80 | 0.33s/ep | delay=1.91
ep 1950/4000 | reward(MA200)=16.70 success=14.13 fail=10.87 | 0.33s/ep | delay=1.91
ep 2000/4000 | reward(MA200)=12.67 success=13.76 fail=11.24 | 0.33s/ep | delay=1.92
ep 2050/4000 | reward(MA200)=9.46 success=13.48 fail=11.52 | 0.32s/ep | delay=1.85
ep 2100/4000 | reward(MA200)=6.75 success=13.26 fail=11.74 | 0.32s/ep | delay=1.87
ep 2150/4000 | reward(MA200)=4.44 success=13.05 fail=11.95 | 0.32s/ep | delay=1.92
ep 2200/4000 | reward(MA200)=4.24 success=13.03 fail=11.97 | 0.31s/ep | delay=1.84
ep 2250/4000 | reward(MA200)=4.90 success=13.09 fail=11.91 | 0.31s/ep | delay=1.86
ep 2300/4000 | reward(MA200)=3.81 success=12.96 fail=12.04 | 0.31s/ep | delay=1.83
ep 2350/4000 | reward(MA200)=4.04 success=12.99 fail=12.01 | 0.31s/ep | delay=1.85
ep 2400/4000 | reward(MA200)=4.26 success=13.04 fail=11.96 | 0.30s/ep | delay=1.88
ep 2450/4000 | reward(MA200)=5.60 success=13.18 fail=11.82 | 0.30s/ep | delay=1.80
ep 2500/4000 | reward(MA200)=6.67 success=13.29 fail=11.71 | 0.30s/ep | delay=1.86
ep 2550/4000 | reward(MA200)=6.39 success=13.24 fail=11.76 | 0.30s/ep | delay=1.87
ep 2600/4000 | reward(MA200)=5.62 success=13.13 fail=11.87 | 0.30s/ep | delay=1.90
ep 2650/4000 | reward(MA200)=7.76 success=13.32 fail=11.68 | 0.29s/ep | delay=1.88
ep 2700/4000 | reward(MA200)=10.57 success=13.59 fail=11.41 | 0.29s/ep | delay=1.87
ep 2750/4000 | reward(MA200)=14.17 success=13.94 fail=11.06 | 0.29s/ep | delay=1.93
ep 2800/4000 | reward(MA200)=18.83 success=14.41 fail=10.59 | 0.29s/ep | delay=1.98
ep 2850/4000 | reward(MA200)=18.52 success=14.39 fail=10.61 | 0.29s/ep | delay=1.90
ep 2900/4000 | reward(MA200)=19.11 success=14.46 fail=10.54 | 0.29s/ep | delay=1.85
ep 2950/4000 | reward(MA200)=18.00 success=14.35 fail=10.65 | 0.29s/ep | delay=1.90
ep 3000/4000 | reward(MA200)=14.55 success=14.01 fail=10.99 | 0.28s/ep | delay=1.88
ep 3050/4000 | reward(MA200)=12.18 success=13.79 fail=11.21 | 0.28s/ep | delay=1.83
ep 3100/4000 | reward(MA200)=7.36 success=13.31 fail=11.69 | 0.28s/ep | delay=1.90
ep 3150/4000 | reward(MA200)=4.57 success=13.04 fail=11.96 | 0.28s/ep | delay=1.85
ep 3200/4000 | reward(MA200)=3.15 success=12.88 fail=12.12 | 0.28s/ep | delay=1.85
ep 3250/4000 | reward(MA200)=1.91 success=12.73 fail=12.27 | 0.28s/ep | delay=1.82
ep 3300/4000 | reward(MA200)=4.71 success=13.00 fail=12.00 | 0.28s/ep | delay=1.82
ep 3350/4000 | reward(MA200)=6.08 success=13.13 fail=11.87 | 0.28s/ep | delay=1.88
ep 3400/4000 | reward(MA200)=9.59 success=13.49 fail=11.51 | 0.28s/ep | delay=1.91
ep 3450/4000 | reward(MA200)=12.52 success=13.79 fail=11.21 | 0.28s/ep | delay=1.88
ep 3500/4000 | reward(MA200)=11.56 success=13.68 fail=11.32 | 0.27s/ep | delay=1.85
ep 3550/4000 | reward(MA200)=11.06 success=13.62 fail=11.38 | 0.27s/ep | delay=1.93
ep 3600/4000 | reward(MA200)=9.84 success=13.47 fail=11.53 | 0.27s/ep | delay=1.91
ep 3650/4000 | reward(MA200)=8.37 success=13.30 fail=11.70 | 0.27s/ep | delay=1.89
ep 3700/4000 | reward(MA200)=9.07 success=13.38 fail=11.62 | 0.27s/ep | delay=2.00
ep 3750/4000 | reward(MA200)=10.70 success=13.59 fail=11.41 | 0.27s/ep | delay=1.92
ep 3800/4000 | reward(MA200)=11.12 success=13.67 fail=11.33 | 0.27s/ep | delay=1.90
ep 3850/4000 | reward(MA200)=11.07 success=13.71 fail=11.29 | 0.27s/ep | delay=1.90
ep 3900/4000 | reward(MA200)=12.47 success=13.87 fail=11.13 | 0.27s/ep | delay=1.87
ep 3950/4000 | reward(MA200)=11.82 success=13.80 fail=11.20 | 0.27s/ep | delay=1.83
ep 4000/4000 | reward(MA200)=11.44 success=13.77 fail=11.23 | 0.27s/ep | delay=1.87
DONE tag=c3_unfixed_1-3_s3 -> C:\Users\zengd\Desktop\论文\W-MADDPG\MADDPG_Discrete\results\exp4_sealing\phase0_c3_unfixed_1-3_s3.csv
