WARNING:tensorflow:From C:\Users\zengd\Desktop\论文\W-MADDPG\MADDPG_Discrete\train_mappo_phase0.py:150: The name tf.set_random_seed is deprecated. Please use tf.compat.v1.set_random_seed instead.

WARNING:tensorflow:From C:\Users\zengd\Desktop\论文\W-MADDPG\MADDPG_Discrete\mappo_agent.py:31: The name tf.placeholder is deprecated. Please use tf.compat.v1.placeholder instead.

WARNING:tensorflow:From C:\Users\zengd\Desktop\论文\W-MADDPG\MADDPG_Discrete\mappo_agent.py:43: The name tf.variable_scope is deprecated. Please use tf.compat.v1.variable_scope instead.

WARNING:tensorflow:From C:\Users\zengd\Desktop\论文\W-MADDPG\MADDPG_Discrete\mappo_agent.py:7: dense (from tensorflow.python.layers.core) is deprecated and will be removed in a future version.
Instructions for updating:
Use keras.layers.Dense instead.
WARNING:tensorflow:From D:\tool\anaconda\envs\py37tf\lib\site-packages\tensorflow_core\python\layers\core.py:187: Layer.apply (from tensorflow.python.keras.engine.base_layer) is deprecated and will be removed in a future version.
Instructions for updating:
Please use `layer.__call__` method instead.
WARNING:tensorflow:
The TensorFlow contrib module will not be included in TensorFlow 2.0.
For more information, please see:
  * https://github.com/tensorflow/community/blob/master/rfcs/20180907-contrib-sunset.md
  * https://github.com/tensorflow/addons
  * https://github.com/tensorflow/io (for I/O related ops)
If you depend on functionality not listed there, please file an issue.

WARNING:tensorflow:From C:\Users\zengd\Desktop\论文\W-MADDPG\MADDPG_Discrete\mappo_agent.py:114: The name tf.log is deprecated. Please use tf.math.log instead.

WARNING:tensorflow:From C:\Users\zengd\Desktop\论文\W-MADDPG\MADDPG_Discrete\mappo_agent.py:76: The name tf.get_collection is deprecated. Please use tf.compat.v1.get_collection instead.

WARNING:tensorflow:From C:\Users\zengd\Desktop\论文\W-MADDPG\MADDPG_Discrete\mappo_agent.py:76: The name tf.GraphKeys is deprecated. Please use tf.compat.v1.GraphKeys instead.

WARNING:tensorflow:From C:\Users\zengd\Desktop\论文\W-MADDPG\MADDPG_Discrete\mappo_agent.py:122: The name tf.train.AdamOptimizer is deprecated. Please use tf.compat.v1.train.AdamOptimizer instead.

WARNING:tensorflow:From D:\tool\anaconda\envs\py37tf\lib\site-packages\tensorflow_core\python\ops\math_grad.py:1424: where (from tensorflow.python.ops.array_ops) is deprecated and will be removed in a future version.
Instructions for updating:
Use tf.where in 2.0, which has the same broadcast rule as np.where
WARNING:tensorflow:From C:\Users\zengd\Desktop\论文\W-MADDPG\MADDPG_Discrete\train_mappo_phase0.py:215: The name tf.ConfigProto is deprecated. Please use tf.compat.v1.ConfigProto instead.

WARNING:tensorflow:From C:\Users\zengd\Desktop\论文\W-MADDPG\MADDPG_Discrete\train_mappo_phase0.py:219: The name tf.Session is deprecated. Please use tf.compat.v1.Session instead.

2026-09-21 10:19:30.178871: I tensorflow/core/platform/cpu_feature_guard.cc:142] Your CPU supports instructions that this TensorFlow binary was not compiled to use: AVX2
WARNING:tensorflow:From C:\Users\zengd\Desktop\论文\W-MADDPG\MADDPG_Discrete\train_mappo_phase0.py:220: The name tf.global_variables_initializer is deprecated. Please use tf.compat.v1.global_variables_initializer instead.

ep 1/4000 | reward(MA200)=-35.50 success=9.00 fail=16.00 | 2.83s/ep | delay=1.52
ep 50/4000 | reward(MA200)=-41.88 success=8.30 fail=16.70 | 0.18s/ep | delay=1.51
ep 100/4000 | reward(MA200)=-44.90 success=8.00 fail=17.00 | 0.15s/ep | delay=1.51
ep 150/4000 | reward(MA200)=-45.59 success=7.93 fail=17.07 | 0.16s/ep | delay=1.52
ep 200/4000 | reward(MA200)=-42.85 success=8.20 fail=16.80 | 0.15s/ep | delay=1.50
ep 250/4000 | reward(MA200)=-37.52 success=8.74 fail=16.25 | 0.15s/ep | delay=1.51
ep 300/4000 | reward(MA200)=-28.80 success=9.63 fail=15.37 | 0.15s/ep | delay=1.46
ep 350/4000 | reward(MA200)=-20.36 success=10.46 fail=14.54 | 0.15s/ep | delay=1.52
ep 400/4000 | reward(MA200)=-16.90 success=10.81 fail=14.19 | 0.15s/ep | delay=1.54
ep 450/4000 | reward(MA200)=-18.26 success=10.66 fail=14.34 | 0.15s/ep | delay=1.51
ep 500/4000 | reward(MA200)=-22.90 success=10.20 fail=14.80 | 0.15s/ep | delay=1.52
ep 550/4000 | reward(MA200)=-25.42 success=9.96 fail=15.04 | 0.15s/ep | delay=1.51
ep 600/4000 | reward(MA200)=-23.39 success=10.16 fail=14.84 | 0.15s/ep | delay=1.50
ep 650/4000 | reward(MA200)=-19.96 success=10.49 fail=14.51 | 0.16s/ep | delay=1.52
ep 700/4000 | reward(MA200)=-16.16 success=10.85 fail=14.15 | 0.16s/ep | delay=1.48
ep 750/4000 | reward(MA200)=-15.35 success=10.91 fail=14.09 | 0.16s/ep | delay=1.50
ep 800/4000 | reward(MA200)=-15.87 success=10.87 fail=14.13 | 0.16s/ep | delay=1.51
ep 850/4000 | reward(MA200)=-17.16 success=10.76 fail=14.24 | 0.16s/ep | delay=1.47
ep 900/4000 | reward(MA200)=-17.67 success=10.73 fail=14.27 | 0.16s/ep | delay=1.49
ep 950/4000 | reward(MA200)=-17.74 success=10.76 fail=14.24 | 0.17s/ep | delay=1.46
ep 1000/4000 | reward(MA200)=-21.33 success=10.42 fail=14.58 | 0.18s/ep | delay=1.51
ep 1050/4000 | reward(MA200)=-21.67 success=10.40 fail=14.60 | 0.18s/ep | delay=1.48
ep 1100/4000 | reward(MA200)=-20.00 success=10.56 fail=14.44 | 0.19s/ep | delay=1.52
ep 1150/4000 | reward(MA200)=-17.98 success=10.75 fail=14.25 | 0.19s/ep | delay=1.47
ep 1200/4000 | reward(MA200)=-13.25 success=11.23 fail=13.77 | 0.19s/ep | delay=1.54
ep 1250/4000 | reward(MA200)=-11.54 success=11.40 fail=13.60 | 0.19s/ep | delay=1.50
ep 1300/4000 | reward(MA200)=-11.60 success=11.41 fail=13.59 | 0.19s/ep | delay=1.52
ep 1350/4000 | reward(MA200)=-11.92 success=11.40 fail=13.60 | 0.20s/ep | delay=1.52
ep 1400/4000 | reward(MA200)=-13.82 success=11.24 fail=13.76 | 0.21s/ep | delay=1.47
ep 1450/4000 | reward(MA200)=-12.31 success=11.43 fail=13.57 | 0.21s/ep | delay=1.51
ep 1500/4000 | reward(MA200)=-9.02 success=11.80 fail=13.20 | 0.22s/ep | delay=1.54
ep 1550/4000 | reward(MA200)=-5.65 success=12.18 fail=12.82 | 0.22s/ep | delay=1.51
ep 1600/4000 | reward(MA200)=0.45 success=12.80 fail=12.20 | 0.23s/ep | delay=1.50
ep 1650/4000 | reward(MA200)=2.90 success=13.06 fail=11.94 | 0.23s/ep | delay=1.50
ep 1700/4000 | reward(MA200)=5.31 success=13.30 fail=11.70 | 0.24s/ep | delay=1.50
ep 1750/4000 | reward(MA200)=7.58 success=13.50 fail=11.50 | 0.24s/ep | delay=1.45
ep 1800/4000 | reward(MA200)=7.92 success=13.51 fail=11.49 | 0.24s/ep | delay=1.51
ep 1850/4000 | reward(MA200)=8.21 success=13.51 fail=11.49 | 0.25s/ep | delay=1.57
ep 1900/4000 | reward(MA200)=6.26 success=13.28 fail=11.72 | 0.25s/ep | delay=1.51
ep 1950/4000 | reward(MA200)=5.47 success=13.18 fail=11.82 | 0.25s/ep | delay=1.50
ep 2000/4000 | reward(MA200)=4.84 success=13.12 fail=11.88 | 0.26s/ep | delay=1.51
ep 2050/4000 | reward(MA200)=5.34 success=13.17 fail=11.83 | 0.26s/ep | delay=1.51
ep 2100/4000 | reward(MA200)=6.99 success=13.35 fail=11.65 | 0.26s/ep | delay=1.49
ep 2150/4000 | reward(MA200)=7.81 success=13.43 fail=11.57 | 0.26s/ep | delay=1.50
ep 2200/4000 | reward(MA200)=8.60 success=13.50 fail=11.50 | 0.26s/ep | delay=1.51
ep 2250/4000 | reward(MA200)=10.04 success=13.64 fail=11.36 | 0.26s/ep | delay=1.49
ep 2300/4000 | reward(MA200)=10.99 success=13.73 fail=11.27 | 0.26s/ep | delay=1.50
ep 2350/4000 | reward(MA200)=12.50 success=13.88 fail=11.12 | 0.26s/ep | delay=1.49
ep 2400/4000 | reward(MA200)=13.31 success=13.95 fail=11.05 | 0.26s/ep | delay=1.52
ep 2450/4000 | reward(MA200)=12.98 success=13.90 fail=11.10 | 0.27s/ep | delay=1.48
ep 2500/4000 | reward(MA200)=11.66 success=13.75 fail=11.25 | 0.27s/ep | delay=1.51
ep 2550/4000 | reward(MA200)=11.14 success=13.69 fail=11.31 | 0.27s/ep | delay=1.49
ep 2600/4000 | reward(MA200)=11.61 success=13.72 fail=11.28 | 0.27s/ep | delay=1.50
ep 2650/4000 | reward(MA200)=10.78 success=13.62 fail=11.38 | 0.27s/ep | delay=1.51
ep 2700/4000 | reward(MA200)=9.91 success=13.51 fail=11.49 | 0.27s/ep | delay=1.49
ep 2750/4000 | reward(MA200)=8.37 success=13.34 fail=11.66 | 0.27s/ep | delay=1.52
ep 2800/4000 | reward(MA200)=7.49 success=13.23 fail=11.77 | 0.27s/ep | delay=1.53
ep 2850/4000 | reward(MA200)=6.93 success=13.16 fail=11.84 | 0.27s/ep | delay=1.48
ep 2900/4000 | reward(MA200)=8.09 success=13.28 fail=11.72 | 0.27s/ep | delay=1.48
ep 2950/4000 | reward(MA200)=8.08 success=13.28 fail=11.72 | 0.27s/ep | delay=1.54
ep 3000/4000 | reward(MA200)=8.92 success=13.37 fail=11.63 | 0.27s/ep | delay=1.53
ep 3050/4000 | reward(MA200)=11.25 success=13.62 fail=11.38 | 0.27s/ep | delay=1.55
ep 3100/4000 | reward(MA200)=11.50 success=13.67 fail=11.33 | 0.28s/ep | delay=1.52
ep 3150/4000 | reward(MA200)=10.97 success=13.63 fail=11.37 | 0.28s/ep | delay=1.50
ep 3200/4000 | reward(MA200)=8.57 success=13.39 fail=11.61 | 0.29s/ep | delay=1.54
ep 3250/4000 | reward(MA200)=5.86 success=13.10 fail=11.90 | 0.29s/ep | delay=1.48
ep 3300/4000 | reward(MA200)=5.76 success=13.06 fail=11.94 | 0.29s/ep | delay=1.47
ep 3350/4000 | reward(MA200)=5.35 success=13.01 fail=11.99 | 0.29s/ep | delay=1.48
ep 3400/4000 | reward(MA200)=4.66 success=12.94 fail=12.06 | 0.29s/ep | delay=1.46
ep 3450/4000 | reward(MA200)=4.01 success=12.89 fail=12.11 | 0.29s/ep | delay=1.50
ep 3500/4000 | reward(MA200)=1.66 success=12.69 fail=12.31 | 0.29s/ep | delay=1.51
ep 3550/4000 | reward(MA200)=-0.07 success=12.53 fail=12.47 | 0.29s/ep | delay=1.50
ep 3600/4000 | reward(MA200)=-0.20 success=12.53 fail=12.47 | 0.28s/ep | delay=1.53
ep 3650/4000 | reward(MA200)=-0.22 success=12.52 fail=12.48 | 0.28s/ep | delay=1.50
ep 3700/4000 | reward(MA200)=-0.05 success=12.53 fail=12.47 | 0.28s/ep | delay=1.46
ep 3750/4000 | reward(MA200)=0.94 success=12.62 fail=12.38 | 0.28s/ep | delay=1.50
ep 3800/4000 | reward(MA200)=0.83 success=12.60 fail=12.40 | 0.28s/ep | delay=1.50
ep 3850/4000 | reward(MA200)=1.07 success=12.62 fail=12.38 | 0.28s/ep | delay=1.49
ep 3900/4000 | reward(MA200)=2.30 success=12.75 fail=12.25 | 0.28s/ep | delay=1.49
ep 3950/4000 | reward(MA200)=3.21 success=12.85 fail=12.15 | 0.28s/ep | delay=1.49
ep 4000/4000 | reward(MA200)=5.32 success=13.06 fail=11.94 | 0.28s/ep | delay=1.48
DONE tag=c3_unfixed_1-2_s2 -> C:\Users\zengd\Desktop\论文\W-MADDPG\MADDPG_Discrete\results\exp4_sealing\phase0_c3_unfixed_1-2_s2.csv
