WARNING:tensorflow:From C:\Users\zengd\Desktop\论文\W-MADDPG\MADDPG_Discrete\train_mappo_phase0.py:150: The name tf.set_random_seed is deprecated. Please use tf.compat.v1.set_random_seed instead.

WARNING:tensorflow:From C:\Users\zengd\Desktop\论文\W-MADDPG\MADDPG_Discrete\mappo_agent.py:31: The name tf.placeholder is deprecated. Please use tf.compat.v1.placeholder instead.

WARNING:tensorflow:From C:\Users\zengd\Desktop\论文\W-MADDPG\MADDPG_Discrete\mappo_agent.py:43: The name tf.variable_scope is deprecated. Please use tf.compat.v1.variable_scope instead.

WARNING:tensorflow:From C:\Users\zengd\Desktop\论文\W-MADDPG\MADDPG_Discrete\mappo_agent.py:7: dense (from tensorflow.python.layers.core) is deprecated and will be removed in a future version.
Instructions for updating:
Use keras.layers.Dense instead.
WARNING:tensorflow:From D:\tool\anaconda\envs\py37tf\lib\site-packages\tensorflow_core\python\layers\core.py:187: Layer.apply (from tensorflow.python.keras.engine.base_layer) is deprecated and will be removed in a future version.
Instructions for updating:
Please use `layer.__call__` method instead.
WARNING:tensorflow:
The TensorFlow contrib module will not be included in TensorFlow 2.0.
For more information, please see:
  * https://github.com/tensorflow/community/blob/master/rfcs/20180907-contrib-sunset.md
  * https://github.com/tensorflow/addons
  * https://github.com/tensorflow/io (for I/O related ops)
If you depend on functionality not listed there, please file an issue.

WARNING:tensorflow:From C:\Users\zengd\Desktop\论文\W-MADDPG\MADDPG_Discrete\mappo_agent.py:114: The name tf.log is deprecated. Please use tf.math.log instead.

WARNING:tensorflow:From C:\Users\zengd\Desktop\论文\W-MADDPG\MADDPG_Discrete\mappo_agent.py:76: The name tf.get_collection is deprecated. Please use tf.compat.v1.get_collection instead.

WARNING:tensorflow:From C:\Users\zengd\Desktop\论文\W-MADDPG\MADDPG_Discrete\mappo_agent.py:76: The name tf.GraphKeys is deprecated. Please use tf.compat.v1.GraphKeys instead.

WARNING:tensorflow:From C:\Users\zengd\Desktop\论文\W-MADDPG\MADDPG_Discrete\mappo_agent.py:122: The name tf.train.AdamOptimizer is deprecated. Please use tf.compat.v1.train.AdamOptimizer instead.

WARNING:tensorflow:From D:\tool\anaconda\envs\py37tf\lib\site-packages\tensorflow_core\python\ops\math_grad.py:1424: where (from tensorflow.python.ops.array_ops) is deprecated and will be removed in a future version.
Instructions for updating:
Use tf.where in 2.0, which has the same broadcast rule as np.where
WARNING:tensorflow:From C:\Users\zengd\Desktop\论文\W-MADDPG\MADDPG_Discrete\train_mappo_phase0.py:215: The name tf.ConfigProto is deprecated. Please use tf.compat.v1.ConfigProto instead.

WARNING:tensorflow:From C:\Users\zengd\Desktop\论文\W-MADDPG\MADDPG_Discrete\train_mappo_phase0.py:219: The name tf.Session is deprecated. Please use tf.compat.v1.Session instead.

2026-09-21 10:19:30.442374: I tensorflow/core/platform/cpu_feature_guard.cc:142] Your CPU supports instructions that this TensorFlow binary was not compiled to use: AVX2
WARNING:tensorflow:From C:\Users\zengd\Desktop\论文\W-MADDPG\MADDPG_Discrete\train_mappo_phase0.py:220: The name tf.global_variables_initializer is deprecated. Please use tf.compat.v1.global_variables_initializer instead.

ep 1/4000 | reward(MA200)=-57.09 success=7.00 fail=18.00 | 2.95s/ep | delay=2.25
ep 50/4000 | reward(MA200)=-39.60 success=8.56 fail=16.44 | 0.18s/ep | delay=2.22
ep 100/4000 | reward(MA200)=-36.34 success=8.87 fail=16.13 | 0.16s/ep | delay=2.24
ep 150/4000 | reward(MA200)=-35.09 success=8.98 fail=16.02 | 0.16s/ep | delay=2.20
ep 200/4000 | reward(MA200)=-35.30 success=8.95 fail=16.05 | 0.15s/ep | delay=2.20
ep 250/4000 | reward(MA200)=-29.99 success=9.46 fail=15.54 | 0.15s/ep | delay=2.25
ep 300/4000 | reward(MA200)=-25.08 success=9.95 fail=15.05 | 0.15s/ep | delay=2.17
ep 350/4000 | reward(MA200)=-18.51 success=10.61 fail=14.39 | 0.15s/ep | delay=2.18
ep 400/4000 | reward(MA200)=-12.58 success=11.22 fail=13.78 | 0.15s/ep | delay=2.17
ep 450/4000 | reward(MA200)=-9.31 success=11.56 fail=13.44 | 0.15s/ep | delay=2.27
ep 500/4000 | reward(MA200)=-6.26 success=11.87 fail=13.13 | 0.15s/ep | delay=2.27
ep 550/4000 | reward(MA200)=-7.40 success=11.75 fail=13.25 | 0.15s/ep | delay=2.22
ep 600/4000 | reward(MA200)=-6.05 success=11.85 fail=13.15 | 0.15s/ep | delay=2.24
ep 650/4000 | reward(MA200)=-3.75 success=12.06 fail=12.94 | 0.16s/ep | delay=2.28
ep 700/4000 | reward(MA200)=-1.35 success=12.29 fail=12.71 | 0.16s/ep | delay=2.10
ep 750/4000 | reward(MA200)=3.43 success=12.76 fail=12.24 | 0.16s/ep | delay=2.22
ep 800/4000 | reward(MA200)=7.56 success=13.16 fail=11.84 | 0.16s/ep | delay=2.25
ep 850/4000 | reward(MA200)=7.54 success=13.15 fail=11.85 | 0.16s/ep | delay=2.14
ep 900/4000 | reward(MA200)=7.11 success=13.10 fail=11.90 | 0.16s/ep | delay=2.21
ep 950/4000 | reward(MA200)=5.99 success=12.98 fail=12.02 | 0.17s/ep | delay=2.31
ep 1000/4000 | reward(MA200)=6.28 success=13.02 fail=11.98 | 0.18s/ep | delay=2.27
ep 1050/4000 | reward(MA200)=7.68 success=13.16 fail=11.84 | 0.18s/ep | delay=2.28
ep 1100/4000 | reward(MA200)=8.96 success=13.30 fail=11.70 | 0.19s/ep | delay=2.21
ep 1150/4000 | reward(MA200)=10.44 success=13.47 fail=11.53 | 0.19s/ep | delay=2.16
ep 1200/4000 | reward(MA200)=11.14 success=13.55 fail=11.45 | 0.19s/ep | delay=2.23
ep 1250/4000 | reward(MA200)=11.88 success=13.62 fail=11.38 | 0.19s/ep | delay=2.14
ep 1300/4000 | reward(MA200)=12.23 success=13.64 fail=11.36 | 0.19s/ep | delay=2.25
ep 1350/4000 | reward(MA200)=13.65 success=13.78 fail=11.22 | 0.20s/ep | delay=2.18
ep 1400/4000 | reward(MA200)=11.99 success=13.61 fail=11.39 | 0.21s/ep | delay=2.20
ep 1450/4000 | reward(MA200)=10.53 success=13.47 fail=11.53 | 0.21s/ep | delay=2.20
ep 1500/4000 | reward(MA200)=6.88 success=13.12 fail=11.88 | 0.22s/ep | delay=2.21
ep 1550/4000 | reward(MA200)=0.95 success=12.54 fail=12.46 | 0.22s/ep | delay=2.35
ep 1600/4000 | reward(MA200)=-1.49 success=12.30 fail=12.70 | 0.23s/ep | delay=2.31
ep 1650/4000 | reward(MA200)=-1.96 success=12.28 fail=12.72 | 0.23s/ep | delay=2.21
ep 1700/4000 | reward(MA200)=-0.27 success=12.46 fail=12.54 | 0.24s/ep | delay=2.37
ep 1750/4000 | reward(MA200)=2.00 success=12.69 fail=12.31 | 0.24s/ep | delay=2.25
ep 1800/4000 | reward(MA200)=2.72 success=12.77 fail=12.23 | 0.24s/ep | delay=2.22
ep 1850/4000 | reward(MA200)=2.05 success=12.69 fail=12.31 | 0.25s/ep | delay=2.20
ep 1900/4000 | reward(MA200)=1.95 success=12.66 fail=12.34 | 0.25s/ep | delay=2.29
ep 1950/4000 | reward(MA200)=3.69 success=12.82 fail=12.18 | 0.25s/ep | delay=2.32
ep 2000/4000 | reward(MA200)=6.50 success=13.10 fail=11.90 | 0.25s/ep | delay=2.19
ep 2050/4000 | reward(MA200)=9.75 success=13.43 fail=11.57 | 0.26s/ep | delay=2.24
ep 2100/4000 | reward(MA200)=10.92 success=13.55 fail=11.45 | 0.26s/ep | delay=2.25
ep 2150/4000 | reward(MA200)=10.90 success=13.55 fail=11.45 | 0.26s/ep | delay=2.23
ep 2200/4000 | reward(MA200)=10.44 success=13.49 fail=11.51 | 0.26s/ep | delay=2.18
ep 2250/4000 | reward(MA200)=9.77 success=13.43 fail=11.57 | 0.26s/ep | delay=2.24
ep 2300/4000 | reward(MA200)=9.61 success=13.41 fail=11.59 | 0.26s/ep | delay=2.15
ep 2350/4000 | reward(MA200)=9.77 success=13.42 fail=11.58 | 0.26s/ep | delay=2.18
ep 2400/4000 | reward(MA200)=9.27 success=13.38 fail=11.62 | 0.26s/ep | delay=2.25
ep 2450/4000 | reward(MA200)=9.60 success=13.41 fail=11.59 | 0.27s/ep | delay=2.13
ep 2500/4000 | reward(MA200)=11.04 success=13.55 fail=11.45 | 0.27s/ep | delay=2.30
ep 2550/4000 | reward(MA200)=12.63 success=13.72 fail=11.28 | 0.27s/ep | delay=2.22
ep 2600/4000 | reward(MA200)=13.13 success=13.78 fail=11.22 | 0.27s/ep | delay=2.22
ep 2650/4000 | reward(MA200)=12.22 success=13.69 fail=11.31 | 0.27s/ep | delay=2.16
ep 2700/4000 | reward(MA200)=12.01 success=13.66 fail=11.34 | 0.27s/ep | delay=2.18
ep 2750/4000 | reward(MA200)=12.30 success=13.67 fail=11.33 | 0.27s/ep | delay=2.22
ep 2800/4000 | reward(MA200)=14.00 success=13.82 fail=11.18 | 0.27s/ep | delay=2.30
ep 2850/4000 | reward(MA200)=15.85 success=14.02 fail=10.98 | 0.27s/ep | delay=2.26
ep 2900/4000 | reward(MA200)=16.08 success=14.04 fail=10.96 | 0.27s/ep | delay=2.30
ep 2950/4000 | reward(MA200)=16.74 success=14.11 fail=10.89 | 0.27s/ep | delay=2.18
ep 3000/4000 | reward(MA200)=15.85 success=14.01 fail=10.99 | 0.27s/ep | delay=2.24
ep 3050/4000 | reward(MA200)=14.41 success=13.84 fail=11.16 | 0.28s/ep | delay=2.27
ep 3100/4000 | reward(MA200)=13.22 success=13.71 fail=11.29 | 0.28s/ep | delay=2.15
ep 3150/4000 | reward(MA200)=8.72 success=13.25 fail=11.75 | 0.28s/ep | delay=2.24
ep 3200/4000 | reward(MA200)=4.72 success=12.85 fail=12.15 | 0.29s/ep | delay=2.19
ep 3250/4000 | reward(MA200)=2.31 success=12.59 fail=12.41 | 0.29s/ep | delay=2.09
ep 3300/4000 | reward(MA200)=1.12 success=12.46 fail=12.54 | 0.29s/ep | delay=2.19
ep 3350/4000 | reward(MA200)=2.05 success=12.54 fail=12.46 | 0.29s/ep | delay=2.23
ep 3400/4000 | reward(MA200)=3.80 success=12.72 fail=12.28 | 0.29s/ep | delay=2.11
ep 3450/4000 | reward(MA200)=4.31 success=12.78 fail=12.22 | 0.29s/ep | delay=2.17
ep 3500/4000 | reward(MA200)=4.83 success=12.85 fail=12.15 | 0.29s/ep | delay=2.22
ep 3550/4000 | reward(MA200)=5.46 success=12.93 fail=12.07 | 0.29s/ep | delay=2.22
ep 3600/4000 | reward(MA200)=6.09 success=12.99 fail=12.01 | 0.28s/ep | delay=2.26
ep 3650/4000 | reward(MA200)=6.63 success=13.04 fail=11.96 | 0.28s/ep | delay=2.19
ep 3700/4000 | reward(MA200)=6.04 success=12.97 fail=12.03 | 0.28s/ep | delay=2.25
ep 3750/4000 | reward(MA200)=5.95 success=12.96 fail=12.04 | 0.28s/ep | delay=2.28
ep 3800/4000 | reward(MA200)=3.81 success=12.75 fail=12.25 | 0.28s/ep | delay=2.27
ep 3850/4000 | reward(MA200)=1.45 success=12.53 fail=12.47 | 0.28s/ep | delay=2.10
ep 3900/4000 | reward(MA200)=-0.46 success=12.36 fail=12.64 | 0.28s/ep | delay=2.21
ep 3950/4000 | reward(MA200)=-3.31 success=12.07 fail=12.93 | 0.28s/ep | delay=2.28
ep 4000/4000 | reward(MA200)=-2.77 success=12.12 fail=12.88 | 0.28s/ep | delay=2.22
DONE tag=c3_unfixed_1-4_s5 -> C:\Users\zengd\Desktop\论文\W-MADDPG\MADDPG_Discrete\results\exp4_sealing\phase0_c3_unfixed_1-4_s5.csv
