WARNING:tensorflow:From C:\Users\zengd\Desktop\论文\W-MADDPG\MADDPG_Discrete\train_mappo_phase0.py:150: The name tf.set_random_seed is deprecated. Please use tf.compat.v1.set_random_seed instead.

WARNING:tensorflow:From C:\Users\zengd\Desktop\论文\W-MADDPG\MADDPG_Discrete\mappo_agent.py:31: The name tf.placeholder is deprecated. Please use tf.compat.v1.placeholder instead.

WARNING:tensorflow:From C:\Users\zengd\Desktop\论文\W-MADDPG\MADDPG_Discrete\mappo_agent.py:43: The name tf.variable_scope is deprecated. Please use tf.compat.v1.variable_scope instead.

WARNING:tensorflow:From C:\Users\zengd\Desktop\论文\W-MADDPG\MADDPG_Discrete\mappo_agent.py:7: dense (from tensorflow.python.layers.core) is deprecated and will be removed in a future version.
Instructions for updating:
Use keras.layers.Dense instead.
WARNING:tensorflow:From D:\tool\anaconda\envs\py37tf\lib\site-packages\tensorflow_core\python\layers\core.py:187: Layer.apply (from tensorflow.python.keras.engine.base_layer) is deprecated and will be removed in a future version.
Instructions for updating:
Please use `layer.__call__` method instead.
WARNING:tensorflow:
The TensorFlow contrib module will not be included in TensorFlow 2.0.
For more information, please see:
  * https://github.com/tensorflow/community/blob/master/rfcs/20180907-contrib-sunset.md
  * https://github.com/tensorflow/addons
  * https://github.com/tensorflow/io (for I/O related ops)
If you depend on functionality not listed there, please file an issue.

WARNING:tensorflow:From C:\Users\zengd\Desktop\论文\W-MADDPG\MADDPG_Discrete\mappo_agent.py:114: The name tf.log is deprecated. Please use tf.math.log instead.

WARNING:tensorflow:From C:\Users\zengd\Desktop\论文\W-MADDPG\MADDPG_Discrete\mappo_agent.py:76: The name tf.get_collection is deprecated. Please use tf.compat.v1.get_collection instead.

WARNING:tensorflow:From C:\Users\zengd\Desktop\论文\W-MADDPG\MADDPG_Discrete\mappo_agent.py:76: The name tf.GraphKeys is deprecated. Please use tf.compat.v1.GraphKeys instead.

WARNING:tensorflow:From C:\Users\zengd\Desktop\论文\W-MADDPG\MADDPG_Discrete\mappo_agent.py:122: The name tf.train.AdamOptimizer is deprecated. Please use tf.compat.v1.train.AdamOptimizer instead.

WARNING:tensorflow:From D:\tool\anaconda\envs\py37tf\lib\site-packages\tensorflow_core\python\ops\math_grad.py:1424: where (from tensorflow.python.ops.array_ops) is deprecated and will be removed in a future version.
Instructions for updating:
Use tf.where in 2.0, which has the same broadcast rule as np.where
WARNING:tensorflow:From C:\Users\zengd\Desktop\论文\W-MADDPG\MADDPG_Discrete\train_mappo_phase0.py:215: The name tf.ConfigProto is deprecated. Please use tf.compat.v1.ConfigProto instead.

WARNING:tensorflow:From C:\Users\zengd\Desktop\论文\W-MADDPG\MADDPG_Discrete\train_mappo_phase0.py:219: The name tf.Session is deprecated. Please use tf.compat.v1.Session instead.

2026-09-21 10:38:31.462209: I tensorflow/core/platform/cpu_feature_guard.cc:142] Your CPU supports instructions that this TensorFlow binary was not compiled to use: AVX2
WARNING:tensorflow:From C:\Users\zengd\Desktop\论文\W-MADDPG\MADDPG_Discrete\train_mappo_phase0.py:220: The name tf.global_variables_initializer is deprecated. Please use tf.compat.v1.global_variables_initializer instead.

ep 1/4000 | reward(MA200)=72.20 success=20.00 fail=5.00 | 3.73s/ep | delay=2.32
ep 50/4000 | reward(MA200)=69.10 success=19.64 fail=5.36 | 0.27s/ep | delay=2.18
ep 100/4000 | reward(MA200)=71.31 success=19.79 fail=5.21 | 0.27s/ep | delay=2.28
ep 150/4000 | reward(MA200)=69.30 success=19.55 fail=5.45 | 0.38s/ep | delay=2.26
ep 200/4000 | reward(MA200)=68.41 success=19.46 fail=5.54 | 0.41s/ep | delay=2.15
ep 250/4000 | reward(MA200)=67.41 success=19.36 fail=5.64 | 0.44s/ep | delay=2.24
ep 300/4000 | reward(MA200)=65.11 success=19.17 fail=5.83 | 0.45s/ep | delay=2.27
ep 350/4000 | reward(MA200)=65.07 success=19.22 fail=5.78 | 0.44s/ep | delay=2.20
ep 400/4000 | reward(MA200)=68.04 success=19.57 fail=5.43 | 0.44s/ep | delay=2.22
ep 450/4000 | reward(MA200)=70.36 success=19.80 fail=5.20 | 0.46s/ep | delay=2.18
ep 500/4000 | reward(MA200)=72.80 success=20.05 fail=4.95 | 0.46s/ep | delay=2.21
ep 550/4000 | reward(MA200)=74.47 success=20.23 fail=4.77 | 0.47s/ep | delay=2.24
ep 600/4000 | reward(MA200)=74.30 success=20.20 fail=4.80 | 0.47s/ep | delay=2.10
ep 650/4000 | reward(MA200)=75.12 success=20.25 fail=4.75 | 0.48s/ep | delay=2.23
ep 700/4000 | reward(MA200)=75.82 success=20.30 fail=4.70 | 0.48s/ep | delay=2.19
ep 750/4000 | reward(MA200)=77.93 success=20.50 fail=4.50 | 0.47s/ep | delay=2.30
ep 800/4000 | reward(MA200)=79.32 success=20.62 fail=4.38 | 0.46s/ep | delay=2.25
ep 850/4000 | reward(MA200)=79.03 success=20.59 fail=4.41 | 0.45s/ep | delay=2.26
ep 900/4000 | reward(MA200)=79.07 success=20.58 fail=4.42 | 0.45s/ep | delay=2.21
ep 950/4000 | reward(MA200)=77.31 success=20.39 fail=4.61 | 0.46s/ep | delay=2.24
ep 1000/4000 | reward(MA200)=72.49 success=19.93 fail=5.07 | 0.45s/ep | delay=2.21
ep 1050/4000 | reward(MA200)=70.62 success=19.78 fail=5.22 | 0.43s/ep | delay=2.25
ep 1100/4000 | reward(MA200)=69.86 success=19.75 fail=5.25 | 0.42s/ep | delay=2.16
ep 1150/4000 | reward(MA200)=71.24 success=19.93 fail=5.08 | 0.41s/ep | delay=2.23
ep 1200/4000 | reward(MA200)=74.60 success=20.27 fail=4.73 | 0.40s/ep | delay=2.22
ep 1250/4000 | reward(MA200)=75.51 success=20.34 fail=4.66 | 0.39s/ep | delay=2.22
ep 1300/4000 | reward(MA200)=76.14 success=20.39 fail=4.61 | 0.38s/ep | delay=2.22
ep 1350/4000 | reward(MA200)=76.92 success=20.45 fail=4.54 | 0.38s/ep | delay=2.25
ep 1400/4000 | reward(MA200)=77.51 success=20.52 fail=4.49 | 0.37s/ep | delay=2.21
ep 1450/4000 | reward(MA200)=78.89 success=20.66 fail=4.33 | 0.36s/ep | delay=2.21
ep 1500/4000 | reward(MA200)=78.50 success=20.63 fail=4.37 | 0.36s/ep | delay=2.19
ep 1550/4000 | reward(MA200)=76.32 success=20.41 fail=4.59 | 0.36s/ep | delay=2.20
ep 1600/4000 | reward(MA200)=77.13 success=20.48 fail=4.52 | 0.36s/ep | delay=2.21
ep 1650/4000 | reward(MA200)=76.90 success=20.44 fail=4.56 | 0.36s/ep | delay=2.16
ep 1700/4000 | reward(MA200)=77.53 success=20.49 fail=4.51 | 0.35s/ep | delay=2.30
ep 1750/4000 | reward(MA200)=77.63 success=20.50 fail=4.50 | 0.35s/ep | delay=2.20
ep 1800/4000 | reward(MA200)=75.20 success=20.24 fail=4.76 | 0.34s/ep | delay=2.28
ep 1850/4000 | reward(MA200)=75.12 success=20.22 fail=4.78 | 0.34s/ep | delay=2.19
ep 1900/4000 | reward(MA200)=75.07 success=20.20 fail=4.79 | 0.34s/ep | delay=2.22
ep 1950/4000 | reward(MA200)=76.68 success=20.34 fail=4.66 | 0.33s/ep | delay=2.29
ep 2000/4000 | reward(MA200)=78.96 success=20.57 fail=4.43 | 0.33s/ep | delay=2.13
ep 2050/4000 | reward(MA200)=78.72 success=20.55 fail=4.45 | 0.33s/ep | delay=2.28
ep 2100/4000 | reward(MA200)=77.55 success=20.43 fail=4.57 | 0.32s/ep | delay=2.27
ep 2150/4000 | reward(MA200)=76.27 success=20.30 fail=4.71 | 0.32s/ep | delay=2.22
ep 2200/4000 | reward(MA200)=74.96 success=20.15 fail=4.85 | 0.32s/ep | delay=2.22
ep 2250/4000 | reward(MA200)=75.26 success=20.16 fail=4.83 | 0.31s/ep | delay=2.22
ep 2300/4000 | reward(MA200)=75.11 success=20.14 fail=4.86 | 0.31s/ep | delay=2.23
ep 2350/4000 | reward(MA200)=73.75 success=20.02 fail=4.99 | 0.31s/ep | delay=2.22
ep 2400/4000 | reward(MA200)=73.64 success=20.02 fail=4.99 | 0.31s/ep | delay=2.28
ep 2450/4000 | reward(MA200)=72.96 success=19.96 fail=5.04 | 0.31s/ep | delay=2.23
ep 2500/4000 | reward(MA200)=74.52 success=20.14 fail=4.87 | 0.30s/ep | delay=2.11
ep 2550/4000 | reward(MA200)=76.58 success=20.36 fail=4.64 | 0.30s/ep | delay=2.27
ep 2600/4000 | reward(MA200)=76.67 success=20.39 fail=4.62 | 0.30s/ep | delay=2.16
ep 2650/4000 | reward(MA200)=76.35 success=20.36 fail=4.63 | 0.30s/ep | delay=2.24
ep 2700/4000 | reward(MA200)=75.00 success=20.24 fail=4.76 | 0.30s/ep | delay=2.33
ep 2750/4000 | reward(MA200)=74.16 success=20.15 fail=4.85 | 0.29s/ep | delay=2.20
ep 2800/4000 | reward(MA200)=74.64 success=20.20 fail=4.80 | 0.29s/ep | delay=2.13
ep 2850/4000 | reward(MA200)=75.67 success=20.30 fail=4.70 | 0.29s/ep | delay=2.27
ep 2900/4000 | reward(MA200)=76.85 success=20.42 fail=4.58 | 0.29s/ep | delay=2.16
ep 2950/4000 | reward(MA200)=77.49 success=20.48 fail=4.51 | 0.29s/ep | delay=2.28
ep 3000/4000 | reward(MA200)=76.39 success=20.37 fail=4.63 | 0.29s/ep | delay=2.19
ep 3050/4000 | reward(MA200)=75.51 success=20.28 fail=4.72 | 0.28s/ep | delay=2.21
ep 3100/4000 | reward(MA200)=74.86 success=20.21 fail=4.79 | 0.28s/ep | delay=2.28
ep 3150/4000 | reward(MA200)=75.80 success=20.30 fail=4.70 | 0.28s/ep | delay=2.20
ep 3200/4000 | reward(MA200)=78.03 success=20.54 fail=4.46 | 0.28s/ep | delay=2.26
ep 3250/4000 | reward(MA200)=80.68 success=20.80 fail=4.20 | 0.28s/ep | delay=2.25
ep 3300/4000 | reward(MA200)=83.62 success=21.11 fail=3.89 | 0.28s/ep | delay=2.25
ep 3350/4000 | reward(MA200)=83.98 success=21.16 fail=3.84 | 0.28s/ep | delay=2.25
ep 3400/4000 | reward(MA200)=84.36 success=21.20 fail=3.79 | 0.28s/ep | delay=2.08
ep 3450/4000 | reward(MA200)=84.25 success=21.20 fail=3.80 | 0.28s/ep | delay=2.25
ep 3500/4000 | reward(MA200)=82.55 success=21.04 fail=3.96 | 0.28s/ep | delay=2.25
ep 3550/4000 | reward(MA200)=81.07 success=20.89 fail=4.12 | 0.28s/ep | delay=2.30
ep 3600/4000 | reward(MA200)=79.80 success=20.77 fail=4.23 | 0.27s/ep | delay=2.26
ep 3650/4000 | reward(MA200)=79.94 success=20.80 fail=4.20 | 0.27s/ep | delay=2.21
ep 3700/4000 | reward(MA200)=80.52 success=20.87 fail=4.13 | 0.27s/ep | delay=2.28
ep 3750/4000 | reward(MA200)=81.55 success=20.98 fail=4.01 | 0.27s/ep | delay=2.18
ep 3800/4000 | reward(MA200)=81.76 success=20.99 fail=4.01 | 0.27s/ep | delay=2.13
ep 3850/4000 | reward(MA200)=79.42 success=20.73 fail=4.27 | 0.27s/ep | delay=2.29
ep 3900/4000 | reward(MA200)=78.46 success=20.62 fail=4.38 | 0.27s/ep | delay=2.14
ep 3950/4000 | reward(MA200)=77.15 success=20.47 fail=4.53 | 0.27s/ep | delay=2.22
ep 4000/4000 | reward(MA200)=75.91 success=20.34 fail=4.66 | 0.27s/ep | delay=2.15
DONE tag=ch6_unfixed_1-4_s2 -> C:\Users\zengd\Desktop\论文\W-MADDPG\MADDPG_Discrete\results\exp4_sealing\phase0_ch6_unfixed_1-4_s2.csv
