WARNING:tensorflow:From C:\Users\zengd\Desktop\论文\W-MADDPG\MADDPG_Discrete\train_mappo_phase0.py:150: The name tf.set_random_seed is deprecated. Please use tf.compat.v1.set_random_seed instead.

WARNING:tensorflow:From C:\Users\zengd\Desktop\论文\W-MADDPG\MADDPG_Discrete\mappo_agent.py:31: The name tf.placeholder is deprecated. Please use tf.compat.v1.placeholder instead.

WARNING:tensorflow:From C:\Users\zengd\Desktop\论文\W-MADDPG\MADDPG_Discrete\mappo_agent.py:43: The name tf.variable_scope is deprecated. Please use tf.compat.v1.variable_scope instead.

WARNING:tensorflow:From C:\Users\zengd\Desktop\论文\W-MADDPG\MADDPG_Discrete\mappo_agent.py:7: dense (from tensorflow.python.layers.core) is deprecated and will be removed in a future version.
Instructions for updating:
Use keras.layers.Dense instead.
WARNING:tensorflow:From D:\tool\anaconda\envs\py37tf\lib\site-packages\tensorflow_core\python\layers\core.py:187: Layer.apply (from tensorflow.python.keras.engine.base_layer) is deprecated and will be removed in a future version.
Instructions for updating:
Please use `layer.__call__` method instead.
WARNING:tensorflow:
The TensorFlow contrib module will not be included in TensorFlow 2.0.
For more information, please see:
  * https://github.com/tensorflow/community/blob/master/rfcs/20180907-contrib-sunset.md
  * https://github.com/tensorflow/addons
  * https://github.com/tensorflow/io (for I/O related ops)
If you depend on functionality not listed there, please file an issue.

WARNING:tensorflow:From C:\Users\zengd\Desktop\论文\W-MADDPG\MADDPG_Discrete\mappo_agent.py:114: The name tf.log is deprecated. Please use tf.math.log instead.

WARNING:tensorflow:From C:\Users\zengd\Desktop\论文\W-MADDPG\MADDPG_Discrete\mappo_agent.py:76: The name tf.get_collection is deprecated. Please use tf.compat.v1.get_collection instead.

WARNING:tensorflow:From C:\Users\zengd\Desktop\论文\W-MADDPG\MADDPG_Discrete\mappo_agent.py:76: The name tf.GraphKeys is deprecated. Please use tf.compat.v1.GraphKeys instead.

WARNING:tensorflow:From C:\Users\zengd\Desktop\论文\W-MADDPG\MADDPG_Discrete\mappo_agent.py:122: The name tf.train.AdamOptimizer is deprecated. Please use tf.compat.v1.train.AdamOptimizer instead.

WARNING:tensorflow:From D:\tool\anaconda\envs\py37tf\lib\site-packages\tensorflow_core\python\ops\math_grad.py:1424: where (from tensorflow.python.ops.array_ops) is deprecated and will be removed in a future version.
Instructions for updating:
Use tf.where in 2.0, which has the same broadcast rule as np.where
WARNING:tensorflow:From C:\Users\zengd\Desktop\论文\W-MADDPG\MADDPG_Discrete\train_mappo_phase0.py:215: The name tf.ConfigProto is deprecated. Please use tf.compat.v1.ConfigProto instead.

WARNING:tensorflow:From C:\Users\zengd\Desktop\论文\W-MADDPG\MADDPG_Discrete\train_mappo_phase0.py:219: The name tf.Session is deprecated. Please use tf.compat.v1.Session instead.

2026-09-21 10:38:31.475499: I tensorflow/core/platform/cpu_feature_guard.cc:142] Your CPU supports instructions that this TensorFlow binary was not compiled to use: AVX2
WARNING:tensorflow:From C:\Users\zengd\Desktop\论文\W-MADDPG\MADDPG_Discrete\train_mappo_phase0.py:220: The name tf.global_variables_initializer is deprecated. Please use tf.compat.v1.global_variables_initializer instead.

ep 1/4000 | reward(MA200)=49.79 success=18.00 fail=7.00 | 3.83s/ep | delay=2.10
ep 50/4000 | reward(MA200)=54.66 success=18.20 fail=6.80 | 0.27s/ep | delay=2.30
ep 100/4000 | reward(MA200)=55.65 success=18.32 fail=6.68 | 0.27s/ep | delay=2.15
ep 150/4000 | reward(MA200)=59.23 success=18.69 fail=6.31 | 0.38s/ep | delay=2.10
ep 200/4000 | reward(MA200)=60.61 success=18.82 fail=6.17 | 0.41s/ep | delay=2.28
ep 250/4000 | reward(MA200)=65.74 success=19.32 fail=5.68 | 0.44s/ep | delay=2.19
ep 300/4000 | reward(MA200)=70.74 success=19.75 fail=5.25 | 0.44s/ep | delay=2.33
ep 350/4000 | reward(MA200)=71.17 success=19.73 fail=5.26 | 0.43s/ep | delay=2.22
ep 400/4000 | reward(MA200)=72.33 success=19.81 fail=5.19 | 0.44s/ep | delay=2.27
ep 450/4000 | reward(MA200)=70.51 success=19.62 fail=5.38 | 0.45s/ep | delay=2.28
ep 500/4000 | reward(MA200)=69.93 success=19.56 fail=5.44 | 0.45s/ep | delay=2.31
ep 550/4000 | reward(MA200)=71.79 success=19.73 fail=5.28 | 0.46s/ep | delay=2.21
ep 600/4000 | reward(MA200)=72.16 success=19.72 fail=5.28 | 0.47s/ep | delay=2.25
ep 650/4000 | reward(MA200)=73.93 success=19.84 fail=5.16 | 0.47s/ep | delay=2.18
ep 700/4000 | reward(MA200)=74.57 success=19.88 fail=5.12 | 0.47s/ep | delay=2.26
ep 750/4000 | reward(MA200)=74.10 success=19.84 fail=5.17 | 0.46s/ep | delay=2.27
ep 800/4000 | reward(MA200)=75.23 success=19.96 fail=5.04 | 0.45s/ep | delay=2.27
ep 850/4000 | reward(MA200)=76.52 success=20.11 fail=4.89 | 0.44s/ep | delay=2.30
ep 900/4000 | reward(MA200)=76.56 success=20.11 fail=4.88 | 0.44s/ep | delay=2.27
ep 950/4000 | reward(MA200)=77.57 success=20.20 fail=4.79 | 0.45s/ep | delay=2.25
ep 1000/4000 | reward(MA200)=78.49 success=20.30 fail=4.71 | 0.44s/ep | delay=2.23
ep 1050/4000 | reward(MA200)=77.85 success=20.23 fail=4.78 | 0.43s/ep | delay=2.24
ep 1100/4000 | reward(MA200)=78.72 success=20.34 fail=4.66 | 0.42s/ep | delay=2.15
ep 1150/4000 | reward(MA200)=80.37 success=20.54 fail=4.46 | 0.41s/ep | delay=2.34
ep 1200/4000 | reward(MA200)=82.65 success=20.76 fail=4.24 | 0.40s/ep | delay=2.23
ep 1250/4000 | reward(MA200)=84.56 success=20.95 fail=4.04 | 0.39s/ep | delay=2.19
ep 1300/4000 | reward(MA200)=85.37 success=21.05 fail=3.96 | 0.38s/ep | delay=2.12
ep 1350/4000 | reward(MA200)=85.35 success=21.06 fail=3.94 | 0.37s/ep | delay=2.28
ep 1400/4000 | reward(MA200)=85.23 success=21.06 fail=3.94 | 0.37s/ep | delay=2.24
ep 1450/4000 | reward(MA200)=85.61 success=21.11 fail=3.88 | 0.36s/ep | delay=2.20
ep 1500/4000 | reward(MA200)=86.64 success=21.20 fail=3.80 | 0.36s/ep | delay=2.23
ep 1550/4000 | reward(MA200)=86.99 success=21.23 fail=3.77 | 0.36s/ep | delay=2.28
ep 1600/4000 | reward(MA200)=87.58 success=21.32 fail=3.67 | 0.36s/ep | delay=2.15
ep 1650/4000 | reward(MA200)=88.85 success=21.48 fail=3.52 | 0.36s/ep | delay=2.19
ep 1700/4000 | reward(MA200)=89.54 success=21.57 fail=3.44 | 0.35s/ep | delay=2.23
ep 1750/4000 | reward(MA200)=90.13 success=21.61 fail=3.38 | 0.35s/ep | delay=2.22
ep 1800/4000 | reward(MA200)=90.00 success=21.56 fail=3.44 | 0.34s/ep | delay=2.14
ep 1850/4000 | reward(MA200)=90.83 success=21.61 fail=3.40 | 0.34s/ep | delay=2.24
ep 1900/4000 | reward(MA200)=90.91 success=21.58 fail=3.42 | 0.33s/ep | delay=2.24
ep 1950/4000 | reward(MA200)=91.00 success=21.57 fail=3.42 | 0.33s/ep | delay=2.19
ep 2000/4000 | reward(MA200)=91.00 success=21.58 fail=3.42 | 0.33s/ep | delay=2.27
ep 2050/4000 | reward(MA200)=89.66 success=21.46 fail=3.54 | 0.32s/ep | delay=2.19
ep 2100/4000 | reward(MA200)=89.09 success=21.43 fail=3.57 | 0.32s/ep | delay=2.26
ep 2150/4000 | reward(MA200)=88.17 success=21.35 fail=3.65 | 0.32s/ep | delay=2.24
ep 2200/4000 | reward(MA200)=86.50 success=21.18 fail=3.83 | 0.32s/ep | delay=2.26
ep 2250/4000 | reward(MA200)=84.87 success=20.98 fail=4.01 | 0.31s/ep | delay=2.25
ep 2300/4000 | reward(MA200)=83.45 success=20.82 fail=4.18 | 0.31s/ep | delay=2.26
ep 2350/4000 | reward(MA200)=82.06 success=20.64 fail=4.36 | 0.31s/ep | delay=2.15
ep 2400/4000 | reward(MA200)=80.94 success=20.51 fail=4.49 | 0.31s/ep | delay=2.21
ep 2450/4000 | reward(MA200)=79.67 success=20.36 fail=4.64 | 0.30s/ep | delay=2.19
ep 2500/4000 | reward(MA200)=77.03 success=20.07 fail=4.92 | 0.30s/ep | delay=2.29
ep 2550/4000 | reward(MA200)=77.88 success=20.16 fail=4.83 | 0.30s/ep | delay=2.21
ep 2600/4000 | reward(MA200)=78.73 success=20.26 fail=4.74 | 0.30s/ep | delay=2.30
ep 2650/4000 | reward(MA200)=81.26 success=20.55 fail=4.45 | 0.30s/ep | delay=2.26
ep 2700/4000 | reward(MA200)=83.75 success=20.82 fail=4.17 | 0.29s/ep | delay=2.24
ep 2750/4000 | reward(MA200)=83.15 success=20.77 fail=4.22 | 0.29s/ep | delay=2.21
ep 2800/4000 | reward(MA200)=82.44 success=20.70 fail=4.30 | 0.29s/ep | delay=2.34
ep 2850/4000 | reward(MA200)=80.04 success=20.43 fail=4.57 | 0.29s/ep | delay=2.29
ep 2900/4000 | reward(MA200)=78.55 success=20.29 fail=4.71 | 0.29s/ep | delay=2.21
ep 2950/4000 | reward(MA200)=77.49 success=20.17 fail=4.83 | 0.29s/ep | delay=2.25
ep 3000/4000 | reward(MA200)=77.46 success=20.15 fail=4.85 | 0.29s/ep | delay=2.19
ep 3050/4000 | reward(MA200)=79.63 success=20.36 fail=4.64 | 0.28s/ep | delay=2.20
ep 3100/4000 | reward(MA200)=83.65 success=20.73 fail=4.28 | 0.28s/ep | delay=2.25
ep 3150/4000 | reward(MA200)=86.37 success=20.97 fail=4.03 | 0.28s/ep | delay=2.21
ep 3200/4000 | reward(MA200)=86.48 success=20.97 fail=4.03 | 0.28s/ep | delay=2.18
ep 3250/4000 | reward(MA200)=82.42 success=20.55 fail=4.45 | 0.28s/ep | delay=2.12
ep 3300/4000 | reward(MA200)=79.02 success=20.20 fail=4.80 | 0.28s/ep | delay=2.22
ep 3350/4000 | reward(MA200)=78.02 success=20.10 fail=4.90 | 0.28s/ep | delay=2.24
ep 3400/4000 | reward(MA200)=78.00 success=20.09 fail=4.91 | 0.28s/ep | delay=2.24
ep 3450/4000 | reward(MA200)=80.76 success=20.36 fail=4.63 | 0.28s/ep | delay=2.32
ep 3500/4000 | reward(MA200)=81.62 success=20.45 fail=4.54 | 0.28s/ep | delay=2.23
ep 3550/4000 | reward(MA200)=80.82 success=20.39 fail=4.61 | 0.28s/ep | delay=2.29
ep 3600/4000 | reward(MA200)=79.55 success=20.27 fail=4.72 | 0.28s/ep | delay=2.26
ep 3650/4000 | reward(MA200)=76.07 success=19.93 fail=5.07 | 0.27s/ep | delay=2.18
ep 3700/4000 | reward(MA200)=75.90 success=19.93 fail=5.08 | 0.27s/ep | delay=2.23
ep 3750/4000 | reward(MA200)=75.91 success=19.91 fail=5.08 | 0.27s/ep | delay=2.32
ep 3800/4000 | reward(MA200)=78.05 success=20.12 fail=4.88 | 0.27s/ep | delay=2.22
ep 3850/4000 | reward(MA200)=79.19 success=20.24 fail=4.76 | 0.27s/ep | delay=2.15
ep 3900/4000 | reward(MA200)=75.44 success=19.89 fail=5.12 | 0.27s/ep | delay=2.28
ep 3950/4000 | reward(MA200)=72.79 success=19.61 fail=5.38 | 0.27s/ep | delay=2.24
ep 4000/4000 | reward(MA200)=68.79 success=19.21 fail=5.79 | 0.27s/ep | delay=2.21
DONE tag=ch6_unfixed_1-4_s3 -> C:\Users\zengd\Desktop\论文\W-MADDPG\MADDPG_Discrete\results\exp4_sealing\phase0_ch6_unfixed_1-4_s3.csv
